[2024-12-17 15:37:31] [ERROR] [capacity_test] macro((0, 0)) ip(0 mram_addr(00000000)) idx(0) write weight:0, but recv weight: -943161548
[2024-12-17 15:37:31] [ERROR] [capacity_test] macro((0, 0)) ip(0 mram_addr(00000001)) idx(0) write weight:1, but recv weight: -943161548
[2024-12-17 15:37:31] [ERROR] [capacity_test] macro((0, 0)) ip(0 mram_addr(00000002)) idx(0) write weight:2, but recv weight: -943161548
[2024-12-17 15:37:31] [ERROR] [capacity_test] macro((0, 0)) ip(0 mram_addr(00000003)) idx(0) write weight:3, but recv weight: -943161548
[2024-12-17 15:37:31] [ERROR] [capacity_test] macro((0, 0)) ip(0 mram_addr(00000004)) idx(0) write weight:4, but recv weight: -943161548
[2024-12-17 15:37:31] [ERROR] [capacity_test] macro((0, 0)) ip(0 mram_addr(00000005)) idx(0) write weight:5, but recv weight: -943161548
[2024-12-17 15:37:31] [ERROR] [capacity_test] macro((0, 0)) ip(0 mram_addr(00000006)) idx(0) write weight:6, but recv weight: -942112972
[2024-12-17 15:37:31] [ERROR] [capacity_test] macro((0, 0)) ip(0 mram_addr(00000007)) idx(0) write weight:7, but recv weight: -942112972
[2024-12-17 15:37:31] [ERROR] [capacity_test] macro((0, 0)) ip(0 mram_addr(00000008)) idx(0) write weight:8, but recv weight: -942112972
[2024-12-17 15:37:31] [ERROR] [capacity_test] macro((0, 0)) ip(0 mram_addr(00000009)) idx(0) write weight:9, but recv weight: -941064396
[2024-12-17 15:37:31] [ERROR] [capacity_test] macro((0, 0)) ip(0 mram_addr(0000000A)) idx(0) write weight:10, but recv weight: -943161548
[2024-12-17 15:37:31] [ERROR] [capacity_test] macro((0, 0)) ip(0 mram_addr(0000000B)) idx(0) write weight:11, but recv weight: -941064396
[2024-12-17 15:37:31] [ERROR] [capacity_test] macro((0, 0)) ip(0 mram_addr(0000000C)) idx(0) write weight:12, but recv weight: -943161548
[2024-12-17 15:37:31] [ERROR] [capacity_test] macro((0, 0)) ip(0 mram_addr(0000000D)) idx(0) write weight:13, but recv weight: -941064396
[2024-12-17 15:37:31] [ERROR] [capacity_test] macro((0, 0)) ip(0 mram_addr(0000000E)) idx(0) write weight:14, but recv weight: -943161548
[2024-12-17 15:37:31] [ERROR] [capacity_test] macro((0, 0)) ip(0 mram_addr(0000000F)) idx(0) write weight:15, but recv weight: -941064396
[2024-12-17 15:37:31] [ERROR] [capacity_test] macro((0, 0)) ip(0 mram_addr(00000010)) idx(0) write weight:16, but recv weight: -943161548
[2024-12-17 15:37:31] [ERROR] [capacity_test] macro((0, 0)) ip(0 mram_addr(00000011)) idx(0) write weight:17, but recv weight: -940015820
[2024-12-17 15:37:31] [ERROR] [capacity_test] macro((0, 0)) ip(0 mram_addr(00000012)) idx(0) write weight:18, but recv weight: -942112972
[2024-12-17 15:37:31] [ERROR] [capacity_test] macro((0, 0)) ip(0 mram_addr(00000013)) idx(0) write weight:19, but recv weight: -940015820
[2024-12-17 15:37:31] [ERROR] [capacity_test] macro((0, 0)) ip(0 mram_addr(00000014)) idx(0) write weight:20, but recv weight: -942112972
[2024-12-17 15:37:31] [ERROR] [capacity_test] macro((0, 0)) ip(0 mram_addr(00000015)) idx(0) write weight:21, but recv weight: -940015820
[2024-12-17 15:37:31] [ERROR] [capacity_test] macro((0, 0)) ip(0 mram_addr(00000016)) idx(0) write weight:22, but recv weight: -942112972
[2024-12-17 15:37:31] [ERROR] [capacity_test] macro((0, 0)) ip(0 mram_addr(00000017)) idx(0) write weight:23, but recv weight: -940015820
[2024-12-17 15:37:31] [ERROR] [capacity_test] macro((0, 0)) ip(0 mram_addr(00000018)) idx(0) write weight:24, but recv weight: -942112972
[2024-12-17 15:37:31] [ERROR] [capacity_test] macro((0, 0)) ip(0 mram_addr(00000019)) idx(0) write weight:25, but recv weight: -940015820
[2024-12-17 15:37:31] [ERROR] [capacity_test] macro((0, 0)) ip(0 mram_addr(0000001A)) idx(0) write weight:26, but recv weight: -942112972
[2024-12-17 15:37:31] [ERROR] [capacity_test] macro((0, 0)) ip(0 mram_addr(0000001B)) idx(0) write weight:27, but recv weight: -940015820
[2024-12-17 15:37:31] [ERROR] [capacity_test] macro((0, 0)) ip(0 mram_addr(0000001C)) idx(0) write weight:28, but recv weight: -942112972
[2024-12-17 15:37:31] [ERROR] [capacity_test] macro((0, 0)) ip(0 mram_addr(0000001D)) idx(0) write weight:29, but recv weight: -940015820
[2024-12-17 15:37:31] [ERROR] [capacity_test] macro((0, 0)) ip(0 mram_addr(0000001E)) idx(0) write weight:30, but recv weight: -942112972
[2024-12-17 15:37:31] [ERROR] [capacity_test] macro((0, 0)) ip(0 mram_addr(0000001F)) idx(0) write weight:31, but recv weight: -938967244
[2024-12-17 15:37:31] [ERROR] [capacity_test] macro((0, 0)) ip(0 mram_addr(00000020)) idx(0) write weight:32, but recv weight: -941064396
[2024-12-17 15:37:31] [ERROR] [capacity_test] macro((0, 0)) ip(0 mram_addr(00000021)) idx(0) write weight:33, but recv weight: -943161548
[2024-12-17 15:37:31] [ERROR] [capacity_test] macro((0, 0)) ip(0 mram_addr(00000022)) idx(0) write weight:34, but recv weight: -938967244
[2024-12-17 15:37:31] [ERROR] [capacity_test] macro((0, 0)) ip(0 mram_addr(00000023)) idx(0) write weight:35, but recv weight: -941064396
[2024-12-17 15:37:31] [ERROR] [capacity_test] macro((0, 0)) ip(0 mram_addr(00000024)) idx(0) write weight:36, but recv weight: -943161548
[2024-12-17 15:37:31] [ERROR] [capacity_test] macro((0, 0)) ip(0 mram_addr(00000025)) idx(0) write weight:37, but recv weight: -938967244
[2024-12-17 15:37:31] [ERROR] [capacity_test] macro((0, 0)) ip(0 mram_addr(00000026)) idx(0) write weight:38, but recv weight: -941064396
[2024-12-17 15:37:31] [ERROR] [capacity_test] macro((0, 0)) ip(0 mram_addr(00000027)) idx(0) write weight:39, but recv weight: -943161548
[2024-12-17 15:37:31] [ERROR] [capacity_test] macro((0, 0)) ip(0 mram_addr(00000028)) idx(0) write weight:40, but recv weight: -938967244
[2024-12-17 15:37:31] [ERROR] [capacity_test] macro((0, 0)) ip(0 mram_addr(00000029)) idx(0) write weight:41, but recv weight: -941064396
[2024-12-17 15:37:31] [ERROR] [capacity_test] macro((0, 0)) ip(0 mram_addr(0000002A)) idx(0) write weight:42, but recv weight: -943161548
[2024-12-17 15:37:31] [ERROR] [capacity_test] macro((0, 0)) ip(0 mram_addr(0000002B)) idx(0) write weight:43, but recv weight: -937918668
[2024-12-17 15:37:31] [ERROR] [capacity_test] macro((0, 0)) ip(0 mram_addr(0000002C)) idx(0) write weight:44, but recv weight: -940015820
[2024-12-17 15:37:31] [ERROR] [capacity_test] macro((0, 0)) ip(0 mram_addr(0000002D)) idx(0) write weight:45, but recv weight: -942112972
[2024-12-17 15:37:31] [ERROR] [capacity_test] macro((0, 0)) ip(0 mram_addr(0000002E)) idx(0) write weight:46, but recv weight: -936870092
[2024-12-17 15:37:31] [ERROR] [capacity_test] macro((0, 0)) ip(0 mram_addr(0000002F)) idx(0) write weight:47, but recv weight: -938967244
[2024-12-17 15:37:31] [ERROR] [capacity_test] macro((0, 0)) ip(0 mram_addr(00000030)) idx(0) write weight:48, but recv weight: -941064396
[2024-12-17 15:37:31] [ERROR] [capacity_test] macro((0, 0)) ip(0 mram_addr(00000031)) idx(0) write weight:49, but recv weight: -943161548
[2024-12-17 15:37:31] [ERROR] [capacity_test] macro((0, 0)) ip(0 mram_addr(00000032)) idx(0) write weight:50, but recv weight: -936870092
[2024-12-17 15:37:31] [ERROR] [capacity_test] macro((0, 0)) ip(0 mram_addr(00000033)) idx(0) write weight:51, but recv weight: -938967244
[2024-12-17 15:37:31] [ERROR] [capacity_test] macro((0, 0)) ip(0 mram_addr(00000034)) idx(0) write weight:52, but recv weight: -941064396
[2024-12-17 15:37:31] [ERROR] [capacity_test] macro((0, 0)) ip(0 mram_addr(00000035)) idx(0) write weight:53, but recv weight: -943161548
[2024-12-17 15:37:31] [ERROR] [capacity_test] macro((0, 0)) ip(0 mram_addr(00000036)) idx(0) write weight:54, but recv weight: -936870092
[2024-12-17 15:37:31] [ERROR] [capacity_test] macro((0, 0)) ip(0 mram_addr(00000037)) idx(0) write weight:55, but recv weight: -938967244
[2024-12-17 15:37:31] [ERROR] [capacity_test] macro((0, 0)) ip(0 mram_addr(00000038)) idx(0) write weight:56, but recv weight: -941064396
[2024-12-17 15:37:31] [ERROR] [capacity_test] macro((0, 0)) ip(0 mram_addr(00000039)) idx(0) write weight:57, but recv weight: -943161548
[2024-12-17 15:37:31] [ERROR] [capacity_test] macro((0, 0)) ip(0 mram_addr(0000003A)) idx(0) write weight:58, but recv weight: -935821516
[2024-12-17 15:37:31] [ERROR] [capacity_test] macro((0, 0)) ip(0 mram_addr(0000003B)) idx(0) write weight:59, but recv weight: -937918668
[2024-12-17 15:37:31] [ERROR] [capacity_test] macro((0, 0)) ip(0 mram_addr(0000003C)) idx(0) write weight:60, but recv weight: -940015820
[2024-12-17 15:37:31] [ERROR] [capacity_test] macro((0, 0)) ip(0 mram_addr(0000003D)) idx(0) write weight:61, but recv weight: -942112972
[2024-12-17 15:37:31] [ERROR] [capacity_test] macro((0, 0)) ip(0 mram_addr(0000003E)) idx(0) write weight:62, but recv weight: -934772940
[2024-12-17 15:37:31] [ERROR] [capacity_test] macro((0, 0)) ip(0 mram_addr(0000003F)) idx(0) write weight:63, but recv weight: -936870092
[2024-12-17 15:37:31] [ERROR] [capacity_test] macro((0, 0)) ip(0 mram_addr(00000040)) idx(0) write weight:64, but recv weight: -938967244
[2024-12-17 15:37:31] [ERROR] [capacity_test] macro((0, 0)) ip(0 mram_addr(00000041)) idx(0) write weight:65, but recv weight: -941064396
[2024-12-17 15:37:31] [ERROR] [capacity_test] macro((0, 0)) ip(0 mram_addr(00000042)) idx(0) write weight:66, but recv weight: -943161548
[2024-12-17 15:37:31] [ERROR] [capacity_test] macro((0, 0)) ip(0 mram_addr(00000043)) idx(0) write weight:67, but recv weight: -934772940
[2024-12-17 15:37:31] [ERROR] [capacity_test] macro((0, 0)) ip(0 mram_addr(00000044)) idx(0) write weight:68, but recv weight: -936870092
[2024-12-17 15:37:31] [ERROR] [capacity_test] macro((0, 0)) ip(0 mram_addr(00000045)) idx(0) write weight:69, but recv weight: -938967244
[2024-12-17 15:37:31] [ERROR] [capacity_test] macro((0, 0)) ip(0 mram_addr(00000046)) idx(0) write weight:70, but recv weight: -941064396
[2024-12-17 15:37:31] [ERROR] [capacity_test] macro((0, 0)) ip(0 mram_addr(00000047)) idx(0) write weight:71, but recv weight: -943161548
[2024-12-17 15:37:31] [ERROR] [capacity_test] macro((0, 0)) ip(0 mram_addr(00000048)) idx(0) write weight:72, but recv weight: -934772940
[2024-12-17 15:37:31] [ERROR] [capacity_test] macro((0, 0)) ip(0 mram_addr(00000049)) idx(0) write weight:73, but recv weight: -936870092
[2024-12-17 15:37:31] [ERROR] [capacity_test] macro((0, 0)) ip(0 mram_addr(0000004A)) idx(0) write weight:74, but recv weight: -938967244
[2024-12-17 15:37:31] [ERROR] [capacity_test] macro((0, 0)) ip(0 mram_addr(0000004B)) idx(0) write weight:75, but recv weight: -941064396
[2024-12-17 15:37:31] [ERROR] [capacity_test] macro((0, 0)) ip(0 mram_addr(0000004C)) idx(0) write weight:76, but recv weight: -943161548
[2024-12-17 15:37:31] [ERROR] [capacity_test] macro((0, 0)) ip(0 mram_addr(0000004D)) idx(0) write weight:77, but recv weight: -933724364
[2024-12-17 15:37:31] [ERROR] [capacity_test] macro((0, 0)) ip(0 mram_addr(0000004E)) idx(0) write weight:78, but recv weight: -935821516
[2024-12-17 15:37:31] [ERROR] [capacity_test] macro((0, 0)) ip(0 mram_addr(0000004F)) idx(0) write weight:79, but recv weight: -937918668
[2024-12-17 15:37:31] [ERROR] [capacity_test] macro((0, 0)) ip(0 mram_addr(00000050)) idx(0) write weight:80, but recv weight: -940015820
[2024-12-17 15:37:31] [ERROR] [capacity_test] macro((0, 0)) ip(0 mram_addr(00000051)) idx(0) write weight:81, but recv weight: -942112972
[2024-12-17 15:37:31] [ERROR] [capacity_test] macro((0, 0)) ip(0 mram_addr(00000052)) idx(0) write weight:82, but recv weight: -933724364
[2024-12-17 15:37:31] [ERROR] [capacity_test] macro((0, 0)) ip(0 mram_addr(00000053)) idx(0) write weight:83, but recv weight: -935821516
[2024-12-17 15:37:31] [ERROR] [capacity_test] macro((0, 0)) ip(0 mram_addr(00000054)) idx(0) write weight:84, but recv weight: -937918668
[2024-12-17 15:37:31] [ERROR] [capacity_test] macro((0, 0)) ip(0 mram_addr(00000055)) idx(0) write weight:85, but recv weight: -940015820
[2024-12-17 15:37:31] [ERROR] [capacity_test] macro((0, 0)) ip(0 mram_addr(00000056)) idx(0) write weight:86, but recv weight: -942112972
[2024-12-17 15:37:31] [ERROR] [capacity_test] macro((0, 0)) ip(0 mram_addr(00000057)) idx(0) write weight:87, but recv weight: -933724364
[2024-12-17 15:37:31] [ERROR] [capacity_test] macro((0, 0)) ip(0 mram_addr(00000058)) idx(0) write weight:88, but recv weight: -935821516
[2024-12-17 15:37:31] [ERROR] [capacity_test] macro((0, 0)) ip(0 mram_addr(00000059)) idx(0) write weight:89, but recv weight: -937918668
[2024-12-17 15:37:31] [ERROR] [capacity_test] macro((0, 0)) ip(0 mram_addr(0000005A)) idx(0) write weight:90, but recv weight: -940015820
[2024-12-17 15:37:31] [ERROR] [capacity_test] macro((0, 0)) ip(0 mram_addr(0000005B)) idx(0) write weight:91, but recv weight: -942112972
[2024-12-17 15:37:31] [ERROR] [capacity_test] macro((0, 0)) ip(0 mram_addr(0000005C)) idx(0) write weight:92, but recv weight: -933724364
[2024-12-17 15:37:31] [ERROR] [capacity_test] macro((0, 0)) ip(0 mram_addr(0000005D)) idx(0) write weight:93, but recv weight: -935821516
[2024-12-17 15:37:31] [ERROR] [capacity_test] macro((0, 0)) ip(0 mram_addr(0000005E)) idx(0) write weight:94, but recv weight: -937918668
[2024-12-17 15:37:31] [ERROR] [capacity_test] macro((0, 0)) ip(0 mram_addr(0000005F)) idx(0) write weight:95, but recv weight: -940015820
[2024-12-17 15:37:31] [ERROR] [capacity_test] macro((0, 0)) ip(0 mram_addr(00000060)) idx(0) write weight:96, but recv weight: -942112972
[2024-12-17 15:37:31] [ERROR] [capacity_test] macro((0, 0)) ip(0 mram_addr(00000061)) idx(0) write weight:97, but recv weight: -933724364
[2024-12-17 15:37:31] [ERROR] [capacity_test] macro((0, 0)) ip(0 mram_addr(00000062)) idx(0) write weight:98, but recv weight: -935821516
[2024-12-17 15:37:31] [ERROR] [capacity_test] macro((0, 0)) ip(0 mram_addr(00000063)) idx(0) write weight:99, but recv weight: -937918668
[2024-12-17 15:37:31] [ERROR] [capacity_test] macro((0, 0)) ip(0 mram_addr(00000064)) idx(0) write weight:100, but recv weight: -940015820
[2024-12-17 15:37:31] [ERROR] [capacity_test] macro((0, 0)) ip(0 mram_addr(00000065)) idx(0) write weight:101, but recv weight: -942112972
[2024-12-17 15:37:31] [ERROR] [capacity_test] macro((0, 0)) ip(0 mram_addr(00000066)) idx(0) write weight:102, but recv weight: -933724364
[2024-12-17 15:37:31] [ERROR] [capacity_test] macro((0, 0)) ip(0 mram_addr(00000067)) idx(0) write weight:103, but recv weight: -935821516
[2024-12-17 15:37:31] [ERROR] [capacity_test] macro((0, 0)) ip(0 mram_addr(00000068)) idx(0) write weight:104, but recv weight: -937918668
[2024-12-17 15:37:31] [ERROR] [capacity_test] macro((0, 0)) ip(0 mram_addr(00000069)) idx(0) write weight:105, but recv weight: -940015820
[2024-12-17 15:37:31] [ERROR] [capacity_test] macro((0, 0)) ip(0 mram_addr(0000006A)) idx(0) write weight:106, but recv weight: -942112972
[2024-12-17 15:37:31] [ERROR] [capacity_test] macro((0, 0)) ip(0 mram_addr(0000006B)) idx(0) write weight:107, but recv weight: -933724364
[2024-12-17 15:37:31] [ERROR] [capacity_test] macro((0, 0)) ip(0 mram_addr(0000006C)) idx(0) write weight:108, but recv weight: -935821516
[2024-12-17 15:37:31] [ERROR] [capacity_test] macro((0, 0)) ip(0 mram_addr(0000006D)) idx(0) write weight:109, but recv weight: -937918668
[2024-12-17 15:37:31] [ERROR] [capacity_test] macro((0, 0)) ip(0 mram_addr(0000006E)) idx(0) write weight:110, but recv weight: -940015820
[2024-12-17 15:37:31] [ERROR] [capacity_test] macro((0, 0)) ip(0 mram_addr(0000006F)) idx(0) write weight:111, but recv weight: -942112972
[2024-12-17 15:37:31] [ERROR] [capacity_test] macro((0, 0)) ip(0 mram_addr(00000070)) idx(0) write weight:112, but recv weight: -933724364
[2024-12-17 15:37:31] [ERROR] [capacity_test] macro((0, 0)) ip(0 mram_addr(00000071)) idx(0) write weight:113, but recv weight: -935821516
[2024-12-17 15:37:31] [ERROR] [capacity_test] macro((0, 0)) ip(0 mram_addr(00000072)) idx(0) write weight:114, but recv weight: -937918668
[2024-12-17 15:37:31] [ERROR] [capacity_test] macro((0, 0)) ip(0 mram_addr(00000073)) idx(0) write weight:115, but recv weight: -940015820
[2024-12-17 15:37:31] [ERROR] [capacity_test] macro((0, 0)) ip(0 mram_addr(00000074)) idx(0) write weight:116, but recv weight: -942112972
[2024-12-17 15:37:31] [ERROR] [capacity_test] macro((0, 0)) ip(0 mram_addr(00000075)) idx(0) write weight:117, but recv weight: -932675788
[2024-12-17 15:37:31] [ERROR] [capacity_test] macro((0, 0)) ip(0 mram_addr(00000076)) idx(0) write weight:118, but recv weight: -934772940
[2024-12-17 15:37:31] [ERROR] [capacity_test] macro((0, 0)) ip(0 mram_addr(00000077)) idx(0) write weight:119, but recv weight: -936870092
[2024-12-17 15:37:31] [ERROR] [capacity_test] macro((0, 0)) ip(0 mram_addr(00000078)) idx(0) write weight:120, but recv weight: -938967244
[2024-12-17 15:37:31] [ERROR] [capacity_test] macro((0, 0)) ip(0 mram_addr(00000079)) idx(0) write weight:121, but recv weight: -941064396
[2024-12-17 15:37:31] [ERROR] [capacity_test] macro((0, 0)) ip(0 mram_addr(0000007A)) idx(0) write weight:122, but recv weight: -943161548
[2024-12-17 15:37:31] [ERROR] [capacity_test] macro((0, 0)) ip(0 mram_addr(0000007B)) idx(0) write weight:123, but recv weight: -932675788
[2024-12-17 15:37:31] [ERROR] [capacity_test] macro((0, 0)) ip(0 mram_addr(0000007C)) idx(0) write weight:124, but recv weight: -934772940
[2024-12-17 15:37:31] [ERROR] [capacity_test] macro((0, 0)) ip(0 mram_addr(0000007D)) idx(0) write weight:125, but recv weight: -936870092
[2024-12-17 15:37:31] [ERROR] [capacity_test] macro((0, 0)) ip(0 mram_addr(0000007E)) idx(0) write weight:126, but recv weight: -938967244
[2024-12-17 15:37:31] [ERROR] [capacity_test] macro((0, 0)) ip(0 mram_addr(0000007F)) idx(0) write weight:127, but recv weight: -941064396
[2024-12-17 15:37:31] [ERROR] [capacity_test] macro((0, 0)) ip(0 mram_addr(00000080)) idx(0) write weight:128, but recv weight: -943161548
[2024-12-17 15:37:31] [ERROR] [capacity_test] macro((0, 0)) ip(0 mram_addr(00000081)) idx(0) write weight:129, but recv weight: -932675788
[2024-12-17 15:37:31] [ERROR] [capacity_test] macro((0, 0)) ip(0 mram_addr(00000082)) idx(0) write weight:130, but recv weight: -934772940
[2024-12-17 15:37:31] [ERROR] [capacity_test] macro((0, 0)) ip(0 mram_addr(00000083)) idx(0) write weight:131, but recv weight: -936870092
[2024-12-17 15:37:31] [ERROR] [capacity_test] macro((0, 0)) ip(0 mram_addr(00000084)) idx(0) write weight:132, but recv weight: -938967244
[2024-12-17 15:37:31] [ERROR] [capacity_test] macro((0, 0)) ip(0 mram_addr(00000085)) idx(0) write weight:133, but recv weight: -941064396
[2024-12-17 15:37:31] [ERROR] [capacity_test] macro((0, 0)) ip(0 mram_addr(00000086)) idx(0) write weight:134, but recv weight: -943161548
[2024-12-17 15:37:31] [ERROR] [capacity_test] macro((0, 0)) ip(0 mram_addr(00000087)) idx(0) write weight:135, but recv weight: -931627212
[2024-12-17 15:37:31] [ERROR] [capacity_test] macro((0, 0)) ip(0 mram_addr(00000088)) idx(0) write weight:136, but recv weight: -933724364
[2024-12-17 15:37:31] [ERROR] [capacity_test] macro((0, 0)) ip(0 mram_addr(00000089)) idx(0) write weight:137, but recv weight: -935821516
[2024-12-17 15:37:31] [ERROR] [capacity_test] macro((0, 0)) ip(0 mram_addr(0000008A)) idx(0) write weight:138, but recv weight: -937918668
[2024-12-17 15:37:31] [ERROR] [capacity_test] macro((0, 0)) ip(0 mram_addr(0000008B)) idx(0) write weight:139, but recv weight: -940015820
[2024-12-17 15:37:31] [ERROR] [capacity_test] macro((0, 0)) ip(0 mram_addr(0000008C)) idx(0) write weight:140, but recv weight: -942112972
[2024-12-17 15:37:31] [ERROR] [capacity_test] macro((0, 0)) ip(0 mram_addr(0000008D)) idx(0) write weight:141, but recv weight: -931627212
[2024-12-17 15:37:31] [ERROR] [capacity_test] macro((0, 0)) ip(0 mram_addr(0000008E)) idx(0) write weight:142, but recv weight: -933724364
[2024-12-17 15:37:31] [ERROR] [capacity_test] macro((0, 0)) ip(0 mram_addr(0000008F)) idx(0) write weight:143, but recv weight: -935821516
[2024-12-17 15:37:31] [ERROR] [capacity_test] macro((0, 0)) ip(0 mram_addr(00000090)) idx(0) write weight:144, but recv weight: -937918668
[2024-12-17 15:37:31] [ERROR] [capacity_test] macro((0, 0)) ip(0 mram_addr(00000091)) idx(0) write weight:145, but recv weight: -940015820
[2024-12-17 15:37:31] [ERROR] [capacity_test] macro((0, 0)) ip(0 mram_addr(00000092)) idx(0) write weight:146, but recv weight: -942112972
[2024-12-17 15:37:31] [ERROR] [capacity_test] macro((0, 0)) ip(0 mram_addr(00000093)) idx(0) write weight:147, but recv weight: -930578636
[2024-12-17 15:37:31] [ERROR] [capacity_test] macro((0, 0)) ip(0 mram_addr(00000094)) idx(0) write weight:148, but recv weight: -932675788
[2024-12-17 15:37:31] [ERROR] [capacity_test] macro((0, 0)) ip(0 mram_addr(00000095)) idx(0) write weight:149, but recv weight: -934772940
[2024-12-17 15:37:31] [ERROR] [capacity_test] macro((0, 0)) ip(0 mram_addr(00000096)) idx(0) write weight:150, but recv weight: -936870092
[2024-12-17 15:37:31] [ERROR] [capacity_test] macro((0, 0)) ip(0 mram_addr(00000097)) idx(0) write weight:151, but recv weight: -938967244
[2024-12-17 15:37:31] [ERROR] [capacity_test] macro((0, 0)) ip(0 mram_addr(00000098)) idx(0) write weight:152, but recv weight: -941064396
[2024-12-17 15:37:31] [ERROR] [capacity_test] macro((0, 0)) ip(0 mram_addr(00000099)) idx(0) write weight:153, but recv weight: -943161548
[2024-12-17 15:37:31] [ERROR] [capacity_test] macro((0, 0)) ip(0 mram_addr(0000009A)) idx(0) write weight:154, but recv weight: -930578636
[2024-12-17 15:37:31] [ERROR] [capacity_test] macro((0, 0)) ip(0 mram_addr(0000009B)) idx(0) write weight:155, but recv weight: -932675788
[2024-12-17 15:37:31] [ERROR] [capacity_test] macro((0, 0)) ip(0 mram_addr(0000009C)) idx(0) write weight:156, but recv weight: -934772940
[2024-12-17 15:37:31] [ERROR] [capacity_test] macro((0, 0)) ip(0 mram_addr(0000009D)) idx(0) write weight:157, but recv weight: -936870092
[2024-12-17 15:37:31] [ERROR] [capacity_test] macro((0, 0)) ip(0 mram_addr(0000009E)) idx(0) write weight:158, but recv weight: -938967244
[2024-12-17 15:37:31] [ERROR] [capacity_test] macro((0, 0)) ip(0 mram_addr(0000009F)) idx(0) write weight:159, but recv weight: -941064396
[2024-12-17 15:37:31] [ERROR] [capacity_test] macro((0, 0)) ip(0 mram_addr(000000A0)) idx(0) write weight:160, but recv weight: -943161548
[2024-12-17 15:37:31] [ERROR] [capacity_test] macro((0, 0)) ip(0 mram_addr(000000A1)) idx(0) write weight:161, but recv weight: -930578636
[2024-12-17 15:37:31] [ERROR] [capacity_test] macro((0, 0)) ip(0 mram_addr(000000A2)) idx(0) write weight:162, but recv weight: -932675788
[2024-12-17 15:37:31] [ERROR] [capacity_test] macro((0, 0)) ip(0 mram_addr(000000A3)) idx(0) write weight:163, but recv weight: -934772940
[2024-12-17 15:37:31] [ERROR] [capacity_test] macro((0, 0)) ip(0 mram_addr(000000A4)) idx(0) write weight:164, but recv weight: -936870092
[2024-12-17 15:37:31] [ERROR] [capacity_test] macro((0, 0)) ip(0 mram_addr(000000A5)) idx(0) write weight:165, but recv weight: -938967244
[2024-12-17 15:37:31] [ERROR] [capacity_test] macro((0, 0)) ip(0 mram_addr(000000A6)) idx(0) write weight:166, but recv weight: -941064396
[2024-12-17 15:37:31] [ERROR] [capacity_test] macro((0, 0)) ip(0 mram_addr(000000A7)) idx(0) write weight:167, but recv weight: -943161548
[2024-12-17 15:37:31] [ERROR] [capacity_test] macro((0, 0)) ip(0 mram_addr(000000A8)) idx(0) write weight:168, but recv weight: -930578636
[2024-12-17 15:37:31] [ERROR] [capacity_test] macro((0, 0)) ip(0 mram_addr(000000A9)) idx(0) write weight:169, but recv weight: -932675788
[2024-12-17 15:37:31] [ERROR] [capacity_test] macro((0, 0)) ip(0 mram_addr(000000AA)) idx(0) write weight:170, but recv weight: -934772940
[2024-12-17 15:37:31] [ERROR] [capacity_test] macro((0, 0)) ip(0 mram_addr(000000AB)) idx(0) write weight:171, but recv weight: -936870092
[2024-12-17 15:37:31] [ERROR] [capacity_test] macro((0, 0)) ip(0 mram_addr(000000AC)) idx(0) write weight:172, but recv weight: -938967244
[2024-12-17 15:37:31] [ERROR] [capacity_test] macro((0, 0)) ip(0 mram_addr(000000AD)) idx(0) write weight:173, but recv weight: -941064396
[2024-12-17 15:37:31] [ERROR] [capacity_test] macro((0, 0)) ip(0 mram_addr(000000AE)) idx(0) write weight:174, but recv weight: -943161548
[2024-12-17 15:37:31] [ERROR] [capacity_test] macro((0, 0)) ip(0 mram_addr(000000AF)) idx(0) write weight:175, but recv weight: -930578636
[2024-12-17 15:37:31] [ERROR] [capacity_test] macro((0, 0)) ip(0 mram_addr(000000B0)) idx(0) write weight:176, but recv weight: -932675788
[2024-12-17 15:37:31] [ERROR] [capacity_test] macro((0, 0)) ip(0 mram_addr(000000B1)) idx(0) write weight:177, but recv weight: -934772940
[2024-12-17 15:37:31] [ERROR] [capacity_test] macro((0, 0)) ip(0 mram_addr(000000B2)) idx(0) write weight:178, but recv weight: -936870092
[2024-12-17 15:37:31] [ERROR] [capacity_test] macro((0, 0)) ip(0 mram_addr(000000B3)) idx(0) write weight:179, but recv weight: -938967244
[2024-12-17 15:37:31] [ERROR] [capacity_test] macro((0, 0)) ip(0 mram_addr(000000B4)) idx(0) write weight:180, but recv weight: -941064396
[2024-12-17 15:37:31] [ERROR] [capacity_test] macro((0, 0)) ip(0 mram_addr(000000B5)) idx(0) write weight:181, but recv weight: -943161548
[2024-12-17 15:37:31] [ERROR] [capacity_test] macro((0, 0)) ip(0 mram_addr(000000B6)) idx(0) write weight:182, but recv weight: -929530060
[2024-12-17 15:37:31] [ERROR] [capacity_test] macro((0, 0)) ip(0 mram_addr(000000B7)) idx(0) write weight:183, but recv weight: -931627212
[2024-12-17 15:37:31] [ERROR] [capacity_test] macro((0, 0)) ip(0 mram_addr(000000B8)) idx(0) write weight:184, but recv weight: -933724364
[2024-12-17 15:37:31] [ERROR] [capacity_test] macro((0, 0)) ip(0 mram_addr(000000B9)) idx(0) write weight:185, but recv weight: -935821516
[2024-12-17 15:37:31] [ERROR] [capacity_test] macro((0, 0)) ip(0 mram_addr(000000BA)) idx(0) write weight:186, but recv weight: -937918668
[2024-12-17 15:37:31] [ERROR] [capacity_test] macro((0, 0)) ip(0 mram_addr(000000BB)) idx(0) write weight:187, but recv weight: -940015820
[2024-12-17 15:37:31] [ERROR] [capacity_test] macro((0, 0)) ip(0 mram_addr(000000BC)) idx(0) write weight:188, but recv weight: -942112972
[2024-12-17 15:37:31] [ERROR] [capacity_test] macro((0, 0)) ip(0 mram_addr(000000BD)) idx(0) write weight:189, but recv weight: -929530060
[2024-12-17 15:37:31] [ERROR] [capacity_test] macro((0, 0)) ip(0 mram_addr(000000BE)) idx(0) write weight:190, but recv weight: -931627212
[2024-12-17 15:37:31] [ERROR] [capacity_test] macro((0, 0)) ip(0 mram_addr(000000BF)) idx(0) write weight:191, but recv weight: -933724364
[2024-12-17 15:37:31] [ERROR] [capacity_test] macro((0, 0)) ip(0 mram_addr(000000C0)) idx(0) write weight:192, but recv weight: -935821516
[2024-12-17 15:37:31] [ERROR] [capacity_test] macro((0, 0)) ip(0 mram_addr(000000C1)) idx(0) write weight:193, but recv weight: -937918668
[2024-12-17 15:37:31] [ERROR] [capacity_test] macro((0, 0)) ip(0 mram_addr(000000C2)) idx(0) write weight:194, but recv weight: -940015820
[2024-12-17 15:37:31] [ERROR] [capacity_test] macro((0, 0)) ip(0 mram_addr(000000C3)) idx(0) write weight:195, but recv weight: -942112972
[2024-12-17 15:37:31] [ERROR] [capacity_test] macro((0, 0)) ip(0 mram_addr(000000C4)) idx(0) write weight:196, but recv weight: -929530060
[2024-12-17 15:37:31] [ERROR] [capacity_test] macro((0, 0)) ip(0 mram_addr(000000C5)) idx(0) write weight:197, but recv weight: -931627212
[2024-12-17 15:37:31] [ERROR] [capacity_test] macro((0, 0)) ip(0 mram_addr(000000C6)) idx(0) write weight:198, but recv weight: -933724364
[2024-12-17 15:37:31] [ERROR] [capacity_test] macro((0, 0)) ip(0 mram_addr(000000C7)) idx(0) write weight:199, but recv weight: -935821516
[2024-12-17 15:37:31] [ERROR] [capacity_test] macro((0, 0)) ip(0 mram_addr(000000C8)) idx(0) write weight:200, but recv weight: -937918668
[2024-12-17 15:37:31] [ERROR] [capacity_test] macro((0, 0)) ip(0 mram_addr(000000C9)) idx(0) write weight:201, but recv weight: -940015820
[2024-12-17 15:37:31] [ERROR] [capacity_test] macro((0, 0)) ip(0 mram_addr(000000CA)) idx(0) write weight:202, but recv weight: -942112972
[2024-12-17 15:37:31] [ERROR] [capacity_test] macro((0, 0)) ip(0 mram_addr(000000CB)) idx(0) write weight:203, but recv weight: -929530060
[2024-12-17 15:37:31] [ERROR] [capacity_test] macro((0, 0)) ip(0 mram_addr(000000CC)) idx(0) write weight:204, but recv weight: -931627212
[2024-12-17 15:37:31] [ERROR] [capacity_test] macro((0, 0)) ip(0 mram_addr(000000CD)) idx(0) write weight:205, but recv weight: -933724364
[2024-12-17 15:37:31] [ERROR] [capacity_test] macro((0, 0)) ip(0 mram_addr(000000CE)) idx(0) write weight:206, but recv weight: -935821516
[2024-12-17 15:37:31] [ERROR] [capacity_test] macro((0, 0)) ip(0 mram_addr(000000CF)) idx(0) write weight:207, but recv weight: -937918668
[2024-12-17 15:37:31] [ERROR] [capacity_test] macro((0, 0)) ip(0 mram_addr(000000D0)) idx(0) write weight:208, but recv weight: -940015820
[2024-12-17 15:37:31] [ERROR] [capacity_test] macro((0, 0)) ip(0 mram_addr(000000D1)) idx(0) write weight:209, but recv weight: -942112972
[2024-12-17 15:37:31] [ERROR] [capacity_test] macro((0, 0)) ip(0 mram_addr(000000D2)) idx(0) write weight:210, but recv weight: -928481484
[2024-12-17 15:37:31] [ERROR] [capacity_test] macro((0, 0)) ip(0 mram_addr(000000D3)) idx(0) write weight:211, but recv weight: -930578636
[2024-12-17 15:37:31] [ERROR] [capacity_test] macro((0, 0)) ip(0 mram_addr(000000D4)) idx(0) write weight:212, but recv weight: -932675788
[2024-12-17 15:37:31] [ERROR] [capacity_test] macro((0, 0)) ip(0 mram_addr(000000D5)) idx(0) write weight:213, but recv weight: -934772940
[2024-12-17 15:37:31] [ERROR] [capacity_test] macro((0, 0)) ip(0 mram_addr(000000D6)) idx(0) write weight:214, but recv weight: -936870092
[2024-12-17 15:37:31] [ERROR] [capacity_test] macro((0, 0)) ip(0 mram_addr(000000D7)) idx(0) write weight:215, but recv weight: -938967244
[2024-12-17 15:37:31] [ERROR] [capacity_test] macro((0, 0)) ip(0 mram_addr(000000D8)) idx(0) write weight:216, but recv weight: -941064396
[2024-12-17 15:37:31] [ERROR] [capacity_test] macro((0, 0)) ip(0 mram_addr(000000D9)) idx(0) write weight:217, but recv weight: -943161548
[2024-12-17 15:37:31] [ERROR] [capacity_test] macro((0, 0)) ip(0 mram_addr(000000DA)) idx(0) write weight:218, but recv weight: -928481484
[2024-12-17 15:37:31] [ERROR] [capacity_test] macro((0, 0)) ip(0 mram_addr(000000DB)) idx(0) write weight:219, but recv weight: -930578636
[2024-12-17 15:37:31] [ERROR] [capacity_test] macro((0, 0)) ip(0 mram_addr(000000DC)) idx(0) write weight:220, but recv weight: -932675788
[2024-12-17 15:37:31] [ERROR] [capacity_test] macro((0, 0)) ip(0 mram_addr(000000DD)) idx(0) write weight:221, but recv weight: -934772940
[2024-12-17 15:37:31] [ERROR] [capacity_test] macro((0, 0)) ip(0 mram_addr(000000DE)) idx(0) write weight:222, but recv weight: -936870092
[2024-12-17 15:37:31] [ERROR] [capacity_test] macro((0, 0)) ip(0 mram_addr(000000DF)) idx(0) write weight:223, but recv weight: -938967244
[2024-12-17 15:37:31] [ERROR] [capacity_test] macro((0, 0)) ip(0 mram_addr(000000E0)) idx(0) write weight:224, but recv weight: -941064396
[2024-12-17 15:37:31] [ERROR] [capacity_test] macro((0, 0)) ip(0 mram_addr(000000E1)) idx(0) write weight:225, but recv weight: -943161548
[2024-12-17 15:37:31] [ERROR] [capacity_test] macro((0, 0)) ip(0 mram_addr(000000E2)) idx(0) write weight:226, but recv weight: -928481484
[2024-12-17 15:37:31] [ERROR] [capacity_test] macro((0, 0)) ip(0 mram_addr(000000E3)) idx(0) write weight:227, but recv weight: -930578636
[2024-12-17 15:37:31] [ERROR] [capacity_test] macro((0, 0)) ip(0 mram_addr(000000E4)) idx(0) write weight:228, but recv weight: -932675788
[2024-12-17 15:37:31] [ERROR] [capacity_test] macro((0, 0)) ip(0 mram_addr(000000E5)) idx(0) write weight:229, but recv weight: -934772940
[2024-12-17 15:37:31] [ERROR] [capacity_test] macro((0, 0)) ip(0 mram_addr(000000E6)) idx(0) write weight:230, but recv weight: -936870092
[2024-12-17 15:37:31] [ERROR] [capacity_test] macro((0, 0)) ip(0 mram_addr(000000E7)) idx(0) write weight:231, but recv weight: -938967244
[2024-12-17 15:37:31] [ERROR] [capacity_test] macro((0, 0)) ip(0 mram_addr(000000E8)) idx(0) write weight:232, but recv weight: -941064396
[2024-12-17 15:37:31] [ERROR] [capacity_test] macro((0, 0)) ip(0 mram_addr(000000E9)) idx(0) write weight:233, but recv weight: -943161548
[2024-12-17 15:37:31] [ERROR] [capacity_test] macro((0, 0)) ip(0 mram_addr(000000EA)) idx(0) write weight:234, but recv weight: -928481484
[2024-12-17 15:37:31] [ERROR] [capacity_test] macro((0, 0)) ip(0 mram_addr(000000EB)) idx(0) write weight:235, but recv weight: -930578636
[2024-12-17 15:37:31] [ERROR] [capacity_test] macro((0, 0)) ip(0 mram_addr(000000EC)) idx(0) write weight:236, but recv weight: -932675788
[2024-12-17 15:37:31] [ERROR] [capacity_test] macro((0, 0)) ip(0 mram_addr(000000ED)) idx(0) write weight:237, but recv weight: -934772940
[2024-12-17 15:37:31] [ERROR] [capacity_test] macro((0, 0)) ip(0 mram_addr(000000EE)) idx(0) write weight:238, but recv weight: -936870092
[2024-12-17 15:37:31] [ERROR] [capacity_test] macro((0, 0)) ip(0 mram_addr(000000EF)) idx(0) write weight:239, but recv weight: -938967244
[2024-12-17 15:37:31] [ERROR] [capacity_test] macro((0, 0)) ip(0 mram_addr(000000F0)) idx(0) write weight:240, but recv weight: -941064396
[2024-12-17 15:37:31] [ERROR] [capacity_test] macro((0, 0)) ip(0 mram_addr(000000F1)) idx(0) write weight:241, but recv weight: -943161548
[2024-12-17 15:37:31] [ERROR] [capacity_test] macro((0, 0)) ip(0 mram_addr(000000F2)) idx(0) write weight:242, but recv weight: -927432908
[2024-12-17 15:37:31] [ERROR] [capacity_test] macro((0, 0)) ip(0 mram_addr(000000F3)) idx(0) write weight:243, but recv weight: -929530060
[2024-12-17 15:37:31] [ERROR] [capacity_test] macro((0, 0)) ip(0 mram_addr(000000F4)) idx(0) write weight:244, but recv weight: -931627212
[2024-12-17 15:37:31] [ERROR] [capacity_test] macro((0, 0)) ip(0 mram_addr(000000F5)) idx(0) write weight:245, but recv weight: -933724364
[2024-12-17 15:37:31] [ERROR] [capacity_test] macro((0, 0)) ip(0 mram_addr(000000F6)) idx(0) write weight:246, but recv weight: -935821516
[2024-12-17 15:37:31] [ERROR] [capacity_test] macro((0, 0)) ip(0 mram_addr(000000F7)) idx(0) write weight:247, but recv weight: -937918668
[2024-12-17 15:37:31] [ERROR] [capacity_test] macro((0, 0)) ip(0 mram_addr(000000F8)) idx(0) write weight:248, but recv weight: -940015820
[2024-12-17 15:37:31] [ERROR] [capacity_test] macro((0, 0)) ip(0 mram_addr(000000F9)) idx(0) write weight:249, but recv weight: -942112972
[2024-12-17 15:37:31] [ERROR] [capacity_test] macro((0, 0)) ip(0 mram_addr(000000FA)) idx(0) write weight:250, but recv weight: -926384332
[2024-12-17 15:37:31] [ERROR] [capacity_test] macro((0, 0)) ip(0 mram_addr(000000FB)) idx(0) write weight:251, but recv weight: -928481484
[2024-12-17 15:37:31] [ERROR] [capacity_test] macro((0, 0)) ip(0 mram_addr(000000FC)) idx(0) write weight:252, but recv weight: -930578636
[2024-12-17 15:37:31] [ERROR] [capacity_test] macro((0, 0)) ip(0 mram_addr(000000FD)) idx(0) write weight:253, but recv weight: -932675788
[2024-12-17 15:37:31] [ERROR] [capacity_test] macro((0, 0)) ip(0 mram_addr(000000FE)) idx(0) write weight:254, but recv weight: -934772940
[2024-12-17 15:37:31] [ERROR] [capacity_test] macro((0, 0)) ip(0 mram_addr(000000FF)) idx(0) write weight:255, but recv weight: -936870092
[2024-12-17 15:37:31] [ERROR] [capacity_test] macro((0, 0)) ip(0 mram_addr(00000100)) idx(0) write weight:256, but recv weight: -938967244
[2024-12-17 15:37:31] [ERROR] [capacity_test] macro((0, 0)) ip(0 mram_addr(00000101)) idx(0) write weight:257, but recv weight: -941064396
[2024-12-17 15:37:31] [ERROR] [capacity_test] macro((0, 0)) ip(0 mram_addr(00000102)) idx(0) write weight:258, but recv weight: -943161548
[2024-12-17 15:37:31] [ERROR] [capacity_test] macro((0, 0)) ip(0 mram_addr(00000103)) idx(0) write weight:259, but recv weight: -926384332
[2024-12-17 15:37:31] [ERROR] [capacity_test] macro((0, 0)) ip(0 mram_addr(00000104)) idx(0) write weight:260, but recv weight: -928481484
[2024-12-17 15:37:31] [ERROR] [capacity_test] macro((0, 0)) ip(0 mram_addr(00000105)) idx(0) write weight:261, but recv weight: -930578636
[2024-12-17 15:37:31] [ERROR] [capacity_test] macro((0, 0)) ip(0 mram_addr(00000106)) idx(0) write weight:262, but recv weight: -932675788
[2024-12-17 15:37:31] [ERROR] [capacity_test] macro((0, 0)) ip(0 mram_addr(00000107)) idx(0) write weight:263, but recv weight: -934772940
[2024-12-17 15:37:31] [ERROR] [capacity_test] macro((0, 0)) ip(0 mram_addr(00000108)) idx(0) write weight:264, but recv weight: -936870092
[2024-12-17 15:37:31] [ERROR] [capacity_test] macro((0, 0)) ip(0 mram_addr(00000109)) idx(0) write weight:265, but recv weight: -938967244
[2024-12-17 15:37:31] [ERROR] [capacity_test] macro((0, 0)) ip(0 mram_addr(0000010A)) idx(0) write weight:266, but recv weight: -941064396
[2024-12-17 15:37:31] [ERROR] [capacity_test] macro((0, 0)) ip(0 mram_addr(0000010B)) idx(0) write weight:267, but recv weight: -943161548
[2024-12-17 15:37:31] [ERROR] [capacity_test] macro((0, 0)) ip(0 mram_addr(0000010C)) idx(0) write weight:268, but recv weight: -926384332
[2024-12-17 15:37:31] [ERROR] [capacity_test] macro((0, 0)) ip(0 mram_addr(0000010D)) idx(0) write weight:269, but recv weight: -928481484
[2024-12-17 15:37:31] [ERROR] [capacity_test] macro((0, 0)) ip(0 mram_addr(0000010E)) idx(0) write weight:270, but recv weight: -930578636
[2024-12-17 15:37:31] [ERROR] [capacity_test] macro((0, 0)) ip(0 mram_addr(0000010F)) idx(0) write weight:271, but recv weight: -932675788
[2024-12-17 15:37:31] [ERROR] [capacity_test] macro((0, 0)) ip(0 mram_addr(00000110)) idx(0) write weight:272, but recv weight: -934772940
[2024-12-17 15:37:31] [ERROR] [capacity_test] macro((0, 0)) ip(0 mram_addr(00000111)) idx(0) write weight:273, but recv weight: -936870092
[2024-12-17 15:37:31] [ERROR] [capacity_test] macro((0, 0)) ip(0 mram_addr(00000112)) idx(0) write weight:274, but recv weight: -938967244
[2024-12-17 15:37:31] [ERROR] [capacity_test] macro((0, 0)) ip(0 mram_addr(00000113)) idx(0) write weight:275, but recv weight: -941064396
[2024-12-17 15:37:31] [ERROR] [capacity_test] macro((0, 0)) ip(0 mram_addr(00000114)) idx(0) write weight:276, but recv weight: -943161548
[2024-12-17 15:37:31] [ERROR] [capacity_test] macro((0, 0)) ip(0 mram_addr(00000115)) idx(0) write weight:277, but recv weight: -924287180
[2024-12-17 15:37:31] [ERROR] [capacity_test] macro((0, 0)) ip(0 mram_addr(00000116)) idx(0) write weight:278, but recv weight: -926384332
[2024-12-17 15:37:31] [ERROR] [capacity_test] macro((0, 0)) ip(0 mram_addr(00000117)) idx(0) write weight:279, but recv weight: -928481484
[2024-12-17 15:37:31] [ERROR] [capacity_test] macro((0, 0)) ip(0 mram_addr(00000118)) idx(0) write weight:280, but recv weight: -930578636
[2024-12-17 15:37:31] [ERROR] [capacity_test] macro((0, 0)) ip(0 mram_addr(00000119)) idx(0) write weight:281, but recv weight: -932675788
[2024-12-17 15:37:31] [ERROR] [capacity_test] macro((0, 0)) ip(0 mram_addr(0000011A)) idx(0) write weight:282, but recv weight: -934772940
[2024-12-17 15:37:31] [ERROR] [capacity_test] macro((0, 0)) ip(0 mram_addr(0000011B)) idx(0) write weight:283, but recv weight: -936870092
[2024-12-17 15:37:31] [ERROR] [capacity_test] macro((0, 0)) ip(0 mram_addr(0000011C)) idx(0) write weight:284, but recv weight: -938967244
[2024-12-17 15:37:31] [ERROR] [capacity_test] macro((0, 0)) ip(0 mram_addr(0000011D)) idx(0) write weight:285, but recv weight: -941064396
[2024-12-17 15:37:31] [ERROR] [capacity_test] macro((0, 0)) ip(0 mram_addr(0000011E)) idx(0) write weight:286, but recv weight: -943161548
[2024-12-17 15:37:31] [ERROR] [capacity_test] macro((0, 0)) ip(0 mram_addr(0000011F)) idx(0) write weight:287, but recv weight: -923238604
[2024-12-17 15:37:31] [ERROR] [capacity_test] macro((0, 0)) ip(0 mram_addr(00000120)) idx(0) write weight:288, but recv weight: -925335756
[2024-12-17 15:37:31] [ERROR] [capacity_test] macro((0, 0)) ip(0 mram_addr(00000121)) idx(0) write weight:289, but recv weight: -927432908
[2024-12-17 15:37:31] [ERROR] [capacity_test] macro((0, 0)) ip(0 mram_addr(00000122)) idx(0) write weight:290, but recv weight: -929530060
[2024-12-17 15:37:31] [ERROR] [capacity_test] macro((0, 0)) ip(0 mram_addr(00000123)) idx(0) write weight:291, but recv weight: -931627212
[2024-12-17 15:37:31] [ERROR] [capacity_test] macro((0, 0)) ip(0 mram_addr(00000124)) idx(0) write weight:292, but recv weight: -933724364
[2024-12-17 15:37:31] [ERROR] [capacity_test] macro((0, 0)) ip(0 mram_addr(00000125)) idx(0) write weight:293, but recv weight: -935821516
[2024-12-17 15:37:31] [ERROR] [capacity_test] macro((0, 0)) ip(0 mram_addr(00000126)) idx(0) write weight:294, but recv weight: -937918668
[2024-12-17 15:37:31] [ERROR] [capacity_test] macro((0, 0)) ip(0 mram_addr(00000127)) idx(0) write weight:295, but recv weight: -940015820
[2024-12-17 15:37:31] [ERROR] [capacity_test] macro((0, 0)) ip(0 mram_addr(00000128)) idx(0) write weight:296, but recv weight: -942112972
[2024-12-17 15:37:31] [ERROR] [capacity_test] macro((0, 0)) ip(0 mram_addr(00000129)) idx(0) write weight:297, but recv weight: -923238604
[2024-12-17 15:37:31] [ERROR] [capacity_test] macro((0, 0)) ip(0 mram_addr(0000012A)) idx(0) write weight:298, but recv weight: -925335756
[2024-12-17 15:37:31] [ERROR] [capacity_test] macro((0, 0)) ip(0 mram_addr(0000012B)) idx(0) write weight:299, but recv weight: -927432908
[2024-12-17 15:37:31] [ERROR] [capacity_test] macro((0, 0)) ip(0 mram_addr(0000012C)) idx(0) write weight:300, but recv weight: -929530060
[2024-12-17 15:37:31] [ERROR] [capacity_test] macro((0, 0)) ip(0 mram_addr(0000012D)) idx(0) write weight:301, but recv weight: -931627212
[2024-12-17 15:37:31] [ERROR] [capacity_test] macro((0, 0)) ip(0 mram_addr(0000012E)) idx(0) write weight:302, but recv weight: -933724364
[2024-12-17 15:37:31] [ERROR] [capacity_test] macro((0, 0)) ip(0 mram_addr(0000012F)) idx(0) write weight:303, but recv weight: -935821516
[2024-12-17 15:37:31] [ERROR] [capacity_test] macro((0, 0)) ip(0 mram_addr(00000130)) idx(0) write weight:304, but recv weight: -937918668
[2024-12-17 15:37:31] [ERROR] [capacity_test] macro((0, 0)) ip(0 mram_addr(00000131)) idx(0) write weight:305, but recv weight: -940015820
[2024-12-17 15:37:31] [ERROR] [capacity_test] macro((0, 0)) ip(0 mram_addr(00000132)) idx(0) write weight:306, but recv weight: -942112972
[2024-12-17 15:37:31] [ERROR] [capacity_test] macro((0, 0)) ip(0 mram_addr(00000133)) idx(0) write weight:307, but recv weight: -923238604
[2024-12-17 15:37:31] [ERROR] [capacity_test] macro((0, 0)) ip(0 mram_addr(00000134)) idx(0) write weight:308, but recv weight: -925335756
[2024-12-17 15:37:31] [ERROR] [capacity_test] macro((0, 0)) ip(0 mram_addr(00000135)) idx(0) write weight:309, but recv weight: -927432908
[2024-12-17 15:37:31] [ERROR] [capacity_test] macro((0, 0)) ip(0 mram_addr(00000136)) idx(0) write weight:310, but recv weight: -929530060
[2024-12-17 15:37:31] [ERROR] [capacity_test] macro((0, 0)) ip(0 mram_addr(00000137)) idx(0) write weight:311, but recv weight: -931627212
[2024-12-17 15:37:31] [ERROR] [capacity_test] macro((0, 0)) ip(0 mram_addr(00000138)) idx(0) write weight:312, but recv weight: -933724364
[2024-12-17 15:37:31] [ERROR] [capacity_test] macro((0, 0)) ip(0 mram_addr(00000139)) idx(0) write weight:313, but recv weight: -935821516
[2024-12-17 15:37:31] [ERROR] [capacity_test] macro((0, 0)) ip(0 mram_addr(0000013A)) idx(0) write weight:314, but recv weight: -937918668
[2024-12-17 15:37:31] [ERROR] [capacity_test] macro((0, 0)) ip(0 mram_addr(0000013B)) idx(0) write weight:315, but recv weight: -940015820
[2024-12-17 15:37:31] [ERROR] [capacity_test] macro((0, 0)) ip(0 mram_addr(0000013C)) idx(0) write weight:316, but recv weight: -942112972
[2024-12-17 15:37:31] [ERROR] [capacity_test] macro((0, 0)) ip(0 mram_addr(0000013D)) idx(0) write weight:317, but recv weight: -922190028
[2024-12-17 15:37:31] [ERROR] [capacity_test] macro((0, 0)) ip(0 mram_addr(0000013E)) idx(0) write weight:318, but recv weight: -924287180
[2024-12-17 15:37:31] [ERROR] [capacity_test] macro((0, 0)) ip(0 mram_addr(0000013F)) idx(0) write weight:319, but recv weight: -926384332
[2024-12-17 15:37:31] [ERROR] [capacity_test] macro((0, 0)) ip(0 mram_addr(00000140)) idx(0) write weight:320, but recv weight: -928481484
[2024-12-17 15:37:31] [ERROR] [capacity_test] macro((0, 0)) ip(0 mram_addr(00000141)) idx(0) write weight:321, but recv weight: -930578636
[2024-12-17 15:37:31] [ERROR] [capacity_test] macro((0, 0)) ip(0 mram_addr(00000142)) idx(0) write weight:322, but recv weight: -932675788
[2024-12-17 15:37:31] [ERROR] [capacity_test] macro((0, 0)) ip(0 mram_addr(00000143)) idx(0) write weight:323, but recv weight: -934772940
[2024-12-17 15:37:31] [ERROR] [capacity_test] macro((0, 0)) ip(0 mram_addr(00000144)) idx(0) write weight:324, but recv weight: -936870092
[2024-12-17 15:37:31] [ERROR] [capacity_test] macro((0, 0)) ip(0 mram_addr(00000145)) idx(0) write weight:325, but recv weight: -938967244
[2024-12-17 15:37:31] [ERROR] [capacity_test] macro((0, 0)) ip(0 mram_addr(00000146)) idx(0) write weight:326, but recv weight: -941064396
[2024-12-17 15:37:31] [ERROR] [capacity_test] macro((0, 0)) ip(0 mram_addr(00000147)) idx(0) write weight:327, but recv weight: -943161548
[2024-12-17 15:37:31] [ERROR] [capacity_test] macro((0, 0)) ip(0 mram_addr(00000148)) idx(0) write weight:328, but recv weight: -922190028
[2024-12-17 15:37:31] [ERROR] [capacity_test] macro((0, 0)) ip(0 mram_addr(00000149)) idx(0) write weight:329, but recv weight: -924287180
[2024-12-17 15:37:31] [ERROR] [capacity_test] macro((0, 0)) ip(0 mram_addr(0000014A)) idx(0) write weight:330, but recv weight: -926384332
[2024-12-17 15:37:31] [ERROR] [capacity_test] macro((0, 0)) ip(0 mram_addr(0000014B)) idx(0) write weight:331, but recv weight: -928481484
[2024-12-17 15:37:31] [ERROR] [capacity_test] macro((0, 0)) ip(0 mram_addr(0000014C)) idx(0) write weight:332, but recv weight: -930578636
[2024-12-17 15:37:31] [ERROR] [capacity_test] macro((0, 0)) ip(0 mram_addr(0000014D)) idx(0) write weight:333, but recv weight: -932675788
[2024-12-17 15:37:31] [ERROR] [capacity_test] macro((0, 0)) ip(0 mram_addr(0000014E)) idx(0) write weight:334, but recv weight: -934772940
[2024-12-17 15:37:31] [ERROR] [capacity_test] macro((0, 0)) ip(0 mram_addr(0000014F)) idx(0) write weight:335, but recv weight: -936870092
[2024-12-17 15:37:31] [ERROR] [capacity_test] macro((0, 0)) ip(0 mram_addr(00000150)) idx(0) write weight:336, but recv weight: -938967244
[2024-12-17 15:37:31] [ERROR] [capacity_test] macro((0, 0)) ip(0 mram_addr(00000151)) idx(0) write weight:337, but recv weight: -941064396
[2024-12-17 15:37:31] [ERROR] [capacity_test] macro((0, 0)) ip(0 mram_addr(00000152)) idx(0) write weight:338, but recv weight: -943161548
[2024-12-17 15:37:31] [ERROR] [capacity_test] macro((0, 0)) ip(0 mram_addr(00000153)) idx(0) write weight:339, but recv weight: -921141452
[2024-12-17 15:37:31] [ERROR] [capacity_test] macro((0, 0)) ip(0 mram_addr(00000154)) idx(0) write weight:340, but recv weight: -923238604
[2024-12-17 15:37:31] [ERROR] [capacity_test] macro((0, 0)) ip(0 mram_addr(00000155)) idx(0) write weight:341, but recv weight: -925335756
[2024-12-17 15:37:31] [ERROR] [capacity_test] macro((0, 0)) ip(0 mram_addr(00000156)) idx(0) write weight:342, but recv weight: -927432908
[2024-12-17 15:37:31] [ERROR] [capacity_test] macro((0, 0)) ip(0 mram_addr(00000157)) idx(0) write weight:343, but recv weight: -929530060
[2024-12-17 15:37:31] [ERROR] [capacity_test] macro((0, 0)) ip(0 mram_addr(00000158)) idx(0) write weight:344, but recv weight: -931627212
[2024-12-17 15:37:31] [ERROR] [capacity_test] macro((0, 0)) ip(0 mram_addr(00000159)) idx(0) write weight:345, but recv weight: -933724364
[2024-12-17 15:37:31] [ERROR] [capacity_test] macro((0, 0)) ip(0 mram_addr(0000015A)) idx(0) write weight:346, but recv weight: -935821516
[2024-12-17 15:37:31] [ERROR] [capacity_test] macro((0, 0)) ip(0 mram_addr(0000015B)) idx(0) write weight:347, but recv weight: -937918668
[2024-12-17 15:37:31] [ERROR] [capacity_test] macro((0, 0)) ip(0 mram_addr(0000015C)) idx(0) write weight:348, but recv weight: -940015820
[2024-12-17 15:37:31] [ERROR] [capacity_test] macro((0, 0)) ip(0 mram_addr(0000015D)) idx(0) write weight:349, but recv weight: -942112972
[2024-12-17 15:37:31] [ERROR] [capacity_test] macro((0, 0)) ip(0 mram_addr(0000015E)) idx(0) write weight:350, but recv weight: -921141452
[2024-12-17 15:37:31] [ERROR] [capacity_test] macro((0, 0)) ip(0 mram_addr(0000015F)) idx(0) write weight:351, but recv weight: -923238604
[2024-12-17 15:37:31] [ERROR] [capacity_test] macro((0, 0)) ip(0 mram_addr(00000160)) idx(0) write weight:352, but recv weight: -925335756
[2024-12-17 15:37:31] [ERROR] [capacity_test] macro((0, 0)) ip(0 mram_addr(00000161)) idx(0) write weight:353, but recv weight: -927432908
[2024-12-17 15:37:31] [ERROR] [capacity_test] macro((0, 0)) ip(0 mram_addr(00000162)) idx(0) write weight:354, but recv weight: -929530060
[2024-12-17 15:37:31] [ERROR] [capacity_test] macro((0, 0)) ip(0 mram_addr(00000163)) idx(0) write weight:355, but recv weight: -931627212
[2024-12-17 15:37:31] [ERROR] [capacity_test] macro((0, 0)) ip(0 mram_addr(00000164)) idx(0) write weight:356, but recv weight: -933724364
[2024-12-17 15:37:31] [ERROR] [capacity_test] macro((0, 0)) ip(0 mram_addr(00000165)) idx(0) write weight:357, but recv weight: -935821516
[2024-12-17 15:37:31] [ERROR] [capacity_test] macro((0, 0)) ip(0 mram_addr(00000166)) idx(0) write weight:358, but recv weight: -937918668
[2024-12-17 15:37:31] [ERROR] [capacity_test] macro((0, 0)) ip(0 mram_addr(00000167)) idx(0) write weight:359, but recv weight: -940015820
[2024-12-17 15:37:31] [ERROR] [capacity_test] macro((0, 0)) ip(0 mram_addr(00000168)) idx(0) write weight:360, but recv weight: -942112972
[2024-12-17 15:37:31] [ERROR] [capacity_test] macro((0, 0)) ip(0 mram_addr(00000169)) idx(0) write weight:361, but recv weight: -920092876
[2024-12-17 15:37:31] [ERROR] [capacity_test] macro((0, 0)) ip(0 mram_addr(0000016A)) idx(0) write weight:362, but recv weight: -922190028
[2024-12-17 15:37:31] [ERROR] [capacity_test] macro((0, 0)) ip(0 mram_addr(0000016B)) idx(0) write weight:363, but recv weight: -924287180
[2024-12-17 15:37:31] [ERROR] [capacity_test] macro((0, 0)) ip(0 mram_addr(0000016C)) idx(0) write weight:364, but recv weight: -926384332
[2024-12-17 15:37:31] [ERROR] [capacity_test] macro((0, 0)) ip(0 mram_addr(0000016D)) idx(0) write weight:365, but recv weight: -928481484
[2024-12-17 15:37:31] [ERROR] [capacity_test] macro((0, 0)) ip(0 mram_addr(0000016E)) idx(0) write weight:366, but recv weight: -930578636
[2024-12-17 15:37:31] [ERROR] [capacity_test] macro((0, 0)) ip(0 mram_addr(0000016F)) idx(0) write weight:367, but recv weight: -932675788
[2024-12-17 15:37:31] [ERROR] [capacity_test] macro((0, 0)) ip(0 mram_addr(00000170)) idx(0) write weight:368, but recv weight: -934772940
[2024-12-17 15:37:31] [ERROR] [capacity_test] macro((0, 0)) ip(0 mram_addr(00000171)) idx(0) write weight:369, but recv weight: -936870092
[2024-12-17 15:37:31] [ERROR] [capacity_test] macro((0, 0)) ip(0 mram_addr(00000172)) idx(0) write weight:370, but recv weight: -938967244
[2024-12-17 15:37:31] [ERROR] [capacity_test] macro((0, 0)) ip(0 mram_addr(00000173)) idx(0) write weight:371, but recv weight: -941064396
[2024-12-17 15:37:31] [ERROR] [capacity_test] macro((0, 0)) ip(0 mram_addr(00000174)) idx(0) write weight:372, but recv weight: -943161548
[2024-12-17 15:37:31] [ERROR] [capacity_test] macro((0, 0)) ip(0 mram_addr(00000175)) idx(0) write weight:373, but recv weight: -920092876
[2024-12-17 15:37:31] [ERROR] [capacity_test] macro((0, 0)) ip(0 mram_addr(00000176)) idx(0) write weight:374, but recv weight: -922190028
[2024-12-17 15:37:31] [ERROR] [capacity_test] macro((0, 0)) ip(0 mram_addr(00000177)) idx(0) write weight:375, but recv weight: -924287180
[2024-12-17 15:37:31] [ERROR] [capacity_test] macro((0, 0)) ip(0 mram_addr(00000178)) idx(0) write weight:376, but recv weight: -926384332
[2024-12-17 15:37:31] [ERROR] [capacity_test] macro((0, 0)) ip(0 mram_addr(00000179)) idx(0) write weight:377, but recv weight: -928481484
[2024-12-17 15:37:31] [ERROR] [capacity_test] macro((0, 0)) ip(0 mram_addr(0000017A)) idx(0) write weight:378, but recv weight: -930578636
[2024-12-17 15:37:31] [ERROR] [capacity_test] macro((0, 0)) ip(0 mram_addr(0000017B)) idx(0) write weight:379, but recv weight: -932675788
[2024-12-17 15:37:31] [ERROR] [capacity_test] macro((0, 0)) ip(0 mram_addr(0000017C)) idx(0) write weight:380, but recv weight: -934772940
[2024-12-17 15:37:31] [ERROR] [capacity_test] macro((0, 0)) ip(0 mram_addr(0000017D)) idx(0) write weight:381, but recv weight: -936870092
[2024-12-17 15:37:31] [ERROR] [capacity_test] macro((0, 0)) ip(0 mram_addr(0000017E)) idx(0) write weight:382, but recv weight: -938967244
[2024-12-17 15:37:31] [ERROR] [capacity_test] macro((0, 0)) ip(0 mram_addr(0000017F)) idx(0) write weight:383, but recv weight: -941064396
[2024-12-17 15:37:31] [ERROR] [capacity_test] macro((0, 0)) ip(0 mram_addr(00000180)) idx(0) write weight:384, but recv weight: -943161548
[2024-12-17 15:37:31] [ERROR] [capacity_test] macro((0, 0)) ip(0 mram_addr(00000181)) idx(0) write weight:385, but recv weight: -920092876
[2024-12-17 15:37:31] [ERROR] [capacity_test] macro((0, 0)) ip(0 mram_addr(00000182)) idx(0) write weight:386, but recv weight: -922190028
[2024-12-17 15:37:31] [ERROR] [capacity_test] macro((0, 0)) ip(0 mram_addr(00000183)) idx(0) write weight:387, but recv weight: -924287180
[2024-12-17 15:37:31] [ERROR] [capacity_test] macro((0, 0)) ip(0 mram_addr(00000184)) idx(0) write weight:388, but recv weight: -926384332
[2024-12-17 15:37:31] [ERROR] [capacity_test] macro((0, 0)) ip(0 mram_addr(00000185)) idx(0) write weight:389, but recv weight: -928481484
[2024-12-17 15:37:31] [ERROR] [capacity_test] macro((0, 0)) ip(0 mram_addr(00000186)) idx(0) write weight:390, but recv weight: -930578636
[2024-12-17 15:37:31] [ERROR] [capacity_test] macro((0, 0)) ip(0 mram_addr(00000187)) idx(0) write weight:391, but recv weight: -932675788
[2024-12-17 15:37:31] [ERROR] [capacity_test] macro((0, 0)) ip(0 mram_addr(00000188)) idx(0) write weight:392, but recv weight: -934772940
[2024-12-17 15:37:31] [ERROR] [capacity_test] macro((0, 0)) ip(0 mram_addr(00000189)) idx(0) write weight:393, but recv weight: -936870092
[2024-12-17 15:37:31] [ERROR] [capacity_test] macro((0, 0)) ip(0 mram_addr(0000018A)) idx(0) write weight:394, but recv weight: -938967244
[2024-12-17 15:37:31] [ERROR] [capacity_test] macro((0, 0)) ip(0 mram_addr(0000018B)) idx(0) write weight:395, but recv weight: -941064396
[2024-12-17 15:37:31] [ERROR] [capacity_test] macro((0, 0)) ip(0 mram_addr(0000018C)) idx(0) write weight:396, but recv weight: -943161548
[2024-12-17 15:37:31] [ERROR] [capacity_test] macro((0, 0)) ip(0 mram_addr(0000018D)) idx(0) write weight:397, but recv weight: -920092876
[2024-12-17 15:37:31] [ERROR] [capacity_test] macro((0, 0)) ip(0 mram_addr(0000018E)) idx(0) write weight:398, but recv weight: -922190028
[2024-12-17 15:37:31] [ERROR] [capacity_test] macro((0, 0)) ip(0 mram_addr(0000018F)) idx(0) write weight:399, but recv weight: -924287180
[2024-12-17 15:37:31] [ERROR] [capacity_test] macro((0, 0)) ip(0 mram_addr(00000190)) idx(0) write weight:400, but recv weight: -926384332
[2024-12-17 15:37:31] [ERROR] [capacity_test] macro((0, 0)) ip(0 mram_addr(00000191)) idx(0) write weight:401, but recv weight: -928481484
[2024-12-17 15:37:31] [ERROR] [capacity_test] macro((0, 0)) ip(0 mram_addr(00000192)) idx(0) write weight:402, but recv weight: -930578636
[2024-12-17 15:37:31] [ERROR] [capacity_test] macro((0, 0)) ip(0 mram_addr(00000193)) idx(0) write weight:403, but recv weight: -932675788
[2024-12-17 15:37:31] [ERROR] [capacity_test] macro((0, 0)) ip(0 mram_addr(00000194)) idx(0) write weight:404, but recv weight: -934772940
[2024-12-17 15:37:31] [ERROR] [capacity_test] macro((0, 0)) ip(0 mram_addr(00000195)) idx(0) write weight:405, but recv weight: -936870092
[2024-12-17 15:37:31] [ERROR] [capacity_test] macro((0, 0)) ip(0 mram_addr(00000196)) idx(0) write weight:406, but recv weight: -938967244
[2024-12-17 15:37:31] [ERROR] [capacity_test] macro((0, 0)) ip(0 mram_addr(00000197)) idx(0) write weight:407, but recv weight: -941064396
[2024-12-17 15:37:31] [ERROR] [capacity_test] macro((0, 0)) ip(0 mram_addr(00000198)) idx(0) write weight:408, but recv weight: -943161548
[2024-12-17 15:37:31] [ERROR] [capacity_test] macro((0, 0)) ip(0 mram_addr(00000199)) idx(0) write weight:409, but recv weight: -917995724
[2024-12-17 15:37:31] [ERROR] [capacity_test] macro((0, 0)) ip(0 mram_addr(0000019A)) idx(0) write weight:410, but recv weight: -920092876
[2024-12-17 15:37:31] [ERROR] [capacity_test] macro((0, 0)) ip(0 mram_addr(0000019B)) idx(0) write weight:411, but recv weight: -922190028
[2024-12-17 15:37:31] [ERROR] [capacity_test] macro((0, 0)) ip(0 mram_addr(0000019C)) idx(0) write weight:412, but recv weight: -924287180
[2024-12-17 15:37:31] [ERROR] [capacity_test] macro((0, 0)) ip(0 mram_addr(0000019D)) idx(0) write weight:413, but recv weight: -926384332
[2024-12-17 15:37:31] [ERROR] [capacity_test] macro((0, 0)) ip(0 mram_addr(0000019E)) idx(0) write weight:414, but recv weight: -928481484
[2024-12-17 15:37:31] [ERROR] [capacity_test] macro((0, 0)) ip(0 mram_addr(0000019F)) idx(0) write weight:415, but recv weight: -930578636
[2024-12-17 15:37:31] [ERROR] [capacity_test] macro((0, 0)) ip(0 mram_addr(000001A0)) idx(0) write weight:416, but recv weight: -932675788
[2024-12-17 15:37:31] [ERROR] [capacity_test] macro((0, 0)) ip(0 mram_addr(000001A1)) idx(0) write weight:417, but recv weight: -934772940
[2024-12-17 15:37:31] [ERROR] [capacity_test] macro((0, 0)) ip(0 mram_addr(000001A2)) idx(0) write weight:418, but recv weight: -936870092
[2024-12-17 15:37:31] [ERROR] [capacity_test] macro((0, 0)) ip(0 mram_addr(000001A3)) idx(0) write weight:419, but recv weight: -938967244
[2024-12-17 15:37:31] [ERROR] [capacity_test] macro((0, 0)) ip(0 mram_addr(000001A4)) idx(0) write weight:420, but recv weight: -941064396
[2024-12-17 15:37:31] [ERROR] [capacity_test] macro((0, 0)) ip(0 mram_addr(000001A5)) idx(0) write weight:421, but recv weight: -943161548
[2024-12-17 15:37:31] [ERROR] [capacity_test] macro((0, 0)) ip(0 mram_addr(000001A6)) idx(0) write weight:422, but recv weight: -916947148
[2024-12-17 15:37:31] [ERROR] [capacity_test] macro((0, 0)) ip(0 mram_addr(000001A7)) idx(0) write weight:423, but recv weight: -919044300
[2024-12-17 15:37:31] [ERROR] [capacity_test] macro((0, 0)) ip(0 mram_addr(000001A8)) idx(0) write weight:424, but recv weight: -921141452
[2024-12-17 15:37:31] [ERROR] [capacity_test] macro((0, 0)) ip(0 mram_addr(000001A9)) idx(0) write weight:425, but recv weight: -923238604
[2024-12-17 15:37:31] [ERROR] [capacity_test] macro((0, 0)) ip(0 mram_addr(000001AA)) idx(0) write weight:426, but recv weight: -925335756
[2024-12-17 15:37:31] [ERROR] [capacity_test] macro((0, 0)) ip(0 mram_addr(000001AB)) idx(0) write weight:427, but recv weight: -927432908
[2024-12-17 15:37:31] [ERROR] [capacity_test] macro((0, 0)) ip(0 mram_addr(000001AC)) idx(0) write weight:428, but recv weight: -929530060
[2024-12-17 15:37:31] [ERROR] [capacity_test] macro((0, 0)) ip(0 mram_addr(000001AD)) idx(0) write weight:429, but recv weight: -931627212
[2024-12-17 15:37:31] [ERROR] [capacity_test] macro((0, 0)) ip(0 mram_addr(000001AE)) idx(0) write weight:430, but recv weight: -933724364
[2024-12-17 15:37:31] [ERROR] [capacity_test] macro((0, 0)) ip(0 mram_addr(000001AF)) idx(0) write weight:431, but recv weight: -935821516
[2024-12-17 15:37:31] [ERROR] [capacity_test] macro((0, 0)) ip(0 mram_addr(000001B0)) idx(0) write weight:432, but recv weight: -937918668
[2024-12-17 15:37:31] [ERROR] [capacity_test] macro((0, 0)) ip(0 mram_addr(000001B1)) idx(0) write weight:433, but recv weight: -940015820
[2024-12-17 15:37:31] [ERROR] [capacity_test] macro((0, 0)) ip(0 mram_addr(000001B2)) idx(0) write weight:434, but recv weight: -942112972
[2024-12-17 15:37:31] [ERROR] [capacity_test] macro((0, 0)) ip(0 mram_addr(000001B3)) idx(0) write weight:435, but recv weight: -916947148
[2024-12-17 15:37:31] [ERROR] [capacity_test] macro((0, 0)) ip(0 mram_addr(000001B4)) idx(0) write weight:436, but recv weight: -919044300
[2024-12-17 15:37:31] [ERROR] [capacity_test] macro((0, 0)) ip(0 mram_addr(000001B5)) idx(0) write weight:437, but recv weight: -921141452
[2024-12-17 15:37:31] [ERROR] [capacity_test] macro((0, 0)) ip(0 mram_addr(000001B6)) idx(0) write weight:438, but recv weight: -923238604
[2024-12-17 15:37:31] [ERROR] [capacity_test] macro((0, 0)) ip(0 mram_addr(000001B7)) idx(0) write weight:439, but recv weight: -925335756
[2024-12-17 15:37:31] [ERROR] [capacity_test] macro((0, 0)) ip(0 mram_addr(000001B8)) idx(0) write weight:440, but recv weight: -927432908
[2024-12-17 15:37:31] [ERROR] [capacity_test] macro((0, 0)) ip(0 mram_addr(000001B9)) idx(0) write weight:441, but recv weight: -929530060
[2024-12-17 15:37:31] [ERROR] [capacity_test] macro((0, 0)) ip(0 mram_addr(000001BA)) idx(0) write weight:442, but recv weight: -931627212
[2024-12-17 15:37:31] [ERROR] [capacity_test] macro((0, 0)) ip(0 mram_addr(000001BB)) idx(0) write weight:443, but recv weight: -933724364
[2024-12-17 15:37:31] [ERROR] [capacity_test] macro((0, 0)) ip(0 mram_addr(000001BC)) idx(0) write weight:444, but recv weight: -935821516
[2024-12-17 15:37:31] [ERROR] [capacity_test] macro((0, 0)) ip(0 mram_addr(000001BD)) idx(0) write weight:445, but recv weight: -937918668
[2024-12-17 15:37:31] [ERROR] [capacity_test] macro((0, 0)) ip(0 mram_addr(000001BE)) idx(0) write weight:446, but recv weight: -940015820
[2024-12-17 15:37:31] [ERROR] [capacity_test] macro((0, 0)) ip(0 mram_addr(000001BF)) idx(0) write weight:447, but recv weight: -942112972
[2024-12-17 15:37:31] [ERROR] [capacity_test] macro((0, 0)) ip(0 mram_addr(000001C0)) idx(0) write weight:448, but recv weight: -916947148
[2024-12-17 15:37:31] [ERROR] [capacity_test] macro((0, 0)) ip(0 mram_addr(000001C1)) idx(0) write weight:449, but recv weight: -919044300
[2024-12-17 15:37:31] [ERROR] [capacity_test] macro((0, 0)) ip(0 mram_addr(000001C2)) idx(0) write weight:450, but recv weight: -921141452
[2024-12-17 15:37:31] [ERROR] [capacity_test] macro((0, 0)) ip(0 mram_addr(000001C3)) idx(0) write weight:451, but recv weight: -923238604
[2024-12-17 15:37:31] [ERROR] [capacity_test] macro((0, 0)) ip(0 mram_addr(000001C4)) idx(0) write weight:452, but recv weight: -925335756
[2024-12-17 15:37:31] [ERROR] [capacity_test] macro((0, 0)) ip(0 mram_addr(000001C5)) idx(0) write weight:453, but recv weight: -927432908
[2024-12-17 15:37:31] [ERROR] [capacity_test] macro((0, 0)) ip(0 mram_addr(000001C6)) idx(0) write weight:454, but recv weight: -929530060
[2024-12-17 15:37:31] [ERROR] [capacity_test] macro((0, 0)) ip(0 mram_addr(000001C7)) idx(0) write weight:455, but recv weight: -931627212
[2024-12-17 15:37:31] [ERROR] [capacity_test] macro((0, 0)) ip(0 mram_addr(000001C8)) idx(0) write weight:456, but recv weight: -933724364
[2024-12-17 15:37:31] [ERROR] [capacity_test] macro((0, 0)) ip(0 mram_addr(000001C9)) idx(0) write weight:457, but recv weight: -935821516
[2024-12-17 15:37:31] [ERROR] [capacity_test] macro((0, 0)) ip(0 mram_addr(000001CA)) idx(0) write weight:458, but recv weight: -937918668
[2024-12-17 15:37:31] [ERROR] [capacity_test] macro((0, 0)) ip(0 mram_addr(000001CB)) idx(0) write weight:459, but recv weight: -940015820
[2024-12-17 15:37:31] [ERROR] [capacity_test] macro((0, 0)) ip(0 mram_addr(000001CC)) idx(0) write weight:460, but recv weight: -942112972
[2024-12-17 15:37:31] [ERROR] [capacity_test] macro((0, 0)) ip(0 mram_addr(000001CD)) idx(0) write weight:461, but recv weight: -915898572
[2024-12-17 15:37:31] [ERROR] [capacity_test] macro((0, 0)) ip(0 mram_addr(000001CE)) idx(0) write weight:462, but recv weight: -917995724
[2024-12-17 15:37:31] [ERROR] [capacity_test] macro((0, 0)) ip(0 mram_addr(000001CF)) idx(0) write weight:463, but recv weight: -920092876
[2024-12-17 15:37:31] [ERROR] [capacity_test] macro((0, 0)) ip(0 mram_addr(000001D0)) idx(0) write weight:464, but recv weight: -922190028
[2024-12-17 15:37:31] [ERROR] [capacity_test] macro((0, 0)) ip(0 mram_addr(000001D1)) idx(0) write weight:465, but recv weight: -924287180
[2024-12-17 15:37:31] [ERROR] [capacity_test] macro((0, 0)) ip(0 mram_addr(000001D2)) idx(0) write weight:466, but recv weight: -926384332
[2024-12-17 15:37:31] [ERROR] [capacity_test] macro((0, 0)) ip(0 mram_addr(000001D3)) idx(0) write weight:467, but recv weight: -928481484
[2024-12-17 15:37:31] [ERROR] [capacity_test] macro((0, 0)) ip(0 mram_addr(000001D4)) idx(0) write weight:468, but recv weight: -930578636
[2024-12-17 15:37:31] [ERROR] [capacity_test] macro((0, 0)) ip(0 mram_addr(000001D5)) idx(0) write weight:469, but recv weight: -932675788
[2024-12-17 15:37:31] [ERROR] [capacity_test] macro((0, 0)) ip(0 mram_addr(000001D6)) idx(0) write weight:470, but recv weight: -934772940
[2024-12-17 15:37:31] [ERROR] [capacity_test] macro((0, 0)) ip(0 mram_addr(000001D7)) idx(0) write weight:471, but recv weight: -936870092
[2024-12-17 15:37:31] [ERROR] [capacity_test] macro((0, 0)) ip(0 mram_addr(000001D8)) idx(0) write weight:472, but recv weight: -938967244
[2024-12-17 15:37:31] [ERROR] [capacity_test] macro((0, 0)) ip(0 mram_addr(000001D9)) idx(0) write weight:473, but recv weight: -941064396
[2024-12-17 15:37:31] [ERROR] [capacity_test] macro((0, 0)) ip(0 mram_addr(000001DA)) idx(0) write weight:474, but recv weight: -943161548
[2024-12-17 15:37:31] [ERROR] [capacity_test] macro((0, 0)) ip(0 mram_addr(000001DB)) idx(0) write weight:475, but recv weight: -915898572
[2024-12-17 15:37:31] [ERROR] [capacity_test] macro((0, 0)) ip(0 mram_addr(000001DC)) idx(0) write weight:476, but recv weight: -917995724
[2024-12-17 15:37:31] [ERROR] [capacity_test] macro((0, 0)) ip(0 mram_addr(000001DD)) idx(0) write weight:477, but recv weight: -920092876
[2024-12-17 15:37:31] [ERROR] [capacity_test] macro((0, 0)) ip(0 mram_addr(000001DE)) idx(0) write weight:478, but recv weight: -922190028
[2024-12-17 15:37:31] [ERROR] [capacity_test] macro((0, 0)) ip(0 mram_addr(000001DF)) idx(0) write weight:479, but recv weight: -924287180
[2024-12-17 15:37:31] [ERROR] [capacity_test] macro((0, 0)) ip(0 mram_addr(000001E0)) idx(0) write weight:480, but recv weight: -926384332
[2024-12-17 15:37:31] [ERROR] [capacity_test] macro((0, 0)) ip(0 mram_addr(000001E1)) idx(0) write weight:481, but recv weight: -928481484
[2024-12-17 15:37:31] [ERROR] [capacity_test] macro((0, 0)) ip(0 mram_addr(000001E2)) idx(0) write weight:482, but recv weight: -930578636
[2024-12-17 15:37:31] [ERROR] [capacity_test] macro((0, 0)) ip(0 mram_addr(000001E3)) idx(0) write weight:483, but recv weight: -932675788
[2024-12-17 15:37:31] [ERROR] [capacity_test] macro((0, 0)) ip(0 mram_addr(000001E4)) idx(0) write weight:484, but recv weight: -934772940
[2024-12-17 15:37:31] [ERROR] [capacity_test] macro((0, 0)) ip(0 mram_addr(000001E5)) idx(0) write weight:485, but recv weight: -936870092
[2024-12-17 15:37:31] [ERROR] [capacity_test] macro((0, 0)) ip(0 mram_addr(000001E6)) idx(0) write weight:486, but recv weight: -938967244
[2024-12-17 15:37:31] [ERROR] [capacity_test] macro((0, 0)) ip(0 mram_addr(000001E7)) idx(0) write weight:487, but recv weight: -941064396
[2024-12-17 15:37:31] [ERROR] [capacity_test] macro((0, 0)) ip(0 mram_addr(000001E8)) idx(0) write weight:488, but recv weight: -943161548
[2024-12-17 15:37:31] [ERROR] [capacity_test] macro((0, 0)) ip(0 mram_addr(000001E9)) idx(0) write weight:489, but recv weight: -914849996
[2024-12-17 15:37:31] [ERROR] [capacity_test] macro((0, 0)) ip(0 mram_addr(000001EA)) idx(0) write weight:490, but recv weight: -916947148
[2024-12-17 15:37:31] [ERROR] [capacity_test] macro((0, 0)) ip(0 mram_addr(000001EB)) idx(0) write weight:491, but recv weight: -919044300
[2024-12-17 15:37:31] [ERROR] [capacity_test] macro((0, 0)) ip(0 mram_addr(000001EC)) idx(0) write weight:492, but recv weight: -921141452
[2024-12-17 15:37:31] [ERROR] [capacity_test] macro((0, 0)) ip(0 mram_addr(000001ED)) idx(0) write weight:493, but recv weight: -923238604
[2024-12-17 15:37:31] [ERROR] [capacity_test] macro((0, 0)) ip(0 mram_addr(000001EE)) idx(0) write weight:494, but recv weight: -925335756
[2024-12-17 15:37:31] [ERROR] [capacity_test] macro((0, 0)) ip(0 mram_addr(000001EF)) idx(0) write weight:495, but recv weight: -927432908
[2024-12-17 15:37:31] [ERROR] [capacity_test] macro((0, 0)) ip(0 mram_addr(000001F0)) idx(0) write weight:496, but recv weight: -929530060
[2024-12-17 15:37:31] [ERROR] [capacity_test] macro((0, 0)) ip(0 mram_addr(000001F1)) idx(0) write weight:497, but recv weight: -931627212
[2024-12-17 15:37:31] [ERROR] [capacity_test] macro((0, 0)) ip(0 mram_addr(000001F2)) idx(0) write weight:498, but recv weight: -933724364
[2024-12-17 15:37:31] [ERROR] [capacity_test] macro((0, 0)) ip(0 mram_addr(000001F3)) idx(0) write weight:499, but recv weight: -935821516
[2024-12-17 15:37:31] [ERROR] [capacity_test] macro((0, 0)) ip(0 mram_addr(000001F4)) idx(0) write weight:500, but recv weight: -937918668
[2024-12-17 15:37:31] [ERROR] [capacity_test] macro((0, 0)) ip(0 mram_addr(000001F5)) idx(0) write weight:501, but recv weight: -940015820
[2024-12-17 15:37:31] [ERROR] [capacity_test] macro((0, 0)) ip(0 mram_addr(000001F6)) idx(0) write weight:502, but recv weight: -942112972
[2024-12-17 15:37:31] [ERROR] [capacity_test] macro((0, 0)) ip(0 mram_addr(000001F7)) idx(0) write weight:503, but recv weight: -914849996
[2024-12-17 15:37:31] [ERROR] [capacity_test] macro((0, 0)) ip(0 mram_addr(000001F8)) idx(0) write weight:504, but recv weight: -916947148
[2024-12-17 15:37:31] [ERROR] [capacity_test] macro((0, 0)) ip(0 mram_addr(000001F9)) idx(0) write weight:505, but recv weight: -919044300
[2024-12-17 15:37:31] [ERROR] [capacity_test] macro((0, 0)) ip(0 mram_addr(000001FA)) idx(0) write weight:506, but recv weight: -921141452
[2024-12-17 15:37:31] [ERROR] [capacity_test] macro((0, 0)) ip(0 mram_addr(000001FB)) idx(0) write weight:507, but recv weight: -923238604
[2024-12-17 15:37:31] [ERROR] [capacity_test] macro((0, 0)) ip(0 mram_addr(000001FC)) idx(0) write weight:508, but recv weight: -925335756
[2024-12-17 15:37:31] [ERROR] [capacity_test] macro((0, 0)) ip(0 mram_addr(000001FD)) idx(0) write weight:509, but recv weight: -927432908
[2024-12-17 15:37:31] [ERROR] [capacity_test] macro((0, 0)) ip(0 mram_addr(000001FE)) idx(0) write weight:510, but recv weight: -929530060
[2024-12-17 15:37:31] [ERROR] [capacity_test] macro((0, 0)) ip(0 mram_addr(000001FF)) idx(0) write weight:511, but recv weight: -931627212
[2024-12-17 15:37:31] [ERROR] [capacity_test] macro((0, 0)) ip(0 mram_addr(00000200)) idx(0) write weight:512, but recv weight: -933724364
[2024-12-17 15:37:31] [ERROR] [capacity_test] macro((0, 0)) ip(0 mram_addr(00000201)) idx(0) write weight:513, but recv weight: -935821516
[2024-12-17 15:37:31] [ERROR] [capacity_test] macro((0, 0)) ip(0 mram_addr(00000202)) idx(0) write weight:514, but recv weight: -937918668
[2024-12-17 15:37:31] [ERROR] [capacity_test] macro((0, 0)) ip(0 mram_addr(00000203)) idx(0) write weight:515, but recv weight: -940015820
[2024-12-17 15:37:31] [ERROR] [capacity_test] macro((0, 0)) ip(0 mram_addr(00000204)) idx(0) write weight:516, but recv weight: -942112972
[2024-12-17 15:37:31] [ERROR] [capacity_test] macro((0, 0)) ip(0 mram_addr(00000205)) idx(0) write weight:517, but recv weight: -914849996
[2024-12-17 15:37:31] [ERROR] [capacity_test] macro((0, 0)) ip(0 mram_addr(00000206)) idx(0) write weight:518, but recv weight: -916947148
[2024-12-17 15:37:31] [ERROR] [capacity_test] macro((0, 0)) ip(0 mram_addr(00000207)) idx(0) write weight:519, but recv weight: -919044300
[2024-12-17 15:37:31] [ERROR] [capacity_test] macro((0, 0)) ip(0 mram_addr(00000208)) idx(0) write weight:520, but recv weight: -921141452
[2024-12-17 15:37:31] [ERROR] [capacity_test] macro((0, 0)) ip(0 mram_addr(00000209)) idx(0) write weight:521, but recv weight: -923238604
[2024-12-17 15:37:31] [ERROR] [capacity_test] macro((0, 0)) ip(0 mram_addr(0000020A)) idx(0) write weight:522, but recv weight: -925335756
[2024-12-17 15:37:31] [ERROR] [capacity_test] macro((0, 0)) ip(0 mram_addr(0000020B)) idx(0) write weight:523, but recv weight: -927432908
[2024-12-17 15:37:31] [ERROR] [capacity_test] macro((0, 0)) ip(0 mram_addr(0000020C)) idx(0) write weight:524, but recv weight: -929530060
[2024-12-17 15:37:31] [ERROR] [capacity_test] macro((0, 0)) ip(0 mram_addr(0000020D)) idx(0) write weight:525, but recv weight: -931627212
[2024-12-17 15:37:31] [ERROR] [capacity_test] macro((0, 0)) ip(0 mram_addr(0000020E)) idx(0) write weight:526, but recv weight: -933724364
[2024-12-17 15:37:31] [ERROR] [capacity_test] macro((0, 0)) ip(0 mram_addr(0000020F)) idx(0) write weight:527, but recv weight: -935821516
[2024-12-17 15:37:31] [ERROR] [capacity_test] macro((0, 0)) ip(0 mram_addr(00000210)) idx(0) write weight:528, but recv weight: -937918668
[2024-12-17 15:37:31] [ERROR] [capacity_test] macro((0, 0)) ip(0 mram_addr(00000211)) idx(0) write weight:529, but recv weight: -940015820
[2024-12-17 15:37:31] [ERROR] [capacity_test] macro((0, 0)) ip(0 mram_addr(00000212)) idx(0) write weight:530, but recv weight: -942112972
[2024-12-17 15:37:31] [ERROR] [capacity_test] macro((0, 0)) ip(0 mram_addr(00000213)) idx(0) write weight:531, but recv weight: -914849996
[2024-12-17 15:37:31] [ERROR] [capacity_test] macro((0, 0)) ip(0 mram_addr(00000214)) idx(0) write weight:532, but recv weight: -916947148
[2024-12-17 15:37:31] [ERROR] [capacity_test] macro((0, 0)) ip(0 mram_addr(00000215)) idx(0) write weight:533, but recv weight: -919044300
[2024-12-17 15:37:31] [ERROR] [capacity_test] macro((0, 0)) ip(0 mram_addr(00000216)) idx(0) write weight:534, but recv weight: -921141452
[2024-12-17 15:37:31] [ERROR] [capacity_test] macro((0, 0)) ip(0 mram_addr(00000217)) idx(0) write weight:535, but recv weight: -923238604
[2024-12-17 15:37:31] [ERROR] [capacity_test] macro((0, 0)) ip(0 mram_addr(00000218)) idx(0) write weight:536, but recv weight: -925335756
[2024-12-17 15:37:31] [ERROR] [capacity_test] macro((0, 0)) ip(0 mram_addr(00000219)) idx(0) write weight:537, but recv weight: -927432908
[2024-12-17 15:37:31] [ERROR] [capacity_test] macro((0, 0)) ip(0 mram_addr(0000021A)) idx(0) write weight:538, but recv weight: -929530060
[2024-12-17 15:37:31] [ERROR] [capacity_test] macro((0, 0)) ip(0 mram_addr(0000021B)) idx(0) write weight:539, but recv weight: -931627212
[2024-12-17 15:37:31] [ERROR] [capacity_test] macro((0, 0)) ip(0 mram_addr(0000021C)) idx(0) write weight:540, but recv weight: -933724364
[2024-12-17 15:37:31] [ERROR] [capacity_test] macro((0, 0)) ip(0 mram_addr(0000021D)) idx(0) write weight:541, but recv weight: -935821516
[2024-12-17 15:37:31] [ERROR] [capacity_test] macro((0, 0)) ip(0 mram_addr(0000021E)) idx(0) write weight:542, but recv weight: -937918668
[2024-12-17 15:37:31] [ERROR] [capacity_test] macro((0, 0)) ip(0 mram_addr(0000021F)) idx(0) write weight:543, but recv weight: -940015820
[2024-12-17 15:37:31] [ERROR] [capacity_test] macro((0, 0)) ip(0 mram_addr(00000220)) idx(0) write weight:544, but recv weight: -942112972
[2024-12-17 15:37:31] [ERROR] [capacity_test] macro((0, 0)) ip(0 mram_addr(00000221)) idx(0) write weight:545, but recv weight: -913801420
[2024-12-17 15:37:31] [ERROR] [capacity_test] macro((0, 0)) ip(0 mram_addr(00000222)) idx(0) write weight:546, but recv weight: -915898572
[2024-12-17 15:37:31] [ERROR] [capacity_test] macro((0, 0)) ip(0 mram_addr(00000223)) idx(0) write weight:547, but recv weight: -917995724
[2024-12-17 15:37:31] [ERROR] [capacity_test] macro((0, 0)) ip(0 mram_addr(00000224)) idx(0) write weight:548, but recv weight: -920092876
[2024-12-17 15:37:31] [ERROR] [capacity_test] macro((0, 0)) ip(0 mram_addr(00000225)) idx(0) write weight:549, but recv weight: -922190028
[2024-12-17 15:37:31] [ERROR] [capacity_test] macro((0, 0)) ip(0 mram_addr(00000226)) idx(0) write weight:550, but recv weight: -924287180
[2024-12-17 15:37:31] [ERROR] [capacity_test] macro((0, 0)) ip(0 mram_addr(00000227)) idx(0) write weight:551, but recv weight: -926384332
[2024-12-17 15:37:31] [ERROR] [capacity_test] macro((0, 0)) ip(0 mram_addr(00000228)) idx(0) write weight:552, but recv weight: -928481484
[2024-12-17 15:37:31] [ERROR] [capacity_test] macro((0, 0)) ip(0 mram_addr(00000229)) idx(0) write weight:553, but recv weight: -930578636
[2024-12-17 15:37:31] [ERROR] [capacity_test] macro((0, 0)) ip(0 mram_addr(0000022A)) idx(0) write weight:554, but recv weight: -932675788
[2024-12-17 15:37:31] [ERROR] [capacity_test] macro((0, 0)) ip(0 mram_addr(0000022B)) idx(0) write weight:555, but recv weight: -934772940
[2024-12-17 15:37:31] [ERROR] [capacity_test] macro((0, 0)) ip(0 mram_addr(0000022C)) idx(0) write weight:556, but recv weight: -936870092
[2024-12-17 15:37:31] [ERROR] [capacity_test] macro((0, 0)) ip(0 mram_addr(0000022D)) idx(0) write weight:557, but recv weight: -938967244
[2024-12-17 15:37:31] [ERROR] [capacity_test] macro((0, 0)) ip(0 mram_addr(0000022E)) idx(0) write weight:558, but recv weight: -941064396
[2024-12-17 15:37:31] [ERROR] [capacity_test] macro((0, 0)) ip(0 mram_addr(0000022F)) idx(0) write weight:559, but recv weight: -943161548
[2024-12-17 15:37:31] [ERROR] [capacity_test] macro((0, 0)) ip(0 mram_addr(00000230)) idx(0) write weight:560, but recv weight: -913801420
[2024-12-17 15:37:31] [ERROR] [capacity_test] macro((0, 0)) ip(0 mram_addr(00000231)) idx(0) write weight:561, but recv weight: -915898572
[2024-12-17 15:37:31] [ERROR] [capacity_test] macro((0, 0)) ip(0 mram_addr(00000232)) idx(0) write weight:562, but recv weight: -917995724
[2024-12-17 15:37:31] [ERROR] [capacity_test] macro((0, 0)) ip(0 mram_addr(00000233)) idx(0) write weight:563, but recv weight: -920092876
[2024-12-17 15:37:31] [ERROR] [capacity_test] macro((0, 0)) ip(0 mram_addr(00000234)) idx(0) write weight:564, but recv weight: -922190028
[2024-12-17 15:37:31] [ERROR] [capacity_test] macro((0, 0)) ip(0 mram_addr(00000235)) idx(0) write weight:565, but recv weight: -924287180
[2024-12-17 15:37:31] [ERROR] [capacity_test] macro((0, 0)) ip(0 mram_addr(00000236)) idx(0) write weight:566, but recv weight: -926384332
[2024-12-17 15:37:31] [ERROR] [capacity_test] macro((0, 0)) ip(0 mram_addr(00000237)) idx(0) write weight:567, but recv weight: -928481484
[2024-12-17 15:37:31] [ERROR] [capacity_test] macro((0, 0)) ip(0 mram_addr(00000238)) idx(0) write weight:568, but recv weight: -930578636
[2024-12-17 15:37:31] [ERROR] [capacity_test] macro((0, 0)) ip(0 mram_addr(00000239)) idx(0) write weight:569, but recv weight: -932675788
[2024-12-17 15:37:31] [ERROR] [capacity_test] macro((0, 0)) ip(0 mram_addr(0000023A)) idx(0) write weight:570, but recv weight: -934772940
[2024-12-17 15:37:31] [ERROR] [capacity_test] macro((0, 0)) ip(0 mram_addr(0000023B)) idx(0) write weight:571, but recv weight: -936870092
[2024-12-17 15:37:31] [ERROR] [capacity_test] macro((0, 0)) ip(0 mram_addr(0000023C)) idx(0) write weight:572, but recv weight: -938967244
[2024-12-17 15:37:31] [ERROR] [capacity_test] macro((0, 0)) ip(0 mram_addr(0000023D)) idx(0) write weight:573, but recv weight: -941064396
[2024-12-17 15:37:31] [ERROR] [capacity_test] macro((0, 0)) ip(0 mram_addr(0000023E)) idx(0) write weight:574, but recv weight: -943161548
[2024-12-17 15:37:31] [ERROR] [capacity_test] macro((0, 0)) ip(0 mram_addr(0000023F)) idx(0) write weight:575, but recv weight: -911704268
[2024-12-17 15:37:31] [ERROR] [capacity_test] macro((0, 0)) ip(0 mram_addr(00000240)) idx(0) write weight:576, but recv weight: -913801420
[2024-12-17 15:37:31] [ERROR] [capacity_test] macro((0, 0)) ip(0 mram_addr(00000241)) idx(0) write weight:577, but recv weight: -915898572
[2024-12-17 15:37:31] [ERROR] [capacity_test] macro((0, 0)) ip(0 mram_addr(00000242)) idx(0) write weight:578, but recv weight: -917995724
[2024-12-17 15:37:31] [ERROR] [capacity_test] macro((0, 0)) ip(0 mram_addr(00000243)) idx(0) write weight:579, but recv weight: -920092876
[2024-12-17 15:37:31] [ERROR] [capacity_test] macro((0, 0)) ip(0 mram_addr(00000244)) idx(0) write weight:580, but recv weight: -922190028
[2024-12-17 15:37:31] [ERROR] [capacity_test] macro((0, 0)) ip(0 mram_addr(00000245)) idx(0) write weight:581, but recv weight: -924287180
[2024-12-17 15:37:31] [ERROR] [capacity_test] macro((0, 0)) ip(0 mram_addr(00000246)) idx(0) write weight:582, but recv weight: -926384332
[2024-12-17 15:37:31] [ERROR] [capacity_test] macro((0, 0)) ip(0 mram_addr(00000247)) idx(0) write weight:583, but recv weight: -928481484
[2024-12-17 15:37:31] [ERROR] [capacity_test] macro((0, 0)) ip(0 mram_addr(00000248)) idx(0) write weight:584, but recv weight: -930578636
[2024-12-17 15:37:31] [ERROR] [capacity_test] macro((0, 0)) ip(0 mram_addr(00000249)) idx(0) write weight:585, but recv weight: -932675788
[2024-12-17 15:37:31] [ERROR] [capacity_test] macro((0, 0)) ip(0 mram_addr(0000024A)) idx(0) write weight:586, but recv weight: -934772940
[2024-12-17 15:37:31] [ERROR] [capacity_test] macro((0, 0)) ip(0 mram_addr(0000024B)) idx(0) write weight:587, but recv weight: -936870092
[2024-12-17 15:37:31] [ERROR] [capacity_test] macro((0, 0)) ip(0 mram_addr(0000024C)) idx(0) write weight:588, but recv weight: -938967244
[2024-12-17 15:37:31] [ERROR] [capacity_test] macro((0, 0)) ip(0 mram_addr(0000024D)) idx(0) write weight:589, but recv weight: -941064396
[2024-12-17 15:37:31] [ERROR] [capacity_test] macro((0, 0)) ip(0 mram_addr(0000024E)) idx(0) write weight:590, but recv weight: -943161548
[2024-12-17 15:37:31] [ERROR] [capacity_test] macro((0, 0)) ip(0 mram_addr(0000024F)) idx(0) write weight:591, but recv weight: -910655692
[2024-12-17 15:37:31] [ERROR] [capacity_test] macro((0, 0)) ip(0 mram_addr(00000250)) idx(0) write weight:592, but recv weight: -912752844
[2024-12-17 15:37:31] [ERROR] [capacity_test] macro((0, 0)) ip(0 mram_addr(00000251)) idx(0) write weight:593, but recv weight: -914849996
[2024-12-17 15:37:31] [ERROR] [capacity_test] macro((0, 0)) ip(0 mram_addr(00000252)) idx(0) write weight:594, but recv weight: -916947148
[2024-12-17 15:37:31] [ERROR] [capacity_test] macro((0, 0)) ip(0 mram_addr(00000253)) idx(0) write weight:595, but recv weight: -919044300
[2024-12-17 15:37:31] [ERROR] [capacity_test] macro((0, 0)) ip(0 mram_addr(00000254)) idx(0) write weight:596, but recv weight: -921141452
[2024-12-17 15:37:31] [ERROR] [capacity_test] macro((0, 0)) ip(0 mram_addr(00000255)) idx(0) write weight:597, but recv weight: -923238604
[2024-12-17 15:37:31] [ERROR] [capacity_test] macro((0, 0)) ip(0 mram_addr(00000256)) idx(0) write weight:598, but recv weight: -925335756
[2024-12-17 15:37:31] [ERROR] [capacity_test] macro((0, 0)) ip(0 mram_addr(00000257)) idx(0) write weight:599, but recv weight: -927432908
[2024-12-17 15:37:31] [ERROR] [capacity_test] macro((0, 0)) ip(0 mram_addr(00000258)) idx(0) write weight:600, but recv weight: -929530060
[2024-12-17 15:37:31] [ERROR] [capacity_test] macro((0, 0)) ip(0 mram_addr(00000259)) idx(0) write weight:601, but recv weight: -931627212
[2024-12-17 15:37:31] [ERROR] [capacity_test] macro((0, 0)) ip(0 mram_addr(0000025A)) idx(0) write weight:602, but recv weight: -933724364
[2024-12-17 15:37:31] [ERROR] [capacity_test] macro((0, 0)) ip(0 mram_addr(0000025B)) idx(0) write weight:603, but recv weight: -935821516
[2024-12-17 15:37:31] [ERROR] [capacity_test] macro((0, 0)) ip(0 mram_addr(0000025C)) idx(0) write weight:604, but recv weight: -937918668
[2024-12-17 15:37:31] [ERROR] [capacity_test] macro((0, 0)) ip(0 mram_addr(0000025D)) idx(0) write weight:605, but recv weight: -940015820
[2024-12-17 15:37:31] [ERROR] [capacity_test] macro((0, 0)) ip(0 mram_addr(0000025E)) idx(0) write weight:606, but recv weight: -942112972
[2024-12-17 15:37:31] [ERROR] [capacity_test] macro((0, 0)) ip(0 mram_addr(0000025F)) idx(0) write weight:607, but recv weight: -907509964
[2024-12-17 15:37:31] [ERROR] [capacity_test] macro((0, 0)) ip(0 mram_addr(00000260)) idx(0) write weight:608, but recv weight: -909607116
[2024-12-17 15:37:31] [ERROR] [capacity_test] macro((0, 0)) ip(0 mram_addr(00000261)) idx(0) write weight:609, but recv weight: -911704268
[2024-12-17 15:37:31] [ERROR] [capacity_test] macro((0, 0)) ip(0 mram_addr(00000262)) idx(0) write weight:610, but recv weight: -913801420
[2024-12-17 15:37:31] [ERROR] [capacity_test] macro((0, 0)) ip(0 mram_addr(00000263)) idx(0) write weight:611, but recv weight: -915898572
[2024-12-17 15:37:31] [ERROR] [capacity_test] macro((0, 0)) ip(0 mram_addr(00000264)) idx(0) write weight:612, but recv weight: -917995724
[2024-12-17 15:37:31] [ERROR] [capacity_test] macro((0, 0)) ip(0 mram_addr(00000265)) idx(0) write weight:613, but recv weight: -920092876
[2024-12-17 15:37:31] [ERROR] [capacity_test] macro((0, 0)) ip(0 mram_addr(00000266)) idx(0) write weight:614, but recv weight: -922190028
[2024-12-17 15:37:31] [ERROR] [capacity_test] macro((0, 0)) ip(0 mram_addr(00000267)) idx(0) write weight:615, but recv weight: -924287180
[2024-12-17 15:37:31] [ERROR] [capacity_test] macro((0, 0)) ip(0 mram_addr(00000268)) idx(0) write weight:616, but recv weight: -926384332
[2024-12-17 15:37:31] [ERROR] [capacity_test] macro((0, 0)) ip(0 mram_addr(00000269)) idx(0) write weight:617, but recv weight: -928481484
[2024-12-17 15:37:31] [ERROR] [capacity_test] macro((0, 0)) ip(0 mram_addr(0000026A)) idx(0) write weight:618, but recv weight: -930578636
[2024-12-17 15:37:31] [ERROR] [capacity_test] macro((0, 0)) ip(0 mram_addr(0000026B)) idx(0) write weight:619, but recv weight: -932675788
[2024-12-17 15:37:31] [ERROR] [capacity_test] macro((0, 0)) ip(0 mram_addr(0000026C)) idx(0) write weight:620, but recv weight: -934772940
[2024-12-17 15:37:31] [ERROR] [capacity_test] macro((0, 0)) ip(0 mram_addr(0000026D)) idx(0) write weight:621, but recv weight: -936870092
[2024-12-17 15:37:31] [ERROR] [capacity_test] macro((0, 0)) ip(0 mram_addr(0000026E)) idx(0) write weight:622, but recv weight: -938967244
[2024-12-17 15:37:31] [ERROR] [capacity_test] macro((0, 0)) ip(0 mram_addr(0000026F)) idx(0) write weight:623, but recv weight: -941064396
[2024-12-17 15:37:31] [ERROR] [capacity_test] macro((0, 0)) ip(0 mram_addr(00000270)) idx(0) write weight:624, but recv weight: -943161548
[2024-12-17 15:37:31] [ERROR] [capacity_test] macro((0, 0)) ip(0 mram_addr(00000271)) idx(0) write weight:625, but recv weight: -907509964
[2024-12-17 15:37:31] [ERROR] [capacity_test] macro((0, 0)) ip(0 mram_addr(00000272)) idx(0) write weight:626, but recv weight: -909607116
[2024-12-17 15:37:31] [ERROR] [capacity_test] macro((0, 0)) ip(0 mram_addr(00000273)) idx(0) write weight:627, but recv weight: -911704268
[2024-12-17 15:37:31] [ERROR] [capacity_test] macro((0, 0)) ip(0 mram_addr(00000274)) idx(0) write weight:628, but recv weight: -913801420
[2024-12-17 15:37:31] [ERROR] [capacity_test] macro((0, 0)) ip(0 mram_addr(00000275)) idx(0) write weight:629, but recv weight: -915898572
[2024-12-17 15:37:31] [ERROR] [capacity_test] macro((0, 0)) ip(0 mram_addr(00000276)) idx(0) write weight:630, but recv weight: -917995724
[2024-12-17 15:37:31] [ERROR] [capacity_test] macro((0, 0)) ip(0 mram_addr(00000277)) idx(0) write weight:631, but recv weight: -920092876
[2024-12-17 15:37:31] [ERROR] [capacity_test] macro((0, 0)) ip(0 mram_addr(00000278)) idx(0) write weight:632, but recv weight: -922190028
[2024-12-17 15:37:31] [ERROR] [capacity_test] macro((0, 0)) ip(0 mram_addr(00000279)) idx(0) write weight:633, but recv weight: -924287180
[2024-12-17 15:37:31] [ERROR] [capacity_test] macro((0, 0)) ip(0 mram_addr(0000027A)) idx(0) write weight:634, but recv weight: -926384332
[2024-12-17 15:37:31] [ERROR] [capacity_test] macro((0, 0)) ip(0 mram_addr(0000027B)) idx(0) write weight:635, but recv weight: -928481484
[2024-12-17 15:37:31] [ERROR] [capacity_test] macro((0, 0)) ip(0 mram_addr(0000027C)) idx(0) write weight:636, but recv weight: -930578636
[2024-12-17 15:37:31] [ERROR] [capacity_test] macro((0, 0)) ip(0 mram_addr(0000027D)) idx(0) write weight:637, but recv weight: -932675788
[2024-12-17 15:37:31] [ERROR] [capacity_test] macro((0, 0)) ip(0 mram_addr(0000027E)) idx(0) write weight:638, but recv weight: -934772940
[2024-12-17 15:37:31] [ERROR] [capacity_test] macro((0, 0)) ip(0 mram_addr(0000027F)) idx(0) write weight:639, but recv weight: -936870092
[2024-12-17 15:37:31] [ERROR] [capacity_test] macro((0, 0)) ip(0 mram_addr(00000280)) idx(0) write weight:640, but recv weight: -938967244
[2024-12-17 15:37:31] [ERROR] [capacity_test] macro((0, 0)) ip(0 mram_addr(00000281)) idx(0) write weight:641, but recv weight: -941064396
[2024-12-17 15:37:31] [ERROR] [capacity_test] macro((0, 0)) ip(0 mram_addr(00000282)) idx(0) write weight:642, but recv weight: -943161548
[2024-12-17 15:37:31] [ERROR] [capacity_test] macro((0, 0)) ip(0 mram_addr(00000283)) idx(0) write weight:643, but recv weight: -906461388
[2024-12-17 15:37:31] [ERROR] [capacity_test] macro((0, 0)) ip(0 mram_addr(00000284)) idx(0) write weight:644, but recv weight: -908558540
[2024-12-17 15:37:31] [ERROR] [capacity_test] macro((0, 0)) ip(0 mram_addr(00000285)) idx(0) write weight:645, but recv weight: -910655692
[2024-12-17 15:37:31] [ERROR] [capacity_test] macro((0, 0)) ip(0 mram_addr(00000286)) idx(0) write weight:646, but recv weight: -912752844
[2024-12-17 15:37:31] [ERROR] [capacity_test] macro((0, 0)) ip(0 mram_addr(00000287)) idx(0) write weight:647, but recv weight: -914849996
[2024-12-17 15:37:31] [ERROR] [capacity_test] macro((0, 0)) ip(0 mram_addr(00000288)) idx(0) write weight:648, but recv weight: -916947148
[2024-12-17 15:37:31] [ERROR] [capacity_test] macro((0, 0)) ip(0 mram_addr(00000289)) idx(0) write weight:649, but recv weight: -919044300
[2024-12-17 15:37:31] [ERROR] [capacity_test] macro((0, 0)) ip(0 mram_addr(0000028A)) idx(0) write weight:650, but recv weight: -921141452
[2024-12-17 15:37:31] [ERROR] [capacity_test] macro((0, 0)) ip(0 mram_addr(0000028B)) idx(0) write weight:651, but recv weight: -923238604
[2024-12-17 15:37:31] [ERROR] [capacity_test] macro((0, 0)) ip(0 mram_addr(0000028C)) idx(0) write weight:652, but recv weight: -925335756
[2024-12-17 15:37:31] [ERROR] [capacity_test] macro((0, 0)) ip(0 mram_addr(0000028D)) idx(0) write weight:653, but recv weight: -927432908
[2024-12-17 15:37:31] [ERROR] [capacity_test] macro((0, 0)) ip(0 mram_addr(0000028E)) idx(0) write weight:654, but recv weight: -929530060
[2024-12-17 15:37:31] [ERROR] [capacity_test] macro((0, 0)) ip(0 mram_addr(0000028F)) idx(0) write weight:655, but recv weight: -931627212
[2024-12-17 15:37:31] [ERROR] [capacity_test] macro((0, 0)) ip(0 mram_addr(00000290)) idx(0) write weight:656, but recv weight: -933724364
[2024-12-17 15:37:31] [ERROR] [capacity_test] macro((0, 0)) ip(0 mram_addr(00000291)) idx(0) write weight:657, but recv weight: -935821516
[2024-12-17 15:37:31] [ERROR] [capacity_test] macro((0, 0)) ip(0 mram_addr(00000292)) idx(0) write weight:658, but recv weight: -937918668
[2024-12-17 15:37:31] [ERROR] [capacity_test] macro((0, 0)) ip(0 mram_addr(00000293)) idx(0) write weight:659, but recv weight: -940015820
[2024-12-17 15:37:31] [ERROR] [capacity_test] macro((0, 0)) ip(0 mram_addr(00000294)) idx(0) write weight:660, but recv weight: -942112972
[2024-12-17 15:37:31] [ERROR] [capacity_test] macro((0, 0)) ip(0 mram_addr(00000295)) idx(0) write weight:661, but recv weight: -843546828
[2024-12-17 15:37:31] [ERROR] [capacity_test] macro((0, 0)) ip(0 mram_addr(00000296)) idx(0) write weight:662, but recv weight: -843546828
[2024-12-17 15:37:31] [ERROR] [capacity_test] macro((0, 0)) ip(0 mram_addr(00000297)) idx(0) write weight:663, but recv weight: -843546828
[2024-12-17 15:37:31] [ERROR] [capacity_test] macro((0, 0)) ip(0 mram_addr(00000298)) idx(0) write weight:664, but recv weight: -843546828
[2024-12-17 15:37:31] [ERROR] [capacity_test] macro((0, 0)) ip(0 mram_addr(00000299)) idx(0) write weight:665, but recv weight: -843546828
[2024-12-17 15:37:31] [ERROR] [capacity_test] macro((0, 0)) ip(0 mram_addr(0000029A)) idx(0) write weight:666, but recv weight: -843546828
[2024-12-17 15:37:31] [ERROR] [capacity_test] macro((0, 0)) ip(0 mram_addr(0000029B)) idx(0) write weight:667, but recv weight: -843546828
[2024-12-17 15:37:31] [ERROR] [capacity_test] macro((0, 0)) ip(0 mram_addr(0000029C)) idx(0) write weight:668, but recv weight: -843546828
[2024-12-17 15:37:31] [ERROR] [capacity_test] macro((0, 0)) ip(0 mram_addr(0000029D)) idx(0) write weight:669, but recv weight: -843546828
[2024-12-17 15:37:31] [ERROR] [capacity_test] macro((0, 0)) ip(0 mram_addr(0000029E)) idx(0) write weight:670, but recv weight: -843546828
[2024-12-17 15:37:31] [ERROR] [capacity_test] macro((0, 0)) ip(0 mram_addr(0000029F)) idx(0) write weight:671, but recv weight: -844595404
[2024-12-17 15:37:31] [ERROR] [capacity_test] macro((0, 0)) ip(0 mram_addr(000002A0)) idx(0) write weight:672, but recv weight: -844595404
[2024-12-17 15:37:31] [ERROR] [capacity_test] macro((0, 0)) ip(0 mram_addr(000002A1)) idx(0) write weight:673, but recv weight: -845643980
[2024-12-17 15:37:31] [ERROR] [capacity_test] macro((0, 0)) ip(0 mram_addr(000002A2)) idx(0) write weight:674, but recv weight: -845643980
[2024-12-17 15:37:31] [ERROR] [capacity_test] macro((0, 0)) ip(0 mram_addr(000002A3)) idx(0) write weight:675, but recv weight: -846692556
[2024-12-17 15:37:31] [ERROR] [capacity_test] macro((0, 0)) ip(0 mram_addr(000002A4)) idx(0) write weight:676, but recv weight: -846692556
[2024-12-17 15:37:31] [ERROR] [capacity_test] macro((0, 0)) ip(0 mram_addr(000002A5)) idx(0) write weight:677, but recv weight: -847741132
[2024-12-17 15:37:31] [ERROR] [capacity_test] macro((0, 0)) ip(0 mram_addr(000002A6)) idx(0) write weight:678, but recv weight: -847741132
[2024-12-17 15:37:31] [ERROR] [capacity_test] macro((0, 0)) ip(0 mram_addr(000002A7)) idx(0) write weight:679, but recv weight: -848789708
[2024-12-17 15:37:31] [ERROR] [capacity_test] macro((0, 0)) ip(0 mram_addr(000002A8)) idx(0) write weight:680, but recv weight: -848789708
[2024-12-17 15:37:31] [ERROR] [capacity_test] macro((0, 0)) ip(0 mram_addr(000002A9)) idx(0) write weight:681, but recv weight: -849838284
[2024-12-17 15:37:31] [ERROR] [capacity_test] macro((0, 0)) ip(0 mram_addr(000002AA)) idx(0) write weight:682, but recv weight: -849838284
[2024-12-17 15:37:31] [ERROR] [capacity_test] macro((0, 0)) ip(0 mram_addr(000002AB)) idx(0) write weight:683, but recv weight: -850886860
[2024-12-17 15:37:31] [ERROR] [capacity_test] macro((0, 0)) ip(0 mram_addr(000002AC)) idx(0) write weight:684, but recv weight: -850886860
[2024-12-17 15:37:31] [ERROR] [capacity_test] macro((0, 0)) ip(0 mram_addr(000002AD)) idx(0) write weight:685, but recv weight: -851935436
[2024-12-17 15:37:31] [ERROR] [capacity_test] macro((0, 0)) ip(0 mram_addr(000002AE)) idx(0) write weight:686, but recv weight: -851935436
[2024-12-17 15:37:31] [ERROR] [capacity_test] macro((0, 0)) ip(0 mram_addr(000002AF)) idx(0) write weight:687, but recv weight: -852984012
[2024-12-17 15:37:31] [ERROR] [capacity_test] macro((0, 0)) ip(0 mram_addr(000002B0)) idx(0) write weight:688, but recv weight: -852984012
[2024-12-17 15:37:31] [ERROR] [capacity_test] macro((0, 0)) ip(0 mram_addr(000002B1)) idx(0) write weight:689, but recv weight: -854032588
[2024-12-17 15:37:31] [ERROR] [capacity_test] macro((0, 0)) ip(0 mram_addr(000002B2)) idx(0) write weight:690, but recv weight: -854032588
[2024-12-17 15:37:31] [ERROR] [capacity_test] macro((0, 0)) ip(0 mram_addr(000002B3)) idx(0) write weight:691, but recv weight: -855081164
[2024-12-17 15:37:31] [ERROR] [capacity_test] macro((0, 0)) ip(0 mram_addr(000002B4)) idx(0) write weight:692, but recv weight: -855081164
[2024-12-17 15:37:31] [ERROR] [capacity_test] macro((0, 0)) ip(0 mram_addr(000002B5)) idx(0) write weight:693, but recv weight: -856129740
[2024-12-17 15:37:31] [ERROR] [capacity_test] macro((0, 0)) ip(0 mram_addr(000002B6)) idx(0) write weight:694, but recv weight: -856129740
[2024-12-17 15:37:31] [ERROR] [capacity_test] macro((0, 0)) ip(0 mram_addr(000002B7)) idx(0) write weight:695, but recv weight: -857178316
[2024-12-17 15:37:31] [ERROR] [capacity_test] macro((0, 0)) ip(0 mram_addr(000002B8)) idx(0) write weight:696, but recv weight: -857178316
[2024-12-17 15:37:31] [ERROR] [capacity_test] macro((0, 0)) ip(0 mram_addr(000002B9)) idx(0) write weight:697, but recv weight: -858226892
[2024-12-17 15:37:31] [ERROR] [capacity_test] macro((0, 0)) ip(0 mram_addr(000002BA)) idx(0) write weight:698, but recv weight: -858226892
[2024-12-17 15:37:31] [ERROR] [capacity_test] macro((0, 0)) ip(0 mram_addr(000002BB)) idx(0) write weight:699, but recv weight: -859275468
[2024-12-17 15:37:31] [ERROR] [capacity_test] macro((0, 0)) ip(0 mram_addr(000002BC)) idx(0) write weight:700, but recv weight: -859275468
[2024-12-17 15:37:31] [ERROR] [capacity_test] macro((0, 0)) ip(0 mram_addr(000002BD)) idx(0) write weight:701, but recv weight: -860324044
[2024-12-17 15:37:31] [ERROR] [capacity_test] macro((0, 0)) ip(0 mram_addr(000002BE)) idx(0) write weight:702, but recv weight: -860324044
[2024-12-17 15:37:31] [ERROR] [capacity_test] macro((0, 0)) ip(0 mram_addr(000002BF)) idx(0) write weight:703, but recv weight: -861372620
[2024-12-17 15:37:31] [ERROR] [capacity_test] macro((0, 0)) ip(0 mram_addr(000002C0)) idx(0) write weight:704, but recv weight: -861372620
[2024-12-17 15:37:31] [ERROR] [capacity_test] macro((0, 0)) ip(0 mram_addr(000002C1)) idx(0) write weight:705, but recv weight: -862421196
[2024-12-17 15:37:31] [ERROR] [capacity_test] macro((0, 0)) ip(0 mram_addr(000002C2)) idx(0) write weight:706, but recv weight: -862421196
[2024-12-17 15:37:31] [ERROR] [capacity_test] macro((0, 0)) ip(0 mram_addr(000002C3)) idx(0) write weight:707, but recv weight: -863469772
[2024-12-17 15:37:31] [ERROR] [capacity_test] macro((0, 0)) ip(0 mram_addr(000002C4)) idx(0) write weight:708, but recv weight: -863469772
[2024-12-17 15:37:31] [ERROR] [capacity_test] macro((0, 0)) ip(0 mram_addr(000002C5)) idx(0) write weight:709, but recv weight: -864518348
[2024-12-17 15:37:31] [ERROR] [capacity_test] macro((0, 0)) ip(0 mram_addr(000002C6)) idx(0) write weight:710, but recv weight: -864518348
[2024-12-17 15:37:31] [ERROR] [capacity_test] macro((0, 0)) ip(0 mram_addr(000002C7)) idx(0) write weight:711, but recv weight: -865566924
[2024-12-17 15:37:31] [ERROR] [capacity_test] macro((0, 0)) ip(0 mram_addr(000002C8)) idx(0) write weight:712, but recv weight: -865566924
[2024-12-17 15:37:31] [ERROR] [capacity_test] macro((0, 0)) ip(0 mram_addr(000002C9)) idx(0) write weight:713, but recv weight: -866615500
[2024-12-17 15:37:31] [ERROR] [capacity_test] macro((0, 0)) ip(0 mram_addr(000002CA)) idx(0) write weight:714, but recv weight: -866615500
[2024-12-17 15:37:31] [ERROR] [capacity_test] macro((0, 0)) ip(0 mram_addr(000002CB)) idx(0) write weight:715, but recv weight: -867664076
[2024-12-17 15:37:31] [ERROR] [capacity_test] macro((0, 0)) ip(0 mram_addr(000002CC)) idx(0) write weight:716, but recv weight: -867664076
[2024-12-17 15:37:31] [ERROR] [capacity_test] macro((0, 0)) ip(0 mram_addr(000002CD)) idx(0) write weight:717, but recv weight: -868712652
[2024-12-17 15:37:31] [ERROR] [capacity_test] macro((0, 0)) ip(0 mram_addr(000002CE)) idx(0) write weight:718, but recv weight: -868712652
[2024-12-17 15:37:31] [ERROR] [capacity_test] macro((0, 0)) ip(0 mram_addr(000002CF)) idx(0) write weight:719, but recv weight: -869761228
[2024-12-17 15:37:31] [ERROR] [capacity_test] macro((0, 0)) ip(0 mram_addr(000002D0)) idx(0) write weight:720, but recv weight: -869761228
[2024-12-17 15:37:31] [ERROR] [capacity_test] macro((0, 0)) ip(0 mram_addr(000002D1)) idx(0) write weight:721, but recv weight: -870809804
[2024-12-17 15:37:31] [ERROR] [capacity_test] macro((0, 0)) ip(0 mram_addr(000002D2)) idx(0) write weight:722, but recv weight: -870809804
[2024-12-17 15:37:31] [ERROR] [capacity_test] macro((0, 0)) ip(0 mram_addr(000002D3)) idx(0) write weight:723, but recv weight: -871858380
[2024-12-17 15:37:31] [ERROR] [capacity_test] macro((0, 0)) ip(0 mram_addr(000002D4)) idx(0) write weight:724, but recv weight: -871858380
[2024-12-17 15:37:31] [ERROR] [capacity_test] macro((0, 0)) ip(0 mram_addr(000002D5)) idx(0) write weight:725, but recv weight: -872906956
[2024-12-17 15:37:31] [ERROR] [capacity_test] macro((0, 0)) ip(0 mram_addr(000002D6)) idx(0) write weight:726, but recv weight: -872906956
[2024-12-17 15:37:31] [ERROR] [capacity_test] macro((0, 0)) ip(0 mram_addr(000002D7)) idx(0) write weight:727, but recv weight: -873955532
[2024-12-17 15:37:31] [ERROR] [capacity_test] macro((0, 0)) ip(0 mram_addr(000002D8)) idx(0) write weight:728, but recv weight: -873955532
[2024-12-17 15:37:31] [ERROR] [capacity_test] macro((0, 0)) ip(0 mram_addr(000002D9)) idx(0) write weight:729, but recv weight: -875004108
[2024-12-17 15:37:31] [ERROR] [capacity_test] macro((0, 0)) ip(0 mram_addr(000002DA)) idx(0) write weight:730, but recv weight: -875004108
[2024-12-17 15:37:31] [ERROR] [capacity_test] macro((0, 0)) ip(0 mram_addr(000002DB)) idx(0) write weight:731, but recv weight: -876052684
[2024-12-17 15:37:31] [ERROR] [capacity_test] macro((0, 0)) ip(0 mram_addr(000002DC)) idx(0) write weight:732, but recv weight: -876052684
[2024-12-17 15:37:31] [ERROR] [capacity_test] macro((0, 0)) ip(0 mram_addr(000002DD)) idx(0) write weight:733, but recv weight: -877101260
[2024-12-17 15:37:31] [ERROR] [capacity_test] macro((0, 0)) ip(0 mram_addr(000002DE)) idx(0) write weight:734, but recv weight: -877101260
[2024-12-17 15:37:31] [ERROR] [capacity_test] macro((0, 0)) ip(0 mram_addr(000002DF)) idx(0) write weight:735, but recv weight: -878149836
[2024-12-17 15:37:31] [ERROR] [capacity_test] macro((0, 0)) ip(0 mram_addr(000002E0)) idx(0) write weight:736, but recv weight: -878149836
[2024-12-17 15:37:31] [ERROR] [capacity_test] macro((0, 0)) ip(0 mram_addr(000002E1)) idx(0) write weight:737, but recv weight: -879198412
[2024-12-17 15:37:31] [ERROR] [capacity_test] macro((0, 0)) ip(0 mram_addr(000002E2)) idx(0) write weight:738, but recv weight: -881295564
[2024-12-17 15:37:31] [ERROR] [capacity_test] macro((0, 0)) ip(0 mram_addr(000002E3)) idx(0) write weight:739, but recv weight: -883392716
[2024-12-17 15:37:31] [ERROR] [capacity_test] macro((0, 0)) ip(0 mram_addr(000002E4)) idx(0) write weight:740, but recv weight: -885489868
[2024-12-17 15:37:31] [ERROR] [capacity_test] macro((0, 0)) ip(0 mram_addr(000002E5)) idx(0) write weight:741, but recv weight: -887587020
[2024-12-17 15:37:31] [ERROR] [capacity_test] macro((0, 0)) ip(0 mram_addr(000002E6)) idx(0) write weight:742, but recv weight: -889684172
[2024-12-17 15:37:31] [ERROR] [capacity_test] macro((0, 0)) ip(0 mram_addr(000002E7)) idx(0) write weight:743, but recv weight: -891781324
[2024-12-17 15:37:31] [ERROR] [capacity_test] macro((0, 0)) ip(0 mram_addr(000002E8)) idx(0) write weight:744, but recv weight: -893878476
[2024-12-17 15:37:31] [ERROR] [capacity_test] macro((0, 0)) ip(0 mram_addr(000002E9)) idx(0) write weight:745, but recv weight: -895975628
[2024-12-17 15:37:31] [ERROR] [capacity_test] macro((0, 0)) ip(0 mram_addr(000002EA)) idx(0) write weight:746, but recv weight: -898072780
[2024-12-17 15:37:31] [ERROR] [capacity_test] macro((0, 0)) ip(0 mram_addr(000002EB)) idx(0) write weight:747, but recv weight: -900169932
[2024-12-17 15:37:31] [ERROR] [capacity_test] macro((0, 0)) ip(0 mram_addr(000002EC)) idx(0) write weight:748, but recv weight: -902267084
[2024-12-17 15:37:31] [ERROR] [capacity_test] macro((0, 0)) ip(0 mram_addr(000002ED)) idx(0) write weight:749, but recv weight: -904364236
[2024-12-17 15:37:31] [ERROR] [capacity_test] macro((0, 0)) ip(0 mram_addr(000002EE)) idx(0) write weight:750, but recv weight: -906461388
[2024-12-17 15:37:31] [ERROR] [capacity_test] macro((0, 0)) ip(0 mram_addr(000002EF)) idx(0) write weight:751, but recv weight: -908558540
[2024-12-17 15:37:31] [ERROR] [capacity_test] macro((0, 0)) ip(0 mram_addr(000002F0)) idx(0) write weight:752, but recv weight: -910655692
[2024-12-17 15:37:31] [ERROR] [capacity_test] macro((0, 0)) ip(0 mram_addr(000002F1)) idx(0) write weight:753, but recv weight: -912752844
[2024-12-17 15:37:31] [ERROR] [capacity_test] macro((0, 0)) ip(0 mram_addr(000002F2)) idx(0) write weight:754, but recv weight: -914849996
[2024-12-17 15:37:31] [ERROR] [capacity_test] macro((0, 0)) ip(0 mram_addr(000002F3)) idx(0) write weight:755, but recv weight: -916947148
[2024-12-17 15:37:31] [ERROR] [capacity_test] macro((0, 0)) ip(0 mram_addr(000002F4)) idx(0) write weight:756, but recv weight: -919044300
[2024-12-17 15:37:31] [ERROR] [capacity_test] macro((0, 0)) ip(0 mram_addr(000002F5)) idx(0) write weight:757, but recv weight: -921141452
[2024-12-17 15:37:31] [ERROR] [capacity_test] macro((0, 0)) ip(0 mram_addr(000002F6)) idx(0) write weight:758, but recv weight: -923238604
[2024-12-17 15:37:31] [ERROR] [capacity_test] macro((0, 0)) ip(0 mram_addr(000002F7)) idx(0) write weight:759, but recv weight: -925335756
[2024-12-17 15:37:31] [ERROR] [capacity_test] macro((0, 0)) ip(0 mram_addr(000002F8)) idx(0) write weight:760, but recv weight: -927432908
[2024-12-17 15:37:31] [ERROR] [capacity_test] macro((0, 0)) ip(0 mram_addr(000002F9)) idx(0) write weight:761, but recv weight: -929530060
[2024-12-17 15:37:31] [ERROR] [capacity_test] macro((0, 0)) ip(0 mram_addr(000002FA)) idx(0) write weight:762, but recv weight: -931627212
[2024-12-17 15:37:31] [ERROR] [capacity_test] macro((0, 0)) ip(0 mram_addr(000002FB)) idx(0) write weight:763, but recv weight: -933724364
[2024-12-17 15:37:31] [ERROR] [capacity_test] macro((0, 0)) ip(0 mram_addr(000002FC)) idx(0) write weight:764, but recv weight: -935821516
[2024-12-17 15:37:31] [ERROR] [capacity_test] macro((0, 0)) ip(0 mram_addr(000002FD)) idx(0) write weight:765, but recv weight: -826769612
[2024-12-17 15:37:31] [ERROR] [capacity_test] macro((0, 0)) ip(0 mram_addr(000002FE)) idx(0) write weight:766, but recv weight: -842498252
[2024-12-17 15:37:31] [ERROR] [capacity_test] macro((0, 0)) ip(0 mram_addr(000002FF)) idx(0) write weight:767, but recv weight: -842498252
[2024-12-17 15:37:31] [ERROR] [capacity_test] macro((0, 0)) ip(0 mram_addr(00000300)) idx(0) write weight:768, but recv weight: -842498252
[2024-12-17 15:37:31] [ERROR] [capacity_test] macro((0, 0)) ip(0 mram_addr(00000301)) idx(0) write weight:769, but recv weight: -842498252
[2024-12-17 15:37:31] [ERROR] [capacity_test] macro((0, 0)) ip(0 mram_addr(00000302)) idx(0) write weight:770, but recv weight: -842498252
[2024-12-17 15:37:31] [ERROR] [capacity_test] macro((0, 0)) ip(0 mram_addr(00000303)) idx(0) write weight:771, but recv weight: -842498252
[2024-12-17 15:37:31] [ERROR] [capacity_test] macro((0, 0)) ip(0 mram_addr(00000304)) idx(0) write weight:772, but recv weight: -842498252
[2024-12-17 15:37:31] [ERROR] [capacity_test] macro((0, 0)) ip(0 mram_addr(00000305)) idx(0) write weight:773, but recv weight: -842498252
[2024-12-17 15:37:31] [ERROR] [capacity_test] macro((0, 0)) ip(0 mram_addr(00000306)) idx(0) write weight:774, but recv weight: -842498252
[2024-12-17 15:37:31] [ERROR] [capacity_test] macro((0, 0)) ip(0 mram_addr(00000307)) idx(0) write weight:775, but recv weight: -842498252
[2024-12-17 15:37:31] [ERROR] [capacity_test] macro((0, 0)) ip(0 mram_addr(00000308)) idx(0) write weight:776, but recv weight: -842498252
[2024-12-17 15:37:31] [ERROR] [capacity_test] macro((0, 0)) ip(0 mram_addr(00000309)) idx(0) write weight:777, but recv weight: -842498252
[2024-12-17 15:37:31] [ERROR] [capacity_test] macro((0, 0)) ip(0 mram_addr(0000030A)) idx(0) write weight:778, but recv weight: -842498252
[2024-12-17 15:37:31] [ERROR] [capacity_test] macro((0, 0)) ip(0 mram_addr(0000030B)) idx(0) write weight:779, but recv weight: -842498252
[2024-12-17 15:37:31] [ERROR] [capacity_test] macro((0, 0)) ip(0 mram_addr(0000030C)) idx(0) write weight:780, but recv weight: -842498252
[2024-12-17 15:37:31] [ERROR] [capacity_test] macro((0, 0)) ip(0 mram_addr(0000030D)) idx(0) write weight:781, but recv weight: -843546828
[2024-12-17 15:37:31] [ERROR] [capacity_test] macro((0, 0)) ip(0 mram_addr(0000030E)) idx(0) write weight:782, but recv weight: -843546828
[2024-12-17 15:37:31] [ERROR] [capacity_test] macro((0, 0)) ip(0 mram_addr(0000030F)) idx(0) write weight:783, but recv weight: -843546828
[2024-12-17 15:37:31] [ERROR] [capacity_test] macro((0, 0)) ip(0 mram_addr(00000310)) idx(0) write weight:784, but recv weight: -843546828
[2024-12-17 15:37:31] [ERROR] [capacity_test] macro((0, 0)) ip(0 mram_addr(00000311)) idx(0) write weight:785, but recv weight: -843546828
[2024-12-17 15:37:31] [ERROR] [capacity_test] macro((0, 0)) ip(0 mram_addr(00000312)) idx(0) write weight:786, but recv weight: -843546828
[2024-12-17 15:37:31] [ERROR] [capacity_test] macro((0, 0)) ip(0 mram_addr(00000313)) idx(0) write weight:787, but recv weight: -843546828
[2024-12-17 15:37:31] [ERROR] [capacity_test] macro((0, 0)) ip(0 mram_addr(00000314)) idx(0) write weight:788, but recv weight: -843546828
[2024-12-17 15:37:31] [ERROR] [capacity_test] macro((0, 0)) ip(0 mram_addr(00000315)) idx(0) write weight:789, but recv weight: -843546828
[2024-12-17 15:37:31] [ERROR] [capacity_test] macro((0, 0)) ip(0 mram_addr(00000316)) idx(0) write weight:790, but recv weight: -843546828
[2024-12-17 15:37:31] [ERROR] [capacity_test] macro((0, 0)) ip(0 mram_addr(00000317)) idx(0) write weight:791, but recv weight: -843546828
[2024-12-17 15:37:31] [ERROR] [capacity_test] macro((0, 0)) ip(0 mram_addr(00000318)) idx(0) write weight:792, but recv weight: -843546828
[2024-12-17 15:37:31] [ERROR] [capacity_test] macro((0, 0)) ip(0 mram_addr(00000319)) idx(0) write weight:793, but recv weight: -843546828
[2024-12-17 15:37:31] [ERROR] [capacity_test] macro((0, 0)) ip(0 mram_addr(0000031A)) idx(0) write weight:794, but recv weight: -843546828
[2024-12-17 15:37:31] [ERROR] [capacity_test] macro((0, 0)) ip(0 mram_addr(0000031B)) idx(0) write weight:795, but recv weight: -844595404
[2024-12-17 15:37:31] [ERROR] [capacity_test] macro((0, 0)) ip(0 mram_addr(0000031C)) idx(0) write weight:796, but recv weight: -844595404
[2024-12-17 15:37:31] [ERROR] [capacity_test] macro((0, 0)) ip(0 mram_addr(0000031D)) idx(0) write weight:797, but recv weight: -845643980
[2024-12-17 15:37:31] [ERROR] [capacity_test] macro((0, 0)) ip(0 mram_addr(0000031E)) idx(0) write weight:798, but recv weight: -845643980
[2024-12-17 15:37:31] [ERROR] [capacity_test] macro((0, 0)) ip(0 mram_addr(0000031F)) idx(0) write weight:799, but recv weight: -846692556
[2024-12-17 15:37:31] [ERROR] [capacity_test] macro((0, 0)) ip(0 mram_addr(00000320)) idx(0) write weight:800, but recv weight: -846692556
[2024-12-17 15:37:31] [ERROR] [capacity_test] macro((0, 0)) ip(0 mram_addr(00000321)) idx(0) write weight:801, but recv weight: -847741132
[2024-12-17 15:37:31] [ERROR] [capacity_test] macro((0, 0)) ip(0 mram_addr(00000322)) idx(0) write weight:802, but recv weight: -847741132
[2024-12-17 15:37:31] [ERROR] [capacity_test] macro((0, 0)) ip(0 mram_addr(00000323)) idx(0) write weight:803, but recv weight: -848789708
[2024-12-17 15:37:31] [ERROR] [capacity_test] macro((0, 0)) ip(0 mram_addr(00000324)) idx(0) write weight:804, but recv weight: -848789708
[2024-12-17 15:37:31] [ERROR] [capacity_test] macro((0, 0)) ip(0 mram_addr(00000325)) idx(0) write weight:805, but recv weight: -849838284
[2024-12-17 15:37:31] [ERROR] [capacity_test] macro((0, 0)) ip(0 mram_addr(00000326)) idx(0) write weight:806, but recv weight: -849838284
[2024-12-17 15:37:31] [ERROR] [capacity_test] macro((0, 0)) ip(0 mram_addr(00000327)) idx(0) write weight:807, but recv weight: -850886860
[2024-12-17 15:37:31] [ERROR] [capacity_test] macro((0, 0)) ip(0 mram_addr(00000328)) idx(0) write weight:808, but recv weight: -850886860
[2024-12-17 15:37:31] [ERROR] [capacity_test] macro((0, 0)) ip(0 mram_addr(00000329)) idx(0) write weight:809, but recv weight: -851935436
[2024-12-17 15:37:31] [ERROR] [capacity_test] macro((0, 0)) ip(0 mram_addr(0000032A)) idx(0) write weight:810, but recv weight: -851935436
[2024-12-17 15:37:31] [ERROR] [capacity_test] macro((0, 0)) ip(0 mram_addr(0000032B)) idx(0) write weight:811, but recv weight: -852984012
[2024-12-17 15:37:31] [ERROR] [capacity_test] macro((0, 0)) ip(0 mram_addr(0000032C)) idx(0) write weight:812, but recv weight: -852984012
[2024-12-17 15:37:31] [ERROR] [capacity_test] macro((0, 0)) ip(0 mram_addr(0000032D)) idx(0) write weight:813, but recv weight: -854032588
[2024-12-17 15:37:31] [ERROR] [capacity_test] macro((0, 0)) ip(0 mram_addr(0000032E)) idx(0) write weight:814, but recv weight: -854032588
[2024-12-17 15:37:31] [ERROR] [capacity_test] macro((0, 0)) ip(0 mram_addr(0000032F)) idx(0) write weight:815, but recv weight: -855081164
[2024-12-17 15:37:31] [ERROR] [capacity_test] macro((0, 0)) ip(0 mram_addr(00000330)) idx(0) write weight:816, but recv weight: -855081164
[2024-12-17 15:37:31] [ERROR] [capacity_test] macro((0, 0)) ip(0 mram_addr(00000331)) idx(0) write weight:817, but recv weight: -856129740
[2024-12-17 15:37:31] [ERROR] [capacity_test] macro((0, 0)) ip(0 mram_addr(00000332)) idx(0) write weight:818, but recv weight: -856129740
[2024-12-17 15:37:31] [ERROR] [capacity_test] macro((0, 0)) ip(0 mram_addr(00000333)) idx(0) write weight:819, but recv weight: -857178316
[2024-12-17 15:37:31] [ERROR] [capacity_test] macro((0, 0)) ip(0 mram_addr(00000334)) idx(0) write weight:820, but recv weight: -857178316
[2024-12-17 15:37:31] [ERROR] [capacity_test] macro((0, 0)) ip(0 mram_addr(00000335)) idx(0) write weight:821, but recv weight: -858226892
[2024-12-17 15:37:31] [ERROR] [capacity_test] macro((0, 0)) ip(0 mram_addr(00000336)) idx(0) write weight:822, but recv weight: -858226892
[2024-12-17 15:37:31] [ERROR] [capacity_test] macro((0, 0)) ip(0 mram_addr(00000337)) idx(0) write weight:823, but recv weight: -859275468
[2024-12-17 15:37:31] [ERROR] [capacity_test] macro((0, 0)) ip(0 mram_addr(00000338)) idx(0) write weight:824, but recv weight: -859275468
[2024-12-17 15:37:31] [ERROR] [capacity_test] macro((0, 0)) ip(0 mram_addr(00000339)) idx(0) write weight:825, but recv weight: -860324044
[2024-12-17 15:37:31] [ERROR] [capacity_test] macro((0, 0)) ip(0 mram_addr(0000033A)) idx(0) write weight:826, but recv weight: -860324044
[2024-12-17 15:37:31] [ERROR] [capacity_test] macro((0, 0)) ip(0 mram_addr(0000033B)) idx(0) write weight:827, but recv weight: -861372620
[2024-12-17 15:37:31] [ERROR] [capacity_test] macro((0, 0)) ip(0 mram_addr(0000033C)) idx(0) write weight:828, but recv weight: -861372620
[2024-12-17 15:37:31] [ERROR] [capacity_test] macro((0, 0)) ip(0 mram_addr(0000033D)) idx(0) write weight:829, but recv weight: -862421196
[2024-12-17 15:37:31] [ERROR] [capacity_test] macro((0, 0)) ip(0 mram_addr(0000033E)) idx(0) write weight:830, but recv weight: -862421196
[2024-12-17 15:37:31] [ERROR] [capacity_test] macro((0, 0)) ip(0 mram_addr(0000033F)) idx(0) write weight:831, but recv weight: -863469772
[2024-12-17 15:37:31] [ERROR] [capacity_test] macro((0, 0)) ip(0 mram_addr(00000340)) idx(0) write weight:832, but recv weight: -863469772
[2024-12-17 15:37:31] [ERROR] [capacity_test] macro((0, 0)) ip(0 mram_addr(00000341)) idx(0) write weight:833, but recv weight: -864518348
[2024-12-17 15:37:31] [ERROR] [capacity_test] macro((0, 0)) ip(0 mram_addr(00000342)) idx(0) write weight:834, but recv weight: -864518348
[2024-12-17 15:37:31] [ERROR] [capacity_test] macro((0, 0)) ip(0 mram_addr(00000343)) idx(0) write weight:835, but recv weight: -865566924
[2024-12-17 15:37:31] [ERROR] [capacity_test] macro((0, 0)) ip(0 mram_addr(00000344)) idx(0) write weight:836, but recv weight: -865566924
[2024-12-17 15:37:31] [ERROR] [capacity_test] macro((0, 0)) ip(0 mram_addr(00000345)) idx(0) write weight:837, but recv weight: -866615500
[2024-12-17 15:37:31] [ERROR] [capacity_test] macro((0, 0)) ip(0 mram_addr(00000346)) idx(0) write weight:838, but recv weight: -866615500
[2024-12-17 15:37:31] [ERROR] [capacity_test] macro((0, 0)) ip(0 mram_addr(00000347)) idx(0) write weight:839, but recv weight: -867664076
[2024-12-17 15:37:31] [ERROR] [capacity_test] macro((0, 0)) ip(0 mram_addr(00000348)) idx(0) write weight:840, but recv weight: -867664076
[2024-12-17 15:37:31] [ERROR] [capacity_test] macro((0, 0)) ip(0 mram_addr(00000349)) idx(0) write weight:841, but recv weight: -868712652
[2024-12-17 15:37:31] [ERROR] [capacity_test] macro((0, 0)) ip(0 mram_addr(0000034A)) idx(0) write weight:842, but recv weight: -868712652
[2024-12-17 15:37:31] [ERROR] [capacity_test] macro((0, 0)) ip(0 mram_addr(0000034B)) idx(0) write weight:843, but recv weight: -869761228
[2024-12-17 15:37:31] [ERROR] [capacity_test] macro((0, 0)) ip(0 mram_addr(0000034C)) idx(0) write weight:844, but recv weight: -869761228
[2024-12-17 15:37:31] [ERROR] [capacity_test] macro((0, 0)) ip(0 mram_addr(0000034D)) idx(0) write weight:845, but recv weight: -870809804
[2024-12-17 15:37:31] [ERROR] [capacity_test] macro((0, 0)) ip(0 mram_addr(0000034E)) idx(0) write weight:846, but recv weight: -870809804
[2024-12-17 15:37:31] [ERROR] [capacity_test] macro((0, 0)) ip(0 mram_addr(0000034F)) idx(0) write weight:847, but recv weight: -871858380
[2024-12-17 15:37:31] [ERROR] [capacity_test] macro((0, 0)) ip(0 mram_addr(00000350)) idx(0) write weight:848, but recv weight: -871858380
[2024-12-17 15:37:31] [ERROR] [capacity_test] macro((0, 0)) ip(0 mram_addr(00000351)) idx(0) write weight:849, but recv weight: -872906956
[2024-12-17 15:37:31] [ERROR] [capacity_test] macro((0, 0)) ip(0 mram_addr(00000352)) idx(0) write weight:850, but recv weight: -872906956
[2024-12-17 15:37:31] [ERROR] [capacity_test] macro((0, 0)) ip(0 mram_addr(00000353)) idx(0) write weight:851, but recv weight: -873955532
[2024-12-17 15:37:31] [ERROR] [capacity_test] macro((0, 0)) ip(0 mram_addr(00000354)) idx(0) write weight:852, but recv weight: -873955532
[2024-12-17 15:37:31] [ERROR] [capacity_test] macro((0, 0)) ip(0 mram_addr(00000355)) idx(0) write weight:853, but recv weight: -875004108
[2024-12-17 15:37:31] [ERROR] [capacity_test] macro((0, 0)) ip(0 mram_addr(00000356)) idx(0) write weight:854, but recv weight: -875004108
[2024-12-17 15:37:31] [ERROR] [capacity_test] macro((0, 0)) ip(0 mram_addr(00000357)) idx(0) write weight:855, but recv weight: -876052684
[2024-12-17 15:37:31] [ERROR] [capacity_test] macro((0, 0)) ip(0 mram_addr(00000358)) idx(0) write weight:856, but recv weight: -876052684
[2024-12-17 15:37:31] [ERROR] [capacity_test] macro((0, 0)) ip(0 mram_addr(00000359)) idx(0) write weight:857, but recv weight: -877101260
[2024-12-17 15:37:31] [ERROR] [capacity_test] macro((0, 0)) ip(0 mram_addr(0000035A)) idx(0) write weight:858, but recv weight: -877101260
[2024-12-17 15:37:31] [ERROR] [capacity_test] macro((0, 0)) ip(0 mram_addr(0000035B)) idx(0) write weight:859, but recv weight: -878149836
[2024-12-17 15:37:31] [ERROR] [capacity_test] macro((0, 0)) ip(0 mram_addr(0000035C)) idx(0) write weight:860, but recv weight: -878149836
[2024-12-17 15:37:31] [ERROR] [capacity_test] macro((0, 0)) ip(0 mram_addr(0000035D)) idx(0) write weight:861, but recv weight: -879198412
[2024-12-17 15:37:31] [ERROR] [capacity_test] macro((0, 0)) ip(0 mram_addr(0000035E)) idx(0) write weight:862, but recv weight: -881295564
[2024-12-17 15:37:31] [ERROR] [capacity_test] macro((0, 0)) ip(0 mram_addr(0000035F)) idx(0) write weight:863, but recv weight: -883392716
[2024-12-17 15:37:31] [ERROR] [capacity_test] macro((0, 0)) ip(0 mram_addr(00000360)) idx(0) write weight:864, but recv weight: -885489868
[2024-12-17 15:37:31] [ERROR] [capacity_test] macro((0, 0)) ip(0 mram_addr(00000361)) idx(0) write weight:865, but recv weight: -887587020
[2024-12-17 15:37:31] [ERROR] [capacity_test] macro((0, 0)) ip(0 mram_addr(00000362)) idx(0) write weight:866, but recv weight: -889684172
[2024-12-17 15:37:31] [ERROR] [capacity_test] macro((0, 0)) ip(0 mram_addr(00000363)) idx(0) write weight:867, but recv weight: -891781324
[2024-12-17 15:37:31] [ERROR] [capacity_test] macro((0, 0)) ip(0 mram_addr(00000364)) idx(0) write weight:868, but recv weight: -893878476
[2024-12-17 15:37:31] [ERROR] [capacity_test] macro((0, 0)) ip(0 mram_addr(00000365)) idx(0) write weight:869, but recv weight: -895975628
[2024-12-17 15:37:31] [ERROR] [capacity_test] macro((0, 0)) ip(0 mram_addr(00000366)) idx(0) write weight:870, but recv weight: -898072780
[2024-12-17 15:37:31] [ERROR] [capacity_test] macro((0, 0)) ip(0 mram_addr(00000367)) idx(0) write weight:871, but recv weight: -900169932
[2024-12-17 15:37:31] [ERROR] [capacity_test] macro((0, 0)) ip(0 mram_addr(00000368)) idx(0) write weight:872, but recv weight: -902267084
[2024-12-17 15:37:31] [ERROR] [capacity_test] macro((0, 0)) ip(0 mram_addr(00000369)) idx(0) write weight:873, but recv weight: -904364236
[2024-12-17 15:37:31] [ERROR] [capacity_test] macro((0, 0)) ip(0 mram_addr(0000036A)) idx(0) write weight:874, but recv weight: -906461388
[2024-12-17 15:37:31] [ERROR] [capacity_test] macro((0, 0)) ip(0 mram_addr(0000036B)) idx(0) write weight:875, but recv weight: -908558540
[2024-12-17 15:37:31] [ERROR] [capacity_test] macro((0, 0)) ip(0 mram_addr(0000036C)) idx(0) write weight:876, but recv weight: -910655692
[2024-12-17 15:37:31] [ERROR] [capacity_test] macro((0, 0)) ip(0 mram_addr(0000036D)) idx(0) write weight:877, but recv weight: -912752844
[2024-12-17 15:37:31] [ERROR] [capacity_test] macro((0, 0)) ip(0 mram_addr(0000036E)) idx(0) write weight:878, but recv weight: -914849996
[2024-12-17 15:37:31] [ERROR] [capacity_test] macro((0, 0)) ip(0 mram_addr(0000036F)) idx(0) write weight:879, but recv weight: -916947148
[2024-12-17 15:37:31] [ERROR] [capacity_test] macro((0, 0)) ip(0 mram_addr(00000370)) idx(0) write weight:880, but recv weight: -919044300
[2024-12-17 15:37:31] [ERROR] [capacity_test] macro((0, 0)) ip(0 mram_addr(00000371)) idx(0) write weight:881, but recv weight: -921141452
[2024-12-17 15:37:31] [ERROR] [capacity_test] macro((0, 0)) ip(0 mram_addr(00000372)) idx(0) write weight:882, but recv weight: -923238604
[2024-12-17 15:37:31] [ERROR] [capacity_test] macro((0, 0)) ip(0 mram_addr(00000373)) idx(0) write weight:883, but recv weight: -925335756
[2024-12-17 15:37:31] [ERROR] [capacity_test] macro((0, 0)) ip(0 mram_addr(00000374)) idx(0) write weight:884, but recv weight: -927432908
[2024-12-17 15:37:31] [ERROR] [capacity_test] macro((0, 0)) ip(0 mram_addr(00000375)) idx(0) write weight:885, but recv weight: -929530060
[2024-12-17 15:37:31] [ERROR] [capacity_test] macro((0, 0)) ip(0 mram_addr(00000376)) idx(0) write weight:886, but recv weight: -931627212
[2024-12-17 15:37:31] [ERROR] [capacity_test] macro((0, 0)) ip(0 mram_addr(00000377)) idx(0) write weight:887, but recv weight: -933724364
[2024-12-17 15:37:31] [ERROR] [capacity_test] macro((0, 0)) ip(0 mram_addr(00000378)) idx(0) write weight:888, but recv weight: -935821516
[2024-12-17 15:37:31] [ERROR] [capacity_test] macro((0, 0)) ip(0 mram_addr(00000379)) idx(0) write weight:889, but recv weight: -841449676
[2024-12-17 15:37:31] [ERROR] [capacity_test] macro((0, 0)) ip(0 mram_addr(0000037A)) idx(0) write weight:890, but recv weight: -841449676
[2024-12-17 15:37:31] [ERROR] [capacity_test] macro((0, 0)) ip(0 mram_addr(0000037B)) idx(0) write weight:891, but recv weight: -841449676
[2024-12-17 15:37:31] [ERROR] [capacity_test] macro((0, 0)) ip(0 mram_addr(0000037C)) idx(0) write weight:892, but recv weight: -841449676
[2024-12-17 15:37:31] [ERROR] [capacity_test] macro((0, 0)) ip(0 mram_addr(0000037D)) idx(0) write weight:893, but recv weight: -841449676
[2024-12-17 15:37:31] [ERROR] [capacity_test] macro((0, 0)) ip(0 mram_addr(0000037E)) idx(0) write weight:894, but recv weight: -842498252
[2024-12-17 15:37:31] [ERROR] [capacity_test] macro((0, 0)) ip(0 mram_addr(0000037F)) idx(0) write weight:895, but recv weight: -842498252
[2024-12-17 15:37:31] [ERROR] [capacity_test] macro((0, 0)) ip(0 mram_addr(00000380)) idx(0) write weight:896, but recv weight: -842498252
[2024-12-17 15:37:31] [ERROR] [capacity_test] macro((0, 0)) ip(0 mram_addr(00000381)) idx(0) write weight:897, but recv weight: -842498252
[2024-12-17 15:37:31] [ERROR] [capacity_test] macro((0, 0)) ip(0 mram_addr(00000382)) idx(0) write weight:898, but recv weight: -842498252
[2024-12-17 15:37:31] [ERROR] [capacity_test] macro((0, 0)) ip(0 mram_addr(00000383)) idx(0) write weight:899, but recv weight: -842498252
[2024-12-17 15:37:31] [ERROR] [capacity_test] macro((0, 0)) ip(0 mram_addr(00000384)) idx(0) write weight:900, but recv weight: -842498252
[2024-12-17 15:37:31] [ERROR] [capacity_test] macro((0, 0)) ip(0 mram_addr(00000385)) idx(0) write weight:901, but recv weight: -842498252
[2024-12-17 15:37:31] [ERROR] [capacity_test] macro((0, 0)) ip(0 mram_addr(00000386)) idx(0) write weight:902, but recv weight: -842498252
[2024-12-17 15:37:31] [ERROR] [capacity_test] macro((0, 0)) ip(0 mram_addr(00000387)) idx(0) write weight:903, but recv weight: -842498252
[2024-12-17 15:37:31] [ERROR] [capacity_test] macro((0, 0)) ip(0 mram_addr(00000388)) idx(0) write weight:904, but recv weight: -842498252
[2024-12-17 15:37:31] [ERROR] [capacity_test] macro((0, 0)) ip(0 mram_addr(00000389)) idx(0) write weight:905, but recv weight: -842498252
[2024-12-17 15:37:31] [ERROR] [capacity_test] macro((0, 0)) ip(0 mram_addr(0000038A)) idx(0) write weight:906, but recv weight: -842498252
[2024-12-17 15:37:31] [ERROR] [capacity_test] macro((0, 0)) ip(0 mram_addr(0000038B)) idx(0) write weight:907, but recv weight: -842498252
[2024-12-17 15:37:31] [ERROR] [capacity_test] macro((0, 0)) ip(0 mram_addr(0000038C)) idx(0) write weight:908, but recv weight: -842498252
[2024-12-17 15:37:31] [ERROR] [capacity_test] macro((0, 0)) ip(0 mram_addr(0000038D)) idx(0) write weight:909, but recv weight: -842498252
[2024-12-17 15:37:31] [ERROR] [capacity_test] macro((0, 0)) ip(0 mram_addr(0000038E)) idx(0) write weight:910, but recv weight: -843546828
[2024-12-17 15:37:31] [ERROR] [capacity_test] macro((0, 0)) ip(0 mram_addr(0000038F)) idx(0) write weight:911, but recv weight: -843546828
[2024-12-17 15:37:31] [ERROR] [capacity_test] macro((0, 0)) ip(0 mram_addr(00000390)) idx(0) write weight:912, but recv weight: -843546828
[2024-12-17 15:37:31] [ERROR] [capacity_test] macro((0, 0)) ip(0 mram_addr(00000391)) idx(0) write weight:913, but recv weight: -843546828
[2024-12-17 15:37:31] [ERROR] [capacity_test] macro((0, 0)) ip(0 mram_addr(00000392)) idx(0) write weight:914, but recv weight: -843546828
[2024-12-17 15:37:31] [ERROR] [capacity_test] macro((0, 0)) ip(0 mram_addr(00000393)) idx(0) write weight:915, but recv weight: -843546828
[2024-12-17 15:37:31] [ERROR] [capacity_test] macro((0, 0)) ip(0 mram_addr(00000394)) idx(0) write weight:916, but recv weight: -843546828
[2024-12-17 15:37:31] [ERROR] [capacity_test] macro((0, 0)) ip(0 mram_addr(00000395)) idx(0) write weight:917, but recv weight: -843546828
[2024-12-17 15:37:31] [ERROR] [capacity_test] macro((0, 0)) ip(0 mram_addr(00000396)) idx(0) write weight:918, but recv weight: -843546828
[2024-12-17 15:37:31] [ERROR] [capacity_test] macro((0, 0)) ip(0 mram_addr(00000397)) idx(0) write weight:919, but recv weight: -843546828
[2024-12-17 15:37:31] [ERROR] [capacity_test] macro((0, 0)) ip(0 mram_addr(00000398)) idx(0) write weight:920, but recv weight: -843546828
[2024-12-17 15:37:31] [ERROR] [capacity_test] macro((0, 0)) ip(0 mram_addr(00000399)) idx(0) write weight:921, but recv weight: -843546828
[2024-12-17 15:37:31] [ERROR] [capacity_test] macro((0, 0)) ip(0 mram_addr(0000039A)) idx(0) write weight:922, but recv weight: -843546828
[2024-12-17 15:37:31] [ERROR] [capacity_test] macro((0, 0)) ip(0 mram_addr(0000039B)) idx(0) write weight:923, but recv weight: -843546828
[2024-12-17 15:37:31] [ERROR] [capacity_test] macro((0, 0)) ip(0 mram_addr(0000039C)) idx(0) write weight:924, but recv weight: -844595404
[2024-12-17 15:37:31] [ERROR] [capacity_test] macro((0, 0)) ip(0 mram_addr(0000039D)) idx(0) write weight:925, but recv weight: -844595404
[2024-12-17 15:37:31] [ERROR] [capacity_test] macro((0, 0)) ip(0 mram_addr(0000039E)) idx(0) write weight:926, but recv weight: -845643980
[2024-12-17 15:37:31] [ERROR] [capacity_test] macro((0, 0)) ip(0 mram_addr(0000039F)) idx(0) write weight:927, but recv weight: -845643980
[2024-12-17 15:37:31] [ERROR] [capacity_test] macro((0, 0)) ip(0 mram_addr(000003A0)) idx(0) write weight:928, but recv weight: -846692556
[2024-12-17 15:37:31] [ERROR] [capacity_test] macro((0, 0)) ip(0 mram_addr(000003A1)) idx(0) write weight:929, but recv weight: -846692556
[2024-12-17 15:37:31] [ERROR] [capacity_test] macro((0, 0)) ip(0 mram_addr(000003A2)) idx(0) write weight:930, but recv weight: -847741132
[2024-12-17 15:37:31] [ERROR] [capacity_test] macro((0, 0)) ip(0 mram_addr(000003A3)) idx(0) write weight:931, but recv weight: -847741132
[2024-12-17 15:37:31] [ERROR] [capacity_test] macro((0, 0)) ip(0 mram_addr(000003A4)) idx(0) write weight:932, but recv weight: -848789708
[2024-12-17 15:37:31] [ERROR] [capacity_test] macro((0, 0)) ip(0 mram_addr(000003A5)) idx(0) write weight:933, but recv weight: -848789708
[2024-12-17 15:37:31] [ERROR] [capacity_test] macro((0, 0)) ip(0 mram_addr(000003A6)) idx(0) write weight:934, but recv weight: -849838284
[2024-12-17 15:37:32] [ERROR] [capacity_test] macro((0, 0)) ip(0 mram_addr(000003A7)) idx(0) write weight:935, but recv weight: -849838284
[2024-12-17 15:37:32] [ERROR] [capacity_test] macro((0, 0)) ip(0 mram_addr(000003A8)) idx(0) write weight:936, but recv weight: -850886860
[2024-12-17 15:37:32] [ERROR] [capacity_test] macro((0, 0)) ip(0 mram_addr(000003A9)) idx(0) write weight:937, but recv weight: -850886860
[2024-12-17 15:37:32] [ERROR] [capacity_test] macro((0, 0)) ip(0 mram_addr(000003AA)) idx(0) write weight:938, but recv weight: -851935436
[2024-12-17 15:37:32] [ERROR] [capacity_test] macro((0, 0)) ip(0 mram_addr(000003AB)) idx(0) write weight:939, but recv weight: -851935436
[2024-12-17 15:37:32] [ERROR] [capacity_test] macro((0, 0)) ip(0 mram_addr(000003AC)) idx(0) write weight:940, but recv weight: -852984012
[2024-12-17 15:37:32] [ERROR] [capacity_test] macro((0, 0)) ip(0 mram_addr(000003AD)) idx(0) write weight:941, but recv weight: -852984012
[2024-12-17 15:37:32] [ERROR] [capacity_test] macro((0, 0)) ip(0 mram_addr(000003AE)) idx(0) write weight:942, but recv weight: -854032588
[2024-12-17 15:37:32] [ERROR] [capacity_test] macro((0, 0)) ip(0 mram_addr(000003AF)) idx(0) write weight:943, but recv weight: -854032588
[2024-12-17 15:37:32] [ERROR] [capacity_test] macro((0, 0)) ip(0 mram_addr(000003B0)) idx(0) write weight:944, but recv weight: -855081164
[2024-12-17 15:37:32] [ERROR] [capacity_test] macro((0, 0)) ip(0 mram_addr(000003B1)) idx(0) write weight:945, but recv weight: -855081164
[2024-12-17 15:37:32] [ERROR] [capacity_test] macro((0, 0)) ip(0 mram_addr(000003B2)) idx(0) write weight:946, but recv weight: -856129740
[2024-12-17 15:37:32] [ERROR] [capacity_test] macro((0, 0)) ip(0 mram_addr(000003B3)) idx(0) write weight:947, but recv weight: -856129740
[2024-12-17 15:37:32] [ERROR] [capacity_test] macro((0, 0)) ip(0 mram_addr(000003B4)) idx(0) write weight:948, but recv weight: -857178316
[2024-12-17 15:37:32] [ERROR] [capacity_test] macro((0, 0)) ip(0 mram_addr(000003B5)) idx(0) write weight:949, but recv weight: -857178316
[2024-12-17 15:37:32] [ERROR] [capacity_test] macro((0, 0)) ip(0 mram_addr(000003B6)) idx(0) write weight:950, but recv weight: -858226892
[2024-12-17 15:37:32] [ERROR] [capacity_test] macro((0, 0)) ip(0 mram_addr(000003B7)) idx(0) write weight:951, but recv weight: -858226892
[2024-12-17 15:37:32] [ERROR] [capacity_test] macro((0, 0)) ip(0 mram_addr(000003B8)) idx(0) write weight:952, but recv weight: -859275468
[2024-12-17 15:37:32] [ERROR] [capacity_test] macro((0, 0)) ip(0 mram_addr(000003B9)) idx(0) write weight:953, but recv weight: -859275468
[2024-12-17 15:37:32] [ERROR] [capacity_test] macro((0, 0)) ip(0 mram_addr(000003BA)) idx(0) write weight:954, but recv weight: -860324044
[2024-12-17 15:37:32] [ERROR] [capacity_test] macro((0, 0)) ip(0 mram_addr(000003BB)) idx(0) write weight:955, but recv weight: -860324044
[2024-12-17 15:37:32] [ERROR] [capacity_test] macro((0, 0)) ip(0 mram_addr(000003BC)) idx(0) write weight:956, but recv weight: -861372620
[2024-12-17 15:37:32] [ERROR] [capacity_test] macro((0, 0)) ip(0 mram_addr(000003BD)) idx(0) write weight:957, but recv weight: -861372620
[2024-12-17 15:37:32] [ERROR] [capacity_test] macro((0, 0)) ip(0 mram_addr(000003BE)) idx(0) write weight:958, but recv weight: -862421196
[2024-12-17 15:37:32] [ERROR] [capacity_test] macro((0, 0)) ip(0 mram_addr(000003BF)) idx(0) write weight:959, but recv weight: -862421196
[2024-12-17 15:37:32] [ERROR] [capacity_test] macro((0, 0)) ip(0 mram_addr(000003C0)) idx(0) write weight:960, but recv weight: -863469772
[2024-12-17 15:37:32] [ERROR] [capacity_test] macro((0, 0)) ip(0 mram_addr(000003C1)) idx(0) write weight:961, but recv weight: -863469772
[2024-12-17 15:37:32] [ERROR] [capacity_test] macro((0, 0)) ip(0 mram_addr(000003C2)) idx(0) write weight:962, but recv weight: -864518348
[2024-12-17 15:37:32] [ERROR] [capacity_test] macro((0, 0)) ip(0 mram_addr(000003C3)) idx(0) write weight:963, but recv weight: -864518348
[2024-12-17 15:37:32] [ERROR] [capacity_test] macro((0, 0)) ip(0 mram_addr(000003C4)) idx(0) write weight:964, but recv weight: -865566924
[2024-12-17 15:37:32] [ERROR] [capacity_test] macro((0, 0)) ip(0 mram_addr(000003C5)) idx(0) write weight:965, but recv weight: -865566924
[2024-12-17 15:37:32] [ERROR] [capacity_test] macro((0, 0)) ip(0 mram_addr(000003C6)) idx(0) write weight:966, but recv weight: -866615500
[2024-12-17 15:37:32] [ERROR] [capacity_test] macro((0, 0)) ip(0 mram_addr(000003C7)) idx(0) write weight:967, but recv weight: -866615500
[2024-12-17 15:37:32] [ERROR] [capacity_test] macro((0, 0)) ip(0 mram_addr(000003C8)) idx(0) write weight:968, but recv weight: -867664076
[2024-12-17 15:37:32] [ERROR] [capacity_test] macro((0, 0)) ip(0 mram_addr(000003C9)) idx(0) write weight:969, but recv weight: -867664076
[2024-12-17 15:37:32] [ERROR] [capacity_test] macro((0, 0)) ip(0 mram_addr(000003CA)) idx(0) write weight:970, but recv weight: -868712652
[2024-12-17 15:37:32] [ERROR] [capacity_test] macro((0, 0)) ip(0 mram_addr(000003CB)) idx(0) write weight:971, but recv weight: -868712652
[2024-12-17 15:37:32] [ERROR] [capacity_test] macro((0, 0)) ip(0 mram_addr(000003CC)) idx(0) write weight:972, but recv weight: -869761228
[2024-12-17 15:37:32] [ERROR] [capacity_test] macro((0, 0)) ip(0 mram_addr(000003CD)) idx(0) write weight:973, but recv weight: -869761228
[2024-12-17 15:37:32] [ERROR] [capacity_test] macro((0, 0)) ip(0 mram_addr(000003CE)) idx(0) write weight:974, but recv weight: -870809804
[2024-12-17 15:37:32] [ERROR] [capacity_test] macro((0, 0)) ip(0 mram_addr(000003CF)) idx(0) write weight:975, but recv weight: -870809804
[2024-12-17 15:37:32] [ERROR] [capacity_test] macro((0, 0)) ip(0 mram_addr(000003D0)) idx(0) write weight:976, but recv weight: -871858380
[2024-12-17 15:37:32] [ERROR] [capacity_test] macro((0, 0)) ip(0 mram_addr(000003D1)) idx(0) write weight:977, but recv weight: -871858380
[2024-12-17 15:37:32] [ERROR] [capacity_test] macro((0, 0)) ip(0 mram_addr(000003D2)) idx(0) write weight:978, but recv weight: -872906956
[2024-12-17 15:37:32] [ERROR] [capacity_test] macro((0, 0)) ip(0 mram_addr(000003D3)) idx(0) write weight:979, but recv weight: -872906956
[2024-12-17 15:37:32] [ERROR] [capacity_test] macro((0, 0)) ip(0 mram_addr(000003D4)) idx(0) write weight:980, but recv weight: -873955532
[2024-12-17 15:37:32] [ERROR] [capacity_test] macro((0, 0)) ip(0 mram_addr(000003D5)) idx(0) write weight:981, but recv weight: -873955532
[2024-12-17 15:37:32] [ERROR] [capacity_test] macro((0, 0)) ip(0 mram_addr(000003D6)) idx(0) write weight:982, but recv weight: -875004108
[2024-12-17 15:37:32] [ERROR] [capacity_test] macro((0, 0)) ip(0 mram_addr(000003D7)) idx(0) write weight:983, but recv weight: -875004108
[2024-12-17 15:37:32] [ERROR] [capacity_test] macro((0, 0)) ip(0 mram_addr(000003D8)) idx(0) write weight:984, but recv weight: -876052684
[2024-12-17 15:37:32] [ERROR] [capacity_test] macro((0, 0)) ip(0 mram_addr(000003D9)) idx(0) write weight:985, but recv weight: -876052684
[2024-12-17 15:37:32] [ERROR] [capacity_test] macro((0, 0)) ip(0 mram_addr(000003DA)) idx(0) write weight:986, but recv weight: -877101260
[2024-12-17 15:37:32] [ERROR] [capacity_test] macro((0, 0)) ip(0 mram_addr(000003DB)) idx(0) write weight:987, but recv weight: -877101260
[2024-12-17 15:37:32] [ERROR] [capacity_test] macro((0, 0)) ip(0 mram_addr(000003DC)) idx(0) write weight:988, but recv weight: -878149836
[2024-12-17 15:37:32] [ERROR] [capacity_test] macro((0, 0)) ip(0 mram_addr(000003DD)) idx(0) write weight:989, but recv weight: -878149836
[2024-12-17 15:37:32] [ERROR] [capacity_test] macro((0, 0)) ip(0 mram_addr(000003DE)) idx(0) write weight:990, but recv weight: -880246988
[2024-12-17 15:37:32] [ERROR] [capacity_test] macro((0, 0)) ip(0 mram_addr(000003DF)) idx(0) write weight:991, but recv weight: -882344140
[2024-12-17 15:37:32] [ERROR] [capacity_test] macro((0, 0)) ip(0 mram_addr(000003E0)) idx(0) write weight:992, but recv weight: -884441292
[2024-12-17 15:37:32] [ERROR] [capacity_test] macro((0, 0)) ip(0 mram_addr(000003E1)) idx(0) write weight:993, but recv weight: -886538444
[2024-12-17 15:37:32] [ERROR] [capacity_test] macro((0, 0)) ip(0 mram_addr(000003E2)) idx(0) write weight:994, but recv weight: -888635596
[2024-12-17 15:37:32] [ERROR] [capacity_test] macro((0, 0)) ip(0 mram_addr(000003E3)) idx(0) write weight:995, but recv weight: -890732748
[2024-12-17 15:37:32] [ERROR] [capacity_test] macro((0, 0)) ip(0 mram_addr(000003E4)) idx(0) write weight:996, but recv weight: -892829900
[2024-12-17 15:37:32] [ERROR] [capacity_test] macro((0, 0)) ip(0 mram_addr(000003E5)) idx(0) write weight:997, but recv weight: -894927052
[2024-12-17 15:37:32] [ERROR] [capacity_test] macro((0, 0)) ip(0 mram_addr(000003E6)) idx(0) write weight:998, but recv weight: -897024204
[2024-12-17 15:37:32] [ERROR] [capacity_test] macro((0, 0)) ip(0 mram_addr(000003E7)) idx(0) write weight:999, but recv weight: -899121356
[2024-12-17 15:37:32] [ERROR] [capacity_test] macro((0, 0)) ip(0 mram_addr(000003E8)) idx(0) write weight:1000, but recv weight: -901218508
[2024-12-17 15:37:32] [ERROR] [capacity_test] macro((0, 0)) ip(0 mram_addr(000003E9)) idx(0) write weight:1001, but recv weight: -903315660
[2024-12-17 15:37:32] [ERROR] [capacity_test] macro((0, 0)) ip(0 mram_addr(000003EA)) idx(0) write weight:1002, but recv weight: -905412812
[2024-12-17 15:37:32] [ERROR] [capacity_test] macro((0, 0)) ip(0 mram_addr(000003EB)) idx(0) write weight:1003, but recv weight: -907509964
[2024-12-17 15:37:32] [ERROR] [capacity_test] macro((0, 0)) ip(0 mram_addr(000003EC)) idx(0) write weight:1004, but recv weight: -909607116
[2024-12-17 15:37:32] [ERROR] [capacity_test] macro((0, 0)) ip(0 mram_addr(000003ED)) idx(0) write weight:1005, but recv weight: -911704268
[2024-12-17 15:37:32] [ERROR] [capacity_test] macro((0, 0)) ip(0 mram_addr(000003EE)) idx(0) write weight:1006, but recv weight: -913801420
[2024-12-17 15:37:32] [ERROR] [capacity_test] macro((0, 0)) ip(0 mram_addr(000003EF)) idx(0) write weight:1007, but recv weight: -915898572
[2024-12-17 15:37:32] [ERROR] [capacity_test] macro((0, 0)) ip(0 mram_addr(000003F0)) idx(0) write weight:1008, but recv weight: -917995724
[2024-12-17 15:37:32] [ERROR] [capacity_test] macro((0, 0)) ip(0 mram_addr(000003F1)) idx(0) write weight:1009, but recv weight: -920092876
[2024-12-17 15:37:32] [ERROR] [capacity_test] macro((0, 0)) ip(0 mram_addr(000003F2)) idx(0) write weight:1010, but recv weight: -922190028
[2024-12-17 15:37:32] [ERROR] [capacity_test] macro((0, 0)) ip(0 mram_addr(000003F3)) idx(0) write weight:1011, but recv weight: -924287180
[2024-12-17 15:37:32] [ERROR] [capacity_test] macro((0, 0)) ip(0 mram_addr(000003F4)) idx(0) write weight:1012, but recv weight: -926384332
[2024-12-17 15:37:32] [ERROR] [capacity_test] macro((0, 0)) ip(0 mram_addr(000003F5)) idx(0) write weight:1013, but recv weight: -928481484
[2024-12-17 15:37:32] [ERROR] [capacity_test] macro((0, 0)) ip(0 mram_addr(000003F6)) idx(0) write weight:1014, but recv weight: -930578636
[2024-12-17 15:37:32] [ERROR] [capacity_test] macro((0, 0)) ip(0 mram_addr(000003F7)) idx(0) write weight:1015, but recv weight: -932675788
[2024-12-17 15:37:32] [ERROR] [capacity_test] macro((0, 0)) ip(0 mram_addr(000003F8)) idx(0) write weight:1016, but recv weight: -934772940
[2024-12-17 15:37:32] [ERROR] [capacity_test] macro((0, 0)) ip(0 mram_addr(000003F9)) idx(0) write weight:1017, but recv weight: -936870092
[2024-12-17 15:37:32] [ERROR] [capacity_test] macro((0, 0)) ip(0 mram_addr(000003FA)) idx(0) write weight:1018, but recv weight: -938967244
[2024-12-17 15:37:32] [ERROR] [capacity_test] macro((0, 0)) ip(0 mram_addr(000003FB)) idx(0) write weight:1019, but recv weight: -941064396
[2024-12-17 15:37:32] [ERROR] [capacity_test] macro((0, 0)) ip(0 mram_addr(000003FC)) idx(0) write weight:1020, but recv weight: -943161548
[2024-12-17 15:37:32] [ERROR] [capacity_test] macro((0, 0)) ip(0 mram_addr(000003FD)) idx(0) write weight:1021, but recv weight: -839352524
[2024-12-17 15:37:32] [ERROR] [capacity_test] macro((0, 0)) ip(0 mram_addr(000003FE)) idx(0) write weight:1022, but recv weight: -863469772
[2024-12-17 15:37:32] [ERROR] [capacity_test] macro((0, 0)) ip(0 mram_addr(000003FF)) idx(0) write weight:1023, but recv weight: -864518348
[2024-12-17 15:37:32] [ERROR] [capacity_test] macro((0, 0)) ip(0 mram_addr(00000400)) idx(0) write weight:1024, but recv weight: -864518348
[2024-12-17 15:37:32] [ERROR] [capacity_test] macro((0, 0)) ip(0 mram_addr(00000401)) idx(0) write weight:1025, but recv weight: -865566924
[2024-12-17 15:37:32] [ERROR] [capacity_test] macro((0, 0)) ip(0 mram_addr(00000402)) idx(0) write weight:1026, but recv weight: -865566924
[2024-12-17 15:37:32] [ERROR] [capacity_test] macro((0, 0)) ip(0 mram_addr(00000403)) idx(0) write weight:1027, but recv weight: -866615500
[2024-12-17 15:37:32] [ERROR] [capacity_test] macro((0, 0)) ip(0 mram_addr(00000404)) idx(0) write weight:1028, but recv weight: -866615500
[2024-12-17 15:37:32] [ERROR] [capacity_test] macro((0, 0)) ip(0 mram_addr(00000405)) idx(0) write weight:1029, but recv weight: -867664076
[2024-12-17 15:37:32] [ERROR] [capacity_test] macro((0, 0)) ip(0 mram_addr(00000406)) idx(0) write weight:1030, but recv weight: -867664076
[2024-12-17 15:37:32] [ERROR] [capacity_test] macro((0, 0)) ip(0 mram_addr(00000407)) idx(0) write weight:1031, but recv weight: -868712652
[2024-12-17 15:37:32] [ERROR] [capacity_test] macro((0, 0)) ip(0 mram_addr(00000408)) idx(0) write weight:1032, but recv weight: -868712652
[2024-12-17 15:37:32] [ERROR] [capacity_test] macro((0, 0)) ip(0 mram_addr(00000409)) idx(0) write weight:1033, but recv weight: -869761228
[2024-12-17 15:37:32] [ERROR] [capacity_test] macro((0, 0)) ip(0 mram_addr(0000040A)) idx(0) write weight:1034, but recv weight: -869761228
[2024-12-17 15:37:32] [ERROR] [capacity_test] macro((0, 0)) ip(0 mram_addr(0000040B)) idx(0) write weight:1035, but recv weight: -870809804
[2024-12-17 15:37:32] [ERROR] [capacity_test] macro((0, 0)) ip(0 mram_addr(0000040C)) idx(0) write weight:1036, but recv weight: -870809804
[2024-12-17 15:37:32] [ERROR] [capacity_test] macro((0, 0)) ip(0 mram_addr(0000040D)) idx(0) write weight:1037, but recv weight: -871858380
[2024-12-17 15:37:32] [ERROR] [capacity_test] macro((0, 0)) ip(0 mram_addr(0000040E)) idx(0) write weight:1038, but recv weight: -871858380
[2024-12-17 15:37:32] [ERROR] [capacity_test] macro((0, 0)) ip(0 mram_addr(0000040F)) idx(0) write weight:1039, but recv weight: -872906956
[2024-12-17 15:37:32] [ERROR] [capacity_test] macro((0, 0)) ip(0 mram_addr(00000410)) idx(0) write weight:1040, but recv weight: -872906956
[2024-12-17 15:37:32] [ERROR] [capacity_test] macro((0, 0)) ip(0 mram_addr(00000411)) idx(0) write weight:1041, but recv weight: -873955532
[2024-12-17 15:37:32] [ERROR] [capacity_test] macro((0, 0)) ip(0 mram_addr(00000412)) idx(0) write weight:1042, but recv weight: -873955532
[2024-12-17 15:37:32] [ERROR] [capacity_test] macro((0, 0)) ip(0 mram_addr(00000413)) idx(0) write weight:1043, but recv weight: -875004108
[2024-12-17 15:37:32] [ERROR] [capacity_test] macro((0, 0)) ip(0 mram_addr(00000414)) idx(0) write weight:1044, but recv weight: -875004108
[2024-12-17 15:37:32] [ERROR] [capacity_test] macro((0, 0)) ip(0 mram_addr(00000415)) idx(0) write weight:1045, but recv weight: -876052684
[2024-12-17 15:37:32] [ERROR] [capacity_test] macro((0, 0)) ip(0 mram_addr(00000416)) idx(0) write weight:1046, but recv weight: -876052684
[2024-12-17 15:37:32] [ERROR] [capacity_test] macro((0, 0)) ip(0 mram_addr(00000417)) idx(0) write weight:1047, but recv weight: -877101260
[2024-12-17 15:37:32] [ERROR] [capacity_test] macro((0, 0)) ip(0 mram_addr(00000418)) idx(0) write weight:1048, but recv weight: -877101260
[2024-12-17 15:37:32] [ERROR] [capacity_test] macro((0, 0)) ip(0 mram_addr(00000419)) idx(0) write weight:1049, but recv weight: -878149836
[2024-12-17 15:37:32] [ERROR] [capacity_test] macro((0, 0)) ip(0 mram_addr(0000041A)) idx(0) write weight:1050, but recv weight: -878149836
[2024-12-17 15:37:32] [ERROR] [capacity_test] macro((0, 0)) ip(0 mram_addr(0000041B)) idx(0) write weight:1051, but recv weight: -880246988
[2024-12-17 15:37:32] [ERROR] [capacity_test] macro((0, 0)) ip(0 mram_addr(0000041C)) idx(0) write weight:1052, but recv weight: -882344140
[2024-12-17 15:37:32] [ERROR] [capacity_test] macro((0, 0)) ip(0 mram_addr(0000041D)) idx(0) write weight:1053, but recv weight: -884441292
[2024-12-17 15:37:32] [ERROR] [capacity_test] macro((0, 0)) ip(0 mram_addr(0000041E)) idx(0) write weight:1054, but recv weight: -886538444
[2024-12-17 15:37:32] [ERROR] [capacity_test] macro((0, 0)) ip(0 mram_addr(0000041F)) idx(0) write weight:1055, but recv weight: -888635596
[2024-12-17 15:37:32] [ERROR] [capacity_test] macro((0, 0)) ip(0 mram_addr(00000420)) idx(0) write weight:1056, but recv weight: -890732748
[2024-12-17 15:37:32] [ERROR] [capacity_test] macro((0, 0)) ip(0 mram_addr(00000421)) idx(0) write weight:1057, but recv weight: -892829900
[2024-12-17 15:37:32] [ERROR] [capacity_test] macro((0, 0)) ip(0 mram_addr(00000422)) idx(0) write weight:1058, but recv weight: -894927052
[2024-12-17 15:37:32] [ERROR] [capacity_test] macro((0, 0)) ip(0 mram_addr(00000423)) idx(0) write weight:1059, but recv weight: -897024204
[2024-12-17 15:37:32] [ERROR] [capacity_test] macro((0, 0)) ip(0 mram_addr(00000424)) idx(0) write weight:1060, but recv weight: -899121356
[2024-12-17 15:37:32] [ERROR] [capacity_test] macro((0, 0)) ip(0 mram_addr(00000425)) idx(0) write weight:1061, but recv weight: -901218508
[2024-12-17 15:37:32] [ERROR] [capacity_test] macro((0, 0)) ip(0 mram_addr(00000426)) idx(0) write weight:1062, but recv weight: -903315660
[2024-12-17 15:37:32] [ERROR] [capacity_test] macro((0, 0)) ip(0 mram_addr(00000427)) idx(0) write weight:1063, but recv weight: -905412812
[2024-12-17 15:37:32] [ERROR] [capacity_test] macro((0, 0)) ip(0 mram_addr(00000428)) idx(0) write weight:1064, but recv weight: -907509964
[2024-12-17 15:37:32] [ERROR] [capacity_test] macro((0, 0)) ip(0 mram_addr(00000429)) idx(0) write weight:1065, but recv weight: -909607116
[2024-12-17 15:37:32] [ERROR] [capacity_test] macro((0, 0)) ip(0 mram_addr(0000042A)) idx(0) write weight:1066, but recv weight: -911704268
[2024-12-17 15:37:32] [ERROR] [capacity_test] macro((0, 0)) ip(0 mram_addr(0000042B)) idx(0) write weight:1067, but recv weight: -913801420
[2024-12-17 15:37:32] [ERROR] [capacity_test] macro((0, 0)) ip(0 mram_addr(0000042C)) idx(0) write weight:1068, but recv weight: -915898572
[2024-12-17 15:37:32] [ERROR] [capacity_test] macro((0, 0)) ip(0 mram_addr(0000042D)) idx(0) write weight:1069, but recv weight: -917995724
[2024-12-17 15:37:32] [ERROR] [capacity_test] macro((0, 0)) ip(0 mram_addr(0000042E)) idx(0) write weight:1070, but recv weight: -920092876
[2024-12-17 15:37:32] [ERROR] [capacity_test] macro((0, 0)) ip(0 mram_addr(0000042F)) idx(0) write weight:1071, but recv weight: -922190028
[2024-12-17 15:37:32] [ERROR] [capacity_test] macro((0, 0)) ip(0 mram_addr(00000430)) idx(0) write weight:1072, but recv weight: -924287180
[2024-12-17 15:37:32] [ERROR] [capacity_test] macro((0, 0)) ip(0 mram_addr(00000431)) idx(0) write weight:1073, but recv weight: -926384332
[2024-12-17 15:37:32] [ERROR] [capacity_test] macro((0, 0)) ip(0 mram_addr(00000432)) idx(0) write weight:1074, but recv weight: -928481484
[2024-12-17 15:37:32] [ERROR] [capacity_test] macro((0, 0)) ip(0 mram_addr(00000433)) idx(0) write weight:1075, but recv weight: -930578636
[2024-12-17 15:37:32] [ERROR] [capacity_test] macro((0, 0)) ip(0 mram_addr(00000434)) idx(0) write weight:1076, but recv weight: -932675788
[2024-12-17 15:37:32] [ERROR] [capacity_test] macro((0, 0)) ip(0 mram_addr(00000435)) idx(0) write weight:1077, but recv weight: -934772940
[2024-12-17 15:37:32] [ERROR] [capacity_test] macro((0, 0)) ip(0 mram_addr(00000436)) idx(0) write weight:1078, but recv weight: -936870092
[2024-12-17 15:37:32] [ERROR] [capacity_test] macro((0, 0)) ip(0 mram_addr(00000437)) idx(0) write weight:1079, but recv weight: -938967244
[2024-12-17 15:37:32] [ERROR] [capacity_test] macro((0, 0)) ip(0 mram_addr(00000438)) idx(0) write weight:1080, but recv weight: -941064396
[2024-12-17 15:37:32] [ERROR] [capacity_test] macro((0, 0)) ip(0 mram_addr(00000439)) idx(0) write weight:1081, but recv weight: -944210124
[2024-12-17 15:37:32] [ERROR] [capacity_test] macro((0, 0)) ip(0 mram_addr(0000043A)) idx(0) write weight:1082, but recv weight: -841449676
[2024-12-17 15:37:32] [ERROR] [capacity_test] macro((0, 0)) ip(0 mram_addr(0000043B)) idx(0) write weight:1083, but recv weight: -841449676
[2024-12-17 15:37:32] [ERROR] [capacity_test] macro((0, 0)) ip(0 mram_addr(0000043C)) idx(0) write weight:1084, but recv weight: -841449676
[2024-12-17 15:37:32] [ERROR] [capacity_test] macro((0, 0)) ip(0 mram_addr(0000043D)) idx(0) write weight:1085, but recv weight: -841449676
[2024-12-17 15:37:32] [ERROR] [capacity_test] macro((0, 0)) ip(0 mram_addr(0000043E)) idx(0) write weight:1086, but recv weight: -841449676
[2024-12-17 15:37:32] [ERROR] [capacity_test] macro((0, 0)) ip(0 mram_addr(0000043F)) idx(0) write weight:1087, but recv weight: -842498252
[2024-12-17 15:37:32] [ERROR] [capacity_test] macro((0, 0)) ip(0 mram_addr(00000440)) idx(0) write weight:1088, but recv weight: -842498252
[2024-12-17 15:37:32] [ERROR] [capacity_test] macro((0, 0)) ip(0 mram_addr(00000441)) idx(0) write weight:1089, but recv weight: -842498252
[2024-12-17 15:37:32] [ERROR] [capacity_test] macro((0, 0)) ip(0 mram_addr(00000442)) idx(0) write weight:1090, but recv weight: -842498252
[2024-12-17 15:37:32] [ERROR] [capacity_test] macro((0, 0)) ip(0 mram_addr(00000443)) idx(0) write weight:1091, but recv weight: -842498252
[2024-12-17 15:37:32] [ERROR] [capacity_test] macro((0, 0)) ip(0 mram_addr(00000444)) idx(0) write weight:1092, but recv weight: -842498252
[2024-12-17 15:37:32] [ERROR] [capacity_test] macro((0, 0)) ip(0 mram_addr(00000445)) idx(0) write weight:1093, but recv weight: -842498252
[2024-12-17 15:37:32] [ERROR] [capacity_test] macro((0, 0)) ip(0 mram_addr(00000446)) idx(0) write weight:1094, but recv weight: -842498252
[2024-12-17 15:37:32] [ERROR] [capacity_test] macro((0, 0)) ip(0 mram_addr(00000447)) idx(0) write weight:1095, but recv weight: -842498252
[2024-12-17 15:37:32] [ERROR] [capacity_test] macro((0, 0)) ip(0 mram_addr(00000448)) idx(0) write weight:1096, but recv weight: -842498252
[2024-12-17 15:37:32] [ERROR] [capacity_test] macro((0, 0)) ip(0 mram_addr(00000449)) idx(0) write weight:1097, but recv weight: -842498252
[2024-12-17 15:37:32] [ERROR] [capacity_test] macro((0, 0)) ip(0 mram_addr(0000044A)) idx(0) write weight:1098, but recv weight: -842498252
[2024-12-17 15:37:32] [ERROR] [capacity_test] macro((0, 0)) ip(0 mram_addr(0000044B)) idx(0) write weight:1099, but recv weight: -842498252
[2024-12-17 15:37:32] [ERROR] [capacity_test] macro((0, 0)) ip(0 mram_addr(0000044C)) idx(0) write weight:1100, but recv weight: -842498252
[2024-12-17 15:37:32] [ERROR] [capacity_test] macro((0, 0)) ip(0 mram_addr(0000044D)) idx(0) write weight:1101, but recv weight: -842498252
[2024-12-17 15:37:32] [ERROR] [capacity_test] macro((0, 0)) ip(0 mram_addr(0000044E)) idx(0) write weight:1102, but recv weight: -842498252
[2024-12-17 15:37:32] [ERROR] [capacity_test] macro((0, 0)) ip(0 mram_addr(0000044F)) idx(0) write weight:1103, but recv weight: -843546828
[2024-12-17 15:37:32] [ERROR] [capacity_test] macro((0, 0)) ip(0 mram_addr(00000450)) idx(0) write weight:1104, but recv weight: -843546828
[2024-12-17 15:37:32] [ERROR] [capacity_test] macro((0, 0)) ip(0 mram_addr(00000451)) idx(0) write weight:1105, but recv weight: -843546828
[2024-12-17 15:37:32] [ERROR] [capacity_test] macro((0, 0)) ip(0 mram_addr(00000452)) idx(0) write weight:1106, but recv weight: -843546828
[2024-12-17 15:37:32] [ERROR] [capacity_test] macro((0, 0)) ip(0 mram_addr(00000453)) idx(0) write weight:1107, but recv weight: -843546828
[2024-12-17 15:37:32] [ERROR] [capacity_test] macro((0, 0)) ip(0 mram_addr(00000454)) idx(0) write weight:1108, but recv weight: -843546828
[2024-12-17 15:37:32] [ERROR] [capacity_test] macro((0, 0)) ip(0 mram_addr(00000455)) idx(0) write weight:1109, but recv weight: -843546828
[2024-12-17 15:37:32] [ERROR] [capacity_test] macro((0, 0)) ip(0 mram_addr(00000456)) idx(0) write weight:1110, but recv weight: -843546828
[2024-12-17 15:37:32] [ERROR] [capacity_test] macro((0, 0)) ip(0 mram_addr(00000457)) idx(0) write weight:1111, but recv weight: -843546828
[2024-12-17 15:37:32] [ERROR] [capacity_test] macro((0, 0)) ip(0 mram_addr(00000458)) idx(0) write weight:1112, but recv weight: -843546828
[2024-12-17 15:37:32] [ERROR] [capacity_test] macro((0, 0)) ip(0 mram_addr(00000459)) idx(0) write weight:1113, but recv weight: -843546828
[2024-12-17 15:37:32] [ERROR] [capacity_test] macro((0, 0)) ip(0 mram_addr(0000045A)) idx(0) write weight:1114, but recv weight: -843546828
[2024-12-17 15:37:32] [ERROR] [capacity_test] macro((0, 0)) ip(0 mram_addr(0000045B)) idx(0) write weight:1115, but recv weight: -843546828
[2024-12-17 15:37:32] [ERROR] [capacity_test] macro((0, 0)) ip(0 mram_addr(0000045C)) idx(0) write weight:1116, but recv weight: -843546828
[2024-12-17 15:37:32] [ERROR] [capacity_test] macro((0, 0)) ip(0 mram_addr(0000045D)) idx(0) write weight:1117, but recv weight: -844595404
[2024-12-17 15:37:32] [ERROR] [capacity_test] macro((0, 0)) ip(0 mram_addr(0000045E)) idx(0) write weight:1118, but recv weight: -844595404
[2024-12-17 15:37:32] [ERROR] [capacity_test] macro((0, 0)) ip(0 mram_addr(0000045F)) idx(0) write weight:1119, but recv weight: -845643980
[2024-12-17 15:37:32] [ERROR] [capacity_test] macro((0, 0)) ip(0 mram_addr(00000460)) idx(0) write weight:1120, but recv weight: -845643980
[2024-12-17 15:37:32] [ERROR] [capacity_test] macro((0, 0)) ip(0 mram_addr(00000461)) idx(0) write weight:1121, but recv weight: -846692556
[2024-12-17 15:37:32] [ERROR] [capacity_test] macro((0, 0)) ip(0 mram_addr(00000462)) idx(0) write weight:1122, but recv weight: -846692556
[2024-12-17 15:37:32] [ERROR] [capacity_test] macro((0, 0)) ip(0 mram_addr(00000463)) idx(0) write weight:1123, but recv weight: -847741132
[2024-12-17 15:37:32] [ERROR] [capacity_test] macro((0, 0)) ip(0 mram_addr(00000464)) idx(0) write weight:1124, but recv weight: -847741132
[2024-12-17 15:37:32] [ERROR] [capacity_test] macro((0, 0)) ip(0 mram_addr(00000465)) idx(0) write weight:1125, but recv weight: -848789708
[2024-12-17 15:37:32] [ERROR] [capacity_test] macro((0, 0)) ip(0 mram_addr(00000466)) idx(0) write weight:1126, but recv weight: -848789708
[2024-12-17 15:37:32] [ERROR] [capacity_test] macro((0, 0)) ip(0 mram_addr(00000467)) idx(0) write weight:1127, but recv weight: -849838284
[2024-12-17 15:37:32] [ERROR] [capacity_test] macro((0, 0)) ip(0 mram_addr(00000468)) idx(0) write weight:1128, but recv weight: -849838284
[2024-12-17 15:37:32] [ERROR] [capacity_test] macro((0, 0)) ip(0 mram_addr(00000469)) idx(0) write weight:1129, but recv weight: -850886860
[2024-12-17 15:37:32] [ERROR] [capacity_test] macro((0, 0)) ip(0 mram_addr(0000046A)) idx(0) write weight:1130, but recv weight: -850886860
[2024-12-17 15:37:32] [ERROR] [capacity_test] macro((0, 0)) ip(0 mram_addr(0000046B)) idx(0) write weight:1131, but recv weight: -851935436
[2024-12-17 15:37:32] [ERROR] [capacity_test] macro((0, 0)) ip(0 mram_addr(0000046C)) idx(0) write weight:1132, but recv weight: -851935436
[2024-12-17 15:37:32] [ERROR] [capacity_test] macro((0, 0)) ip(0 mram_addr(0000046D)) idx(0) write weight:1133, but recv weight: -852984012
[2024-12-17 15:37:32] [ERROR] [capacity_test] macro((0, 0)) ip(0 mram_addr(0000046E)) idx(0) write weight:1134, but recv weight: -852984012
[2024-12-17 15:37:32] [ERROR] [capacity_test] macro((0, 0)) ip(0 mram_addr(0000046F)) idx(0) write weight:1135, but recv weight: -854032588
[2024-12-17 15:37:32] [ERROR] [capacity_test] macro((0, 0)) ip(0 mram_addr(00000470)) idx(0) write weight:1136, but recv weight: -854032588
[2024-12-17 15:37:32] [ERROR] [capacity_test] macro((0, 0)) ip(0 mram_addr(00000471)) idx(0) write weight:1137, but recv weight: -855081164
[2024-12-17 15:37:32] [ERROR] [capacity_test] macro((0, 0)) ip(0 mram_addr(00000472)) idx(0) write weight:1138, but recv weight: -855081164
[2024-12-17 15:37:32] [ERROR] [capacity_test] macro((0, 0)) ip(0 mram_addr(00000473)) idx(0) write weight:1139, but recv weight: -856129740
[2024-12-17 15:37:32] [ERROR] [capacity_test] macro((0, 0)) ip(0 mram_addr(00000474)) idx(0) write weight:1140, but recv weight: -856129740
[2024-12-17 15:37:32] [ERROR] [capacity_test] macro((0, 0)) ip(0 mram_addr(00000475)) idx(0) write weight:1141, but recv weight: -857178316
[2024-12-17 15:37:32] [ERROR] [capacity_test] macro((0, 0)) ip(0 mram_addr(00000476)) idx(0) write weight:1142, but recv weight: -857178316
[2024-12-17 15:37:32] [ERROR] [capacity_test] macro((0, 0)) ip(0 mram_addr(00000477)) idx(0) write weight:1143, but recv weight: -858226892
[2024-12-17 15:37:32] [ERROR] [capacity_test] macro((0, 0)) ip(0 mram_addr(00000478)) idx(0) write weight:1144, but recv weight: -858226892
[2024-12-17 15:37:32] [ERROR] [capacity_test] macro((0, 0)) ip(0 mram_addr(00000479)) idx(0) write weight:1145, but recv weight: -859275468
[2024-12-17 15:37:32] [ERROR] [capacity_test] macro((0, 0)) ip(0 mram_addr(0000047A)) idx(0) write weight:1146, but recv weight: -859275468
[2024-12-17 15:37:32] [ERROR] [capacity_test] macro((0, 0)) ip(0 mram_addr(0000047B)) idx(0) write weight:1147, but recv weight: -860324044
[2024-12-17 15:37:32] [ERROR] [capacity_test] macro((0, 0)) ip(0 mram_addr(0000047C)) idx(0) write weight:1148, but recv weight: -860324044
[2024-12-17 15:37:32] [ERROR] [capacity_test] macro((0, 0)) ip(0 mram_addr(0000047D)) idx(0) write weight:1149, but recv weight: -861372620
[2024-12-17 15:37:32] [ERROR] [capacity_test] macro((0, 0)) ip(0 mram_addr(0000047E)) idx(0) write weight:1150, but recv weight: -861372620
[2024-12-17 15:37:32] [ERROR] [capacity_test] macro((0, 0)) ip(0 mram_addr(0000047F)) idx(0) write weight:1151, but recv weight: -862421196
[2024-12-17 15:37:32] [ERROR] [capacity_test] macro((0, 0)) ip(0 mram_addr(00000480)) idx(0) write weight:1152, but recv weight: -862421196
[2024-12-17 15:37:32] [ERROR] [capacity_test] macro((0, 0)) ip(0 mram_addr(00000481)) idx(0) write weight:1153, but recv weight: -863469772
[2024-12-17 15:37:32] [ERROR] [capacity_test] macro((0, 0)) ip(0 mram_addr(00000482)) idx(0) write weight:1154, but recv weight: -863469772
[2024-12-17 15:37:32] [ERROR] [capacity_test] macro((0, 0)) ip(0 mram_addr(00000483)) idx(0) write weight:1155, but recv weight: -864518348
[2024-12-17 15:37:32] [ERROR] [capacity_test] macro((0, 0)) ip(0 mram_addr(00000484)) idx(0) write weight:1156, but recv weight: -864518348
[2024-12-17 15:37:32] [ERROR] [capacity_test] macro((0, 0)) ip(0 mram_addr(00000485)) idx(0) write weight:1157, but recv weight: -865566924
[2024-12-17 15:37:32] [ERROR] [capacity_test] macro((0, 0)) ip(0 mram_addr(00000486)) idx(0) write weight:1158, but recv weight: -865566924
[2024-12-17 15:37:32] [ERROR] [capacity_test] macro((0, 0)) ip(0 mram_addr(00000487)) idx(0) write weight:1159, but recv weight: -866615500
[2024-12-17 15:37:32] [ERROR] [capacity_test] macro((0, 0)) ip(0 mram_addr(00000488)) idx(0) write weight:1160, but recv weight: -866615500
[2024-12-17 15:37:32] [ERROR] [capacity_test] macro((0, 0)) ip(0 mram_addr(00000489)) idx(0) write weight:1161, but recv weight: -867664076
[2024-12-17 15:37:32] [ERROR] [capacity_test] macro((0, 0)) ip(0 mram_addr(0000048A)) idx(0) write weight:1162, but recv weight: -867664076
[2024-12-17 15:37:32] [ERROR] [capacity_test] macro((0, 0)) ip(0 mram_addr(0000048B)) idx(0) write weight:1163, but recv weight: -868712652
[2024-12-17 15:37:32] [ERROR] [capacity_test] macro((0, 0)) ip(0 mram_addr(0000048C)) idx(0) write weight:1164, but recv weight: -868712652
[2024-12-17 15:37:32] [ERROR] [capacity_test] macro((0, 0)) ip(0 mram_addr(0000048D)) idx(0) write weight:1165, but recv weight: -869761228
[2024-12-17 15:37:32] [ERROR] [capacity_test] macro((0, 0)) ip(0 mram_addr(0000048E)) idx(0) write weight:1166, but recv weight: -869761228
[2024-12-17 15:37:32] [ERROR] [capacity_test] macro((0, 0)) ip(0 mram_addr(0000048F)) idx(0) write weight:1167, but recv weight: -870809804
[2024-12-17 15:37:32] [ERROR] [capacity_test] macro((0, 0)) ip(0 mram_addr(00000490)) idx(0) write weight:1168, but recv weight: -870809804
[2024-12-17 15:37:32] [ERROR] [capacity_test] macro((0, 0)) ip(0 mram_addr(00000491)) idx(0) write weight:1169, but recv weight: -871858380
[2024-12-17 15:37:32] [ERROR] [capacity_test] macro((0, 0)) ip(0 mram_addr(00000492)) idx(0) write weight:1170, but recv weight: -871858380
[2024-12-17 15:37:32] [ERROR] [capacity_test] macro((0, 0)) ip(0 mram_addr(00000493)) idx(0) write weight:1171, but recv weight: -872906956
[2024-12-17 15:37:32] [ERROR] [capacity_test] macro((0, 0)) ip(0 mram_addr(00000494)) idx(0) write weight:1172, but recv weight: -872906956
[2024-12-17 15:37:32] [ERROR] [capacity_test] macro((0, 0)) ip(0 mram_addr(00000495)) idx(0) write weight:1173, but recv weight: -873955532
[2024-12-17 15:37:32] [ERROR] [capacity_test] macro((0, 0)) ip(0 mram_addr(00000496)) idx(0) write weight:1174, but recv weight: -873955532
[2024-12-17 15:37:32] [ERROR] [capacity_test] macro((0, 0)) ip(0 mram_addr(00000497)) idx(0) write weight:1175, but recv weight: -875004108
[2024-12-17 15:37:32] [ERROR] [capacity_test] macro((0, 0)) ip(0 mram_addr(00000498)) idx(0) write weight:1176, but recv weight: -875004108
[2024-12-17 15:37:32] [ERROR] [capacity_test] macro((0, 0)) ip(0 mram_addr(00000499)) idx(0) write weight:1177, but recv weight: -876052684
[2024-12-17 15:37:32] [ERROR] [capacity_test] macro((0, 0)) ip(0 mram_addr(0000049A)) idx(0) write weight:1178, but recv weight: -876052684
[2024-12-17 15:37:32] [ERROR] [capacity_test] macro((0, 0)) ip(0 mram_addr(0000049B)) idx(0) write weight:1179, but recv weight: -877101260
[2024-12-17 15:37:32] [ERROR] [capacity_test] macro((0, 0)) ip(0 mram_addr(0000049C)) idx(0) write weight:1180, but recv weight: -877101260
[2024-12-17 15:37:32] [ERROR] [capacity_test] macro((0, 0)) ip(0 mram_addr(0000049D)) idx(0) write weight:1181, but recv weight: -878149836
[2024-12-17 15:37:32] [ERROR] [capacity_test] macro((0, 0)) ip(0 mram_addr(0000049E)) idx(0) write weight:1182, but recv weight: -878149836
[2024-12-17 15:37:32] [ERROR] [capacity_test] macro((0, 0)) ip(0 mram_addr(0000049F)) idx(0) write weight:1183, but recv weight: -880246988
[2024-12-17 15:37:32] [ERROR] [capacity_test] macro((0, 0)) ip(0 mram_addr(000004A0)) idx(0) write weight:1184, but recv weight: -882344140
[2024-12-17 15:37:32] [ERROR] [capacity_test] macro((0, 0)) ip(0 mram_addr(000004A1)) idx(0) write weight:1185, but recv weight: -884441292
[2024-12-17 15:37:32] [ERROR] [capacity_test] macro((0, 0)) ip(0 mram_addr(000004A2)) idx(0) write weight:1186, but recv weight: -886538444
[2024-12-17 15:37:32] [ERROR] [capacity_test] macro((0, 0)) ip(0 mram_addr(000004A3)) idx(0) write weight:1187, but recv weight: -888635596
[2024-12-17 15:37:32] [ERROR] [capacity_test] macro((0, 0)) ip(0 mram_addr(000004A4)) idx(0) write weight:1188, but recv weight: -890732748
[2024-12-17 15:37:32] [ERROR] [capacity_test] macro((0, 0)) ip(0 mram_addr(000004A5)) idx(0) write weight:1189, but recv weight: -892829900
[2024-12-17 15:37:32] [ERROR] [capacity_test] macro((0, 0)) ip(0 mram_addr(000004A6)) idx(0) write weight:1190, but recv weight: -894927052
[2024-12-17 15:37:32] [ERROR] [capacity_test] macro((0, 0)) ip(0 mram_addr(000004A7)) idx(0) write weight:1191, but recv weight: -897024204
[2024-12-17 15:37:32] [ERROR] [capacity_test] macro((0, 0)) ip(0 mram_addr(000004A8)) idx(0) write weight:1192, but recv weight: -899121356
[2024-12-17 15:37:32] [ERROR] [capacity_test] macro((0, 0)) ip(0 mram_addr(000004A9)) idx(0) write weight:1193, but recv weight: -901218508
[2024-12-17 15:37:32] [ERROR] [capacity_test] macro((0, 0)) ip(0 mram_addr(000004AA)) idx(0) write weight:1194, but recv weight: -903315660
[2024-12-17 15:37:32] [ERROR] [capacity_test] macro((0, 0)) ip(0 mram_addr(000004AB)) idx(0) write weight:1195, but recv weight: -905412812
[2024-12-17 15:37:32] [ERROR] [capacity_test] macro((0, 0)) ip(0 mram_addr(000004AC)) idx(0) write weight:1196, but recv weight: -907509964
[2024-12-17 15:37:32] [ERROR] [capacity_test] macro((0, 0)) ip(0 mram_addr(000004AD)) idx(0) write weight:1197, but recv weight: -909607116
[2024-12-17 15:37:32] [ERROR] [capacity_test] macro((0, 0)) ip(0 mram_addr(000004AE)) idx(0) write weight:1198, but recv weight: -911704268
[2024-12-17 15:37:32] [ERROR] [capacity_test] macro((0, 0)) ip(0 mram_addr(000004AF)) idx(0) write weight:1199, but recv weight: -913801420
[2024-12-17 15:37:32] [ERROR] [capacity_test] macro((0, 0)) ip(0 mram_addr(000004B0)) idx(0) write weight:1200, but recv weight: -915898572
[2024-12-17 15:37:32] [ERROR] [capacity_test] macro((0, 0)) ip(0 mram_addr(000004B1)) idx(0) write weight:1201, but recv weight: -917995724
[2024-12-17 15:37:32] [ERROR] [capacity_test] macro((0, 0)) ip(0 mram_addr(000004B2)) idx(0) write weight:1202, but recv weight: -920092876
[2024-12-17 15:37:32] [ERROR] [capacity_test] macro((0, 0)) ip(0 mram_addr(000004B3)) idx(0) write weight:1203, but recv weight: -922190028
[2024-12-17 15:37:32] [ERROR] [capacity_test] macro((0, 0)) ip(0 mram_addr(000004B4)) idx(0) write weight:1204, but recv weight: -924287180
[2024-12-17 15:37:32] [ERROR] [capacity_test] macro((0, 0)) ip(0 mram_addr(000004B5)) idx(0) write weight:1205, but recv weight: -926384332
[2024-12-17 15:37:32] [ERROR] [capacity_test] macro((0, 0)) ip(0 mram_addr(000004B6)) idx(0) write weight:1206, but recv weight: -928481484
[2024-12-17 15:37:32] [ERROR] [capacity_test] macro((0, 0)) ip(0 mram_addr(000004B7)) idx(0) write weight:1207, but recv weight: -930578636
[2024-12-17 15:37:32] [ERROR] [capacity_test] macro((0, 0)) ip(0 mram_addr(000004B8)) idx(0) write weight:1208, but recv weight: -932675788
[2024-12-17 15:37:32] [ERROR] [capacity_test] macro((0, 0)) ip(0 mram_addr(000004B9)) idx(0) write weight:1209, but recv weight: -934772940
[2024-12-17 15:37:32] [ERROR] [capacity_test] macro((0, 0)) ip(0 mram_addr(000004BA)) idx(0) write weight:1210, but recv weight: -936870092
[2024-12-17 15:37:32] [ERROR] [capacity_test] macro((0, 0)) ip(0 mram_addr(000004BB)) idx(0) write weight:1211, but recv weight: -938967244
[2024-12-17 15:37:32] [ERROR] [capacity_test] macro((0, 0)) ip(0 mram_addr(000004BC)) idx(0) write weight:1212, but recv weight: -941064396
[2024-12-17 15:37:32] [ERROR] [capacity_test] macro((0, 0)) ip(0 mram_addr(000004BD)) idx(0) write weight:1213, but recv weight: -943161548
[2024-12-17 15:37:32] [ERROR] [capacity_test] macro((0, 0)) ip(0 mram_addr(000004BE)) idx(0) write weight:1214, but recv weight: -839352524
[2024-12-17 15:37:32] [ERROR] [capacity_test] macro((0, 0)) ip(0 mram_addr(000004BF)) idx(0) write weight:1215, but recv weight: -839352524
[2024-12-17 15:37:32] [ERROR] [capacity_test] macro((0, 0)) ip(0 mram_addr(000004C0)) idx(0) write weight:1216, but recv weight: -839352524
[2024-12-17 15:37:32] [ERROR] [capacity_test] macro((0, 0)) ip(0 mram_addr(000004C1)) idx(0) write weight:1217, but recv weight: -839352524
[2024-12-17 15:37:32] [ERROR] [capacity_test] macro((0, 0)) ip(0 mram_addr(000004C2)) idx(0) write weight:1218, but recv weight: -839352524
[2024-12-17 15:37:32] [ERROR] [capacity_test] macro((0, 0)) ip(0 mram_addr(000004C3)) idx(0) write weight:1219, but recv weight: -839352524
[2024-12-17 15:37:32] [ERROR] [capacity_test] macro((0, 0)) ip(0 mram_addr(000004C4)) idx(0) write weight:1220, but recv weight: -839352524
[2024-12-17 15:37:32] [ERROR] [capacity_test] macro((0, 0)) ip(0 mram_addr(000004C5)) idx(0) write weight:1221, but recv weight: -839352524
[2024-12-17 15:37:32] [ERROR] [capacity_test] macro((0, 0)) ip(0 mram_addr(000004C6)) idx(0) write weight:1222, but recv weight: -839352524
[2024-12-17 15:37:32] [ERROR] [capacity_test] macro((0, 0)) ip(0 mram_addr(000004C7)) idx(0) write weight:1223, but recv weight: -839352524
[2024-12-17 15:37:32] [ERROR] [capacity_test] macro((0, 0)) ip(0 mram_addr(000004C8)) idx(0) write weight:1224, but recv weight: -840401100
[2024-12-17 15:37:32] [ERROR] [capacity_test] macro((0, 0)) ip(0 mram_addr(000004C9)) idx(0) write weight:1225, but recv weight: -840401100
[2024-12-17 15:37:32] [ERROR] [capacity_test] macro((0, 0)) ip(0 mram_addr(000004CA)) idx(0) write weight:1226, but recv weight: -840401100
[2024-12-17 15:37:32] [ERROR] [capacity_test] macro((0, 0)) ip(0 mram_addr(000004CB)) idx(0) write weight:1227, but recv weight: -840401100
[2024-12-17 15:37:32] [ERROR] [capacity_test] macro((0, 0)) ip(0 mram_addr(000004CC)) idx(0) write weight:1228, but recv weight: -840401100
[2024-12-17 15:37:32] [ERROR] [capacity_test] macro((0, 0)) ip(0 mram_addr(000004CD)) idx(0) write weight:1229, but recv weight: -840401100
[2024-12-17 15:37:32] [ERROR] [capacity_test] macro((0, 0)) ip(0 mram_addr(000004CE)) idx(0) write weight:1230, but recv weight: -840401100
[2024-12-17 15:37:32] [ERROR] [capacity_test] macro((0, 0)) ip(0 mram_addr(000004CF)) idx(0) write weight:1231, but recv weight: -840401100
[2024-12-17 15:37:32] [ERROR] [capacity_test] macro((0, 0)) ip(0 mram_addr(000004D0)) idx(0) write weight:1232, but recv weight: -840401100
[2024-12-17 15:37:32] [ERROR] [capacity_test] macro((0, 0)) ip(0 mram_addr(000004D1)) idx(0) write weight:1233, but recv weight: -840401100
[2024-12-17 15:37:32] [ERROR] [capacity_test] macro((0, 0)) ip(0 mram_addr(000004D2)) idx(0) write weight:1234, but recv weight: -840401100
[2024-12-17 15:37:32] [ERROR] [capacity_test] macro((0, 0)) ip(0 mram_addr(000004D3)) idx(0) write weight:1235, but recv weight: -840401100
[2024-12-17 15:37:32] [ERROR] [capacity_test] macro((0, 0)) ip(0 mram_addr(000004D4)) idx(0) write weight:1236, but recv weight: -840401100
[2024-12-17 15:37:32] [ERROR] [capacity_test] macro((0, 0)) ip(0 mram_addr(000004D5)) idx(0) write weight:1237, but recv weight: -840401100
[2024-12-17 15:37:32] [ERROR] [capacity_test] macro((0, 0)) ip(0 mram_addr(000004D6)) idx(0) write weight:1238, but recv weight: -840401100
[2024-12-17 15:37:32] [ERROR] [capacity_test] macro((0, 0)) ip(0 mram_addr(000004D7)) idx(0) write weight:1239, but recv weight: -840401100
[2024-12-17 15:37:32] [ERROR] [capacity_test] macro((0, 0)) ip(0 mram_addr(000004D8)) idx(0) write weight:1240, but recv weight: -841449676
[2024-12-17 15:37:32] [ERROR] [capacity_test] macro((0, 0)) ip(0 mram_addr(000004D9)) idx(0) write weight:1241, but recv weight: -841449676
[2024-12-17 15:37:32] [ERROR] [capacity_test] macro((0, 0)) ip(0 mram_addr(000004DA)) idx(0) write weight:1242, but recv weight: -841449676
[2024-12-17 15:37:32] [ERROR] [capacity_test] macro((0, 0)) ip(0 mram_addr(000004DB)) idx(0) write weight:1243, but recv weight: -841449676
[2024-12-17 15:37:32] [ERROR] [capacity_test] macro((0, 0)) ip(0 mram_addr(000004DC)) idx(0) write weight:1244, but recv weight: -841449676
[2024-12-17 15:37:32] [ERROR] [capacity_test] macro((0, 0)) ip(0 mram_addr(000004DD)) idx(0) write weight:1245, but recv weight: -841449676
[2024-12-17 15:37:32] [ERROR] [capacity_test] macro((0, 0)) ip(0 mram_addr(000004DE)) idx(0) write weight:1246, but recv weight: -841449676
[2024-12-17 15:37:32] [ERROR] [capacity_test] macro((0, 0)) ip(0 mram_addr(000004DF)) idx(0) write weight:1247, but recv weight: -841449676
[2024-12-17 15:37:32] [ERROR] [capacity_test] macro((0, 0)) ip(0 mram_addr(000004E0)) idx(0) write weight:1248, but recv weight: -841449676
[2024-12-17 15:37:32] [ERROR] [capacity_test] macro((0, 0)) ip(0 mram_addr(000004E1)) idx(0) write weight:1249, but recv weight: -841449676
[2024-12-17 15:37:32] [ERROR] [capacity_test] macro((0, 0)) ip(0 mram_addr(000004E2)) idx(0) write weight:1250, but recv weight: -841449676
[2024-12-17 15:37:32] [ERROR] [capacity_test] macro((0, 0)) ip(0 mram_addr(000004E3)) idx(0) write weight:1251, but recv weight: -841449676
[2024-12-17 15:37:32] [ERROR] [capacity_test] macro((0, 0)) ip(0 mram_addr(000004E4)) idx(0) write weight:1252, but recv weight: -841449676
[2024-12-17 15:37:32] [ERROR] [capacity_test] macro((0, 0)) ip(0 mram_addr(000004E5)) idx(0) write weight:1253, but recv weight: -841449676
[2024-12-17 15:37:32] [ERROR] [capacity_test] macro((0, 0)) ip(0 mram_addr(000004E6)) idx(0) write weight:1254, but recv weight: -841449676
[2024-12-17 15:37:32] [ERROR] [capacity_test] macro((0, 0)) ip(0 mram_addr(000004E7)) idx(0) write weight:1255, but recv weight: -841449676
[2024-12-17 15:37:32] [ERROR] [capacity_test] macro((0, 0)) ip(0 mram_addr(000004E8)) idx(0) write weight:1256, but recv weight: -842498252
[2024-12-17 15:37:32] [ERROR] [capacity_test] macro((0, 0)) ip(0 mram_addr(000004E9)) idx(0) write weight:1257, but recv weight: -842498252
[2024-12-17 15:37:32] [ERROR] [capacity_test] macro((0, 0)) ip(0 mram_addr(000004EA)) idx(0) write weight:1258, but recv weight: -842498252
[2024-12-17 15:37:32] [ERROR] [capacity_test] macro((0, 0)) ip(0 mram_addr(000004EB)) idx(0) write weight:1259, but recv weight: -842498252
[2024-12-17 15:37:32] [ERROR] [capacity_test] macro((0, 0)) ip(0 mram_addr(000004EC)) idx(0) write weight:1260, but recv weight: -842498252
[2024-12-17 15:37:32] [ERROR] [capacity_test] macro((0, 0)) ip(0 mram_addr(000004ED)) idx(0) write weight:1261, but recv weight: -842498252
[2024-12-17 15:37:32] [ERROR] [capacity_test] macro((0, 0)) ip(0 mram_addr(000004EE)) idx(0) write weight:1262, but recv weight: -842498252
[2024-12-17 15:37:32] [ERROR] [capacity_test] macro((0, 0)) ip(0 mram_addr(000004EF)) idx(0) write weight:1263, but recv weight: -842498252
[2024-12-17 15:37:32] [ERROR] [capacity_test] macro((0, 0)) ip(0 mram_addr(000004F0)) idx(0) write weight:1264, but recv weight: -842498252
[2024-12-17 15:37:32] [ERROR] [capacity_test] macro((0, 0)) ip(0 mram_addr(000004F1)) idx(0) write weight:1265, but recv weight: -842498252
[2024-12-17 15:37:32] [ERROR] [capacity_test] macro((0, 0)) ip(0 mram_addr(000004F2)) idx(0) write weight:1266, but recv weight: -842498252
[2024-12-17 15:37:32] [ERROR] [capacity_test] macro((0, 0)) ip(0 mram_addr(000004F3)) idx(0) write weight:1267, but recv weight: -842498252
[2024-12-17 15:37:32] [ERROR] [capacity_test] macro((0, 0)) ip(0 mram_addr(000004F4)) idx(0) write weight:1268, but recv weight: -842498252
[2024-12-17 15:37:32] [ERROR] [capacity_test] macro((0, 0)) ip(0 mram_addr(000004F5)) idx(0) write weight:1269, but recv weight: -842498252
[2024-12-17 15:37:32] [ERROR] [capacity_test] macro((0, 0)) ip(0 mram_addr(000004F6)) idx(0) write weight:1270, but recv weight: -842498252
[2024-12-17 15:37:32] [ERROR] [capacity_test] macro((0, 0)) ip(0 mram_addr(000004F7)) idx(0) write weight:1271, but recv weight: -842498252
[2024-12-17 15:37:32] [ERROR] [capacity_test] macro((0, 0)) ip(0 mram_addr(000004F8)) idx(0) write weight:1272, but recv weight: -843546828
[2024-12-17 15:37:32] [ERROR] [capacity_test] macro((0, 0)) ip(0 mram_addr(000004F9)) idx(0) write weight:1273, but recv weight: -843546828
[2024-12-17 15:37:32] [ERROR] [capacity_test] macro((0, 0)) ip(0 mram_addr(000004FA)) idx(0) write weight:1274, but recv weight: -843546828
[2024-12-17 15:37:32] [ERROR] [capacity_test] macro((0, 0)) ip(0 mram_addr(000004FB)) idx(0) write weight:1275, but recv weight: -843546828
[2024-12-17 15:37:32] [ERROR] [capacity_test] macro((0, 0)) ip(0 mram_addr(000004FC)) idx(0) write weight:1276, but recv weight: -843546828
[2024-12-17 15:37:32] [ERROR] [capacity_test] macro((0, 0)) ip(0 mram_addr(000004FD)) idx(0) write weight:1277, but recv weight: -843546828
[2024-12-17 15:37:32] [ERROR] [capacity_test] macro((0, 0)) ip(0 mram_addr(000004FE)) idx(0) write weight:1278, but recv weight: -843546828
[2024-12-17 15:37:32] [ERROR] [capacity_test] macro((0, 0)) ip(0 mram_addr(000004FF)) idx(0) write weight:1279, but recv weight: -843546828
[2024-12-17 15:37:32] [ERROR] [capacity_test] macro((0, 0)) ip(0 mram_addr(00000500)) idx(0) write weight:1280, but recv weight: -843546828
[2024-12-17 15:37:32] [ERROR] [capacity_test] macro((0, 0)) ip(0 mram_addr(00000501)) idx(0) write weight:1281, but recv weight: -843546828
[2024-12-17 15:37:32] [ERROR] [capacity_test] macro((0, 0)) ip(0 mram_addr(00000502)) idx(0) write weight:1282, but recv weight: -843546828
[2024-12-17 15:37:32] [ERROR] [capacity_test] macro((0, 0)) ip(0 mram_addr(00000503)) idx(0) write weight:1283, but recv weight: -843546828
[2024-12-17 15:37:32] [ERROR] [capacity_test] macro((0, 0)) ip(0 mram_addr(00000504)) idx(0) write weight:1284, but recv weight: -843546828
[2024-12-17 15:37:32] [ERROR] [capacity_test] macro((0, 0)) ip(0 mram_addr(00000505)) idx(0) write weight:1285, but recv weight: -843546828
[2024-12-17 15:37:32] [ERROR] [capacity_test] macro((0, 0)) ip(0 mram_addr(00000506)) idx(0) write weight:1286, but recv weight: -844595404
[2024-12-17 15:37:32] [ERROR] [capacity_test] macro((0, 0)) ip(0 mram_addr(00000507)) idx(0) write weight:1287, but recv weight: -844595404
[2024-12-17 15:37:32] [ERROR] [capacity_test] macro((0, 0)) ip(0 mram_addr(00000508)) idx(0) write weight:1288, but recv weight: -845643980
[2024-12-17 15:37:32] [ERROR] [capacity_test] macro((0, 0)) ip(0 mram_addr(00000509)) idx(0) write weight:1289, but recv weight: -845643980
[2024-12-17 15:37:32] [ERROR] [capacity_test] macro((0, 0)) ip(0 mram_addr(0000050A)) idx(0) write weight:1290, but recv weight: -846692556
[2024-12-17 15:37:32] [ERROR] [capacity_test] macro((0, 0)) ip(0 mram_addr(0000050B)) idx(0) write weight:1291, but recv weight: -846692556
[2024-12-17 15:37:32] [ERROR] [capacity_test] macro((0, 0)) ip(0 mram_addr(0000050C)) idx(0) write weight:1292, but recv weight: -847741132
[2024-12-17 15:37:32] [ERROR] [capacity_test] macro((0, 0)) ip(0 mram_addr(0000050D)) idx(0) write weight:1293, but recv weight: -847741132
[2024-12-17 15:37:32] [ERROR] [capacity_test] macro((0, 0)) ip(0 mram_addr(0000050E)) idx(0) write weight:1294, but recv weight: -848789708
[2024-12-17 15:37:32] [ERROR] [capacity_test] macro((0, 0)) ip(0 mram_addr(0000050F)) idx(0) write weight:1295, but recv weight: -848789708
[2024-12-17 15:37:32] [ERROR] [capacity_test] macro((0, 0)) ip(0 mram_addr(00000510)) idx(0) write weight:1296, but recv weight: -849838284
[2024-12-17 15:37:32] [ERROR] [capacity_test] macro((0, 0)) ip(0 mram_addr(00000511)) idx(0) write weight:1297, but recv weight: -849838284
[2024-12-17 15:37:32] [ERROR] [capacity_test] macro((0, 0)) ip(0 mram_addr(00000512)) idx(0) write weight:1298, but recv weight: -850886860
[2024-12-17 15:37:32] [ERROR] [capacity_test] macro((0, 0)) ip(0 mram_addr(00000513)) idx(0) write weight:1299, but recv weight: -850886860
[2024-12-17 15:37:32] [ERROR] [capacity_test] macro((0, 0)) ip(0 mram_addr(00000514)) idx(0) write weight:1300, but recv weight: -851935436
[2024-12-17 15:37:32] [ERROR] [capacity_test] macro((0, 0)) ip(0 mram_addr(00000515)) idx(0) write weight:1301, but recv weight: -851935436
[2024-12-17 15:37:32] [ERROR] [capacity_test] macro((0, 0)) ip(0 mram_addr(00000516)) idx(0) write weight:1302, but recv weight: -852984012
[2024-12-17 15:37:32] [ERROR] [capacity_test] macro((0, 0)) ip(0 mram_addr(00000517)) idx(0) write weight:1303, but recv weight: -852984012
[2024-12-17 15:37:32] [ERROR] [capacity_test] macro((0, 0)) ip(0 mram_addr(00000518)) idx(0) write weight:1304, but recv weight: -854032588
[2024-12-17 15:37:32] [ERROR] [capacity_test] macro((0, 0)) ip(0 mram_addr(00000519)) idx(0) write weight:1305, but recv weight: -854032588
[2024-12-17 15:37:32] [ERROR] [capacity_test] macro((0, 0)) ip(0 mram_addr(0000051A)) idx(0) write weight:1306, but recv weight: -855081164
[2024-12-17 15:37:32] [ERROR] [capacity_test] macro((0, 0)) ip(0 mram_addr(0000051B)) idx(0) write weight:1307, but recv weight: -855081164
[2024-12-17 15:37:32] [ERROR] [capacity_test] macro((0, 0)) ip(0 mram_addr(0000051C)) idx(0) write weight:1308, but recv weight: -856129740
[2024-12-17 15:37:32] [ERROR] [capacity_test] macro((0, 0)) ip(0 mram_addr(0000051D)) idx(0) write weight:1309, but recv weight: -856129740
[2024-12-17 15:37:32] [ERROR] [capacity_test] macro((0, 0)) ip(0 mram_addr(0000051E)) idx(0) write weight:1310, but recv weight: -857178316
[2024-12-17 15:37:32] [ERROR] [capacity_test] macro((0, 0)) ip(0 mram_addr(0000051F)) idx(0) write weight:1311, but recv weight: -857178316
[2024-12-17 15:37:32] [ERROR] [capacity_test] macro((0, 0)) ip(0 mram_addr(00000520)) idx(0) write weight:1312, but recv weight: -858226892
[2024-12-17 15:37:32] [ERROR] [capacity_test] macro((0, 0)) ip(0 mram_addr(00000521)) idx(0) write weight:1313, but recv weight: -858226892
[2024-12-17 15:37:32] [ERROR] [capacity_test] macro((0, 0)) ip(0 mram_addr(00000522)) idx(0) write weight:1314, but recv weight: -859275468
[2024-12-17 15:37:32] [ERROR] [capacity_test] macro((0, 0)) ip(0 mram_addr(00000523)) idx(0) write weight:1315, but recv weight: -859275468
[2024-12-17 15:37:32] [ERROR] [capacity_test] macro((0, 0)) ip(0 mram_addr(00000524)) idx(0) write weight:1316, but recv weight: -860324044
[2024-12-17 15:37:32] [ERROR] [capacity_test] macro((0, 0)) ip(0 mram_addr(00000525)) idx(0) write weight:1317, but recv weight: -860324044
[2024-12-17 15:37:32] [ERROR] [capacity_test] macro((0, 0)) ip(0 mram_addr(00000526)) idx(0) write weight:1318, but recv weight: -861372620
[2024-12-17 15:37:32] [ERROR] [capacity_test] macro((0, 0)) ip(0 mram_addr(00000527)) idx(0) write weight:1319, but recv weight: -861372620
[2024-12-17 15:37:32] [ERROR] [capacity_test] macro((0, 0)) ip(0 mram_addr(00000528)) idx(0) write weight:1320, but recv weight: -862421196
[2024-12-17 15:37:32] [ERROR] [capacity_test] macro((0, 0)) ip(0 mram_addr(00000529)) idx(0) write weight:1321, but recv weight: -862421196
[2024-12-17 15:37:32] [ERROR] [capacity_test] macro((0, 0)) ip(0 mram_addr(0000052A)) idx(0) write weight:1322, but recv weight: -863469772
[2024-12-17 15:37:32] [ERROR] [capacity_test] macro((0, 0)) ip(0 mram_addr(0000052B)) idx(0) write weight:1323, but recv weight: -863469772
[2024-12-17 15:37:32] [ERROR] [capacity_test] macro((0, 0)) ip(0 mram_addr(0000052C)) idx(0) write weight:1324, but recv weight: -864518348
[2024-12-17 15:37:32] [ERROR] [capacity_test] macro((0, 0)) ip(0 mram_addr(0000052D)) idx(0) write weight:1325, but recv weight: -864518348
[2024-12-17 15:37:32] [ERROR] [capacity_test] macro((0, 0)) ip(0 mram_addr(0000052E)) idx(0) write weight:1326, but recv weight: -865566924
[2024-12-17 15:37:32] [ERROR] [capacity_test] macro((0, 0)) ip(0 mram_addr(0000052F)) idx(0) write weight:1327, but recv weight: -865566924
[2024-12-17 15:37:32] [ERROR] [capacity_test] macro((0, 0)) ip(0 mram_addr(00000530)) idx(0) write weight:1328, but recv weight: -866615500
[2024-12-17 15:37:32] [ERROR] [capacity_test] macro((0, 0)) ip(0 mram_addr(00000531)) idx(0) write weight:1329, but recv weight: -866615500
[2024-12-17 15:37:32] [ERROR] [capacity_test] macro((0, 0)) ip(0 mram_addr(00000532)) idx(0) write weight:1330, but recv weight: -867664076
[2024-12-17 15:37:32] [ERROR] [capacity_test] macro((0, 0)) ip(0 mram_addr(00000533)) idx(0) write weight:1331, but recv weight: -867664076
[2024-12-17 15:37:32] [ERROR] [capacity_test] macro((0, 0)) ip(0 mram_addr(00000534)) idx(0) write weight:1332, but recv weight: -868712652
[2024-12-17 15:37:32] [ERROR] [capacity_test] macro((0, 0)) ip(0 mram_addr(00000535)) idx(0) write weight:1333, but recv weight: -868712652
[2024-12-17 15:37:32] [ERROR] [capacity_test] macro((0, 0)) ip(0 mram_addr(00000536)) idx(0) write weight:1334, but recv weight: -869761228
[2024-12-17 15:37:32] [ERROR] [capacity_test] macro((0, 0)) ip(0 mram_addr(00000537)) idx(0) write weight:1335, but recv weight: -869761228
[2024-12-17 15:37:32] [ERROR] [capacity_test] macro((0, 0)) ip(0 mram_addr(00000538)) idx(0) write weight:1336, but recv weight: -870809804
[2024-12-17 15:37:32] [ERROR] [capacity_test] macro((0, 0)) ip(0 mram_addr(00000539)) idx(0) write weight:1337, but recv weight: -870809804
[2024-12-17 15:37:32] [ERROR] [capacity_test] macro((0, 0)) ip(0 mram_addr(0000053A)) idx(0) write weight:1338, but recv weight: -871858380
[2024-12-17 15:37:32] [ERROR] [capacity_test] macro((0, 0)) ip(0 mram_addr(0000053B)) idx(0) write weight:1339, but recv weight: -871858380
[2024-12-17 15:37:32] [ERROR] [capacity_test] macro((0, 0)) ip(0 mram_addr(0000053C)) idx(0) write weight:1340, but recv weight: -872906956
[2024-12-17 15:37:32] [ERROR] [capacity_test] macro((0, 0)) ip(0 mram_addr(0000053D)) idx(0) write weight:1341, but recv weight: -872906956
[2024-12-17 15:37:32] [ERROR] [capacity_test] macro((0, 0)) ip(0 mram_addr(0000053E)) idx(0) write weight:1342, but recv weight: -873955532
[2024-12-17 15:37:32] [ERROR] [capacity_test] macro((0, 0)) ip(0 mram_addr(0000053F)) idx(0) write weight:1343, but recv weight: -873955532
[2024-12-17 15:37:32] [ERROR] [capacity_test] macro((0, 0)) ip(0 mram_addr(00000540)) idx(0) write weight:1344, but recv weight: -875004108
[2024-12-17 15:37:32] [ERROR] [capacity_test] macro((0, 0)) ip(0 mram_addr(00000541)) idx(0) write weight:1345, but recv weight: -875004108
[2024-12-17 15:37:32] [ERROR] [capacity_test] macro((0, 0)) ip(0 mram_addr(00000542)) idx(0) write weight:1346, but recv weight: -876052684
[2024-12-17 15:37:32] [ERROR] [capacity_test] macro((0, 0)) ip(0 mram_addr(00000543)) idx(0) write weight:1347, but recv weight: -876052684
[2024-12-17 15:37:32] [ERROR] [capacity_test] macro((0, 0)) ip(0 mram_addr(00000544)) idx(0) write weight:1348, but recv weight: -877101260
[2024-12-17 15:37:32] [ERROR] [capacity_test] macro((0, 0)) ip(0 mram_addr(00000545)) idx(0) write weight:1349, but recv weight: -877101260
[2024-12-17 15:37:32] [ERROR] [capacity_test] macro((0, 0)) ip(0 mram_addr(00000546)) idx(0) write weight:1350, but recv weight: -878149836
[2024-12-17 15:37:32] [ERROR] [capacity_test] macro((0, 0)) ip(0 mram_addr(00000547)) idx(0) write weight:1351, but recv weight: -878149836
[2024-12-17 15:37:32] [ERROR] [capacity_test] macro((0, 0)) ip(0 mram_addr(00000548)) idx(0) write weight:1352, but recv weight: -879198412
[2024-12-17 15:37:32] [ERROR] [capacity_test] macro((0, 0)) ip(0 mram_addr(00000549)) idx(0) write weight:1353, but recv weight: -881295564
[2024-12-17 15:37:32] [ERROR] [capacity_test] macro((0, 0)) ip(0 mram_addr(0000054A)) idx(0) write weight:1354, but recv weight: -883392716
[2024-12-17 15:37:32] [ERROR] [capacity_test] macro((0, 0)) ip(0 mram_addr(0000054B)) idx(0) write weight:1355, but recv weight: -885489868
[2024-12-17 15:37:32] [ERROR] [capacity_test] macro((0, 0)) ip(0 mram_addr(0000054C)) idx(0) write weight:1356, but recv weight: -887587020
[2024-12-17 15:37:32] [ERROR] [capacity_test] macro((0, 0)) ip(0 mram_addr(0000054D)) idx(0) write weight:1357, but recv weight: -889684172
[2024-12-17 15:37:32] [ERROR] [capacity_test] macro((0, 0)) ip(0 mram_addr(0000054E)) idx(0) write weight:1358, but recv weight: -891781324
[2024-12-17 15:37:32] [ERROR] [capacity_test] macro((0, 0)) ip(0 mram_addr(0000054F)) idx(0) write weight:1359, but recv weight: -893878476
[2024-12-17 15:37:32] [ERROR] [capacity_test] macro((0, 0)) ip(0 mram_addr(00000550)) idx(0) write weight:1360, but recv weight: -895975628
[2024-12-17 15:37:32] [ERROR] [capacity_test] macro((0, 0)) ip(0 mram_addr(00000551)) idx(0) write weight:1361, but recv weight: -898072780
[2024-12-17 15:37:32] [ERROR] [capacity_test] macro((0, 0)) ip(0 mram_addr(00000552)) idx(0) write weight:1362, but recv weight: -900169932
[2024-12-17 15:37:32] [ERROR] [capacity_test] macro((0, 0)) ip(0 mram_addr(00000553)) idx(0) write weight:1363, but recv weight: -902267084
[2024-12-17 15:37:32] [ERROR] [capacity_test] macro((0, 0)) ip(0 mram_addr(00000554)) idx(0) write weight:1364, but recv weight: -904364236
[2024-12-17 15:37:32] [ERROR] [capacity_test] macro((0, 0)) ip(0 mram_addr(00000555)) idx(0) write weight:1365, but recv weight: -906461388
[2024-12-17 15:37:32] [ERROR] [capacity_test] macro((0, 0)) ip(0 mram_addr(00000556)) idx(0) write weight:1366, but recv weight: -908558540
[2024-12-17 15:37:32] [ERROR] [capacity_test] macro((0, 0)) ip(0 mram_addr(00000557)) idx(0) write weight:1367, but recv weight: -910655692
[2024-12-17 15:37:32] [ERROR] [capacity_test] macro((0, 0)) ip(0 mram_addr(00000558)) idx(0) write weight:1368, but recv weight: -912752844
[2024-12-17 15:37:32] [ERROR] [capacity_test] macro((0, 0)) ip(0 mram_addr(00000559)) idx(0) write weight:1369, but recv weight: -914849996
[2024-12-17 15:37:32] [ERROR] [capacity_test] macro((0, 0)) ip(0 mram_addr(0000055A)) idx(0) write weight:1370, but recv weight: -916947148
[2024-12-17 15:37:32] [ERROR] [capacity_test] macro((0, 0)) ip(0 mram_addr(0000055B)) idx(0) write weight:1371, but recv weight: -919044300
[2024-12-17 15:37:32] [ERROR] [capacity_test] macro((0, 0)) ip(0 mram_addr(0000055C)) idx(0) write weight:1372, but recv weight: -921141452
[2024-12-17 15:37:32] [ERROR] [capacity_test] macro((0, 0)) ip(0 mram_addr(0000055D)) idx(0) write weight:1373, but recv weight: -923238604
[2024-12-17 15:37:32] [ERROR] [capacity_test] macro((0, 0)) ip(0 mram_addr(0000055E)) idx(0) write weight:1374, but recv weight: -925335756
[2024-12-17 15:37:32] [ERROR] [capacity_test] macro((0, 0)) ip(0 mram_addr(0000055F)) idx(0) write weight:1375, but recv weight: -927432908
[2024-12-17 15:37:32] [ERROR] [capacity_test] macro((0, 0)) ip(0 mram_addr(00000560)) idx(0) write weight:1376, but recv weight: -929530060
[2024-12-17 15:37:32] [ERROR] [capacity_test] macro((0, 0)) ip(0 mram_addr(00000561)) idx(0) write weight:1377, but recv weight: -931627212
[2024-12-17 15:37:32] [ERROR] [capacity_test] macro((0, 0)) ip(0 mram_addr(00000562)) idx(0) write weight:1378, but recv weight: -933724364
[2024-12-17 15:37:32] [ERROR] [capacity_test] macro((0, 0)) ip(0 mram_addr(00000563)) idx(0) write weight:1379, but recv weight: -935821516
[2024-12-17 15:37:32] [ERROR] [capacity_test] macro((0, 0)) ip(0 mram_addr(00000564)) idx(0) write weight:1380, but recv weight: -937918668
[2024-12-17 15:37:32] [ERROR] [capacity_test] macro((0, 0)) ip(0 mram_addr(00000565)) idx(0) write weight:1381, but recv weight: -940015820
[2024-12-17 15:37:32] [ERROR] [capacity_test] macro((0, 0)) ip(0 mram_addr(00000566)) idx(0) write weight:1382, but recv weight: -942112972
[2024-12-17 15:37:32] [ERROR] [capacity_test] macro((0, 0)) ip(0 mram_addr(00000567)) idx(0) write weight:1383, but recv weight: 0
[2024-12-17 15:37:32] [ERROR] [capacity_test] macro((0, 0)) ip(0 mram_addr(00000568)) idx(0) write weight:1384, but recv weight: -842498252
[2024-12-17 15:37:32] [ERROR] [capacity_test] macro((0, 0)) ip(0 mram_addr(00000569)) idx(0) write weight:1385, but recv weight: -842498252
[2024-12-17 15:37:32] [ERROR] [capacity_test] macro((0, 0)) ip(0 mram_addr(0000056A)) idx(0) write weight:1386, but recv weight: -842498252
[2024-12-17 15:37:32] [ERROR] [capacity_test] macro((0, 0)) ip(0 mram_addr(0000056B)) idx(0) write weight:1387, but recv weight: -842498252
[2024-12-17 15:37:32] [ERROR] [capacity_test] macro((0, 0)) ip(0 mram_addr(0000056C)) idx(0) write weight:1388, but recv weight: -842498252
[2024-12-17 15:37:32] [ERROR] [capacity_test] macro((0, 0)) ip(0 mram_addr(0000056D)) idx(0) write weight:1389, but recv weight: -842498252
[2024-12-17 15:37:32] [ERROR] [capacity_test] macro((0, 0)) ip(0 mram_addr(0000056E)) idx(0) write weight:1390, but recv weight: -842498252
[2024-12-17 15:37:32] [ERROR] [capacity_test] macro((0, 0)) ip(0 mram_addr(0000056F)) idx(0) write weight:1391, but recv weight: -842498252
[2024-12-17 15:37:32] [ERROR] [capacity_test] macro((0, 0)) ip(0 mram_addr(00000570)) idx(0) write weight:1392, but recv weight: -842498252
[2024-12-17 15:37:32] [ERROR] [capacity_test] macro((0, 0)) ip(0 mram_addr(00000571)) idx(0) write weight:1393, but recv weight: -842498252
[2024-12-17 15:37:32] [ERROR] [capacity_test] macro((0, 0)) ip(0 mram_addr(00000572)) idx(0) write weight:1394, but recv weight: -842498252
[2024-12-17 15:37:32] [ERROR] [capacity_test] macro((0, 0)) ip(0 mram_addr(00000573)) idx(0) write weight:1395, but recv weight: -842498252
[2024-12-17 15:37:32] [ERROR] [capacity_test] macro((0, 0)) ip(0 mram_addr(00000574)) idx(0) write weight:1396, but recv weight: -842498252
[2024-12-17 15:37:32] [ERROR] [capacity_test] macro((0, 0)) ip(0 mram_addr(00000575)) idx(0) write weight:1397, but recv weight: -842498252
[2024-12-17 15:37:32] [ERROR] [capacity_test] macro((0, 0)) ip(0 mram_addr(00000576)) idx(0) write weight:1398, but recv weight: -842498252
[2024-12-17 15:37:32] [ERROR] [capacity_test] macro((0, 0)) ip(0 mram_addr(00000577)) idx(0) write weight:1399, but recv weight: -843546828
[2024-12-17 15:37:32] [ERROR] [capacity_test] macro((0, 0)) ip(0 mram_addr(00000578)) idx(0) write weight:1400, but recv weight: -843546828
[2024-12-17 15:37:32] [ERROR] [capacity_test] macro((0, 0)) ip(0 mram_addr(00000579)) idx(0) write weight:1401, but recv weight: -843546828
[2024-12-17 15:37:32] [ERROR] [capacity_test] macro((0, 0)) ip(0 mram_addr(0000057A)) idx(0) write weight:1402, but recv weight: -843546828
[2024-12-17 15:37:32] [ERROR] [capacity_test] macro((0, 0)) ip(0 mram_addr(0000057B)) idx(0) write weight:1403, but recv weight: -843546828
[2024-12-17 15:37:32] [ERROR] [capacity_test] macro((0, 0)) ip(0 mram_addr(0000057C)) idx(0) write weight:1404, but recv weight: -843546828
[2024-12-17 15:37:32] [ERROR] [capacity_test] macro((0, 0)) ip(0 mram_addr(0000057D)) idx(0) write weight:1405, but recv weight: -843546828
[2024-12-17 15:37:32] [ERROR] [capacity_test] macro((0, 0)) ip(0 mram_addr(0000057E)) idx(0) write weight:1406, but recv weight: -843546828
[2024-12-17 15:37:32] [ERROR] [capacity_test] macro((0, 0)) ip(0 mram_addr(0000057F)) idx(0) write weight:1407, but recv weight: -843546828
[2024-12-17 15:37:32] [ERROR] [capacity_test] macro((0, 0)) ip(0 mram_addr(00000580)) idx(0) write weight:1408, but recv weight: -843546828
[2024-12-17 15:37:32] [ERROR] [capacity_test] macro((0, 0)) ip(0 mram_addr(00000581)) idx(0) write weight:1409, but recv weight: -843546828
[2024-12-17 15:37:32] [ERROR] [capacity_test] macro((0, 0)) ip(0 mram_addr(00000582)) idx(0) write weight:1410, but recv weight: -843546828
[2024-12-17 15:37:32] [ERROR] [capacity_test] macro((0, 0)) ip(0 mram_addr(00000583)) idx(0) write weight:1411, but recv weight: -843546828
[2024-12-17 15:37:32] [ERROR] [capacity_test] macro((0, 0)) ip(0 mram_addr(00000584)) idx(0) write weight:1412, but recv weight: -843546828
[2024-12-17 15:37:32] [ERROR] [capacity_test] macro((0, 0)) ip(0 mram_addr(00000585)) idx(0) write weight:1413, but recv weight: -844595404
[2024-12-17 15:37:32] [ERROR] [capacity_test] macro((0, 0)) ip(0 mram_addr(00000586)) idx(0) write weight:1414, but recv weight: -844595404
[2024-12-17 15:37:32] [ERROR] [capacity_test] macro((0, 0)) ip(0 mram_addr(00000587)) idx(0) write weight:1415, but recv weight: -845643980
[2024-12-17 15:37:32] [ERROR] [capacity_test] macro((0, 0)) ip(0 mram_addr(00000588)) idx(0) write weight:1416, but recv weight: -845643980
[2024-12-17 15:37:32] [ERROR] [capacity_test] macro((0, 0)) ip(0 mram_addr(00000589)) idx(0) write weight:1417, but recv weight: -846692556
[2024-12-17 15:37:32] [ERROR] [capacity_test] macro((0, 0)) ip(0 mram_addr(0000058A)) idx(0) write weight:1418, but recv weight: -846692556
[2024-12-17 15:37:32] [ERROR] [capacity_test] macro((0, 0)) ip(0 mram_addr(0000058B)) idx(0) write weight:1419, but recv weight: -847741132
[2024-12-17 15:37:32] [ERROR] [capacity_test] macro((0, 0)) ip(0 mram_addr(0000058C)) idx(0) write weight:1420, but recv weight: -847741132
[2024-12-17 15:37:32] [ERROR] [capacity_test] macro((0, 0)) ip(0 mram_addr(0000058D)) idx(0) write weight:1421, but recv weight: -848789708
[2024-12-17 15:37:32] [ERROR] [capacity_test] macro((0, 0)) ip(0 mram_addr(0000058E)) idx(0) write weight:1422, but recv weight: -848789708
[2024-12-17 15:37:32] [ERROR] [capacity_test] macro((0, 0)) ip(0 mram_addr(0000058F)) idx(0) write weight:1423, but recv weight: -849838284
[2024-12-17 15:37:32] [ERROR] [capacity_test] macro((0, 0)) ip(0 mram_addr(00000590)) idx(0) write weight:1424, but recv weight: -849838284
[2024-12-17 15:37:32] [ERROR] [capacity_test] macro((0, 0)) ip(0 mram_addr(00000591)) idx(0) write weight:1425, but recv weight: -850886860
[2024-12-17 15:37:32] [ERROR] [capacity_test] macro((0, 0)) ip(0 mram_addr(00000592)) idx(0) write weight:1426, but recv weight: -850886860
[2024-12-17 15:37:32] [ERROR] [capacity_test] macro((0, 0)) ip(0 mram_addr(00000593)) idx(0) write weight:1427, but recv weight: -851935436
[2024-12-17 15:37:32] [ERROR] [capacity_test] macro((0, 0)) ip(0 mram_addr(00000594)) idx(0) write weight:1428, but recv weight: -851935436
[2024-12-17 15:37:32] [ERROR] [capacity_test] macro((0, 0)) ip(0 mram_addr(00000595)) idx(0) write weight:1429, but recv weight: -852984012
[2024-12-17 15:37:32] [ERROR] [capacity_test] macro((0, 0)) ip(0 mram_addr(00000596)) idx(0) write weight:1430, but recv weight: -852984012
[2024-12-17 15:37:32] [ERROR] [capacity_test] macro((0, 0)) ip(0 mram_addr(00000597)) idx(0) write weight:1431, but recv weight: -854032588
[2024-12-17 15:37:32] [ERROR] [capacity_test] macro((0, 0)) ip(0 mram_addr(00000598)) idx(0) write weight:1432, but recv weight: -854032588
[2024-12-17 15:37:32] [ERROR] [capacity_test] macro((0, 0)) ip(0 mram_addr(00000599)) idx(0) write weight:1433, but recv weight: -855081164
[2024-12-17 15:37:32] [ERROR] [capacity_test] macro((0, 0)) ip(0 mram_addr(0000059A)) idx(0) write weight:1434, but recv weight: -855081164
[2024-12-17 15:37:32] [ERROR] [capacity_test] macro((0, 0)) ip(0 mram_addr(0000059B)) idx(0) write weight:1435, but recv weight: -856129740
[2024-12-17 15:37:32] [ERROR] [capacity_test] macro((0, 0)) ip(0 mram_addr(0000059C)) idx(0) write weight:1436, but recv weight: -856129740
[2024-12-17 15:37:32] [ERROR] [capacity_test] macro((0, 0)) ip(0 mram_addr(0000059D)) idx(0) write weight:1437, but recv weight: -857178316
[2024-12-17 15:37:32] [ERROR] [capacity_test] macro((0, 0)) ip(0 mram_addr(0000059E)) idx(0) write weight:1438, but recv weight: -857178316
[2024-12-17 15:37:32] [ERROR] [capacity_test] macro((0, 0)) ip(0 mram_addr(0000059F)) idx(0) write weight:1439, but recv weight: -858226892
[2024-12-17 15:37:32] [ERROR] [capacity_test] macro((0, 0)) ip(0 mram_addr(000005A0)) idx(0) write weight:1440, but recv weight: -858226892
[2024-12-17 15:37:32] [ERROR] [capacity_test] macro((0, 0)) ip(0 mram_addr(000005A1)) idx(0) write weight:1441, but recv weight: -859275468
[2024-12-17 15:37:32] [ERROR] [capacity_test] macro((0, 0)) ip(0 mram_addr(000005A2)) idx(0) write weight:1442, but recv weight: -859275468
[2024-12-17 15:37:32] [ERROR] [capacity_test] macro((0, 0)) ip(0 mram_addr(000005A3)) idx(0) write weight:1443, but recv weight: -860324044
[2024-12-17 15:37:32] [ERROR] [capacity_test] macro((0, 0)) ip(0 mram_addr(000005A4)) idx(0) write weight:1444, but recv weight: -860324044
[2024-12-17 15:37:32] [ERROR] [capacity_test] macro((0, 0)) ip(0 mram_addr(000005A5)) idx(0) write weight:1445, but recv weight: -861372620
[2024-12-17 15:37:32] [ERROR] [capacity_test] macro((0, 0)) ip(0 mram_addr(000005A6)) idx(0) write weight:1446, but recv weight: -861372620
[2024-12-17 15:37:32] [ERROR] [capacity_test] macro((0, 0)) ip(0 mram_addr(000005A7)) idx(0) write weight:1447, but recv weight: -862421196
[2024-12-17 15:37:32] [ERROR] [capacity_test] macro((0, 0)) ip(0 mram_addr(000005A8)) idx(0) write weight:1448, but recv weight: -862421196
[2024-12-17 15:37:32] [ERROR] [capacity_test] macro((0, 0)) ip(0 mram_addr(000005A9)) idx(0) write weight:1449, but recv weight: -863469772
[2024-12-17 15:37:32] [ERROR] [capacity_test] macro((0, 0)) ip(0 mram_addr(000005AA)) idx(0) write weight:1450, but recv weight: -863469772
[2024-12-17 15:37:32] [ERROR] [capacity_test] macro((0, 0)) ip(0 mram_addr(000005AB)) idx(0) write weight:1451, but recv weight: -864518348
[2024-12-17 15:37:32] [ERROR] [capacity_test] macro((0, 0)) ip(0 mram_addr(000005AC)) idx(0) write weight:1452, but recv weight: -864518348
[2024-12-17 15:37:32] [ERROR] [capacity_test] macro((0, 0)) ip(0 mram_addr(000005AD)) idx(0) write weight:1453, but recv weight: -865566924
[2024-12-17 15:37:32] [ERROR] [capacity_test] macro((0, 0)) ip(0 mram_addr(000005AE)) idx(0) write weight:1454, but recv weight: -865566924
[2024-12-17 15:37:32] [ERROR] [capacity_test] macro((0, 0)) ip(0 mram_addr(000005AF)) idx(0) write weight:1455, but recv weight: -866615500
[2024-12-17 15:37:32] [ERROR] [capacity_test] macro((0, 0)) ip(0 mram_addr(000005B0)) idx(0) write weight:1456, but recv weight: -866615500
[2024-12-17 15:37:32] [ERROR] [capacity_test] macro((0, 0)) ip(0 mram_addr(000005B1)) idx(0) write weight:1457, but recv weight: -867664076
[2024-12-17 15:37:32] [ERROR] [capacity_test] macro((0, 0)) ip(0 mram_addr(000005B2)) idx(0) write weight:1458, but recv weight: -867664076
[2024-12-17 15:37:32] [ERROR] [capacity_test] macro((0, 0)) ip(0 mram_addr(000005B3)) idx(0) write weight:1459, but recv weight: -868712652
[2024-12-17 15:37:32] [ERROR] [capacity_test] macro((0, 0)) ip(0 mram_addr(000005B4)) idx(0) write weight:1460, but recv weight: -868712652
[2024-12-17 15:37:32] [ERROR] [capacity_test] macro((0, 0)) ip(0 mram_addr(000005B5)) idx(0) write weight:1461, but recv weight: -869761228
[2024-12-17 15:37:32] [ERROR] [capacity_test] macro((0, 0)) ip(0 mram_addr(000005B6)) idx(0) write weight:1462, but recv weight: -869761228
[2024-12-17 15:37:32] [ERROR] [capacity_test] macro((0, 0)) ip(0 mram_addr(000005B7)) idx(0) write weight:1463, but recv weight: -870809804
[2024-12-17 15:37:32] [ERROR] [capacity_test] macro((0, 0)) ip(0 mram_addr(000005B8)) idx(0) write weight:1464, but recv weight: -870809804
[2024-12-17 15:37:32] [ERROR] [capacity_test] macro((0, 0)) ip(0 mram_addr(000005B9)) idx(0) write weight:1465, but recv weight: -871858380
[2024-12-17 15:37:32] [ERROR] [capacity_test] macro((0, 0)) ip(0 mram_addr(000005BA)) idx(0) write weight:1466, but recv weight: -871858380
[2024-12-17 15:37:32] [ERROR] [capacity_test] macro((0, 0)) ip(0 mram_addr(000005BB)) idx(0) write weight:1467, but recv weight: -872906956
[2024-12-17 15:37:32] [ERROR] [capacity_test] macro((0, 0)) ip(0 mram_addr(000005BC)) idx(0) write weight:1468, but recv weight: -872906956
[2024-12-17 15:37:32] [ERROR] [capacity_test] macro((0, 0)) ip(0 mram_addr(000005BD)) idx(0) write weight:1469, but recv weight: -873955532
[2024-12-17 15:37:32] [ERROR] [capacity_test] macro((0, 0)) ip(0 mram_addr(000005BE)) idx(0) write weight:1470, but recv weight: -873955532
[2024-12-17 15:37:32] [ERROR] [capacity_test] macro((0, 0)) ip(0 mram_addr(000005BF)) idx(0) write weight:1471, but recv weight: -875004108
[2024-12-17 15:37:32] [ERROR] [capacity_test] macro((0, 0)) ip(0 mram_addr(000005C0)) idx(0) write weight:1472, but recv weight: -875004108
[2024-12-17 15:37:32] [ERROR] [capacity_test] macro((0, 0)) ip(0 mram_addr(000005C1)) idx(0) write weight:1473, but recv weight: -876052684
[2024-12-17 15:37:32] [ERROR] [capacity_test] macro((0, 0)) ip(0 mram_addr(000005C2)) idx(0) write weight:1474, but recv weight: -876052684
[2024-12-17 15:37:32] [ERROR] [capacity_test] macro((0, 0)) ip(0 mram_addr(000005C3)) idx(0) write weight:1475, but recv weight: -877101260
[2024-12-17 15:37:32] [ERROR] [capacity_test] macro((0, 0)) ip(0 mram_addr(000005C4)) idx(0) write weight:1476, but recv weight: -877101260
[2024-12-17 15:37:32] [ERROR] [capacity_test] macro((0, 0)) ip(0 mram_addr(000005C5)) idx(0) write weight:1477, but recv weight: -878149836
[2024-12-17 15:37:32] [ERROR] [capacity_test] macro((0, 0)) ip(0 mram_addr(000005C6)) idx(0) write weight:1478, but recv weight: -878149836
[2024-12-17 15:37:32] [ERROR] [capacity_test] macro((0, 0)) ip(0 mram_addr(000005C7)) idx(0) write weight:1479, but recv weight: -879198412
[2024-12-17 15:37:32] [ERROR] [capacity_test] macro((0, 0)) ip(0 mram_addr(000005C8)) idx(0) write weight:1480, but recv weight: -881295564
[2024-12-17 15:37:32] [ERROR] [capacity_test] macro((0, 0)) ip(0 mram_addr(000005C9)) idx(0) write weight:1481, but recv weight: -883392716
[2024-12-17 15:37:32] [ERROR] [capacity_test] macro((0, 0)) ip(0 mram_addr(000005CA)) idx(0) write weight:1482, but recv weight: -885489868
[2024-12-17 15:37:32] [ERROR] [capacity_test] macro((0, 0)) ip(0 mram_addr(000005CB)) idx(0) write weight:1483, but recv weight: -887587020
[2024-12-17 15:37:32] [ERROR] [capacity_test] macro((0, 0)) ip(0 mram_addr(000005CC)) idx(0) write weight:1484, but recv weight: -889684172
[2024-12-17 15:37:32] [ERROR] [capacity_test] macro((0, 0)) ip(0 mram_addr(000005CD)) idx(0) write weight:1485, but recv weight: -891781324
[2024-12-17 15:37:32] [ERROR] [capacity_test] macro((0, 0)) ip(0 mram_addr(000005CE)) idx(0) write weight:1486, but recv weight: -893878476
[2024-12-17 15:37:32] [ERROR] [capacity_test] macro((0, 0)) ip(0 mram_addr(000005CF)) idx(0) write weight:1487, but recv weight: -895975628
[2024-12-17 15:37:32] [ERROR] [capacity_test] macro((0, 0)) ip(0 mram_addr(000005D0)) idx(0) write weight:1488, but recv weight: -898072780
[2024-12-17 15:37:32] [ERROR] [capacity_test] macro((0, 0)) ip(0 mram_addr(000005D1)) idx(0) write weight:1489, but recv weight: -900169932
[2024-12-17 15:37:32] [ERROR] [capacity_test] macro((0, 0)) ip(0 mram_addr(000005D2)) idx(0) write weight:1490, but recv weight: -902267084
[2024-12-17 15:37:32] [ERROR] [capacity_test] macro((0, 0)) ip(0 mram_addr(000005D3)) idx(0) write weight:1491, but recv weight: -904364236
[2024-12-17 15:37:32] [ERROR] [capacity_test] macro((0, 0)) ip(0 mram_addr(000005D4)) idx(0) write weight:1492, but recv weight: -906461388
[2024-12-17 15:37:32] [ERROR] [capacity_test] macro((0, 0)) ip(0 mram_addr(000005D5)) idx(0) write weight:1493, but recv weight: -908558540
[2024-12-17 15:37:32] [ERROR] [capacity_test] macro((0, 0)) ip(0 mram_addr(000005D6)) idx(0) write weight:1494, but recv weight: -910655692
[2024-12-17 15:37:32] [ERROR] [capacity_test] macro((0, 0)) ip(0 mram_addr(000005D7)) idx(0) write weight:1495, but recv weight: -912752844
[2024-12-17 15:37:32] [ERROR] [capacity_test] macro((0, 0)) ip(0 mram_addr(000005D8)) idx(0) write weight:1496, but recv weight: -914849996
[2024-12-17 15:37:32] [ERROR] [capacity_test] macro((0, 0)) ip(0 mram_addr(000005D9)) idx(0) write weight:1497, but recv weight: -916947148
[2024-12-17 15:37:32] [ERROR] [capacity_test] macro((0, 0)) ip(0 mram_addr(000005DA)) idx(0) write weight:1498, but recv weight: -919044300
[2024-12-17 15:37:32] [ERROR] [capacity_test] macro((0, 0)) ip(0 mram_addr(000005DB)) idx(0) write weight:1499, but recv weight: -921141452
[2024-12-17 15:37:32] [ERROR] [capacity_test] macro((0, 0)) ip(0 mram_addr(000005DC)) idx(0) write weight:1500, but recv weight: -923238604
[2024-12-17 15:37:32] [ERROR] [capacity_test] macro((0, 0)) ip(0 mram_addr(000005DD)) idx(0) write weight:1501, but recv weight: -925335756
[2024-12-17 15:37:32] [ERROR] [capacity_test] macro((0, 0)) ip(0 mram_addr(000005DE)) idx(0) write weight:1502, but recv weight: -927432908
[2024-12-17 15:37:32] [ERROR] [capacity_test] macro((0, 0)) ip(0 mram_addr(000005DF)) idx(0) write weight:1503, but recv weight: -929530060
[2024-12-17 15:37:32] [ERROR] [capacity_test] macro((0, 0)) ip(0 mram_addr(000005E0)) idx(0) write weight:1504, but recv weight: -931627212
[2024-12-17 15:37:32] [ERROR] [capacity_test] macro((0, 0)) ip(0 mram_addr(000005E1)) idx(0) write weight:1505, but recv weight: -933724364
[2024-12-17 15:37:32] [ERROR] [capacity_test] macro((0, 0)) ip(0 mram_addr(000005E2)) idx(0) write weight:1506, but recv weight: -935821516
[2024-12-17 15:37:32] [ERROR] [capacity_test] macro((0, 0)) ip(0 mram_addr(000005E3)) idx(0) write weight:1507, but recv weight: -937918668
[2024-12-17 15:37:32] [ERROR] [capacity_test] macro((0, 0)) ip(0 mram_addr(000005E4)) idx(0) write weight:1508, but recv weight: -940015820
[2024-12-17 15:37:32] [ERROR] [capacity_test] macro((0, 0)) ip(0 mram_addr(000005E5)) idx(0) write weight:1509, but recv weight: -942112972
[2024-12-17 15:37:32] [ERROR] [capacity_test] macro((0, 0)) ip(0 mram_addr(000005E6)) idx(0) write weight:1510, but recv weight: -841449676
[2024-12-17 15:37:32] [ERROR] [capacity_test] macro((0, 0)) ip(0 mram_addr(000005E7)) idx(0) write weight:1511, but recv weight: -842498252
[2024-12-17 15:37:32] [ERROR] [capacity_test] macro((0, 0)) ip(0 mram_addr(000005E8)) idx(0) write weight:1512, but recv weight: -842498252
[2024-12-17 15:37:32] [ERROR] [capacity_test] macro((0, 0)) ip(0 mram_addr(000005E9)) idx(0) write weight:1513, but recv weight: -842498252
[2024-12-17 15:37:32] [ERROR] [capacity_test] macro((0, 0)) ip(0 mram_addr(000005EA)) idx(0) write weight:1514, but recv weight: -842498252
[2024-12-17 15:37:32] [ERROR] [capacity_test] macro((0, 0)) ip(0 mram_addr(000005EB)) idx(0) write weight:1515, but recv weight: -842498252
[2024-12-17 15:37:32] [ERROR] [capacity_test] macro((0, 0)) ip(0 mram_addr(000005EC)) idx(0) write weight:1516, but recv weight: -842498252
[2024-12-17 15:37:32] [ERROR] [capacity_test] macro((0, 0)) ip(0 mram_addr(000005ED)) idx(0) write weight:1517, but recv weight: -842498252
[2024-12-17 15:37:32] [ERROR] [capacity_test] macro((0, 0)) ip(0 mram_addr(000005EE)) idx(0) write weight:1518, but recv weight: -842498252
[2024-12-17 15:37:32] [ERROR] [capacity_test] macro((0, 0)) ip(0 mram_addr(000005EF)) idx(0) write weight:1519, but recv weight: -842498252
[2024-12-17 15:37:32] [ERROR] [capacity_test] macro((0, 0)) ip(0 mram_addr(000005F0)) idx(0) write weight:1520, but recv weight: -842498252
[2024-12-17 15:37:32] [ERROR] [capacity_test] macro((0, 0)) ip(0 mram_addr(000005F1)) idx(0) write weight:1521, but recv weight: -842498252
[2024-12-17 15:37:32] [ERROR] [capacity_test] macro((0, 0)) ip(0 mram_addr(000005F2)) idx(0) write weight:1522, but recv weight: -842498252
[2024-12-17 15:37:32] [ERROR] [capacity_test] macro((0, 0)) ip(0 mram_addr(000005F3)) idx(0) write weight:1523, but recv weight: -842498252
[2024-12-17 15:37:32] [ERROR] [capacity_test] macro((0, 0)) ip(0 mram_addr(000005F4)) idx(0) write weight:1524, but recv weight: -842498252
[2024-12-17 15:37:32] [ERROR] [capacity_test] macro((0, 0)) ip(0 mram_addr(000005F5)) idx(0) write weight:1525, but recv weight: -842498252
[2024-12-17 15:37:32] [ERROR] [capacity_test] macro((0, 0)) ip(0 mram_addr(000005F6)) idx(0) write weight:1526, but recv weight: -842498252
[2024-12-17 15:37:32] [ERROR] [capacity_test] macro((0, 0)) ip(0 mram_addr(000005F7)) idx(0) write weight:1527, but recv weight: -843546828
[2024-12-17 15:37:32] [ERROR] [capacity_test] macro((0, 0)) ip(0 mram_addr(000005F8)) idx(0) write weight:1528, but recv weight: -843546828
[2024-12-17 15:37:32] [ERROR] [capacity_test] macro((0, 0)) ip(0 mram_addr(000005F9)) idx(0) write weight:1529, but recv weight: -843546828
[2024-12-17 15:37:32] [ERROR] [capacity_test] macro((0, 0)) ip(0 mram_addr(000005FA)) idx(0) write weight:1530, but recv weight: -843546828
[2024-12-17 15:37:32] [ERROR] [capacity_test] macro((0, 0)) ip(0 mram_addr(000005FB)) idx(0) write weight:1531, but recv weight: -843546828
[2024-12-17 15:37:32] [ERROR] [capacity_test] macro((0, 0)) ip(0 mram_addr(000005FC)) idx(0) write weight:1532, but recv weight: -843546828
[2024-12-17 15:37:32] [ERROR] [capacity_test] macro((0, 0)) ip(0 mram_addr(000005FD)) idx(0) write weight:1533, but recv weight: -843546828
[2024-12-17 15:37:32] [ERROR] [capacity_test] macro((0, 0)) ip(0 mram_addr(000005FE)) idx(0) write weight:1534, but recv weight: -843546828
[2024-12-17 15:37:32] [ERROR] [capacity_test] macro((0, 0)) ip(0 mram_addr(000005FF)) idx(0) write weight:1535, but recv weight: -843546828
[2024-12-17 15:37:32] [ERROR] [capacity_test] macro((0, 0)) ip(0 mram_addr(00000600)) idx(0) write weight:1536, but recv weight: -843546828
[2024-12-17 15:37:32] [ERROR] [capacity_test] macro((0, 0)) ip(0 mram_addr(00000601)) idx(0) write weight:1537, but recv weight: -843546828
[2024-12-17 15:37:32] [ERROR] [capacity_test] macro((0, 0)) ip(0 mram_addr(00000602)) idx(0) write weight:1538, but recv weight: -843546828
[2024-12-17 15:37:32] [ERROR] [capacity_test] macro((0, 0)) ip(0 mram_addr(00000603)) idx(0) write weight:1539, but recv weight: -843546828
[2024-12-17 15:37:32] [ERROR] [capacity_test] macro((0, 0)) ip(0 mram_addr(00000604)) idx(0) write weight:1540, but recv weight: -843546828
[2024-12-17 15:37:32] [ERROR] [capacity_test] macro((0, 0)) ip(0 mram_addr(00000605)) idx(0) write weight:1541, but recv weight: -844595404
[2024-12-17 15:37:32] [ERROR] [capacity_test] macro((0, 0)) ip(0 mram_addr(00000606)) idx(0) write weight:1542, but recv weight: -844595404
[2024-12-17 15:37:32] [ERROR] [capacity_test] macro((0, 0)) ip(0 mram_addr(00000607)) idx(0) write weight:1543, but recv weight: -845643980
[2024-12-17 15:37:32] [ERROR] [capacity_test] macro((0, 0)) ip(0 mram_addr(00000608)) idx(0) write weight:1544, but recv weight: -845643980
[2024-12-17 15:37:32] [ERROR] [capacity_test] macro((0, 0)) ip(0 mram_addr(00000609)) idx(0) write weight:1545, but recv weight: -846692556
[2024-12-17 15:37:32] [ERROR] [capacity_test] macro((0, 0)) ip(0 mram_addr(0000060A)) idx(0) write weight:1546, but recv weight: -846692556
[2024-12-17 15:37:32] [ERROR] [capacity_test] macro((0, 0)) ip(0 mram_addr(0000060B)) idx(0) write weight:1547, but recv weight: -847741132
[2024-12-17 15:37:32] [ERROR] [capacity_test] macro((0, 0)) ip(0 mram_addr(0000060C)) idx(0) write weight:1548, but recv weight: -847741132
[2024-12-17 15:37:32] [ERROR] [capacity_test] macro((0, 0)) ip(0 mram_addr(0000060D)) idx(0) write weight:1549, but recv weight: -848789708
[2024-12-17 15:37:32] [ERROR] [capacity_test] macro((0, 0)) ip(0 mram_addr(0000060E)) idx(0) write weight:1550, but recv weight: -848789708
[2024-12-17 15:37:32] [ERROR] [capacity_test] macro((0, 0)) ip(0 mram_addr(0000060F)) idx(0) write weight:1551, but recv weight: -849838284
[2024-12-17 15:37:32] [ERROR] [capacity_test] macro((0, 0)) ip(0 mram_addr(00000610)) idx(0) write weight:1552, but recv weight: -849838284
[2024-12-17 15:37:32] [ERROR] [capacity_test] macro((0, 0)) ip(0 mram_addr(00000611)) idx(0) write weight:1553, but recv weight: -850886860
[2024-12-17 15:37:32] [ERROR] [capacity_test] macro((0, 0)) ip(0 mram_addr(00000612)) idx(0) write weight:1554, but recv weight: -850886860
[2024-12-17 15:37:32] [ERROR] [capacity_test] macro((0, 0)) ip(0 mram_addr(00000613)) idx(0) write weight:1555, but recv weight: -851935436
[2024-12-17 15:37:32] [ERROR] [capacity_test] macro((0, 0)) ip(0 mram_addr(00000614)) idx(0) write weight:1556, but recv weight: -851935436
[2024-12-17 15:37:32] [ERROR] [capacity_test] macro((0, 0)) ip(0 mram_addr(00000615)) idx(0) write weight:1557, but recv weight: -852984012
[2024-12-17 15:37:32] [ERROR] [capacity_test] macro((0, 0)) ip(0 mram_addr(00000616)) idx(0) write weight:1558, but recv weight: -852984012
[2024-12-17 15:37:32] [ERROR] [capacity_test] macro((0, 0)) ip(0 mram_addr(00000617)) idx(0) write weight:1559, but recv weight: -854032588
[2024-12-17 15:37:32] [ERROR] [capacity_test] macro((0, 0)) ip(0 mram_addr(00000618)) idx(0) write weight:1560, but recv weight: -854032588
[2024-12-17 15:37:32] [ERROR] [capacity_test] macro((0, 0)) ip(0 mram_addr(00000619)) idx(0) write weight:1561, but recv weight: -855081164
[2024-12-17 15:37:32] [ERROR] [capacity_test] macro((0, 0)) ip(0 mram_addr(0000061A)) idx(0) write weight:1562, but recv weight: -855081164
[2024-12-17 15:37:32] [ERROR] [capacity_test] macro((0, 0)) ip(0 mram_addr(0000061B)) idx(0) write weight:1563, but recv weight: -856129740
[2024-12-17 15:37:32] [ERROR] [capacity_test] macro((0, 0)) ip(0 mram_addr(0000061C)) idx(0) write weight:1564, but recv weight: -856129740
[2024-12-17 15:37:32] [ERROR] [capacity_test] macro((0, 0)) ip(0 mram_addr(0000061D)) idx(0) write weight:1565, but recv weight: -857178316
[2024-12-17 15:37:32] [ERROR] [capacity_test] macro((0, 0)) ip(0 mram_addr(0000061E)) idx(0) write weight:1566, but recv weight: -857178316
[2024-12-17 15:37:32] [ERROR] [capacity_test] macro((0, 0)) ip(0 mram_addr(0000061F)) idx(0) write weight:1567, but recv weight: -858226892
[2024-12-17 15:37:32] [ERROR] [capacity_test] macro((0, 0)) ip(0 mram_addr(00000620)) idx(0) write weight:1568, but recv weight: -858226892
[2024-12-17 15:37:32] [ERROR] [capacity_test] macro((0, 0)) ip(0 mram_addr(00000621)) idx(0) write weight:1569, but recv weight: -859275468
[2024-12-17 15:37:32] [ERROR] [capacity_test] macro((0, 0)) ip(0 mram_addr(00000622)) idx(0) write weight:1570, but recv weight: -859275468
[2024-12-17 15:37:32] [ERROR] [capacity_test] macro((0, 0)) ip(0 mram_addr(00000623)) idx(0) write weight:1571, but recv weight: -860324044
[2024-12-17 15:37:32] [ERROR] [capacity_test] macro((0, 0)) ip(0 mram_addr(00000624)) idx(0) write weight:1572, but recv weight: -860324044
[2024-12-17 15:37:32] [ERROR] [capacity_test] macro((0, 0)) ip(0 mram_addr(00000625)) idx(0) write weight:1573, but recv weight: -861372620
[2024-12-17 15:37:32] [ERROR] [capacity_test] macro((0, 0)) ip(0 mram_addr(00000626)) idx(0) write weight:1574, but recv weight: -861372620
[2024-12-17 15:37:32] [ERROR] [capacity_test] macro((0, 0)) ip(0 mram_addr(00000627)) idx(0) write weight:1575, but recv weight: -862421196
[2024-12-17 15:37:32] [ERROR] [capacity_test] macro((0, 0)) ip(0 mram_addr(00000628)) idx(0) write weight:1576, but recv weight: -862421196
[2024-12-17 15:37:32] [ERROR] [capacity_test] macro((0, 0)) ip(0 mram_addr(00000629)) idx(0) write weight:1577, but recv weight: -863469772
[2024-12-17 15:37:32] [ERROR] [capacity_test] macro((0, 0)) ip(0 mram_addr(0000062A)) idx(0) write weight:1578, but recv weight: -863469772
[2024-12-17 15:37:32] [ERROR] [capacity_test] macro((0, 0)) ip(0 mram_addr(0000062B)) idx(0) write weight:1579, but recv weight: -864518348
[2024-12-17 15:37:32] [ERROR] [capacity_test] macro((0, 0)) ip(0 mram_addr(0000062C)) idx(0) write weight:1580, but recv weight: -864518348
[2024-12-17 15:37:32] [ERROR] [capacity_test] macro((0, 0)) ip(0 mram_addr(0000062D)) idx(0) write weight:1581, but recv weight: -865566924
[2024-12-17 15:37:32] [ERROR] [capacity_test] macro((0, 0)) ip(0 mram_addr(0000062E)) idx(0) write weight:1582, but recv weight: -865566924
[2024-12-17 15:37:32] [ERROR] [capacity_test] macro((0, 0)) ip(0 mram_addr(0000062F)) idx(0) write weight:1583, but recv weight: -866615500
[2024-12-17 15:37:32] [ERROR] [capacity_test] macro((0, 0)) ip(0 mram_addr(00000630)) idx(0) write weight:1584, but recv weight: -866615500
[2024-12-17 15:37:32] [ERROR] [capacity_test] macro((0, 0)) ip(0 mram_addr(00000631)) idx(0) write weight:1585, but recv weight: -867664076
[2024-12-17 15:37:32] [ERROR] [capacity_test] macro((0, 0)) ip(0 mram_addr(00000632)) idx(0) write weight:1586, but recv weight: -867664076
[2024-12-17 15:37:32] [ERROR] [capacity_test] macro((0, 0)) ip(0 mram_addr(00000633)) idx(0) write weight:1587, but recv weight: -868712652
[2024-12-17 15:37:32] [ERROR] [capacity_test] macro((0, 0)) ip(0 mram_addr(00000634)) idx(0) write weight:1588, but recv weight: -868712652
[2024-12-17 15:37:32] [ERROR] [capacity_test] macro((0, 0)) ip(0 mram_addr(00000635)) idx(0) write weight:1589, but recv weight: -869761228
[2024-12-17 15:37:32] [ERROR] [capacity_test] macro((0, 0)) ip(0 mram_addr(00000636)) idx(0) write weight:1590, but recv weight: -869761228
[2024-12-17 15:37:32] [ERROR] [capacity_test] macro((0, 0)) ip(0 mram_addr(00000637)) idx(0) write weight:1591, but recv weight: -870809804
[2024-12-17 15:37:32] [ERROR] [capacity_test] macro((0, 0)) ip(0 mram_addr(00000638)) idx(0) write weight:1592, but recv weight: -870809804
[2024-12-17 15:37:32] [ERROR] [capacity_test] macro((0, 0)) ip(0 mram_addr(00000639)) idx(0) write weight:1593, but recv weight: -871858380
[2024-12-17 15:37:32] [ERROR] [capacity_test] macro((0, 0)) ip(0 mram_addr(0000063A)) idx(0) write weight:1594, but recv weight: -871858380
[2024-12-17 15:37:32] [ERROR] [capacity_test] macro((0, 0)) ip(0 mram_addr(0000063B)) idx(0) write weight:1595, but recv weight: -872906956
[2024-12-17 15:37:32] [ERROR] [capacity_test] macro((0, 0)) ip(0 mram_addr(0000063C)) idx(0) write weight:1596, but recv weight: -872906956
[2024-12-17 15:37:32] [ERROR] [capacity_test] macro((0, 0)) ip(0 mram_addr(0000063D)) idx(0) write weight:1597, but recv weight: -873955532
[2024-12-17 15:37:32] [ERROR] [capacity_test] macro((0, 0)) ip(0 mram_addr(0000063E)) idx(0) write weight:1598, but recv weight: -873955532
[2024-12-17 15:37:32] [ERROR] [capacity_test] macro((0, 0)) ip(0 mram_addr(0000063F)) idx(0) write weight:1599, but recv weight: -875004108
[2024-12-17 15:37:32] [ERROR] [capacity_test] macro((0, 0)) ip(0 mram_addr(00000640)) idx(0) write weight:1600, but recv weight: -875004108
[2024-12-17 15:37:32] [ERROR] [capacity_test] macro((0, 0)) ip(0 mram_addr(00000641)) idx(0) write weight:1601, but recv weight: -876052684
[2024-12-17 15:37:32] [ERROR] [capacity_test] macro((0, 0)) ip(0 mram_addr(00000642)) idx(0) write weight:1602, but recv weight: -876052684
[2024-12-17 15:37:32] [ERROR] [capacity_test] macro((0, 0)) ip(0 mram_addr(00000643)) idx(0) write weight:1603, but recv weight: -877101260
[2024-12-17 15:37:32] [ERROR] [capacity_test] macro((0, 0)) ip(0 mram_addr(00000644)) idx(0) write weight:1604, but recv weight: -877101260
[2024-12-17 15:37:32] [ERROR] [capacity_test] macro((0, 0)) ip(0 mram_addr(00000645)) idx(0) write weight:1605, but recv weight: -878149836
[2024-12-17 15:37:32] [ERROR] [capacity_test] macro((0, 0)) ip(0 mram_addr(00000646)) idx(0) write weight:1606, but recv weight: -878149836
[2024-12-17 15:37:32] [ERROR] [capacity_test] macro((0, 0)) ip(0 mram_addr(00000647)) idx(0) write weight:1607, but recv weight: -879198412
[2024-12-17 15:37:32] [ERROR] [capacity_test] macro((0, 0)) ip(0 mram_addr(00000648)) idx(0) write weight:1608, but recv weight: -881295564
[2024-12-17 15:37:32] [ERROR] [capacity_test] macro((0, 0)) ip(0 mram_addr(00000649)) idx(0) write weight:1609, but recv weight: -883392716
[2024-12-17 15:37:32] [ERROR] [capacity_test] macro((0, 0)) ip(0 mram_addr(0000064A)) idx(0) write weight:1610, but recv weight: -885489868
[2024-12-17 15:37:32] [ERROR] [capacity_test] macro((0, 0)) ip(0 mram_addr(0000064B)) idx(0) write weight:1611, but recv weight: -887587020
[2024-12-17 15:37:32] [ERROR] [capacity_test] macro((0, 0)) ip(0 mram_addr(0000064C)) idx(0) write weight:1612, but recv weight: -889684172
[2024-12-17 15:37:32] [ERROR] [capacity_test] macro((0, 0)) ip(0 mram_addr(0000064D)) idx(0) write weight:1613, but recv weight: -891781324
[2024-12-17 15:37:32] [ERROR] [capacity_test] macro((0, 0)) ip(0 mram_addr(0000064E)) idx(0) write weight:1614, but recv weight: -893878476
[2024-12-17 15:37:32] [ERROR] [capacity_test] macro((0, 0)) ip(0 mram_addr(0000064F)) idx(0) write weight:1615, but recv weight: -895975628
[2024-12-17 15:37:32] [ERROR] [capacity_test] macro((0, 0)) ip(0 mram_addr(00000650)) idx(0) write weight:1616, but recv weight: -898072780
[2024-12-17 15:37:32] [ERROR] [capacity_test] macro((0, 0)) ip(0 mram_addr(00000651)) idx(0) write weight:1617, but recv weight: -900169932
[2024-12-17 15:37:32] [ERROR] [capacity_test] macro((0, 0)) ip(0 mram_addr(00000652)) idx(0) write weight:1618, but recv weight: -902267084
[2024-12-17 15:37:32] [ERROR] [capacity_test] macro((0, 0)) ip(0 mram_addr(00000653)) idx(0) write weight:1619, but recv weight: -904364236
[2024-12-17 15:37:32] [ERROR] [capacity_test] macro((0, 0)) ip(0 mram_addr(00000654)) idx(0) write weight:1620, but recv weight: -906461388
[2024-12-17 15:37:32] [ERROR] [capacity_test] macro((0, 0)) ip(0 mram_addr(00000655)) idx(0) write weight:1621, but recv weight: -908558540
[2024-12-17 15:37:32] [ERROR] [capacity_test] macro((0, 0)) ip(0 mram_addr(00000656)) idx(0) write weight:1622, but recv weight: -910655692
[2024-12-17 15:37:32] [ERROR] [capacity_test] macro((0, 0)) ip(0 mram_addr(00000657)) idx(0) write weight:1623, but recv weight: -912752844
[2024-12-17 15:37:32] [ERROR] [capacity_test] macro((0, 0)) ip(0 mram_addr(00000658)) idx(0) write weight:1624, but recv weight: -914849996
[2024-12-17 15:37:32] [ERROR] [capacity_test] macro((0, 0)) ip(0 mram_addr(00000659)) idx(0) write weight:1625, but recv weight: -916947148
[2024-12-17 15:37:32] [ERROR] [capacity_test] macro((0, 0)) ip(0 mram_addr(0000065A)) idx(0) write weight:1626, but recv weight: -919044300
[2024-12-17 15:37:32] [ERROR] [capacity_test] macro((0, 0)) ip(0 mram_addr(0000065B)) idx(0) write weight:1627, but recv weight: -921141452
[2024-12-17 15:37:32] [ERROR] [capacity_test] macro((0, 0)) ip(0 mram_addr(0000065C)) idx(0) write weight:1628, but recv weight: -923238604
[2024-12-17 15:37:32] [ERROR] [capacity_test] macro((0, 0)) ip(0 mram_addr(0000065D)) idx(0) write weight:1629, but recv weight: -925335756
[2024-12-17 15:37:32] [ERROR] [capacity_test] macro((0, 0)) ip(0 mram_addr(0000065E)) idx(0) write weight:1630, but recv weight: -927432908
[2024-12-17 15:37:32] [ERROR] [capacity_test] macro((0, 0)) ip(0 mram_addr(0000065F)) idx(0) write weight:1631, but recv weight: -929530060
[2024-12-17 15:37:32] [ERROR] [capacity_test] macro((0, 0)) ip(0 mram_addr(00000660)) idx(0) write weight:1632, but recv weight: -931627212
[2024-12-17 15:37:32] [ERROR] [capacity_test] macro((0, 0)) ip(0 mram_addr(00000661)) idx(0) write weight:1633, but recv weight: -933724364
[2024-12-17 15:37:32] [ERROR] [capacity_test] macro((0, 0)) ip(0 mram_addr(00000662)) idx(0) write weight:1634, but recv weight: -935821516
[2024-12-17 15:37:32] [ERROR] [capacity_test] macro((0, 0)) ip(0 mram_addr(00000663)) idx(0) write weight:1635, but recv weight: -937918668
[2024-12-17 15:37:32] [ERROR] [capacity_test] macro((0, 0)) ip(0 mram_addr(00000664)) idx(0) write weight:1636, but recv weight: -940015820
[2024-12-17 15:37:32] [ERROR] [capacity_test] macro((0, 0)) ip(0 mram_addr(00000665)) idx(0) write weight:1637, but recv weight: -942112972
[2024-12-17 15:37:32] [ERROR] [capacity_test] macro((0, 0)) ip(0 mram_addr(00000666)) idx(0) write weight:1638, but recv weight: 0
[2024-12-17 15:37:32] [ERROR] [capacity_test] macro((0, 0)) ip(0 mram_addr(00000667)) idx(0) write weight:1639, but recv weight: -842498252
[2024-12-17 15:37:32] [ERROR] [capacity_test] macro((0, 0)) ip(0 mram_addr(00000668)) idx(0) write weight:1640, but recv weight: -842498252
[2024-12-17 15:37:32] [ERROR] [capacity_test] macro((0, 0)) ip(0 mram_addr(00000669)) idx(0) write weight:1641, but recv weight: -842498252
[2024-12-17 15:37:32] [ERROR] [capacity_test] macro((0, 0)) ip(0 mram_addr(0000066A)) idx(0) write weight:1642, but recv weight: -842498252
[2024-12-17 15:37:32] [ERROR] [capacity_test] macro((0, 0)) ip(0 mram_addr(0000066B)) idx(0) write weight:1643, but recv weight: -842498252
[2024-12-17 15:37:32] [ERROR] [capacity_test] macro((0, 0)) ip(0 mram_addr(0000066C)) idx(0) write weight:1644, but recv weight: -842498252
[2024-12-17 15:37:32] [ERROR] [capacity_test] macro((0, 0)) ip(0 mram_addr(0000066D)) idx(0) write weight:1645, but recv weight: -842498252
[2024-12-17 15:37:32] [ERROR] [capacity_test] macro((0, 0)) ip(0 mram_addr(0000066E)) idx(0) write weight:1646, but recv weight: -842498252
[2024-12-17 15:37:32] [ERROR] [capacity_test] macro((0, 0)) ip(0 mram_addr(0000066F)) idx(0) write weight:1647, but recv weight: -842498252
[2024-12-17 15:37:32] [ERROR] [capacity_test] macro((0, 0)) ip(0 mram_addr(00000670)) idx(0) write weight:1648, but recv weight: -842498252
[2024-12-17 15:37:32] [ERROR] [capacity_test] macro((0, 0)) ip(0 mram_addr(00000671)) idx(0) write weight:1649, but recv weight: -842498252
[2024-12-17 15:37:32] [ERROR] [capacity_test] macro((0, 0)) ip(0 mram_addr(00000672)) idx(0) write weight:1650, but recv weight: -842498252
[2024-12-17 15:37:32] [ERROR] [capacity_test] macro((0, 0)) ip(0 mram_addr(00000673)) idx(0) write weight:1651, but recv weight: -842498252
[2024-12-17 15:37:32] [ERROR] [capacity_test] macro((0, 0)) ip(0 mram_addr(00000674)) idx(0) write weight:1652, but recv weight: -842498252
[2024-12-17 15:37:32] [ERROR] [capacity_test] macro((0, 0)) ip(0 mram_addr(00000675)) idx(0) write weight:1653, but recv weight: -842498252
[2024-12-17 15:37:32] [ERROR] [capacity_test] macro((0, 0)) ip(0 mram_addr(00000676)) idx(0) write weight:1654, but recv weight: -843546828
[2024-12-17 15:37:32] [ERROR] [capacity_test] macro((0, 0)) ip(0 mram_addr(00000677)) idx(0) write weight:1655, but recv weight: -843546828
[2024-12-17 15:37:32] [ERROR] [capacity_test] macro((0, 0)) ip(0 mram_addr(00000678)) idx(0) write weight:1656, but recv weight: -843546828
[2024-12-17 15:37:32] [ERROR] [capacity_test] macro((0, 0)) ip(0 mram_addr(00000679)) idx(0) write weight:1657, but recv weight: -843546828
[2024-12-17 15:37:32] [ERROR] [capacity_test] macro((0, 0)) ip(0 mram_addr(0000067A)) idx(0) write weight:1658, but recv weight: -843546828
[2024-12-17 15:37:32] [ERROR] [capacity_test] macro((0, 0)) ip(0 mram_addr(0000067B)) idx(0) write weight:1659, but recv weight: -843546828
[2024-12-17 15:37:32] [ERROR] [capacity_test] macro((0, 0)) ip(0 mram_addr(0000067C)) idx(0) write weight:1660, but recv weight: -843546828
[2024-12-17 15:37:32] [ERROR] [capacity_test] macro((0, 0)) ip(0 mram_addr(0000067D)) idx(0) write weight:1661, but recv weight: -843546828
[2024-12-17 15:37:32] [ERROR] [capacity_test] macro((0, 0)) ip(0 mram_addr(0000067E)) idx(0) write weight:1662, but recv weight: -843546828
[2024-12-17 15:37:32] [ERROR] [capacity_test] macro((0, 0)) ip(0 mram_addr(0000067F)) idx(0) write weight:1663, but recv weight: -843546828
[2024-12-17 15:37:32] [ERROR] [capacity_test] macro((0, 0)) ip(0 mram_addr(00000680)) idx(0) write weight:1664, but recv weight: -843546828
[2024-12-17 15:37:32] [ERROR] [capacity_test] macro((0, 0)) ip(0 mram_addr(00000681)) idx(0) write weight:1665, but recv weight: -843546828
[2024-12-17 15:37:32] [ERROR] [capacity_test] macro((0, 0)) ip(0 mram_addr(00000682)) idx(0) write weight:1666, but recv weight: -843546828
[2024-12-17 15:37:32] [ERROR] [capacity_test] macro((0, 0)) ip(0 mram_addr(00000683)) idx(0) write weight:1667, but recv weight: -843546828
[2024-12-17 15:37:32] [ERROR] [capacity_test] macro((0, 0)) ip(0 mram_addr(00000684)) idx(0) write weight:1668, but recv weight: -844595404
[2024-12-17 15:37:32] [ERROR] [capacity_test] macro((0, 0)) ip(0 mram_addr(00000685)) idx(0) write weight:1669, but recv weight: -844595404
[2024-12-17 15:37:32] [ERROR] [capacity_test] macro((0, 0)) ip(0 mram_addr(00000686)) idx(0) write weight:1670, but recv weight: -845643980
[2024-12-17 15:37:32] [ERROR] [capacity_test] macro((0, 0)) ip(0 mram_addr(00000687)) idx(0) write weight:1671, but recv weight: -845643980
[2024-12-17 15:37:32] [ERROR] [capacity_test] macro((0, 0)) ip(0 mram_addr(00000688)) idx(0) write weight:1672, but recv weight: -846692556
[2024-12-17 15:37:32] [ERROR] [capacity_test] macro((0, 0)) ip(0 mram_addr(00000689)) idx(0) write weight:1673, but recv weight: -846692556
[2024-12-17 15:37:32] [ERROR] [capacity_test] macro((0, 0)) ip(0 mram_addr(0000068A)) idx(0) write weight:1674, but recv weight: -847741132
[2024-12-17 15:37:32] [ERROR] [capacity_test] macro((0, 0)) ip(0 mram_addr(0000068B)) idx(0) write weight:1675, but recv weight: -847741132
[2024-12-17 15:37:32] [ERROR] [capacity_test] macro((0, 0)) ip(0 mram_addr(0000068C)) idx(0) write weight:1676, but recv weight: -848789708
[2024-12-17 15:37:32] [ERROR] [capacity_test] macro((0, 0)) ip(0 mram_addr(0000068D)) idx(0) write weight:1677, but recv weight: -848789708
[2024-12-17 15:37:32] [ERROR] [capacity_test] macro((0, 0)) ip(0 mram_addr(0000068E)) idx(0) write weight:1678, but recv weight: -849838284
[2024-12-17 15:37:32] [ERROR] [capacity_test] macro((0, 0)) ip(0 mram_addr(0000068F)) idx(0) write weight:1679, but recv weight: -849838284
[2024-12-17 15:37:32] [ERROR] [capacity_test] macro((0, 0)) ip(0 mram_addr(00000690)) idx(0) write weight:1680, but recv weight: -850886860
[2024-12-17 15:37:32] [ERROR] [capacity_test] macro((0, 0)) ip(0 mram_addr(00000691)) idx(0) write weight:1681, but recv weight: -850886860
[2024-12-17 15:37:32] [ERROR] [capacity_test] macro((0, 0)) ip(0 mram_addr(00000692)) idx(0) write weight:1682, but recv weight: -851935436
[2024-12-17 15:37:32] [ERROR] [capacity_test] macro((0, 0)) ip(0 mram_addr(00000693)) idx(0) write weight:1683, but recv weight: -851935436
[2024-12-17 15:37:32] [ERROR] [capacity_test] macro((0, 0)) ip(0 mram_addr(00000694)) idx(0) write weight:1684, but recv weight: -852984012
[2024-12-17 15:37:32] [ERROR] [capacity_test] macro((0, 0)) ip(0 mram_addr(00000695)) idx(0) write weight:1685, but recv weight: -852984012
[2024-12-17 15:37:32] [ERROR] [capacity_test] macro((0, 0)) ip(0 mram_addr(00000696)) idx(0) write weight:1686, but recv weight: -854032588
[2024-12-17 15:37:32] [ERROR] [capacity_test] macro((0, 0)) ip(0 mram_addr(00000697)) idx(0) write weight:1687, but recv weight: -854032588
[2024-12-17 15:37:32] [ERROR] [capacity_test] macro((0, 0)) ip(0 mram_addr(00000698)) idx(0) write weight:1688, but recv weight: -855081164
[2024-12-17 15:37:32] [ERROR] [capacity_test] macro((0, 0)) ip(0 mram_addr(00000699)) idx(0) write weight:1689, but recv weight: -855081164
[2024-12-17 15:37:32] [ERROR] [capacity_test] macro((0, 0)) ip(0 mram_addr(0000069A)) idx(0) write weight:1690, but recv weight: -856129740
[2024-12-17 15:37:32] [ERROR] [capacity_test] macro((0, 0)) ip(0 mram_addr(0000069B)) idx(0) write weight:1691, but recv weight: -856129740
[2024-12-17 15:37:32] [ERROR] [capacity_test] macro((0, 0)) ip(0 mram_addr(0000069C)) idx(0) write weight:1692, but recv weight: -857178316
[2024-12-17 15:37:32] [ERROR] [capacity_test] macro((0, 0)) ip(0 mram_addr(0000069D)) idx(0) write weight:1693, but recv weight: -857178316
[2024-12-17 15:37:32] [ERROR] [capacity_test] macro((0, 0)) ip(0 mram_addr(0000069E)) idx(0) write weight:1694, but recv weight: -858226892
[2024-12-17 15:37:32] [ERROR] [capacity_test] macro((0, 0)) ip(0 mram_addr(0000069F)) idx(0) write weight:1695, but recv weight: -858226892
[2024-12-17 15:37:32] [ERROR] [capacity_test] macro((0, 0)) ip(0 mram_addr(000006A0)) idx(0) write weight:1696, but recv weight: -859275468
[2024-12-17 15:37:32] [ERROR] [capacity_test] macro((0, 0)) ip(0 mram_addr(000006A1)) idx(0) write weight:1697, but recv weight: -859275468
[2024-12-17 15:37:32] [ERROR] [capacity_test] macro((0, 0)) ip(0 mram_addr(000006A2)) idx(0) write weight:1698, but recv weight: -860324044
[2024-12-17 15:37:32] [ERROR] [capacity_test] macro((0, 0)) ip(0 mram_addr(000006A3)) idx(0) write weight:1699, but recv weight: -860324044
[2024-12-17 15:37:32] [ERROR] [capacity_test] macro((0, 0)) ip(0 mram_addr(000006A4)) idx(0) write weight:1700, but recv weight: -861372620
[2024-12-17 15:37:32] [ERROR] [capacity_test] macro((0, 0)) ip(0 mram_addr(000006A5)) idx(0) write weight:1701, but recv weight: -861372620
[2024-12-17 15:37:32] [ERROR] [capacity_test] macro((0, 0)) ip(0 mram_addr(000006A6)) idx(0) write weight:1702, but recv weight: -862421196
[2024-12-17 15:37:32] [ERROR] [capacity_test] macro((0, 0)) ip(0 mram_addr(000006A7)) idx(0) write weight:1703, but recv weight: -862421196
[2024-12-17 15:37:32] [ERROR] [capacity_test] macro((0, 0)) ip(0 mram_addr(000006A8)) idx(0) write weight:1704, but recv weight: -863469772
[2024-12-17 15:37:32] [ERROR] [capacity_test] macro((0, 0)) ip(0 mram_addr(000006A9)) idx(0) write weight:1705, but recv weight: -863469772
[2024-12-17 15:37:32] [ERROR] [capacity_test] macro((0, 0)) ip(0 mram_addr(000006AA)) idx(0) write weight:1706, but recv weight: -864518348
[2024-12-17 15:37:32] [ERROR] [capacity_test] macro((0, 0)) ip(0 mram_addr(000006AB)) idx(0) write weight:1707, but recv weight: -864518348
[2024-12-17 15:37:32] [ERROR] [capacity_test] macro((0, 0)) ip(0 mram_addr(000006AC)) idx(0) write weight:1708, but recv weight: -865566924
[2024-12-17 15:37:32] [ERROR] [capacity_test] macro((0, 0)) ip(0 mram_addr(000006AD)) idx(0) write weight:1709, but recv weight: -865566924
[2024-12-17 15:37:32] [ERROR] [capacity_test] macro((0, 0)) ip(0 mram_addr(000006AE)) idx(0) write weight:1710, but recv weight: -866615500
[2024-12-17 15:37:32] [ERROR] [capacity_test] macro((0, 0)) ip(0 mram_addr(000006AF)) idx(0) write weight:1711, but recv weight: -866615500
[2024-12-17 15:37:32] [ERROR] [capacity_test] macro((0, 0)) ip(0 mram_addr(000006B0)) idx(0) write weight:1712, but recv weight: -867664076
[2024-12-17 15:37:32] [ERROR] [capacity_test] macro((0, 0)) ip(0 mram_addr(000006B1)) idx(0) write weight:1713, but recv weight: -867664076
[2024-12-17 15:37:32] [ERROR] [capacity_test] macro((0, 0)) ip(0 mram_addr(000006B2)) idx(0) write weight:1714, but recv weight: -868712652
[2024-12-17 15:37:32] [ERROR] [capacity_test] macro((0, 0)) ip(0 mram_addr(000006B3)) idx(0) write weight:1715, but recv weight: -868712652
[2024-12-17 15:37:32] [ERROR] [capacity_test] macro((0, 0)) ip(0 mram_addr(000006B4)) idx(0) write weight:1716, but recv weight: -869761228
[2024-12-17 15:37:32] [ERROR] [capacity_test] macro((0, 0)) ip(0 mram_addr(000006B5)) idx(0) write weight:1717, but recv weight: -869761228
[2024-12-17 15:37:32] [ERROR] [capacity_test] macro((0, 0)) ip(0 mram_addr(000006B6)) idx(0) write weight:1718, but recv weight: -870809804
[2024-12-17 15:37:32] [ERROR] [capacity_test] macro((0, 0)) ip(0 mram_addr(000006B7)) idx(0) write weight:1719, but recv weight: -870809804
[2024-12-17 15:37:32] [ERROR] [capacity_test] macro((0, 0)) ip(0 mram_addr(000006B8)) idx(0) write weight:1720, but recv weight: -871858380
[2024-12-17 15:37:32] [ERROR] [capacity_test] macro((0, 0)) ip(0 mram_addr(000006B9)) idx(0) write weight:1721, but recv weight: -871858380
[2024-12-17 15:37:32] [ERROR] [capacity_test] macro((0, 0)) ip(0 mram_addr(000006BA)) idx(0) write weight:1722, but recv weight: -872906956
[2024-12-17 15:37:32] [ERROR] [capacity_test] macro((0, 0)) ip(0 mram_addr(000006BB)) idx(0) write weight:1723, but recv weight: -872906956
[2024-12-17 15:37:32] [ERROR] [capacity_test] macro((0, 0)) ip(0 mram_addr(000006BC)) idx(0) write weight:1724, but recv weight: -873955532
[2024-12-17 15:37:32] [ERROR] [capacity_test] macro((0, 0)) ip(0 mram_addr(000006BD)) idx(0) write weight:1725, but recv weight: -873955532
[2024-12-17 15:37:32] [ERROR] [capacity_test] macro((0, 0)) ip(0 mram_addr(000006BE)) idx(0) write weight:1726, but recv weight: -875004108
[2024-12-17 15:37:32] [ERROR] [capacity_test] macro((0, 0)) ip(0 mram_addr(000006BF)) idx(0) write weight:1727, but recv weight: -875004108
[2024-12-17 15:37:32] [ERROR] [capacity_test] macro((0, 0)) ip(0 mram_addr(000006C0)) idx(0) write weight:1728, but recv weight: -876052684
[2024-12-17 15:37:32] [ERROR] [capacity_test] macro((0, 0)) ip(0 mram_addr(000006C1)) idx(0) write weight:1729, but recv weight: -876052684
[2024-12-17 15:37:32] [ERROR] [capacity_test] macro((0, 0)) ip(0 mram_addr(000006C2)) idx(0) write weight:1730, but recv weight: -877101260
[2024-12-17 15:37:32] [ERROR] [capacity_test] macro((0, 0)) ip(0 mram_addr(000006C3)) idx(0) write weight:1731, but recv weight: -877101260
[2024-12-17 15:37:32] [ERROR] [capacity_test] macro((0, 0)) ip(0 mram_addr(000006C4)) idx(0) write weight:1732, but recv weight: -878149836
[2024-12-17 15:37:32] [ERROR] [capacity_test] macro((0, 0)) ip(0 mram_addr(000006C5)) idx(0) write weight:1733, but recv weight: -878149836
[2024-12-17 15:37:32] [ERROR] [capacity_test] macro((0, 0)) ip(0 mram_addr(000006C6)) idx(0) write weight:1734, but recv weight: -879198412
[2024-12-17 15:37:32] [ERROR] [capacity_test] macro((0, 0)) ip(0 mram_addr(000006C7)) idx(0) write weight:1735, but recv weight: -881295564
[2024-12-17 15:37:32] [ERROR] [capacity_test] macro((0, 0)) ip(0 mram_addr(000006C8)) idx(0) write weight:1736, but recv weight: -883392716
[2024-12-17 15:37:32] [ERROR] [capacity_test] macro((0, 0)) ip(0 mram_addr(000006C9)) idx(0) write weight:1737, but recv weight: -885489868
[2024-12-17 15:37:32] [ERROR] [capacity_test] macro((0, 0)) ip(0 mram_addr(000006CA)) idx(0) write weight:1738, but recv weight: -887587020
[2024-12-17 15:37:32] [ERROR] [capacity_test] macro((0, 0)) ip(0 mram_addr(000006CB)) idx(0) write weight:1739, but recv weight: -889684172
[2024-12-17 15:37:32] [ERROR] [capacity_test] macro((0, 0)) ip(0 mram_addr(000006CC)) idx(0) write weight:1740, but recv weight: -891781324
[2024-12-17 15:37:32] [ERROR] [capacity_test] macro((0, 0)) ip(0 mram_addr(000006CD)) idx(0) write weight:1741, but recv weight: -893878476
[2024-12-17 15:37:32] [ERROR] [capacity_test] macro((0, 0)) ip(0 mram_addr(000006CE)) idx(0) write weight:1742, but recv weight: -895975628
[2024-12-17 15:37:32] [ERROR] [capacity_test] macro((0, 0)) ip(0 mram_addr(000006CF)) idx(0) write weight:1743, but recv weight: -898072780
[2024-12-17 15:37:32] [ERROR] [capacity_test] macro((0, 0)) ip(0 mram_addr(000006D0)) idx(0) write weight:1744, but recv weight: -900169932
[2024-12-17 15:37:32] [ERROR] [capacity_test] macro((0, 0)) ip(0 mram_addr(000006D1)) idx(0) write weight:1745, but recv weight: -902267084
[2024-12-17 15:37:32] [ERROR] [capacity_test] macro((0, 0)) ip(0 mram_addr(000006D2)) idx(0) write weight:1746, but recv weight: -904364236
[2024-12-17 15:37:32] [ERROR] [capacity_test] macro((0, 0)) ip(0 mram_addr(000006D3)) idx(0) write weight:1747, but recv weight: -906461388
[2024-12-17 15:37:32] [ERROR] [capacity_test] macro((0, 0)) ip(0 mram_addr(000006D4)) idx(0) write weight:1748, but recv weight: -908558540
[2024-12-17 15:37:32] [ERROR] [capacity_test] macro((0, 0)) ip(0 mram_addr(000006D5)) idx(0) write weight:1749, but recv weight: -910655692
[2024-12-17 15:37:32] [ERROR] [capacity_test] macro((0, 0)) ip(0 mram_addr(000006D6)) idx(0) write weight:1750, but recv weight: -912752844
[2024-12-17 15:37:32] [ERROR] [capacity_test] macro((0, 0)) ip(0 mram_addr(000006D7)) idx(0) write weight:1751, but recv weight: -914849996
[2024-12-17 15:37:32] [ERROR] [capacity_test] macro((0, 0)) ip(0 mram_addr(000006D8)) idx(0) write weight:1752, but recv weight: -916947148
[2024-12-17 15:37:32] [ERROR] [capacity_test] macro((0, 0)) ip(0 mram_addr(000006D9)) idx(0) write weight:1753, but recv weight: -919044300
[2024-12-17 15:37:32] [ERROR] [capacity_test] macro((0, 0)) ip(0 mram_addr(000006DA)) idx(0) write weight:1754, but recv weight: -921141452
[2024-12-17 15:37:32] [ERROR] [capacity_test] macro((0, 0)) ip(0 mram_addr(000006DB)) idx(0) write weight:1755, but recv weight: -923238604
[2024-12-17 15:37:32] [ERROR] [capacity_test] macro((0, 0)) ip(0 mram_addr(000006DC)) idx(0) write weight:1756, but recv weight: -925335756
[2024-12-17 15:37:32] [ERROR] [capacity_test] macro((0, 0)) ip(0 mram_addr(000006DD)) idx(0) write weight:1757, but recv weight: -927432908
[2024-12-17 15:37:32] [ERROR] [capacity_test] macro((0, 0)) ip(0 mram_addr(000006DE)) idx(0) write weight:1758, but recv weight: -929530060
[2024-12-17 15:37:32] [ERROR] [capacity_test] macro((0, 0)) ip(0 mram_addr(000006DF)) idx(0) write weight:1759, but recv weight: -931627212
[2024-12-17 15:37:32] [ERROR] [capacity_test] macro((0, 0)) ip(0 mram_addr(000006E0)) idx(0) write weight:1760, but recv weight: -933724364
[2024-12-17 15:37:32] [ERROR] [capacity_test] macro((0, 0)) ip(0 mram_addr(000006E1)) idx(0) write weight:1761, but recv weight: -935821516
[2024-12-17 15:37:32] [ERROR] [capacity_test] macro((0, 0)) ip(0 mram_addr(000006E2)) idx(0) write weight:1762, but recv weight: -937918668
[2024-12-17 15:37:32] [ERROR] [capacity_test] macro((0, 0)) ip(0 mram_addr(000006E3)) idx(0) write weight:1763, but recv weight: -940015820
[2024-12-17 15:37:32] [ERROR] [capacity_test] macro((0, 0)) ip(0 mram_addr(000006E4)) idx(0) write weight:1764, but recv weight: -942112972
[2024-12-17 15:37:32] [ERROR] [capacity_test] macro((0, 0)) ip(0 mram_addr(000006E5)) idx(0) write weight:1765, but recv weight: -841449676
[2024-12-17 15:37:32] [ERROR] [capacity_test] macro((0, 0)) ip(0 mram_addr(000006E6)) idx(0) write weight:1766, but recv weight: -842498252
[2024-12-17 15:37:32] [ERROR] [capacity_test] macro((0, 0)) ip(0 mram_addr(000006E7)) idx(0) write weight:1767, but recv weight: -842498252
[2024-12-17 15:37:32] [ERROR] [capacity_test] macro((0, 0)) ip(0 mram_addr(000006E8)) idx(0) write weight:1768, but recv weight: -842498252
[2024-12-17 15:37:32] [ERROR] [capacity_test] macro((0, 0)) ip(0 mram_addr(000006E9)) idx(0) write weight:1769, but recv weight: -842498252
[2024-12-17 15:37:32] [ERROR] [capacity_test] macro((0, 0)) ip(0 mram_addr(000006EA)) idx(0) write weight:1770, but recv weight: -842498252
[2024-12-17 15:37:32] [ERROR] [capacity_test] macro((0, 0)) ip(0 mram_addr(000006EB)) idx(0) write weight:1771, but recv weight: -842498252
[2024-12-17 15:37:32] [ERROR] [capacity_test] macro((0, 0)) ip(0 mram_addr(000006EC)) idx(0) write weight:1772, but recv weight: -842498252
[2024-12-17 15:37:32] [ERROR] [capacity_test] macro((0, 0)) ip(0 mram_addr(000006ED)) idx(0) write weight:1773, but recv weight: -842498252
[2024-12-17 15:37:32] [ERROR] [capacity_test] macro((0, 0)) ip(0 mram_addr(000006EE)) idx(0) write weight:1774, but recv weight: -842498252
[2024-12-17 15:37:32] [ERROR] [capacity_test] macro((0, 0)) ip(0 mram_addr(000006EF)) idx(0) write weight:1775, but recv weight: -842498252
[2024-12-17 15:37:32] [ERROR] [capacity_test] macro((0, 0)) ip(0 mram_addr(000006F0)) idx(0) write weight:1776, but recv weight: -842498252
[2024-12-17 15:37:32] [ERROR] [capacity_test] macro((0, 0)) ip(0 mram_addr(000006F1)) idx(0) write weight:1777, but recv weight: -842498252
[2024-12-17 15:37:32] [ERROR] [capacity_test] macro((0, 0)) ip(0 mram_addr(000006F2)) idx(0) write weight:1778, but recv weight: -842498252
[2024-12-17 15:37:32] [ERROR] [capacity_test] macro((0, 0)) ip(0 mram_addr(000006F3)) idx(0) write weight:1779, but recv weight: -842498252
[2024-12-17 15:37:32] [ERROR] [capacity_test] macro((0, 0)) ip(0 mram_addr(000006F4)) idx(0) write weight:1780, but recv weight: -842498252
[2024-12-17 15:37:32] [ERROR] [capacity_test] macro((0, 0)) ip(0 mram_addr(000006F5)) idx(0) write weight:1781, but recv weight: -842498252
[2024-12-17 15:37:32] [ERROR] [capacity_test] macro((0, 0)) ip(0 mram_addr(000006F6)) idx(0) write weight:1782, but recv weight: -843546828
[2024-12-17 15:37:32] [ERROR] [capacity_test] macro((0, 0)) ip(0 mram_addr(000006F7)) idx(0) write weight:1783, but recv weight: -843546828
[2024-12-17 15:37:32] [ERROR] [capacity_test] macro((0, 0)) ip(0 mram_addr(000006F8)) idx(0) write weight:1784, but recv weight: -843546828
[2024-12-17 15:37:32] [ERROR] [capacity_test] macro((0, 0)) ip(0 mram_addr(000006F9)) idx(0) write weight:1785, but recv weight: -843546828
[2024-12-17 15:37:32] [ERROR] [capacity_test] macro((0, 0)) ip(0 mram_addr(000006FA)) idx(0) write weight:1786, but recv weight: -843546828
[2024-12-17 15:37:32] [ERROR] [capacity_test] macro((0, 0)) ip(0 mram_addr(000006FB)) idx(0) write weight:1787, but recv weight: -843546828
[2024-12-17 15:37:32] [ERROR] [capacity_test] macro((0, 0)) ip(0 mram_addr(000006FC)) idx(0) write weight:1788, but recv weight: -843546828
[2024-12-17 15:37:32] [ERROR] [capacity_test] macro((0, 0)) ip(0 mram_addr(000006FD)) idx(0) write weight:1789, but recv weight: -843546828
[2024-12-17 15:37:32] [ERROR] [capacity_test] macro((0, 0)) ip(0 mram_addr(000006FE)) idx(0) write weight:1790, but recv weight: -843546828
[2024-12-17 15:37:32] [ERROR] [capacity_test] macro((0, 0)) ip(0 mram_addr(000006FF)) idx(0) write weight:1791, but recv weight: -843546828
[2024-12-17 15:37:32] [ERROR] [capacity_test] macro((0, 0)) ip(0 mram_addr(00000700)) idx(0) write weight:1792, but recv weight: -843546828
[2024-12-17 15:37:32] [ERROR] [capacity_test] macro((0, 0)) ip(0 mram_addr(00000701)) idx(0) write weight:1793, but recv weight: -843546828
[2024-12-17 15:37:32] [ERROR] [capacity_test] macro((0, 0)) ip(0 mram_addr(00000702)) idx(0) write weight:1794, but recv weight: -843546828
[2024-12-17 15:37:32] [ERROR] [capacity_test] macro((0, 0)) ip(0 mram_addr(00000703)) idx(0) write weight:1795, but recv weight: -843546828
[2024-12-17 15:37:32] [ERROR] [capacity_test] macro((0, 0)) ip(0 mram_addr(00000704)) idx(0) write weight:1796, but recv weight: -844595404
[2024-12-17 15:37:32] [ERROR] [capacity_test] macro((0, 0)) ip(0 mram_addr(00000705)) idx(0) write weight:1797, but recv weight: -844595404
[2024-12-17 15:37:32] [ERROR] [capacity_test] macro((0, 0)) ip(0 mram_addr(00000706)) idx(0) write weight:1798, but recv weight: -845643980
[2024-12-17 15:37:32] [ERROR] [capacity_test] macro((0, 0)) ip(0 mram_addr(00000707)) idx(0) write weight:1799, but recv weight: -845643980
[2024-12-17 15:37:32] [ERROR] [capacity_test] macro((0, 0)) ip(0 mram_addr(00000708)) idx(0) write weight:1800, but recv weight: -846692556
[2024-12-17 15:37:32] [ERROR] [capacity_test] macro((0, 0)) ip(0 mram_addr(00000709)) idx(0) write weight:1801, but recv weight: -846692556
[2024-12-17 15:37:32] [ERROR] [capacity_test] macro((0, 0)) ip(0 mram_addr(0000070A)) idx(0) write weight:1802, but recv weight: -847741132
[2024-12-17 15:37:32] [ERROR] [capacity_test] macro((0, 0)) ip(0 mram_addr(0000070B)) idx(0) write weight:1803, but recv weight: -847741132
[2024-12-17 15:37:32] [ERROR] [capacity_test] macro((0, 0)) ip(0 mram_addr(0000070C)) idx(0) write weight:1804, but recv weight: -848789708
[2024-12-17 15:37:32] [ERROR] [capacity_test] macro((0, 0)) ip(0 mram_addr(0000070D)) idx(0) write weight:1805, but recv weight: -848789708
[2024-12-17 15:37:32] [ERROR] [capacity_test] macro((0, 0)) ip(0 mram_addr(0000070E)) idx(0) write weight:1806, but recv weight: -849838284
[2024-12-17 15:37:32] [ERROR] [capacity_test] macro((0, 0)) ip(0 mram_addr(0000070F)) idx(0) write weight:1807, but recv weight: -849838284
[2024-12-17 15:37:32] [ERROR] [capacity_test] macro((0, 0)) ip(0 mram_addr(00000710)) idx(0) write weight:1808, but recv weight: -850886860
[2024-12-17 15:37:32] [ERROR] [capacity_test] macro((0, 0)) ip(0 mram_addr(00000711)) idx(0) write weight:1809, but recv weight: -850886860
[2024-12-17 15:37:32] [ERROR] [capacity_test] macro((0, 0)) ip(0 mram_addr(00000712)) idx(0) write weight:1810, but recv weight: -851935436
[2024-12-17 15:37:32] [ERROR] [capacity_test] macro((0, 0)) ip(0 mram_addr(00000713)) idx(0) write weight:1811, but recv weight: -851935436
[2024-12-17 15:37:32] [ERROR] [capacity_test] macro((0, 0)) ip(0 mram_addr(00000714)) idx(0) write weight:1812, but recv weight: -852984012
[2024-12-17 15:37:32] [ERROR] [capacity_test] macro((0, 0)) ip(0 mram_addr(00000715)) idx(0) write weight:1813, but recv weight: -852984012
[2024-12-17 15:37:32] [ERROR] [capacity_test] macro((0, 0)) ip(0 mram_addr(00000716)) idx(0) write weight:1814, but recv weight: -854032588
[2024-12-17 15:37:32] [ERROR] [capacity_test] macro((0, 0)) ip(0 mram_addr(00000717)) idx(0) write weight:1815, but recv weight: -854032588
[2024-12-17 15:37:32] [ERROR] [capacity_test] macro((0, 0)) ip(0 mram_addr(00000718)) idx(0) write weight:1816, but recv weight: -855081164
[2024-12-17 15:37:32] [ERROR] [capacity_test] macro((0, 0)) ip(0 mram_addr(00000719)) idx(0) write weight:1817, but recv weight: -855081164
[2024-12-17 15:37:32] [ERROR] [capacity_test] macro((0, 0)) ip(0 mram_addr(0000071A)) idx(0) write weight:1818, but recv weight: -856129740
[2024-12-17 15:37:32] [ERROR] [capacity_test] macro((0, 0)) ip(0 mram_addr(0000071B)) idx(0) write weight:1819, but recv weight: -856129740
[2024-12-17 15:37:32] [ERROR] [capacity_test] macro((0, 0)) ip(0 mram_addr(0000071C)) idx(0) write weight:1820, but recv weight: -857178316
[2024-12-17 15:37:32] [ERROR] [capacity_test] macro((0, 0)) ip(0 mram_addr(0000071D)) idx(0) write weight:1821, but recv weight: -857178316
[2024-12-17 15:37:32] [ERROR] [capacity_test] macro((0, 0)) ip(0 mram_addr(0000071E)) idx(0) write weight:1822, but recv weight: -858226892
[2024-12-17 15:37:32] [ERROR] [capacity_test] macro((0, 0)) ip(0 mram_addr(0000071F)) idx(0) write weight:1823, but recv weight: -858226892
[2024-12-17 15:37:32] [ERROR] [capacity_test] macro((0, 0)) ip(0 mram_addr(00000720)) idx(0) write weight:1824, but recv weight: -859275468
[2024-12-17 15:37:32] [ERROR] [capacity_test] macro((0, 0)) ip(0 mram_addr(00000721)) idx(0) write weight:1825, but recv weight: -859275468
[2024-12-17 15:37:32] [ERROR] [capacity_test] macro((0, 0)) ip(0 mram_addr(00000722)) idx(0) write weight:1826, but recv weight: -860324044
[2024-12-17 15:37:32] [ERROR] [capacity_test] macro((0, 0)) ip(0 mram_addr(00000723)) idx(0) write weight:1827, but recv weight: -860324044
[2024-12-17 15:37:32] [ERROR] [capacity_test] macro((0, 0)) ip(0 mram_addr(00000724)) idx(0) write weight:1828, but recv weight: -861372620
[2024-12-17 15:37:32] [ERROR] [capacity_test] macro((0, 0)) ip(0 mram_addr(00000725)) idx(0) write weight:1829, but recv weight: -861372620
[2024-12-17 15:37:32] [ERROR] [capacity_test] macro((0, 0)) ip(0 mram_addr(00000726)) idx(0) write weight:1830, but recv weight: -862421196
[2024-12-17 15:37:32] [ERROR] [capacity_test] macro((0, 0)) ip(0 mram_addr(00000727)) idx(0) write weight:1831, but recv weight: -862421196
[2024-12-17 15:37:32] [ERROR] [capacity_test] macro((0, 0)) ip(0 mram_addr(00000728)) idx(0) write weight:1832, but recv weight: -863469772
[2024-12-17 15:37:32] [ERROR] [capacity_test] macro((0, 0)) ip(0 mram_addr(00000729)) idx(0) write weight:1833, but recv weight: -863469772
[2024-12-17 15:37:32] [ERROR] [capacity_test] macro((0, 0)) ip(0 mram_addr(0000072A)) idx(0) write weight:1834, but recv weight: -864518348
[2024-12-17 15:37:32] [ERROR] [capacity_test] macro((0, 0)) ip(0 mram_addr(0000072B)) idx(0) write weight:1835, but recv weight: -864518348
[2024-12-17 15:37:32] [ERROR] [capacity_test] macro((0, 0)) ip(0 mram_addr(0000072C)) idx(0) write weight:1836, but recv weight: -865566924
[2024-12-17 15:37:32] [ERROR] [capacity_test] macro((0, 0)) ip(0 mram_addr(0000072D)) idx(0) write weight:1837, but recv weight: -865566924
[2024-12-17 15:37:32] [ERROR] [capacity_test] macro((0, 0)) ip(0 mram_addr(0000072E)) idx(0) write weight:1838, but recv weight: -866615500
[2024-12-17 15:37:32] [ERROR] [capacity_test] macro((0, 0)) ip(0 mram_addr(0000072F)) idx(0) write weight:1839, but recv weight: -866615500
[2024-12-17 15:37:32] [ERROR] [capacity_test] macro((0, 0)) ip(0 mram_addr(00000730)) idx(0) write weight:1840, but recv weight: -867664076
[2024-12-17 15:37:32] [ERROR] [capacity_test] macro((0, 0)) ip(0 mram_addr(00000731)) idx(0) write weight:1841, but recv weight: -867664076
[2024-12-17 15:37:32] [ERROR] [capacity_test] macro((0, 0)) ip(0 mram_addr(00000732)) idx(0) write weight:1842, but recv weight: -868712652
[2024-12-17 15:37:32] [ERROR] [capacity_test] macro((0, 0)) ip(0 mram_addr(00000733)) idx(0) write weight:1843, but recv weight: -868712652
[2024-12-17 15:37:32] [ERROR] [capacity_test] macro((0, 0)) ip(0 mram_addr(00000734)) idx(0) write weight:1844, but recv weight: -869761228
[2024-12-17 15:37:32] [ERROR] [capacity_test] macro((0, 0)) ip(0 mram_addr(00000735)) idx(0) write weight:1845, but recv weight: -869761228
[2024-12-17 15:37:32] [ERROR] [capacity_test] macro((0, 0)) ip(0 mram_addr(00000736)) idx(0) write weight:1846, but recv weight: -870809804
[2024-12-17 15:37:32] [ERROR] [capacity_test] macro((0, 0)) ip(0 mram_addr(00000737)) idx(0) write weight:1847, but recv weight: -870809804
[2024-12-17 15:37:32] [ERROR] [capacity_test] macro((0, 0)) ip(0 mram_addr(00000738)) idx(0) write weight:1848, but recv weight: -871858380
[2024-12-17 15:37:32] [ERROR] [capacity_test] macro((0, 0)) ip(0 mram_addr(00000739)) idx(0) write weight:1849, but recv weight: -871858380
[2024-12-17 15:37:32] [ERROR] [capacity_test] macro((0, 0)) ip(0 mram_addr(0000073A)) idx(0) write weight:1850, but recv weight: -872906956
[2024-12-17 15:37:32] [ERROR] [capacity_test] macro((0, 0)) ip(0 mram_addr(0000073B)) idx(0) write weight:1851, but recv weight: -872906956
[2024-12-17 15:37:32] [ERROR] [capacity_test] macro((0, 0)) ip(0 mram_addr(0000073C)) idx(0) write weight:1852, but recv weight: -873955532
[2024-12-17 15:37:32] [ERROR] [capacity_test] macro((0, 0)) ip(0 mram_addr(0000073D)) idx(0) write weight:1853, but recv weight: -873955532
[2024-12-17 15:37:32] [ERROR] [capacity_test] macro((0, 0)) ip(0 mram_addr(0000073E)) idx(0) write weight:1854, but recv weight: -875004108
[2024-12-17 15:37:32] [ERROR] [capacity_test] macro((0, 0)) ip(0 mram_addr(0000073F)) idx(0) write weight:1855, but recv weight: -875004108
[2024-12-17 15:37:32] [ERROR] [capacity_test] macro((0, 0)) ip(0 mram_addr(00000740)) idx(0) write weight:1856, but recv weight: -876052684
[2024-12-17 15:37:32] [ERROR] [capacity_test] macro((0, 0)) ip(0 mram_addr(00000741)) idx(0) write weight:1857, but recv weight: -876052684
[2024-12-17 15:37:32] [ERROR] [capacity_test] macro((0, 0)) ip(0 mram_addr(00000742)) idx(0) write weight:1858, but recv weight: -877101260
[2024-12-17 15:37:32] [ERROR] [capacity_test] macro((0, 0)) ip(0 mram_addr(00000743)) idx(0) write weight:1859, but recv weight: -877101260
[2024-12-17 15:37:32] [ERROR] [capacity_test] macro((0, 0)) ip(0 mram_addr(00000744)) idx(0) write weight:1860, but recv weight: -878149836
[2024-12-17 15:37:32] [ERROR] [capacity_test] macro((0, 0)) ip(0 mram_addr(00000745)) idx(0) write weight:1861, but recv weight: -878149836
[2024-12-17 15:37:32] [ERROR] [capacity_test] macro((0, 0)) ip(0 mram_addr(00000746)) idx(0) write weight:1862, but recv weight: -879198412
[2024-12-17 15:37:32] [ERROR] [capacity_test] macro((0, 0)) ip(0 mram_addr(00000747)) idx(0) write weight:1863, but recv weight: -881295564
[2024-12-17 15:37:32] [ERROR] [capacity_test] macro((0, 0)) ip(0 mram_addr(00000748)) idx(0) write weight:1864, but recv weight: -883392716
[2024-12-17 15:37:32] [ERROR] [capacity_test] macro((0, 0)) ip(0 mram_addr(00000749)) idx(0) write weight:1865, but recv weight: -885489868
[2024-12-17 15:37:32] [ERROR] [capacity_test] macro((0, 0)) ip(0 mram_addr(0000074A)) idx(0) write weight:1866, but recv weight: -887587020
[2024-12-17 15:37:32] [ERROR] [capacity_test] macro((0, 0)) ip(0 mram_addr(0000074B)) idx(0) write weight:1867, but recv weight: -889684172
[2024-12-17 15:37:32] [ERROR] [capacity_test] macro((0, 0)) ip(0 mram_addr(0000074C)) idx(0) write weight:1868, but recv weight: -891781324
[2024-12-17 15:37:32] [ERROR] [capacity_test] macro((0, 0)) ip(0 mram_addr(0000074D)) idx(0) write weight:1869, but recv weight: -893878476
[2024-12-17 15:37:32] [ERROR] [capacity_test] macro((0, 0)) ip(0 mram_addr(0000074E)) idx(0) write weight:1870, but recv weight: -895975628
[2024-12-17 15:37:32] [ERROR] [capacity_test] macro((0, 0)) ip(0 mram_addr(0000074F)) idx(0) write weight:1871, but recv weight: -898072780
[2024-12-17 15:37:32] [ERROR] [capacity_test] macro((0, 0)) ip(0 mram_addr(00000750)) idx(0) write weight:1872, but recv weight: -900169932
[2024-12-17 15:37:32] [ERROR] [capacity_test] macro((0, 0)) ip(0 mram_addr(00000751)) idx(0) write weight:1873, but recv weight: -902267084
[2024-12-17 15:37:32] [ERROR] [capacity_test] macro((0, 0)) ip(0 mram_addr(00000752)) idx(0) write weight:1874, but recv weight: -904364236
[2024-12-17 15:37:32] [ERROR] [capacity_test] macro((0, 0)) ip(0 mram_addr(00000753)) idx(0) write weight:1875, but recv weight: -906461388
[2024-12-17 15:37:32] [ERROR] [capacity_test] macro((0, 0)) ip(0 mram_addr(00000754)) idx(0) write weight:1876, but recv weight: -908558540
[2024-12-17 15:37:32] [ERROR] [capacity_test] macro((0, 0)) ip(0 mram_addr(00000755)) idx(0) write weight:1877, but recv weight: -910655692
[2024-12-17 15:37:32] [ERROR] [capacity_test] macro((0, 0)) ip(0 mram_addr(00000756)) idx(0) write weight:1878, but recv weight: -912752844
[2024-12-17 15:37:32] [ERROR] [capacity_test] macro((0, 0)) ip(0 mram_addr(00000757)) idx(0) write weight:1879, but recv weight: -914849996
[2024-12-17 15:37:32] [ERROR] [capacity_test] macro((0, 0)) ip(0 mram_addr(00000758)) idx(0) write weight:1880, but recv weight: -916947148
[2024-12-17 15:37:32] [ERROR] [capacity_test] macro((0, 0)) ip(0 mram_addr(00000759)) idx(0) write weight:1881, but recv weight: -919044300
[2024-12-17 15:37:32] [ERROR] [capacity_test] macro((0, 0)) ip(0 mram_addr(0000075A)) idx(0) write weight:1882, but recv weight: -921141452
[2024-12-17 15:37:32] [ERROR] [capacity_test] macro((0, 0)) ip(0 mram_addr(0000075B)) idx(0) write weight:1883, but recv weight: -923238604
[2024-12-17 15:37:32] [ERROR] [capacity_test] macro((0, 0)) ip(0 mram_addr(0000075C)) idx(0) write weight:1884, but recv weight: -925335756
[2024-12-17 15:37:32] [ERROR] [capacity_test] macro((0, 0)) ip(0 mram_addr(0000075D)) idx(0) write weight:1885, but recv weight: -927432908
[2024-12-17 15:37:32] [ERROR] [capacity_test] macro((0, 0)) ip(0 mram_addr(0000075E)) idx(0) write weight:1886, but recv weight: -929530060
[2024-12-17 15:37:32] [ERROR] [capacity_test] macro((0, 0)) ip(0 mram_addr(0000075F)) idx(0) write weight:1887, but recv weight: -931627212
[2024-12-17 15:37:32] [ERROR] [capacity_test] macro((0, 0)) ip(0 mram_addr(00000760)) idx(0) write weight:1888, but recv weight: -933724364
[2024-12-17 15:37:32] [ERROR] [capacity_test] macro((0, 0)) ip(0 mram_addr(00000761)) idx(0) write weight:1889, but recv weight: -935821516
[2024-12-17 15:37:32] [ERROR] [capacity_test] macro((0, 0)) ip(0 mram_addr(00000762)) idx(0) write weight:1890, but recv weight: -937918668
[2024-12-17 15:37:32] [ERROR] [capacity_test] macro((0, 0)) ip(0 mram_addr(00000763)) idx(0) write weight:1891, but recv weight: -940015820
[2024-12-17 15:37:32] [ERROR] [capacity_test] macro((0, 0)) ip(0 mram_addr(00000764)) idx(0) write weight:1892, but recv weight: -942112972
[2024-12-17 15:37:32] [ERROR] [capacity_test] macro((0, 0)) ip(0 mram_addr(00000765)) idx(0) write weight:1893, but recv weight: 0
[2024-12-17 15:37:32] [ERROR] [capacity_test] macro((0, 0)) ip(0 mram_addr(00000766)) idx(0) write weight:1894, but recv weight: -842498252
[2024-12-17 15:37:32] [ERROR] [capacity_test] macro((0, 0)) ip(0 mram_addr(00000767)) idx(0) write weight:1895, but recv weight: -842498252
[2024-12-17 15:37:32] [ERROR] [capacity_test] macro((0, 0)) ip(0 mram_addr(00000768)) idx(0) write weight:1896, but recv weight: -842498252
[2024-12-17 15:37:32] [ERROR] [capacity_test] macro((0, 0)) ip(0 mram_addr(00000769)) idx(0) write weight:1897, but recv weight: -842498252
[2024-12-17 15:37:32] [ERROR] [capacity_test] macro((0, 0)) ip(0 mram_addr(0000076A)) idx(0) write weight:1898, but recv weight: -842498252
[2024-12-17 15:37:32] [ERROR] [capacity_test] macro((0, 0)) ip(0 mram_addr(0000076B)) idx(0) write weight:1899, but recv weight: -842498252
[2024-12-17 15:37:32] [ERROR] [capacity_test] macro((0, 0)) ip(0 mram_addr(0000076C)) idx(0) write weight:1900, but recv weight: -842498252
[2024-12-17 15:37:32] [ERROR] [capacity_test] macro((0, 0)) ip(0 mram_addr(0000076D)) idx(0) write weight:1901, but recv weight: -842498252
[2024-12-17 15:37:32] [ERROR] [capacity_test] macro((0, 0)) ip(0 mram_addr(0000076E)) idx(0) write weight:1902, but recv weight: -842498252
[2024-12-17 15:37:32] [ERROR] [capacity_test] macro((0, 0)) ip(0 mram_addr(0000076F)) idx(0) write weight:1903, but recv weight: -842498252
[2024-12-17 15:37:32] [ERROR] [capacity_test] macro((0, 0)) ip(0 mram_addr(00000770)) idx(0) write weight:1904, but recv weight: -842498252
[2024-12-17 15:37:32] [ERROR] [capacity_test] macro((0, 0)) ip(0 mram_addr(00000771)) idx(0) write weight:1905, but recv weight: -842498252
[2024-12-17 15:37:32] [ERROR] [capacity_test] macro((0, 0)) ip(0 mram_addr(00000772)) idx(0) write weight:1906, but recv weight: -842498252
[2024-12-17 15:37:32] [ERROR] [capacity_test] macro((0, 0)) ip(0 mram_addr(00000773)) idx(0) write weight:1907, but recv weight: -842498252
[2024-12-17 15:37:32] [ERROR] [capacity_test] macro((0, 0)) ip(0 mram_addr(00000774)) idx(0) write weight:1908, but recv weight: -842498252
[2024-12-17 15:37:32] [ERROR] [capacity_test] macro((0, 0)) ip(0 mram_addr(00000775)) idx(0) write weight:1909, but recv weight: -843546828
[2024-12-17 15:37:32] [ERROR] [capacity_test] macro((0, 0)) ip(0 mram_addr(00000776)) idx(0) write weight:1910, but recv weight: -843546828
[2024-12-17 15:37:32] [ERROR] [capacity_test] macro((0, 0)) ip(0 mram_addr(00000777)) idx(0) write weight:1911, but recv weight: -843546828
[2024-12-17 15:37:32] [ERROR] [capacity_test] macro((0, 0)) ip(0 mram_addr(00000778)) idx(0) write weight:1912, but recv weight: -843546828
[2024-12-17 15:37:32] [ERROR] [capacity_test] macro((0, 0)) ip(0 mram_addr(00000779)) idx(0) write weight:1913, but recv weight: -843546828
[2024-12-17 15:37:32] [ERROR] [capacity_test] macro((0, 0)) ip(0 mram_addr(0000077A)) idx(0) write weight:1914, but recv weight: -843546828
[2024-12-17 15:37:32] [ERROR] [capacity_test] macro((0, 0)) ip(0 mram_addr(0000077B)) idx(0) write weight:1915, but recv weight: -843546828
[2024-12-17 15:37:32] [ERROR] [capacity_test] macro((0, 0)) ip(0 mram_addr(0000077C)) idx(0) write weight:1916, but recv weight: -843546828
[2024-12-17 15:37:32] [ERROR] [capacity_test] macro((0, 0)) ip(0 mram_addr(0000077D)) idx(0) write weight:1917, but recv weight: -843546828
[2024-12-17 15:37:32] [ERROR] [capacity_test] macro((0, 0)) ip(0 mram_addr(0000077E)) idx(0) write weight:1918, but recv weight: -843546828
[2024-12-17 15:37:32] [ERROR] [capacity_test] macro((0, 0)) ip(0 mram_addr(0000077F)) idx(0) write weight:1919, but recv weight: -843546828
[2024-12-17 15:37:32] [ERROR] [capacity_test] macro((0, 0)) ip(0 mram_addr(00000780)) idx(0) write weight:1920, but recv weight: -843546828
[2024-12-17 15:37:32] [ERROR] [capacity_test] macro((0, 0)) ip(0 mram_addr(00000781)) idx(0) write weight:1921, but recv weight: -843546828
[2024-12-17 15:37:32] [ERROR] [capacity_test] macro((0, 0)) ip(0 mram_addr(00000782)) idx(0) write weight:1922, but recv weight: -843546828
[2024-12-17 15:37:32] [ERROR] [capacity_test] macro((0, 0)) ip(0 mram_addr(00000783)) idx(0) write weight:1923, but recv weight: -844595404
[2024-12-17 15:37:32] [ERROR] [capacity_test] macro((0, 0)) ip(0 mram_addr(00000784)) idx(0) write weight:1924, but recv weight: -844595404
[2024-12-17 15:37:32] [ERROR] [capacity_test] macro((0, 0)) ip(0 mram_addr(00000785)) idx(0) write weight:1925, but recv weight: -845643980
[2024-12-17 15:37:32] [ERROR] [capacity_test] macro((0, 0)) ip(0 mram_addr(00000786)) idx(0) write weight:1926, but recv weight: -845643980
[2024-12-17 15:37:32] [ERROR] [capacity_test] macro((0, 0)) ip(0 mram_addr(00000787)) idx(0) write weight:1927, but recv weight: -846692556
[2024-12-17 15:37:32] [ERROR] [capacity_test] macro((0, 0)) ip(0 mram_addr(00000788)) idx(0) write weight:1928, but recv weight: -846692556
[2024-12-17 15:37:32] [ERROR] [capacity_test] macro((0, 0)) ip(0 mram_addr(00000789)) idx(0) write weight:1929, but recv weight: -847741132
[2024-12-17 15:37:32] [ERROR] [capacity_test] macro((0, 0)) ip(0 mram_addr(0000078A)) idx(0) write weight:1930, but recv weight: -847741132
[2024-12-17 15:37:32] [ERROR] [capacity_test] macro((0, 0)) ip(0 mram_addr(0000078B)) idx(0) write weight:1931, but recv weight: -848789708
[2024-12-17 15:37:32] [ERROR] [capacity_test] macro((0, 0)) ip(0 mram_addr(0000078C)) idx(0) write weight:1932, but recv weight: -848789708
[2024-12-17 15:37:32] [ERROR] [capacity_test] macro((0, 0)) ip(0 mram_addr(0000078D)) idx(0) write weight:1933, but recv weight: -849838284
[2024-12-17 15:37:32] [ERROR] [capacity_test] macro((0, 0)) ip(0 mram_addr(0000078E)) idx(0) write weight:1934, but recv weight: -849838284
[2024-12-17 15:37:32] [ERROR] [capacity_test] macro((0, 0)) ip(0 mram_addr(0000078F)) idx(0) write weight:1935, but recv weight: -850886860
[2024-12-17 15:37:32] [ERROR] [capacity_test] macro((0, 0)) ip(0 mram_addr(00000790)) idx(0) write weight:1936, but recv weight: -850886860
[2024-12-17 15:37:32] [ERROR] [capacity_test] macro((0, 0)) ip(0 mram_addr(00000791)) idx(0) write weight:1937, but recv weight: -851935436
[2024-12-17 15:37:32] [ERROR] [capacity_test] macro((0, 0)) ip(0 mram_addr(00000792)) idx(0) write weight:1938, but recv weight: -851935436
[2024-12-17 15:37:32] [ERROR] [capacity_test] macro((0, 0)) ip(0 mram_addr(00000793)) idx(0) write weight:1939, but recv weight: -852984012
[2024-12-17 15:37:32] [ERROR] [capacity_test] macro((0, 0)) ip(0 mram_addr(00000794)) idx(0) write weight:1940, but recv weight: -852984012
[2024-12-17 15:37:32] [ERROR] [capacity_test] macro((0, 0)) ip(0 mram_addr(00000795)) idx(0) write weight:1941, but recv weight: -854032588
[2024-12-17 15:37:32] [ERROR] [capacity_test] macro((0, 0)) ip(0 mram_addr(00000796)) idx(0) write weight:1942, but recv weight: -854032588
[2024-12-17 15:37:32] [ERROR] [capacity_test] macro((0, 0)) ip(0 mram_addr(00000797)) idx(0) write weight:1943, but recv weight: -855081164
[2024-12-17 15:37:32] [ERROR] [capacity_test] macro((0, 0)) ip(0 mram_addr(00000798)) idx(0) write weight:1944, but recv weight: -855081164
[2024-12-17 15:37:32] [ERROR] [capacity_test] macro((0, 0)) ip(0 mram_addr(00000799)) idx(0) write weight:1945, but recv weight: -856129740
[2024-12-17 15:37:32] [ERROR] [capacity_test] macro((0, 0)) ip(0 mram_addr(0000079A)) idx(0) write weight:1946, but recv weight: -856129740
[2024-12-17 15:37:32] [ERROR] [capacity_test] macro((0, 0)) ip(0 mram_addr(0000079B)) idx(0) write weight:1947, but recv weight: -857178316
[2024-12-17 15:37:32] [ERROR] [capacity_test] macro((0, 0)) ip(0 mram_addr(0000079C)) idx(0) write weight:1948, but recv weight: -857178316
[2024-12-17 15:37:32] [ERROR] [capacity_test] macro((0, 0)) ip(0 mram_addr(0000079D)) idx(0) write weight:1949, but recv weight: -858226892
[2024-12-17 15:37:32] [ERROR] [capacity_test] macro((0, 0)) ip(0 mram_addr(0000079E)) idx(0) write weight:1950, but recv weight: -858226892
[2024-12-17 15:37:32] [ERROR] [capacity_test] macro((0, 0)) ip(0 mram_addr(0000079F)) idx(0) write weight:1951, but recv weight: -859275468
[2024-12-17 15:37:32] [ERROR] [capacity_test] macro((0, 0)) ip(0 mram_addr(000007A0)) idx(0) write weight:1952, but recv weight: -859275468
[2024-12-17 15:37:32] [ERROR] [capacity_test] macro((0, 0)) ip(0 mram_addr(000007A1)) idx(0) write weight:1953, but recv weight: -860324044
[2024-12-17 15:37:32] [ERROR] [capacity_test] macro((0, 0)) ip(0 mram_addr(000007A2)) idx(0) write weight:1954, but recv weight: -860324044
[2024-12-17 15:37:32] [ERROR] [capacity_test] macro((0, 0)) ip(0 mram_addr(000007A3)) idx(0) write weight:1955, but recv weight: -861372620
[2024-12-17 15:37:32] [ERROR] [capacity_test] macro((0, 0)) ip(0 mram_addr(000007A4)) idx(0) write weight:1956, but recv weight: -861372620
[2024-12-17 15:37:32] [ERROR] [capacity_test] macro((0, 0)) ip(0 mram_addr(000007A5)) idx(0) write weight:1957, but recv weight: -862421196
[2024-12-17 15:37:32] [ERROR] [capacity_test] macro((0, 0)) ip(0 mram_addr(000007A6)) idx(0) write weight:1958, but recv weight: -862421196
[2024-12-17 15:37:32] [ERROR] [capacity_test] macro((0, 0)) ip(0 mram_addr(000007A7)) idx(0) write weight:1959, but recv weight: -863469772
[2024-12-17 15:37:32] [ERROR] [capacity_test] macro((0, 0)) ip(0 mram_addr(000007A8)) idx(0) write weight:1960, but recv weight: -863469772
[2024-12-17 15:37:32] [ERROR] [capacity_test] macro((0, 0)) ip(0 mram_addr(000007A9)) idx(0) write weight:1961, but recv weight: -864518348
[2024-12-17 15:37:32] [ERROR] [capacity_test] macro((0, 0)) ip(0 mram_addr(000007AA)) idx(0) write weight:1962, but recv weight: -864518348
[2024-12-17 15:37:32] [ERROR] [capacity_test] macro((0, 0)) ip(0 mram_addr(000007AB)) idx(0) write weight:1963, but recv weight: -865566924
[2024-12-17 15:37:32] [ERROR] [capacity_test] macro((0, 0)) ip(0 mram_addr(000007AC)) idx(0) write weight:1964, but recv weight: -865566924
[2024-12-17 15:37:32] [ERROR] [capacity_test] macro((0, 0)) ip(0 mram_addr(000007AD)) idx(0) write weight:1965, but recv weight: -866615500
[2024-12-17 15:37:32] [ERROR] [capacity_test] macro((0, 0)) ip(0 mram_addr(000007AE)) idx(0) write weight:1966, but recv weight: -866615500
[2024-12-17 15:37:32] [ERROR] [capacity_test] macro((0, 0)) ip(0 mram_addr(000007AF)) idx(0) write weight:1967, but recv weight: -867664076
[2024-12-17 15:37:32] [ERROR] [capacity_test] macro((0, 0)) ip(0 mram_addr(000007B0)) idx(0) write weight:1968, but recv weight: -867664076
[2024-12-17 15:37:32] [ERROR] [capacity_test] macro((0, 0)) ip(0 mram_addr(000007B1)) idx(0) write weight:1969, but recv weight: -868712652
[2024-12-17 15:37:32] [ERROR] [capacity_test] macro((0, 0)) ip(0 mram_addr(000007B2)) idx(0) write weight:1970, but recv weight: -868712652
[2024-12-17 15:37:32] [ERROR] [capacity_test] macro((0, 0)) ip(0 mram_addr(000007B3)) idx(0) write weight:1971, but recv weight: -869761228
[2024-12-17 15:37:32] [ERROR] [capacity_test] macro((0, 0)) ip(0 mram_addr(000007B4)) idx(0) write weight:1972, but recv weight: -869761228
[2024-12-17 15:37:32] [ERROR] [capacity_test] macro((0, 0)) ip(0 mram_addr(000007B5)) idx(0) write weight:1973, but recv weight: -870809804
[2024-12-17 15:37:32] [ERROR] [capacity_test] macro((0, 0)) ip(0 mram_addr(000007B6)) idx(0) write weight:1974, but recv weight: -870809804
[2024-12-17 15:37:32] [ERROR] [capacity_test] macro((0, 0)) ip(0 mram_addr(000007B7)) idx(0) write weight:1975, but recv weight: -871858380
[2024-12-17 15:37:32] [ERROR] [capacity_test] macro((0, 0)) ip(0 mram_addr(000007B8)) idx(0) write weight:1976, but recv weight: -871858380
[2024-12-17 15:37:32] [ERROR] [capacity_test] macro((0, 0)) ip(0 mram_addr(000007B9)) idx(0) write weight:1977, but recv weight: -872906956
[2024-12-17 15:37:32] [ERROR] [capacity_test] macro((0, 0)) ip(0 mram_addr(000007BA)) idx(0) write weight:1978, but recv weight: -872906956
[2024-12-17 15:37:32] [ERROR] [capacity_test] macro((0, 0)) ip(0 mram_addr(000007BB)) idx(0) write weight:1979, but recv weight: -873955532
[2024-12-17 15:37:32] [ERROR] [capacity_test] macro((0, 0)) ip(0 mram_addr(000007BC)) idx(0) write weight:1980, but recv weight: -873955532
[2024-12-17 15:37:32] [ERROR] [capacity_test] macro((0, 0)) ip(0 mram_addr(000007BD)) idx(0) write weight:1981, but recv weight: -875004108
[2024-12-17 15:37:32] [ERROR] [capacity_test] macro((0, 0)) ip(0 mram_addr(000007BE)) idx(0) write weight:1982, but recv weight: -875004108
[2024-12-17 15:37:32] [ERROR] [capacity_test] macro((0, 0)) ip(0 mram_addr(000007BF)) idx(0) write weight:1983, but recv weight: -876052684
[2024-12-17 15:37:32] [ERROR] [capacity_test] macro((0, 0)) ip(0 mram_addr(000007C0)) idx(0) write weight:1984, but recv weight: -876052684
[2024-12-17 15:37:32] [ERROR] [capacity_test] macro((0, 0)) ip(0 mram_addr(000007C1)) idx(0) write weight:1985, but recv weight: -877101260
[2024-12-17 15:37:32] [ERROR] [capacity_test] macro((0, 0)) ip(0 mram_addr(000007C2)) idx(0) write weight:1986, but recv weight: -877101260
[2024-12-17 15:37:32] [ERROR] [capacity_test] macro((0, 0)) ip(0 mram_addr(000007C3)) idx(0) write weight:1987, but recv weight: -878149836
[2024-12-17 15:37:32] [ERROR] [capacity_test] macro((0, 0)) ip(0 mram_addr(000007C4)) idx(0) write weight:1988, but recv weight: -878149836
[2024-12-17 15:37:32] [ERROR] [capacity_test] macro((0, 0)) ip(0 mram_addr(000007C5)) idx(0) write weight:1989, but recv weight: -879198412
[2024-12-17 15:37:32] [ERROR] [capacity_test] macro((0, 0)) ip(0 mram_addr(000007C6)) idx(0) write weight:1990, but recv weight: -881295564
[2024-12-17 15:37:32] [ERROR] [capacity_test] macro((0, 0)) ip(0 mram_addr(000007C7)) idx(0) write weight:1991, but recv weight: -883392716
[2024-12-17 15:37:32] [ERROR] [capacity_test] macro((0, 0)) ip(0 mram_addr(000007C8)) idx(0) write weight:1992, but recv weight: -885489868
[2024-12-17 15:37:32] [ERROR] [capacity_test] macro((0, 0)) ip(0 mram_addr(000007C9)) idx(0) write weight:1993, but recv weight: -887587020
[2024-12-17 15:37:32] [ERROR] [capacity_test] macro((0, 0)) ip(0 mram_addr(000007CA)) idx(0) write weight:1994, but recv weight: -889684172
[2024-12-17 15:37:32] [ERROR] [capacity_test] macro((0, 0)) ip(0 mram_addr(000007CB)) idx(0) write weight:1995, but recv weight: -891781324
[2024-12-17 15:37:32] [ERROR] [capacity_test] macro((0, 0)) ip(0 mram_addr(000007CC)) idx(0) write weight:1996, but recv weight: -893878476
[2024-12-17 15:37:32] [ERROR] [capacity_test] macro((0, 0)) ip(0 mram_addr(000007CD)) idx(0) write weight:1997, but recv weight: -895975628
[2024-12-17 15:37:32] [ERROR] [capacity_test] macro((0, 0)) ip(0 mram_addr(000007CE)) idx(0) write weight:1998, but recv weight: -898072780
[2024-12-17 15:37:32] [ERROR] [capacity_test] macro((0, 0)) ip(0 mram_addr(000007CF)) idx(0) write weight:1999, but recv weight: -900169932
[2024-12-17 15:37:32] [ERROR] [capacity_test] macro((0, 0)) ip(0 mram_addr(000007D0)) idx(0) write weight:2000, but recv weight: -902267084
[2024-12-17 15:37:32] [ERROR] [capacity_test] macro((0, 0)) ip(0 mram_addr(000007D1)) idx(0) write weight:2001, but recv weight: -904364236
[2024-12-17 15:37:32] [ERROR] [capacity_test] macro((0, 0)) ip(0 mram_addr(000007D2)) idx(0) write weight:2002, but recv weight: -906461388
[2024-12-17 15:37:32] [ERROR] [capacity_test] macro((0, 0)) ip(0 mram_addr(000007D3)) idx(0) write weight:2003, but recv weight: -908558540
[2024-12-17 15:37:32] [ERROR] [capacity_test] macro((0, 0)) ip(0 mram_addr(000007D4)) idx(0) write weight:2004, but recv weight: -910655692
[2024-12-17 15:37:32] [ERROR] [capacity_test] macro((0, 0)) ip(0 mram_addr(000007D5)) idx(0) write weight:2005, but recv weight: -912752844
[2024-12-17 15:37:32] [ERROR] [capacity_test] macro((0, 0)) ip(0 mram_addr(000007D6)) idx(0) write weight:2006, but recv weight: -914849996
[2024-12-17 15:37:32] [ERROR] [capacity_test] macro((0, 0)) ip(0 mram_addr(000007D7)) idx(0) write weight:2007, but recv weight: -916947148
[2024-12-17 15:37:32] [ERROR] [capacity_test] macro((0, 0)) ip(0 mram_addr(000007D8)) idx(0) write weight:2008, but recv weight: -919044300
[2024-12-17 15:37:32] [ERROR] [capacity_test] macro((0, 0)) ip(0 mram_addr(000007D9)) idx(0) write weight:2009, but recv weight: -921141452
[2024-12-17 15:37:32] [ERROR] [capacity_test] macro((0, 0)) ip(0 mram_addr(000007DA)) idx(0) write weight:2010, but recv weight: -923238604
[2024-12-17 15:37:32] [ERROR] [capacity_test] macro((0, 0)) ip(0 mram_addr(000007DB)) idx(0) write weight:2011, but recv weight: -925335756
[2024-12-17 15:37:32] [ERROR] [capacity_test] macro((0, 0)) ip(0 mram_addr(000007DC)) idx(0) write weight:2012, but recv weight: -927432908
[2024-12-17 15:37:32] [ERROR] [capacity_test] macro((0, 0)) ip(0 mram_addr(000007DD)) idx(0) write weight:2013, but recv weight: -929530060
[2024-12-17 15:37:32] [ERROR] [capacity_test] macro((0, 0)) ip(0 mram_addr(000007DE)) idx(0) write weight:2014, but recv weight: -931627212
[2024-12-17 15:37:32] [ERROR] [capacity_test] macro((0, 0)) ip(0 mram_addr(000007DF)) idx(0) write weight:2015, but recv weight: -933724364
[2024-12-17 15:37:32] [ERROR] [capacity_test] macro((0, 0)) ip(0 mram_addr(000007E0)) idx(0) write weight:2016, but recv weight: -935821516
[2024-12-17 15:37:32] [ERROR] [capacity_test] macro((0, 0)) ip(0 mram_addr(000007E1)) idx(0) write weight:2017, but recv weight: -937918668
[2024-12-17 15:37:32] [ERROR] [capacity_test] macro((0, 0)) ip(0 mram_addr(000007E2)) idx(0) write weight:2018, but recv weight: -940015820
[2024-12-17 15:37:32] [ERROR] [capacity_test] macro((0, 0)) ip(0 mram_addr(000007E3)) idx(0) write weight:2019, but recv weight: -942112972
[2024-12-17 15:37:32] [ERROR] [capacity_test] macro((0, 0)) ip(0 mram_addr(000007E4)) idx(0) write weight:2020, but recv weight: -841449676
[2024-12-17 15:37:32] [ERROR] [capacity_test] macro((0, 0)) ip(0 mram_addr(000007E5)) idx(0) write weight:2021, but recv weight: -842498252
[2024-12-17 15:37:32] [ERROR] [capacity_test] macro((0, 0)) ip(0 mram_addr(000007E6)) idx(0) write weight:2022, but recv weight: -842498252
[2024-12-17 15:37:32] [ERROR] [capacity_test] macro((0, 0)) ip(0 mram_addr(000007E7)) idx(0) write weight:2023, but recv weight: -842498252
[2024-12-17 15:37:32] [ERROR] [capacity_test] macro((0, 0)) ip(0 mram_addr(000007E8)) idx(0) write weight:2024, but recv weight: -842498252
[2024-12-17 15:37:32] [ERROR] [capacity_test] macro((0, 0)) ip(0 mram_addr(000007E9)) idx(0) write weight:2025, but recv weight: -842498252
[2024-12-17 15:37:32] [ERROR] [capacity_test] macro((0, 0)) ip(0 mram_addr(000007EA)) idx(0) write weight:2026, but recv weight: -842498252
[2024-12-17 15:37:32] [ERROR] [capacity_test] macro((0, 0)) ip(0 mram_addr(000007EB)) idx(0) write weight:2027, but recv weight: -842498252
[2024-12-17 15:37:32] [ERROR] [capacity_test] macro((0, 0)) ip(0 mram_addr(000007EC)) idx(0) write weight:2028, but recv weight: -842498252
[2024-12-17 15:37:32] [ERROR] [capacity_test] macro((0, 0)) ip(0 mram_addr(000007ED)) idx(0) write weight:2029, but recv weight: -842498252
[2024-12-17 15:37:32] [ERROR] [capacity_test] macro((0, 0)) ip(0 mram_addr(000007EE)) idx(0) write weight:2030, but recv weight: -842498252
[2024-12-17 15:37:32] [ERROR] [capacity_test] macro((0, 0)) ip(0 mram_addr(000007EF)) idx(0) write weight:2031, but recv weight: -842498252
[2024-12-17 15:37:32] [ERROR] [capacity_test] macro((0, 0)) ip(0 mram_addr(000007F0)) idx(0) write weight:2032, but recv weight: -842498252
[2024-12-17 15:37:32] [ERROR] [capacity_test] macro((0, 0)) ip(0 mram_addr(000007F1)) idx(0) write weight:2033, but recv weight: -842498252
[2024-12-17 15:37:32] [ERROR] [capacity_test] macro((0, 0)) ip(0 mram_addr(000007F2)) idx(0) write weight:2034, but recv weight: -842498252
[2024-12-17 15:37:32] [ERROR] [capacity_test] macro((0, 0)) ip(0 mram_addr(000007F3)) idx(0) write weight:2035, but recv weight: -842498252
[2024-12-17 15:37:32] [ERROR] [capacity_test] macro((0, 0)) ip(0 mram_addr(000007F4)) idx(0) write weight:2036, but recv weight: -842498252
[2024-12-17 15:37:32] [ERROR] [capacity_test] macro((0, 0)) ip(0 mram_addr(000007F5)) idx(0) write weight:2037, but recv weight: -843546828
[2024-12-17 15:37:32] [ERROR] [capacity_test] macro((0, 0)) ip(0 mram_addr(000007F6)) idx(0) write weight:2038, but recv weight: -843546828
[2024-12-17 15:37:32] [ERROR] [capacity_test] macro((0, 0)) ip(0 mram_addr(000007F7)) idx(0) write weight:2039, but recv weight: -843546828
[2024-12-17 15:37:32] [ERROR] [capacity_test] macro((0, 0)) ip(0 mram_addr(000007F8)) idx(0) write weight:2040, but recv weight: -843546828
[2024-12-17 15:37:32] [ERROR] [capacity_test] macro((0, 0)) ip(0 mram_addr(000007F9)) idx(0) write weight:2041, but recv weight: -843546828
[2024-12-17 15:37:32] [ERROR] [capacity_test] macro((0, 0)) ip(0 mram_addr(000007FA)) idx(0) write weight:2042, but recv weight: -843546828
[2024-12-17 15:37:32] [ERROR] [capacity_test] macro((0, 0)) ip(0 mram_addr(000007FB)) idx(0) write weight:2043, but recv weight: -843546828
[2024-12-17 15:37:32] [ERROR] [capacity_test] macro((0, 0)) ip(0 mram_addr(000007FC)) idx(0) write weight:2044, but recv weight: -843546828
[2024-12-17 15:37:32] [ERROR] [capacity_test] macro((0, 0)) ip(0 mram_addr(000007FD)) idx(0) write weight:2045, but recv weight: -843546828
[2024-12-17 15:37:32] [ERROR] [capacity_test] macro((0, 0)) ip(0 mram_addr(000007FE)) idx(0) write weight:2046, but recv weight: -843546828
[2024-12-17 15:37:32] [ERROR] [capacity_test] macro((0, 0)) ip(0 mram_addr(000007FF)) idx(0) write weight:2047, but recv weight: -843546828
[2024-12-17 15:37:32] [ERROR] [capacity_test] macro((0, 0)) ip(0 mram_addr(00000800)) idx(0) write weight:2048, but recv weight: -843546828
[2024-12-17 15:37:32] [ERROR] [capacity_test] macro((0, 0)) ip(0 mram_addr(00000801)) idx(0) write weight:2049, but recv weight: -843546828
[2024-12-17 15:37:32] [ERROR] [capacity_test] macro((0, 0)) ip(0 mram_addr(00000802)) idx(0) write weight:2050, but recv weight: -843546828
[2024-12-17 15:37:32] [ERROR] [capacity_test] macro((0, 0)) ip(0 mram_addr(00000803)) idx(0) write weight:2051, but recv weight: -844595404
[2024-12-17 15:37:32] [ERROR] [capacity_test] macro((0, 0)) ip(0 mram_addr(00000804)) idx(0) write weight:2052, but recv weight: -844595404
[2024-12-17 15:37:32] [ERROR] [capacity_test] macro((0, 0)) ip(0 mram_addr(00000805)) idx(0) write weight:2053, but recv weight: -845643980
[2024-12-17 15:37:32] [ERROR] [capacity_test] macro((0, 0)) ip(0 mram_addr(00000806)) idx(0) write weight:2054, but recv weight: -845643980
[2024-12-17 15:37:32] [ERROR] [capacity_test] macro((0, 0)) ip(0 mram_addr(00000807)) idx(0) write weight:2055, but recv weight: -846692556
[2024-12-17 15:37:32] [ERROR] [capacity_test] macro((0, 0)) ip(0 mram_addr(00000808)) idx(0) write weight:2056, but recv weight: -846692556
[2024-12-17 15:37:32] [ERROR] [capacity_test] macro((0, 0)) ip(0 mram_addr(00000809)) idx(0) write weight:2057, but recv weight: -847741132
[2024-12-17 15:37:32] [ERROR] [capacity_test] macro((0, 0)) ip(0 mram_addr(0000080A)) idx(0) write weight:2058, but recv weight: -847741132
[2024-12-17 15:37:32] [ERROR] [capacity_test] macro((0, 0)) ip(0 mram_addr(0000080B)) idx(0) write weight:2059, but recv weight: -848789708
[2024-12-17 15:37:32] [ERROR] [capacity_test] macro((0, 0)) ip(0 mram_addr(0000080C)) idx(0) write weight:2060, but recv weight: -848789708
[2024-12-17 15:37:32] [ERROR] [capacity_test] macro((0, 0)) ip(0 mram_addr(0000080D)) idx(0) write weight:2061, but recv weight: -849838284
[2024-12-17 15:37:32] [ERROR] [capacity_test] macro((0, 0)) ip(0 mram_addr(0000080E)) idx(0) write weight:2062, but recv weight: -849838284
[2024-12-17 15:37:32] [ERROR] [capacity_test] macro((0, 0)) ip(0 mram_addr(0000080F)) idx(0) write weight:2063, but recv weight: -850886860
[2024-12-17 15:37:32] [ERROR] [capacity_test] macro((0, 0)) ip(0 mram_addr(00000810)) idx(0) write weight:2064, but recv weight: -850886860
[2024-12-17 15:37:32] [ERROR] [capacity_test] macro((0, 0)) ip(0 mram_addr(00000811)) idx(0) write weight:2065, but recv weight: -851935436
[2024-12-17 15:37:32] [ERROR] [capacity_test] macro((0, 0)) ip(0 mram_addr(00000812)) idx(0) write weight:2066, but recv weight: -851935436
[2024-12-17 15:37:32] [ERROR] [capacity_test] macro((0, 0)) ip(0 mram_addr(00000813)) idx(0) write weight:2067, but recv weight: -852984012
[2024-12-17 15:37:32] [ERROR] [capacity_test] macro((0, 0)) ip(0 mram_addr(00000814)) idx(0) write weight:2068, but recv weight: -852984012
[2024-12-17 15:37:32] [ERROR] [capacity_test] macro((0, 0)) ip(0 mram_addr(00000815)) idx(0) write weight:2069, but recv weight: -854032588
[2024-12-17 15:37:32] [ERROR] [capacity_test] macro((0, 0)) ip(0 mram_addr(00000816)) idx(0) write weight:2070, but recv weight: -854032588
[2024-12-17 15:37:32] [ERROR] [capacity_test] macro((0, 0)) ip(0 mram_addr(00000817)) idx(0) write weight:2071, but recv weight: -855081164
[2024-12-17 15:37:32] [ERROR] [capacity_test] macro((0, 0)) ip(0 mram_addr(00000818)) idx(0) write weight:2072, but recv weight: -855081164
[2024-12-17 15:37:32] [ERROR] [capacity_test] macro((0, 0)) ip(0 mram_addr(00000819)) idx(0) write weight:2073, but recv weight: -856129740
[2024-12-17 15:37:32] [ERROR] [capacity_test] macro((0, 0)) ip(0 mram_addr(0000081A)) idx(0) write weight:2074, but recv weight: -856129740
[2024-12-17 15:37:32] [ERROR] [capacity_test] macro((0, 0)) ip(0 mram_addr(0000081B)) idx(0) write weight:2075, but recv weight: -857178316
[2024-12-17 15:37:32] [ERROR] [capacity_test] macro((0, 0)) ip(0 mram_addr(0000081C)) idx(0) write weight:2076, but recv weight: -857178316
[2024-12-17 15:37:32] [ERROR] [capacity_test] macro((0, 0)) ip(0 mram_addr(0000081D)) idx(0) write weight:2077, but recv weight: -858226892
[2024-12-17 15:37:32] [ERROR] [capacity_test] macro((0, 0)) ip(0 mram_addr(0000081E)) idx(0) write weight:2078, but recv weight: -858226892
[2024-12-17 15:37:32] [ERROR] [capacity_test] macro((0, 0)) ip(0 mram_addr(0000081F)) idx(0) write weight:2079, but recv weight: -859275468
[2024-12-17 15:37:32] [ERROR] [capacity_test] macro((0, 0)) ip(0 mram_addr(00000820)) idx(0) write weight:2080, but recv weight: -859275468
[2024-12-17 15:37:32] [ERROR] [capacity_test] macro((0, 0)) ip(0 mram_addr(00000821)) idx(0) write weight:2081, but recv weight: -860324044
[2024-12-17 15:37:32] [ERROR] [capacity_test] macro((0, 0)) ip(0 mram_addr(00000822)) idx(0) write weight:2082, but recv weight: -860324044
[2024-12-17 15:37:32] [ERROR] [capacity_test] macro((0, 0)) ip(0 mram_addr(00000823)) idx(0) write weight:2083, but recv weight: -861372620
[2024-12-17 15:37:32] [ERROR] [capacity_test] macro((0, 0)) ip(0 mram_addr(00000824)) idx(0) write weight:2084, but recv weight: -861372620
[2024-12-17 15:37:32] [ERROR] [capacity_test] macro((0, 0)) ip(0 mram_addr(00000825)) idx(0) write weight:2085, but recv weight: -862421196
[2024-12-17 15:37:32] [ERROR] [capacity_test] macro((0, 0)) ip(0 mram_addr(00000826)) idx(0) write weight:2086, but recv weight: -862421196
[2024-12-17 15:37:32] [ERROR] [capacity_test] macro((0, 0)) ip(0 mram_addr(00000827)) idx(0) write weight:2087, but recv weight: -863469772
[2024-12-17 15:37:32] [ERROR] [capacity_test] macro((0, 0)) ip(0 mram_addr(00000828)) idx(0) write weight:2088, but recv weight: -863469772
[2024-12-17 15:37:32] [ERROR] [capacity_test] macro((0, 0)) ip(0 mram_addr(00000829)) idx(0) write weight:2089, but recv weight: -864518348
[2024-12-17 15:37:32] [ERROR] [capacity_test] macro((0, 0)) ip(0 mram_addr(0000082A)) idx(0) write weight:2090, but recv weight: -864518348
[2024-12-17 15:37:32] [ERROR] [capacity_test] macro((0, 0)) ip(0 mram_addr(0000082B)) idx(0) write weight:2091, but recv weight: -865566924
[2024-12-17 15:37:32] [ERROR] [capacity_test] macro((0, 0)) ip(0 mram_addr(0000082C)) idx(0) write weight:2092, but recv weight: -865566924
[2024-12-17 15:37:32] [ERROR] [capacity_test] macro((0, 0)) ip(0 mram_addr(0000082D)) idx(0) write weight:2093, but recv weight: -866615500
[2024-12-17 15:37:32] [ERROR] [capacity_test] macro((0, 0)) ip(0 mram_addr(0000082E)) idx(0) write weight:2094, but recv weight: -866615500
[2024-12-17 15:37:32] [ERROR] [capacity_test] macro((0, 0)) ip(0 mram_addr(0000082F)) idx(0) write weight:2095, but recv weight: -867664076
[2024-12-17 15:37:32] [ERROR] [capacity_test] macro((0, 0)) ip(0 mram_addr(00000830)) idx(0) write weight:2096, but recv weight: -867664076
[2024-12-17 15:37:32] [ERROR] [capacity_test] macro((0, 0)) ip(0 mram_addr(00000831)) idx(0) write weight:2097, but recv weight: -868712652
[2024-12-17 15:37:32] [ERROR] [capacity_test] macro((0, 0)) ip(0 mram_addr(00000832)) idx(0) write weight:2098, but recv weight: -868712652
[2024-12-17 15:37:32] [ERROR] [capacity_test] macro((0, 0)) ip(0 mram_addr(00000833)) idx(0) write weight:2099, but recv weight: -869761228
[2024-12-17 15:37:32] [ERROR] [capacity_test] macro((0, 0)) ip(0 mram_addr(00000834)) idx(0) write weight:2100, but recv weight: -869761228
[2024-12-17 15:37:32] [ERROR] [capacity_test] macro((0, 0)) ip(0 mram_addr(00000835)) idx(0) write weight:2101, but recv weight: -870809804
[2024-12-17 15:37:32] [ERROR] [capacity_test] macro((0, 0)) ip(0 mram_addr(00000836)) idx(0) write weight:2102, but recv weight: -870809804
[2024-12-17 15:37:32] [ERROR] [capacity_test] macro((0, 0)) ip(0 mram_addr(00000837)) idx(0) write weight:2103, but recv weight: -871858380
[2024-12-17 15:37:32] [ERROR] [capacity_test] macro((0, 0)) ip(0 mram_addr(00000838)) idx(0) write weight:2104, but recv weight: -871858380
[2024-12-17 15:37:32] [ERROR] [capacity_test] macro((0, 0)) ip(0 mram_addr(00000839)) idx(0) write weight:2105, but recv weight: -872906956
[2024-12-17 15:37:32] [ERROR] [capacity_test] macro((0, 0)) ip(0 mram_addr(0000083A)) idx(0) write weight:2106, but recv weight: -872906956
[2024-12-17 15:37:32] [ERROR] [capacity_test] macro((0, 0)) ip(0 mram_addr(0000083B)) idx(0) write weight:2107, but recv weight: -873955532
[2024-12-17 15:37:32] [ERROR] [capacity_test] macro((0, 0)) ip(0 mram_addr(0000083C)) idx(0) write weight:2108, but recv weight: -873955532
[2024-12-17 15:37:32] [ERROR] [capacity_test] macro((0, 0)) ip(0 mram_addr(0000083D)) idx(0) write weight:2109, but recv weight: -875004108
[2024-12-17 15:37:32] [ERROR] [capacity_test] macro((0, 0)) ip(0 mram_addr(0000083E)) idx(0) write weight:2110, but recv weight: -875004108
[2024-12-17 15:37:32] [ERROR] [capacity_test] macro((0, 0)) ip(0 mram_addr(0000083F)) idx(0) write weight:2111, but recv weight: -876052684
[2024-12-17 15:37:32] [ERROR] [capacity_test] macro((0, 0)) ip(0 mram_addr(00000840)) idx(0) write weight:2112, but recv weight: -876052684
[2024-12-17 15:37:32] [ERROR] [capacity_test] macro((0, 0)) ip(0 mram_addr(00000841)) idx(0) write weight:2113, but recv weight: -877101260
[2024-12-17 15:37:32] [ERROR] [capacity_test] macro((0, 0)) ip(0 mram_addr(00000842)) idx(0) write weight:2114, but recv weight: -877101260
[2024-12-17 15:37:32] [ERROR] [capacity_test] macro((0, 0)) ip(0 mram_addr(00000843)) idx(0) write weight:2115, but recv weight: -878149836
[2024-12-17 15:37:32] [ERROR] [capacity_test] macro((0, 0)) ip(0 mram_addr(00000844)) idx(0) write weight:2116, but recv weight: -878149836
[2024-12-17 15:37:32] [ERROR] [capacity_test] macro((0, 0)) ip(0 mram_addr(00000845)) idx(0) write weight:2117, but recv weight: -879198412
[2024-12-17 15:37:32] [ERROR] [capacity_test] macro((0, 0)) ip(0 mram_addr(00000846)) idx(0) write weight:2118, but recv weight: -881295564
[2024-12-17 15:37:32] [ERROR] [capacity_test] macro((0, 0)) ip(0 mram_addr(00000847)) idx(0) write weight:2119, but recv weight: -883392716
[2024-12-17 15:37:32] [ERROR] [capacity_test] macro((0, 0)) ip(0 mram_addr(00000848)) idx(0) write weight:2120, but recv weight: -885489868
[2024-12-17 15:37:32] [ERROR] [capacity_test] macro((0, 0)) ip(0 mram_addr(00000849)) idx(0) write weight:2121, but recv weight: -887587020
[2024-12-17 15:37:32] [ERROR] [capacity_test] macro((0, 0)) ip(0 mram_addr(0000084A)) idx(0) write weight:2122, but recv weight: -889684172
[2024-12-17 15:37:32] [ERROR] [capacity_test] macro((0, 0)) ip(0 mram_addr(0000084B)) idx(0) write weight:2123, but recv weight: -891781324
[2024-12-17 15:37:32] [ERROR] [capacity_test] macro((0, 0)) ip(0 mram_addr(0000084C)) idx(0) write weight:2124, but recv weight: -893878476
[2024-12-17 15:37:32] [ERROR] [capacity_test] macro((0, 0)) ip(0 mram_addr(0000084D)) idx(0) write weight:2125, but recv weight: -895975628
[2024-12-17 15:37:32] [ERROR] [capacity_test] macro((0, 0)) ip(0 mram_addr(0000084E)) idx(0) write weight:2126, but recv weight: -898072780
[2024-12-17 15:37:32] [ERROR] [capacity_test] macro((0, 0)) ip(0 mram_addr(0000084F)) idx(0) write weight:2127, but recv weight: -900169932
[2024-12-17 15:37:32] [ERROR] [capacity_test] macro((0, 0)) ip(0 mram_addr(00000850)) idx(0) write weight:2128, but recv weight: -902267084
[2024-12-17 15:37:32] [ERROR] [capacity_test] macro((0, 0)) ip(0 mram_addr(00000851)) idx(0) write weight:2129, but recv weight: -904364236
[2024-12-17 15:37:32] [ERROR] [capacity_test] macro((0, 0)) ip(0 mram_addr(00000852)) idx(0) write weight:2130, but recv weight: -906461388
[2024-12-17 15:37:32] [ERROR] [capacity_test] macro((0, 0)) ip(0 mram_addr(00000853)) idx(0) write weight:2131, but recv weight: -908558540
[2024-12-17 15:37:32] [ERROR] [capacity_test] macro((0, 0)) ip(0 mram_addr(00000854)) idx(0) write weight:2132, but recv weight: -910655692
[2024-12-17 15:37:32] [ERROR] [capacity_test] macro((0, 0)) ip(0 mram_addr(00000855)) idx(0) write weight:2133, but recv weight: -912752844
[2024-12-17 15:37:32] [ERROR] [capacity_test] macro((0, 0)) ip(0 mram_addr(00000856)) idx(0) write weight:2134, but recv weight: -914849996
[2024-12-17 15:37:32] [ERROR] [capacity_test] macro((0, 0)) ip(0 mram_addr(00000857)) idx(0) write weight:2135, but recv weight: -916947148
[2024-12-17 15:37:32] [ERROR] [capacity_test] macro((0, 0)) ip(0 mram_addr(00000858)) idx(0) write weight:2136, but recv weight: -919044300
[2024-12-17 15:37:32] [ERROR] [capacity_test] macro((0, 0)) ip(0 mram_addr(00000859)) idx(0) write weight:2137, but recv weight: -921141452
[2024-12-17 15:37:32] [ERROR] [capacity_test] macro((0, 0)) ip(0 mram_addr(0000085A)) idx(0) write weight:2138, but recv weight: -923238604
[2024-12-17 15:37:32] [ERROR] [capacity_test] macro((0, 0)) ip(0 mram_addr(0000085B)) idx(0) write weight:2139, but recv weight: -925335756
[2024-12-17 15:37:32] [ERROR] [capacity_test] macro((0, 0)) ip(0 mram_addr(0000085C)) idx(0) write weight:2140, but recv weight: -927432908
[2024-12-17 15:37:32] [ERROR] [capacity_test] macro((0, 0)) ip(0 mram_addr(0000085D)) idx(0) write weight:2141, but recv weight: -929530060
[2024-12-17 15:37:32] [ERROR] [capacity_test] macro((0, 0)) ip(0 mram_addr(0000085E)) idx(0) write weight:2142, but recv weight: -931627212
[2024-12-17 15:37:32] [ERROR] [capacity_test] macro((0, 0)) ip(0 mram_addr(0000085F)) idx(0) write weight:2143, but recv weight: -933724364
[2024-12-17 15:37:32] [ERROR] [capacity_test] macro((0, 0)) ip(0 mram_addr(00000860)) idx(0) write weight:2144, but recv weight: -935821516
[2024-12-17 15:37:32] [ERROR] [capacity_test] macro((0, 0)) ip(0 mram_addr(00000861)) idx(0) write weight:2145, but recv weight: -937918668
[2024-12-17 15:37:32] [ERROR] [capacity_test] macro((0, 0)) ip(0 mram_addr(00000862)) idx(0) write weight:2146, but recv weight: -940015820
[2024-12-17 15:37:32] [ERROR] [capacity_test] macro((0, 0)) ip(0 mram_addr(00000863)) idx(0) write weight:2147, but recv weight: -942112972
[2024-12-17 15:37:32] [ERROR] [capacity_test] macro((0, 0)) ip(0 mram_addr(00000864)) idx(0) write weight:2148, but recv weight: 0
[2024-12-17 15:37:32] [ERROR] [capacity_test] macro((0, 0)) ip(0 mram_addr(00000865)) idx(0) write weight:2149, but recv weight: -842498252
[2024-12-17 15:37:32] [ERROR] [capacity_test] macro((0, 0)) ip(0 mram_addr(00000866)) idx(0) write weight:2150, but recv weight: -842498252
[2024-12-17 15:37:32] [ERROR] [capacity_test] macro((0, 0)) ip(0 mram_addr(00000867)) idx(0) write weight:2151, but recv weight: -842498252
[2024-12-17 15:37:32] [ERROR] [capacity_test] macro((0, 0)) ip(0 mram_addr(00000868)) idx(0) write weight:2152, but recv weight: -842498252
[2024-12-17 15:37:32] [ERROR] [capacity_test] macro((0, 0)) ip(0 mram_addr(00000869)) idx(0) write weight:2153, but recv weight: -842498252
[2024-12-17 15:37:32] [ERROR] [capacity_test] macro((0, 0)) ip(0 mram_addr(0000086A)) idx(0) write weight:2154, but recv weight: -842498252
[2024-12-17 15:37:32] [ERROR] [capacity_test] macro((0, 0)) ip(0 mram_addr(0000086B)) idx(0) write weight:2155, but recv weight: -842498252
[2024-12-17 15:37:32] [ERROR] [capacity_test] macro((0, 0)) ip(0 mram_addr(0000086C)) idx(0) write weight:2156, but recv weight: -842498252
[2024-12-17 15:37:32] [ERROR] [capacity_test] macro((0, 0)) ip(0 mram_addr(0000086D)) idx(0) write weight:2157, but recv weight: -842498252
[2024-12-17 15:37:32] [ERROR] [capacity_test] macro((0, 0)) ip(0 mram_addr(0000086E)) idx(0) write weight:2158, but recv weight: -842498252
[2024-12-17 15:37:32] [ERROR] [capacity_test] macro((0, 0)) ip(0 mram_addr(0000086F)) idx(0) write weight:2159, but recv weight: -842498252
[2024-12-17 15:37:32] [ERROR] [capacity_test] macro((0, 0)) ip(0 mram_addr(00000870)) idx(0) write weight:2160, but recv weight: -842498252
[2024-12-17 15:37:32] [ERROR] [capacity_test] macro((0, 0)) ip(0 mram_addr(00000871)) idx(0) write weight:2161, but recv weight: -842498252
[2024-12-17 15:37:32] [ERROR] [capacity_test] macro((0, 0)) ip(0 mram_addr(00000872)) idx(0) write weight:2162, but recv weight: -842498252
[2024-12-17 15:37:32] [ERROR] [capacity_test] macro((0, 0)) ip(0 mram_addr(00000873)) idx(0) write weight:2163, but recv weight: -842498252
[2024-12-17 15:37:32] [ERROR] [capacity_test] macro((0, 0)) ip(0 mram_addr(00000874)) idx(0) write weight:2164, but recv weight: -843546828
[2024-12-17 15:37:32] [ERROR] [capacity_test] macro((0, 0)) ip(0 mram_addr(00000875)) idx(0) write weight:2165, but recv weight: -843546828
[2024-12-17 15:37:32] [ERROR] [capacity_test] macro((0, 0)) ip(0 mram_addr(00000876)) idx(0) write weight:2166, but recv weight: -843546828
[2024-12-17 15:37:32] [ERROR] [capacity_test] macro((0, 0)) ip(0 mram_addr(00000877)) idx(0) write weight:2167, but recv weight: -843546828
[2024-12-17 15:37:32] [ERROR] [capacity_test] macro((0, 0)) ip(0 mram_addr(00000878)) idx(0) write weight:2168, but recv weight: -843546828
[2024-12-17 15:37:32] [ERROR] [capacity_test] macro((0, 0)) ip(0 mram_addr(00000879)) idx(0) write weight:2169, but recv weight: -843546828
[2024-12-17 15:37:32] [ERROR] [capacity_test] macro((0, 0)) ip(0 mram_addr(0000087A)) idx(0) write weight:2170, but recv weight: -843546828
[2024-12-17 15:37:32] [ERROR] [capacity_test] macro((0, 0)) ip(0 mram_addr(0000087B)) idx(0) write weight:2171, but recv weight: -843546828
[2024-12-17 15:37:32] [ERROR] [capacity_test] macro((0, 0)) ip(0 mram_addr(0000087C)) idx(0) write weight:2172, but recv weight: -843546828
[2024-12-17 15:37:32] [ERROR] [capacity_test] macro((0, 0)) ip(0 mram_addr(0000087D)) idx(0) write weight:2173, but recv weight: -843546828
[2024-12-17 15:37:32] [ERROR] [capacity_test] macro((0, 0)) ip(0 mram_addr(0000087E)) idx(0) write weight:2174, but recv weight: -843546828
[2024-12-17 15:37:32] [ERROR] [capacity_test] macro((0, 0)) ip(0 mram_addr(0000087F)) idx(0) write weight:2175, but recv weight: -843546828
[2024-12-17 15:37:32] [ERROR] [capacity_test] macro((0, 0)) ip(0 mram_addr(00000880)) idx(0) write weight:2176, but recv weight: -843546828
[2024-12-17 15:37:32] [ERROR] [capacity_test] macro((0, 0)) ip(0 mram_addr(00000881)) idx(0) write weight:2177, but recv weight: -843546828
[2024-12-17 15:37:32] [ERROR] [capacity_test] macro((0, 0)) ip(0 mram_addr(00000882)) idx(0) write weight:2178, but recv weight: -844595404
[2024-12-17 15:37:32] [ERROR] [capacity_test] macro((0, 0)) ip(0 mram_addr(00000883)) idx(0) write weight:2179, but recv weight: -844595404
[2024-12-17 15:37:32] [ERROR] [capacity_test] macro((0, 0)) ip(0 mram_addr(00000884)) idx(0) write weight:2180, but recv weight: -845643980
[2024-12-17 15:37:32] [ERROR] [capacity_test] macro((0, 0)) ip(0 mram_addr(00000885)) idx(0) write weight:2181, but recv weight: -845643980
[2024-12-17 15:37:32] [ERROR] [capacity_test] macro((0, 0)) ip(0 mram_addr(00000886)) idx(0) write weight:2182, but recv weight: -846692556
[2024-12-17 15:37:32] [ERROR] [capacity_test] macro((0, 0)) ip(0 mram_addr(00000887)) idx(0) write weight:2183, but recv weight: -846692556
[2024-12-17 15:37:32] [ERROR] [capacity_test] macro((0, 0)) ip(0 mram_addr(00000888)) idx(0) write weight:2184, but recv weight: -847741132
[2024-12-17 15:37:32] [ERROR] [capacity_test] macro((0, 0)) ip(0 mram_addr(00000889)) idx(0) write weight:2185, but recv weight: -847741132
[2024-12-17 15:37:32] [ERROR] [capacity_test] macro((0, 0)) ip(0 mram_addr(0000088A)) idx(0) write weight:2186, but recv weight: -848789708
[2024-12-17 15:37:32] [ERROR] [capacity_test] macro((0, 0)) ip(0 mram_addr(0000088B)) idx(0) write weight:2187, but recv weight: -848789708
[2024-12-17 15:37:32] [ERROR] [capacity_test] macro((0, 0)) ip(0 mram_addr(0000088C)) idx(0) write weight:2188, but recv weight: -849838284
[2024-12-17 15:37:32] [ERROR] [capacity_test] macro((0, 0)) ip(0 mram_addr(0000088D)) idx(0) write weight:2189, but recv weight: -849838284
[2024-12-17 15:37:32] [ERROR] [capacity_test] macro((0, 0)) ip(0 mram_addr(0000088E)) idx(0) write weight:2190, but recv weight: -850886860
[2024-12-17 15:37:32] [ERROR] [capacity_test] macro((0, 0)) ip(0 mram_addr(0000088F)) idx(0) write weight:2191, but recv weight: -850886860
[2024-12-17 15:37:32] [ERROR] [capacity_test] macro((0, 0)) ip(0 mram_addr(00000890)) idx(0) write weight:2192, but recv weight: -851935436
[2024-12-17 15:37:32] [ERROR] [capacity_test] macro((0, 0)) ip(0 mram_addr(00000891)) idx(0) write weight:2193, but recv weight: -851935436
[2024-12-17 15:37:32] [ERROR] [capacity_test] macro((0, 0)) ip(0 mram_addr(00000892)) idx(0) write weight:2194, but recv weight: -852984012
[2024-12-17 15:37:32] [ERROR] [capacity_test] macro((0, 0)) ip(0 mram_addr(00000893)) idx(0) write weight:2195, but recv weight: -852984012
[2024-12-17 15:37:32] [ERROR] [capacity_test] macro((0, 0)) ip(0 mram_addr(00000894)) idx(0) write weight:2196, but recv weight: -854032588
[2024-12-17 15:37:32] [ERROR] [capacity_test] macro((0, 0)) ip(0 mram_addr(00000895)) idx(0) write weight:2197, but recv weight: -854032588
[2024-12-17 15:37:32] [ERROR] [capacity_test] macro((0, 0)) ip(0 mram_addr(00000896)) idx(0) write weight:2198, but recv weight: -855081164
[2024-12-17 15:37:32] [ERROR] [capacity_test] macro((0, 0)) ip(0 mram_addr(00000897)) idx(0) write weight:2199, but recv weight: -855081164
[2024-12-17 15:37:32] [ERROR] [capacity_test] macro((0, 0)) ip(0 mram_addr(00000898)) idx(0) write weight:2200, but recv weight: -856129740
[2024-12-17 15:37:32] [ERROR] [capacity_test] macro((0, 0)) ip(0 mram_addr(00000899)) idx(0) write weight:2201, but recv weight: -856129740
[2024-12-17 15:37:32] [ERROR] [capacity_test] macro((0, 0)) ip(0 mram_addr(0000089A)) idx(0) write weight:2202, but recv weight: -857178316
[2024-12-17 15:37:32] [ERROR] [capacity_test] macro((0, 0)) ip(0 mram_addr(0000089B)) idx(0) write weight:2203, but recv weight: -857178316
[2024-12-17 15:37:32] [ERROR] [capacity_test] macro((0, 0)) ip(0 mram_addr(0000089C)) idx(0) write weight:2204, but recv weight: -858226892
[2024-12-17 15:37:32] [ERROR] [capacity_test] macro((0, 0)) ip(0 mram_addr(0000089D)) idx(0) write weight:2205, but recv weight: -858226892
[2024-12-17 15:37:32] [ERROR] [capacity_test] macro((0, 0)) ip(0 mram_addr(0000089E)) idx(0) write weight:2206, but recv weight: -859275468
[2024-12-17 15:37:32] [ERROR] [capacity_test] macro((0, 0)) ip(0 mram_addr(0000089F)) idx(0) write weight:2207, but recv weight: -859275468
[2024-12-17 15:37:32] [ERROR] [capacity_test] macro((0, 0)) ip(0 mram_addr(000008A0)) idx(0) write weight:2208, but recv weight: -860324044
[2024-12-17 15:37:32] [ERROR] [capacity_test] macro((0, 0)) ip(0 mram_addr(000008A1)) idx(0) write weight:2209, but recv weight: -860324044
[2024-12-17 15:37:32] [ERROR] [capacity_test] macro((0, 0)) ip(0 mram_addr(000008A2)) idx(0) write weight:2210, but recv weight: -861372620
[2024-12-17 15:37:32] [ERROR] [capacity_test] macro((0, 0)) ip(0 mram_addr(000008A3)) idx(0) write weight:2211, but recv weight: -861372620
[2024-12-17 15:37:32] [ERROR] [capacity_test] macro((0, 0)) ip(0 mram_addr(000008A4)) idx(0) write weight:2212, but recv weight: -862421196
[2024-12-17 15:37:32] [ERROR] [capacity_test] macro((0, 0)) ip(0 mram_addr(000008A5)) idx(0) write weight:2213, but recv weight: -862421196
[2024-12-17 15:37:32] [ERROR] [capacity_test] macro((0, 0)) ip(0 mram_addr(000008A6)) idx(0) write weight:2214, but recv weight: -863469772
[2024-12-17 15:37:32] [ERROR] [capacity_test] macro((0, 0)) ip(0 mram_addr(000008A7)) idx(0) write weight:2215, but recv weight: -863469772
[2024-12-17 15:37:32] [ERROR] [capacity_test] macro((0, 0)) ip(0 mram_addr(000008A8)) idx(0) write weight:2216, but recv weight: -864518348
[2024-12-17 15:37:32] [ERROR] [capacity_test] macro((0, 0)) ip(0 mram_addr(000008A9)) idx(0) write weight:2217, but recv weight: -864518348
[2024-12-17 15:37:32] [ERROR] [capacity_test] macro((0, 0)) ip(0 mram_addr(000008AA)) idx(0) write weight:2218, but recv weight: -865566924
[2024-12-17 15:37:32] [ERROR] [capacity_test] macro((0, 0)) ip(0 mram_addr(000008AB)) idx(0) write weight:2219, but recv weight: -865566924
[2024-12-17 15:37:32] [ERROR] [capacity_test] macro((0, 0)) ip(0 mram_addr(000008AC)) idx(0) write weight:2220, but recv weight: -866615500
[2024-12-17 15:37:32] [ERROR] [capacity_test] macro((0, 0)) ip(0 mram_addr(000008AD)) idx(0) write weight:2221, but recv weight: -866615500
[2024-12-17 15:37:32] [ERROR] [capacity_test] macro((0, 0)) ip(0 mram_addr(000008AE)) idx(0) write weight:2222, but recv weight: -867664076
[2024-12-17 15:37:32] [ERROR] [capacity_test] macro((0, 0)) ip(0 mram_addr(000008AF)) idx(0) write weight:2223, but recv weight: -867664076
[2024-12-17 15:37:32] [ERROR] [capacity_test] macro((0, 0)) ip(0 mram_addr(000008B0)) idx(0) write weight:2224, but recv weight: -868712652
[2024-12-17 15:37:32] [ERROR] [capacity_test] macro((0, 0)) ip(0 mram_addr(000008B1)) idx(0) write weight:2225, but recv weight: -868712652
[2024-12-17 15:37:32] [ERROR] [capacity_test] macro((0, 0)) ip(0 mram_addr(000008B2)) idx(0) write weight:2226, but recv weight: -869761228
[2024-12-17 15:37:32] [ERROR] [capacity_test] macro((0, 0)) ip(0 mram_addr(000008B3)) idx(0) write weight:2227, but recv weight: -869761228
[2024-12-17 15:37:32] [ERROR] [capacity_test] macro((0, 0)) ip(0 mram_addr(000008B4)) idx(0) write weight:2228, but recv weight: -870809804
[2024-12-17 15:37:32] [ERROR] [capacity_test] macro((0, 0)) ip(0 mram_addr(000008B5)) idx(0) write weight:2229, but recv weight: -870809804
[2024-12-17 15:37:32] [ERROR] [capacity_test] macro((0, 0)) ip(0 mram_addr(000008B6)) idx(0) write weight:2230, but recv weight: -871858380
[2024-12-17 15:37:32] [ERROR] [capacity_test] macro((0, 0)) ip(0 mram_addr(000008B7)) idx(0) write weight:2231, but recv weight: -871858380
[2024-12-17 15:37:32] [ERROR] [capacity_test] macro((0, 0)) ip(0 mram_addr(000008B8)) idx(0) write weight:2232, but recv weight: -872906956
[2024-12-17 15:37:32] [ERROR] [capacity_test] macro((0, 0)) ip(0 mram_addr(000008B9)) idx(0) write weight:2233, but recv weight: -872906956
[2024-12-17 15:37:32] [ERROR] [capacity_test] macro((0, 0)) ip(0 mram_addr(000008BA)) idx(0) write weight:2234, but recv weight: -873955532
[2024-12-17 15:37:32] [ERROR] [capacity_test] macro((0, 0)) ip(0 mram_addr(000008BB)) idx(0) write weight:2235, but recv weight: -873955532
[2024-12-17 15:37:32] [ERROR] [capacity_test] macro((0, 0)) ip(0 mram_addr(000008BC)) idx(0) write weight:2236, but recv weight: -875004108
[2024-12-17 15:37:32] [ERROR] [capacity_test] macro((0, 0)) ip(0 mram_addr(000008BD)) idx(0) write weight:2237, but recv weight: -875004108
[2024-12-17 15:37:32] [ERROR] [capacity_test] macro((0, 0)) ip(0 mram_addr(000008BE)) idx(0) write weight:2238, but recv weight: -876052684
[2024-12-17 15:37:32] [ERROR] [capacity_test] macro((0, 0)) ip(0 mram_addr(000008BF)) idx(0) write weight:2239, but recv weight: -876052684
[2024-12-17 15:37:32] [ERROR] [capacity_test] macro((0, 0)) ip(0 mram_addr(000008C0)) idx(0) write weight:2240, but recv weight: -877101260
[2024-12-17 15:37:32] [ERROR] [capacity_test] macro((0, 0)) ip(0 mram_addr(000008C1)) idx(0) write weight:2241, but recv weight: -877101260
[2024-12-17 15:37:32] [ERROR] [capacity_test] macro((0, 0)) ip(0 mram_addr(000008C2)) idx(0) write weight:2242, but recv weight: -878149836
[2024-12-17 15:37:32] [ERROR] [capacity_test] macro((0, 0)) ip(0 mram_addr(000008C3)) idx(0) write weight:2243, but recv weight: -878149836
[2024-12-17 15:37:32] [ERROR] [capacity_test] macro((0, 0)) ip(0 mram_addr(000008C4)) idx(0) write weight:2244, but recv weight: -879198412
[2024-12-17 15:37:32] [ERROR] [capacity_test] macro((0, 0)) ip(0 mram_addr(000008C5)) idx(0) write weight:2245, but recv weight: -881295564
[2024-12-17 15:37:32] [ERROR] [capacity_test] macro((0, 0)) ip(0 mram_addr(000008C6)) idx(0) write weight:2246, but recv weight: -883392716
[2024-12-17 15:37:32] [ERROR] [capacity_test] macro((0, 0)) ip(0 mram_addr(000008C7)) idx(0) write weight:2247, but recv weight: -885489868
[2024-12-17 15:37:32] [ERROR] [capacity_test] macro((0, 0)) ip(0 mram_addr(000008C8)) idx(0) write weight:2248, but recv weight: -887587020
[2024-12-17 15:37:32] [ERROR] [capacity_test] macro((0, 0)) ip(0 mram_addr(000008C9)) idx(0) write weight:2249, but recv weight: -889684172
[2024-12-17 15:37:32] [ERROR] [capacity_test] macro((0, 0)) ip(0 mram_addr(000008CA)) idx(0) write weight:2250, but recv weight: -891781324
[2024-12-17 15:37:32] [ERROR] [capacity_test] macro((0, 0)) ip(0 mram_addr(000008CB)) idx(0) write weight:2251, but recv weight: -893878476
[2024-12-17 15:37:32] [ERROR] [capacity_test] macro((0, 0)) ip(0 mram_addr(000008CC)) idx(0) write weight:2252, but recv weight: -895975628
[2024-12-17 15:37:32] [ERROR] [capacity_test] macro((0, 0)) ip(0 mram_addr(000008CD)) idx(0) write weight:2253, but recv weight: -898072780
[2024-12-17 15:37:32] [ERROR] [capacity_test] macro((0, 0)) ip(0 mram_addr(000008CE)) idx(0) write weight:2254, but recv weight: -900169932
[2024-12-17 15:37:32] [ERROR] [capacity_test] macro((0, 0)) ip(0 mram_addr(000008CF)) idx(0) write weight:2255, but recv weight: -902267084
[2024-12-17 15:37:32] [ERROR] [capacity_test] macro((0, 0)) ip(0 mram_addr(000008D0)) idx(0) write weight:2256, but recv weight: -904364236
[2024-12-17 15:37:32] [ERROR] [capacity_test] macro((0, 0)) ip(0 mram_addr(000008D1)) idx(0) write weight:2257, but recv weight: -906461388
[2024-12-17 15:37:32] [ERROR] [capacity_test] macro((0, 0)) ip(0 mram_addr(000008D2)) idx(0) write weight:2258, but recv weight: -908558540
[2024-12-17 15:37:32] [ERROR] [capacity_test] macro((0, 0)) ip(0 mram_addr(000008D3)) idx(0) write weight:2259, but recv weight: -910655692
[2024-12-17 15:37:32] [ERROR] [capacity_test] macro((0, 0)) ip(0 mram_addr(000008D4)) idx(0) write weight:2260, but recv weight: -912752844
[2024-12-17 15:37:32] [ERROR] [capacity_test] macro((0, 0)) ip(0 mram_addr(000008D5)) idx(0) write weight:2261, but recv weight: -914849996
[2024-12-17 15:37:32] [ERROR] [capacity_test] macro((0, 0)) ip(0 mram_addr(000008D6)) idx(0) write weight:2262, but recv weight: -916947148
[2024-12-17 15:37:32] [ERROR] [capacity_test] macro((0, 0)) ip(0 mram_addr(000008D7)) idx(0) write weight:2263, but recv weight: -919044300
[2024-12-17 15:37:32] [ERROR] [capacity_test] macro((0, 0)) ip(0 mram_addr(000008D8)) idx(0) write weight:2264, but recv weight: -921141452
[2024-12-17 15:37:32] [ERROR] [capacity_test] macro((0, 0)) ip(0 mram_addr(000008D9)) idx(0) write weight:2265, but recv weight: -923238604
[2024-12-17 15:37:32] [ERROR] [capacity_test] macro((0, 0)) ip(0 mram_addr(000008DA)) idx(0) write weight:2266, but recv weight: -925335756
[2024-12-17 15:37:32] [ERROR] [capacity_test] macro((0, 0)) ip(0 mram_addr(000008DB)) idx(0) write weight:2267, but recv weight: -927432908
[2024-12-17 15:37:32] [ERROR] [capacity_test] macro((0, 0)) ip(0 mram_addr(000008DC)) idx(0) write weight:2268, but recv weight: -929530060
[2024-12-17 15:37:32] [ERROR] [capacity_test] macro((0, 0)) ip(0 mram_addr(000008DD)) idx(0) write weight:2269, but recv weight: -931627212
[2024-12-17 15:37:32] [ERROR] [capacity_test] macro((0, 0)) ip(0 mram_addr(000008DE)) idx(0) write weight:2270, but recv weight: -933724364
[2024-12-17 15:37:32] [ERROR] [capacity_test] macro((0, 0)) ip(0 mram_addr(000008DF)) idx(0) write weight:2271, but recv weight: -935821516
[2024-12-17 15:37:32] [ERROR] [capacity_test] macro((0, 0)) ip(0 mram_addr(000008E0)) idx(0) write weight:2272, but recv weight: -937918668
[2024-12-17 15:37:32] [ERROR] [capacity_test] macro((0, 0)) ip(0 mram_addr(000008E1)) idx(0) write weight:2273, but recv weight: -940015820
[2024-12-17 15:37:32] [ERROR] [capacity_test] macro((0, 0)) ip(0 mram_addr(000008E2)) idx(0) write weight:2274, but recv weight: -942112972
[2024-12-17 15:37:32] [ERROR] [capacity_test] macro((0, 0)) ip(0 mram_addr(000008E3)) idx(0) write weight:2275, but recv weight: -841449676
[2024-12-17 15:37:32] [ERROR] [capacity_test] macro((0, 0)) ip(0 mram_addr(000008E4)) idx(0) write weight:2276, but recv weight: -842498252
[2024-12-17 15:37:32] [ERROR] [capacity_test] macro((0, 0)) ip(0 mram_addr(000008E5)) idx(0) write weight:2277, but recv weight: -842498252
[2024-12-17 15:37:32] [ERROR] [capacity_test] macro((0, 0)) ip(0 mram_addr(000008E6)) idx(0) write weight:2278, but recv weight: -842498252
[2024-12-17 15:37:32] [ERROR] [capacity_test] macro((0, 0)) ip(0 mram_addr(000008E7)) idx(0) write weight:2279, but recv weight: -842498252
[2024-12-17 15:37:32] [ERROR] [capacity_test] macro((0, 0)) ip(0 mram_addr(000008E8)) idx(0) write weight:2280, but recv weight: -842498252
[2024-12-17 15:37:32] [ERROR] [capacity_test] macro((0, 0)) ip(0 mram_addr(000008E9)) idx(0) write weight:2281, but recv weight: -842498252
[2024-12-17 15:37:32] [ERROR] [capacity_test] macro((0, 0)) ip(0 mram_addr(000008EA)) idx(0) write weight:2282, but recv weight: -842498252
[2024-12-17 15:37:32] [ERROR] [capacity_test] macro((0, 0)) ip(0 mram_addr(000008EB)) idx(0) write weight:2283, but recv weight: -842498252
[2024-12-17 15:37:32] [ERROR] [capacity_test] macro((0, 0)) ip(0 mram_addr(000008EC)) idx(0) write weight:2284, but recv weight: -842498252
[2024-12-17 15:37:32] [ERROR] [capacity_test] macro((0, 0)) ip(0 mram_addr(000008ED)) idx(0) write weight:2285, but recv weight: -842498252
[2024-12-17 15:37:32] [ERROR] [capacity_test] macro((0, 0)) ip(0 mram_addr(000008EE)) idx(0) write weight:2286, but recv weight: -842498252
[2024-12-17 15:37:32] [ERROR] [capacity_test] macro((0, 0)) ip(0 mram_addr(000008EF)) idx(0) write weight:2287, but recv weight: -842498252
[2024-12-17 15:37:32] [ERROR] [capacity_test] macro((0, 0)) ip(0 mram_addr(000008F0)) idx(0) write weight:2288, but recv weight: -842498252
[2024-12-17 15:37:32] [ERROR] [capacity_test] macro((0, 0)) ip(0 mram_addr(000008F1)) idx(0) write weight:2289, but recv weight: -842498252
[2024-12-17 15:37:32] [ERROR] [capacity_test] macro((0, 0)) ip(0 mram_addr(000008F2)) idx(0) write weight:2290, but recv weight: -842498252
[2024-12-17 15:37:32] [ERROR] [capacity_test] macro((0, 0)) ip(0 mram_addr(000008F3)) idx(0) write weight:2291, but recv weight: -842498252
[2024-12-17 15:37:32] [ERROR] [capacity_test] macro((0, 0)) ip(0 mram_addr(000008F4)) idx(0) write weight:2292, but recv weight: -843546828
[2024-12-17 15:37:32] [ERROR] [capacity_test] macro((0, 0)) ip(0 mram_addr(000008F5)) idx(0) write weight:2293, but recv weight: -843546828
[2024-12-17 15:37:32] [ERROR] [capacity_test] macro((0, 0)) ip(0 mram_addr(000008F6)) idx(0) write weight:2294, but recv weight: -843546828
[2024-12-17 15:37:32] [ERROR] [capacity_test] macro((0, 0)) ip(0 mram_addr(000008F7)) idx(0) write weight:2295, but recv weight: -843546828
[2024-12-17 15:37:32] [ERROR] [capacity_test] macro((0, 0)) ip(0 mram_addr(000008F8)) idx(0) write weight:2296, but recv weight: -843546828
[2024-12-17 15:37:32] [ERROR] [capacity_test] macro((0, 0)) ip(0 mram_addr(000008F9)) idx(0) write weight:2297, but recv weight: -843546828
[2024-12-17 15:37:32] [ERROR] [capacity_test] macro((0, 0)) ip(0 mram_addr(000008FA)) idx(0) write weight:2298, but recv weight: -843546828
[2024-12-17 15:37:32] [ERROR] [capacity_test] macro((0, 0)) ip(0 mram_addr(000008FB)) idx(0) write weight:2299, but recv weight: -843546828
[2024-12-17 15:37:32] [ERROR] [capacity_test] macro((0, 0)) ip(0 mram_addr(000008FC)) idx(0) write weight:2300, but recv weight: -843546828
[2024-12-17 15:37:32] [ERROR] [capacity_test] macro((0, 0)) ip(0 mram_addr(000008FD)) idx(0) write weight:2301, but recv weight: -843546828
[2024-12-17 15:37:32] [ERROR] [capacity_test] macro((0, 0)) ip(0 mram_addr(000008FE)) idx(0) write weight:2302, but recv weight: -843546828
[2024-12-17 15:37:32] [ERROR] [capacity_test] macro((0, 0)) ip(0 mram_addr(000008FF)) idx(0) write weight:2303, but recv weight: -843546828
[2024-12-17 15:37:32] [ERROR] [capacity_test] macro((0, 0)) ip(0 mram_addr(00000900)) idx(0) write weight:2304, but recv weight: -843546828
[2024-12-17 15:37:32] [ERROR] [capacity_test] macro((0, 0)) ip(0 mram_addr(00000901)) idx(0) write weight:2305, but recv weight: -843546828
[2024-12-17 15:37:32] [ERROR] [capacity_test] macro((0, 0)) ip(0 mram_addr(00000902)) idx(0) write weight:2306, but recv weight: -844595404
[2024-12-17 15:37:32] [ERROR] [capacity_test] macro((0, 0)) ip(0 mram_addr(00000903)) idx(0) write weight:2307, but recv weight: -844595404
[2024-12-17 15:37:32] [ERROR] [capacity_test] macro((0, 0)) ip(0 mram_addr(00000904)) idx(0) write weight:2308, but recv weight: -845643980
[2024-12-17 15:37:32] [ERROR] [capacity_test] macro((0, 0)) ip(0 mram_addr(00000905)) idx(0) write weight:2309, but recv weight: -845643980
[2024-12-17 15:37:32] [ERROR] [capacity_test] macro((0, 0)) ip(0 mram_addr(00000906)) idx(0) write weight:2310, but recv weight: -846692556
[2024-12-17 15:37:32] [ERROR] [capacity_test] macro((0, 0)) ip(0 mram_addr(00000907)) idx(0) write weight:2311, but recv weight: -846692556
[2024-12-17 15:37:32] [ERROR] [capacity_test] macro((0, 0)) ip(0 mram_addr(00000908)) idx(0) write weight:2312, but recv weight: -847741132
[2024-12-17 15:37:32] [ERROR] [capacity_test] macro((0, 0)) ip(0 mram_addr(00000909)) idx(0) write weight:2313, but recv weight: -847741132
[2024-12-17 15:37:32] [ERROR] [capacity_test] macro((0, 0)) ip(0 mram_addr(0000090A)) idx(0) write weight:2314, but recv weight: -848789708
[2024-12-17 15:37:32] [ERROR] [capacity_test] macro((0, 0)) ip(0 mram_addr(0000090B)) idx(0) write weight:2315, but recv weight: -848789708
[2024-12-17 15:37:32] [ERROR] [capacity_test] macro((0, 0)) ip(0 mram_addr(0000090C)) idx(0) write weight:2316, but recv weight: -849838284
[2024-12-17 15:37:32] [ERROR] [capacity_test] macro((0, 0)) ip(0 mram_addr(0000090D)) idx(0) write weight:2317, but recv weight: -849838284
[2024-12-17 15:37:32] [ERROR] [capacity_test] macro((0, 0)) ip(0 mram_addr(0000090E)) idx(0) write weight:2318, but recv weight: -850886860
[2024-12-17 15:37:32] [ERROR] [capacity_test] macro((0, 0)) ip(0 mram_addr(0000090F)) idx(0) write weight:2319, but recv weight: -850886860
[2024-12-17 15:37:32] [ERROR] [capacity_test] macro((0, 0)) ip(0 mram_addr(00000910)) idx(0) write weight:2320, but recv weight: -851935436
[2024-12-17 15:37:32] [ERROR] [capacity_test] macro((0, 0)) ip(0 mram_addr(00000911)) idx(0) write weight:2321, but recv weight: -851935436
[2024-12-17 15:37:32] [ERROR] [capacity_test] macro((0, 0)) ip(0 mram_addr(00000912)) idx(0) write weight:2322, but recv weight: -852984012
[2024-12-17 15:37:32] [ERROR] [capacity_test] macro((0, 0)) ip(0 mram_addr(00000913)) idx(0) write weight:2323, but recv weight: -852984012
[2024-12-17 15:37:32] [ERROR] [capacity_test] macro((0, 0)) ip(0 mram_addr(00000914)) idx(0) write weight:2324, but recv weight: -854032588
[2024-12-17 15:37:32] [ERROR] [capacity_test] macro((0, 0)) ip(0 mram_addr(00000915)) idx(0) write weight:2325, but recv weight: -854032588
[2024-12-17 15:37:32] [ERROR] [capacity_test] macro((0, 0)) ip(0 mram_addr(00000916)) idx(0) write weight:2326, but recv weight: -855081164
[2024-12-17 15:37:32] [ERROR] [capacity_test] macro((0, 0)) ip(0 mram_addr(00000917)) idx(0) write weight:2327, but recv weight: -855081164
[2024-12-17 15:37:32] [ERROR] [capacity_test] macro((0, 0)) ip(0 mram_addr(00000918)) idx(0) write weight:2328, but recv weight: -856129740
[2024-12-17 15:37:32] [ERROR] [capacity_test] macro((0, 0)) ip(0 mram_addr(00000919)) idx(0) write weight:2329, but recv weight: -856129740
[2024-12-17 15:37:32] [ERROR] [capacity_test] macro((0, 0)) ip(0 mram_addr(0000091A)) idx(0) write weight:2330, but recv weight: -857178316
[2024-12-17 15:37:32] [ERROR] [capacity_test] macro((0, 0)) ip(0 mram_addr(0000091B)) idx(0) write weight:2331, but recv weight: -857178316
[2024-12-17 15:37:32] [ERROR] [capacity_test] macro((0, 0)) ip(0 mram_addr(0000091C)) idx(0) write weight:2332, but recv weight: -858226892
[2024-12-17 15:37:32] [ERROR] [capacity_test] macro((0, 0)) ip(0 mram_addr(0000091D)) idx(0) write weight:2333, but recv weight: -858226892
[2024-12-17 15:37:32] [ERROR] [capacity_test] macro((0, 0)) ip(0 mram_addr(0000091E)) idx(0) write weight:2334, but recv weight: -859275468
[2024-12-17 15:37:32] [ERROR] [capacity_test] macro((0, 0)) ip(0 mram_addr(0000091F)) idx(0) write weight:2335, but recv weight: -859275468
[2024-12-17 15:37:32] [ERROR] [capacity_test] macro((0, 0)) ip(0 mram_addr(00000920)) idx(0) write weight:2336, but recv weight: -860324044
[2024-12-17 15:37:32] [ERROR] [capacity_test] macro((0, 0)) ip(0 mram_addr(00000921)) idx(0) write weight:2337, but recv weight: -860324044
[2024-12-17 15:37:32] [ERROR] [capacity_test] macro((0, 0)) ip(0 mram_addr(00000922)) idx(0) write weight:2338, but recv weight: -861372620
[2024-12-17 15:37:32] [ERROR] [capacity_test] macro((0, 0)) ip(0 mram_addr(00000923)) idx(0) write weight:2339, but recv weight: -861372620
[2024-12-17 15:37:32] [ERROR] [capacity_test] macro((0, 0)) ip(0 mram_addr(00000924)) idx(0) write weight:2340, but recv weight: -862421196
[2024-12-17 15:37:32] [ERROR] [capacity_test] macro((0, 0)) ip(0 mram_addr(00000925)) idx(0) write weight:2341, but recv weight: -862421196
[2024-12-17 15:37:32] [ERROR] [capacity_test] macro((0, 0)) ip(0 mram_addr(00000926)) idx(0) write weight:2342, but recv weight: -863469772
[2024-12-17 15:37:32] [ERROR] [capacity_test] macro((0, 0)) ip(0 mram_addr(00000927)) idx(0) write weight:2343, but recv weight: -863469772
[2024-12-17 15:37:32] [ERROR] [capacity_test] macro((0, 0)) ip(0 mram_addr(00000928)) idx(0) write weight:2344, but recv weight: -864518348
[2024-12-17 15:37:32] [ERROR] [capacity_test] macro((0, 0)) ip(0 mram_addr(00000929)) idx(0) write weight:2345, but recv weight: -864518348
[2024-12-17 15:37:32] [ERROR] [capacity_test] macro((0, 0)) ip(0 mram_addr(0000092A)) idx(0) write weight:2346, but recv weight: -865566924
[2024-12-17 15:37:32] [ERROR] [capacity_test] macro((0, 0)) ip(0 mram_addr(0000092B)) idx(0) write weight:2347, but recv weight: -865566924
[2024-12-17 15:37:32] [ERROR] [capacity_test] macro((0, 0)) ip(0 mram_addr(0000092C)) idx(0) write weight:2348, but recv weight: -866615500
[2024-12-17 15:37:32] [ERROR] [capacity_test] macro((0, 0)) ip(0 mram_addr(0000092D)) idx(0) write weight:2349, but recv weight: -866615500
[2024-12-17 15:37:32] [ERROR] [capacity_test] macro((0, 0)) ip(0 mram_addr(0000092E)) idx(0) write weight:2350, but recv weight: -867664076
[2024-12-17 15:37:32] [ERROR] [capacity_test] macro((0, 0)) ip(0 mram_addr(0000092F)) idx(0) write weight:2351, but recv weight: -867664076
[2024-12-17 15:37:32] [ERROR] [capacity_test] macro((0, 0)) ip(0 mram_addr(00000930)) idx(0) write weight:2352, but recv weight: -868712652
[2024-12-17 15:37:32] [ERROR] [capacity_test] macro((0, 0)) ip(0 mram_addr(00000931)) idx(0) write weight:2353, but recv weight: -868712652
[2024-12-17 15:37:32] [ERROR] [capacity_test] macro((0, 0)) ip(0 mram_addr(00000932)) idx(0) write weight:2354, but recv weight: -869761228
[2024-12-17 15:37:32] [ERROR] [capacity_test] macro((0, 0)) ip(0 mram_addr(00000933)) idx(0) write weight:2355, but recv weight: -869761228
[2024-12-17 15:37:32] [ERROR] [capacity_test] macro((0, 0)) ip(0 mram_addr(00000934)) idx(0) write weight:2356, but recv weight: -870809804
[2024-12-17 15:37:32] [ERROR] [capacity_test] macro((0, 0)) ip(0 mram_addr(00000935)) idx(0) write weight:2357, but recv weight: -870809804
[2024-12-17 15:37:32] [ERROR] [capacity_test] macro((0, 0)) ip(0 mram_addr(00000936)) idx(0) write weight:2358, but recv weight: -871858380
[2024-12-17 15:37:32] [ERROR] [capacity_test] macro((0, 0)) ip(0 mram_addr(00000937)) idx(0) write weight:2359, but recv weight: -871858380
[2024-12-17 15:37:32] [ERROR] [capacity_test] macro((0, 0)) ip(0 mram_addr(00000938)) idx(0) write weight:2360, but recv weight: -872906956
[2024-12-17 15:37:32] [ERROR] [capacity_test] macro((0, 0)) ip(0 mram_addr(00000939)) idx(0) write weight:2361, but recv weight: -872906956
[2024-12-17 15:37:32] [ERROR] [capacity_test] macro((0, 0)) ip(0 mram_addr(0000093A)) idx(0) write weight:2362, but recv weight: -873955532
[2024-12-17 15:37:32] [ERROR] [capacity_test] macro((0, 0)) ip(0 mram_addr(0000093B)) idx(0) write weight:2363, but recv weight: -873955532
[2024-12-17 15:37:32] [ERROR] [capacity_test] macro((0, 0)) ip(0 mram_addr(0000093C)) idx(0) write weight:2364, but recv weight: -875004108
[2024-12-17 15:37:32] [ERROR] [capacity_test] macro((0, 0)) ip(0 mram_addr(0000093D)) idx(0) write weight:2365, but recv weight: -875004108
[2024-12-17 15:37:32] [ERROR] [capacity_test] macro((0, 0)) ip(0 mram_addr(0000093E)) idx(0) write weight:2366, but recv weight: -876052684
[2024-12-17 15:37:32] [ERROR] [capacity_test] macro((0, 0)) ip(0 mram_addr(0000093F)) idx(0) write weight:2367, but recv weight: -876052684
[2024-12-17 15:37:32] [ERROR] [capacity_test] macro((0, 0)) ip(0 mram_addr(00000940)) idx(0) write weight:2368, but recv weight: -877101260
[2024-12-17 15:37:32] [ERROR] [capacity_test] macro((0, 0)) ip(0 mram_addr(00000941)) idx(0) write weight:2369, but recv weight: -877101260
[2024-12-17 15:37:32] [ERROR] [capacity_test] macro((0, 0)) ip(0 mram_addr(00000942)) idx(0) write weight:2370, but recv weight: -878149836
[2024-12-17 15:37:32] [ERROR] [capacity_test] macro((0, 0)) ip(0 mram_addr(00000943)) idx(0) write weight:2371, but recv weight: -878149836
[2024-12-17 15:37:32] [ERROR] [capacity_test] macro((0, 0)) ip(0 mram_addr(00000944)) idx(0) write weight:2372, but recv weight: -879198412
[2024-12-17 15:37:32] [ERROR] [capacity_test] macro((0, 0)) ip(0 mram_addr(00000945)) idx(0) write weight:2373, but recv weight: -881295564
[2024-12-17 15:37:32] [ERROR] [capacity_test] macro((0, 0)) ip(0 mram_addr(00000946)) idx(0) write weight:2374, but recv weight: -883392716
[2024-12-17 15:37:32] [ERROR] [capacity_test] macro((0, 0)) ip(0 mram_addr(00000947)) idx(0) write weight:2375, but recv weight: -885489868
[2024-12-17 15:37:32] [ERROR] [capacity_test] macro((0, 0)) ip(0 mram_addr(00000948)) idx(0) write weight:2376, but recv weight: -887587020
[2024-12-17 15:37:32] [ERROR] [capacity_test] macro((0, 0)) ip(0 mram_addr(00000949)) idx(0) write weight:2377, but recv weight: -889684172
[2024-12-17 15:37:32] [ERROR] [capacity_test] macro((0, 0)) ip(0 mram_addr(0000094A)) idx(0) write weight:2378, but recv weight: -891781324
[2024-12-17 15:37:32] [ERROR] [capacity_test] macro((0, 0)) ip(0 mram_addr(0000094B)) idx(0) write weight:2379, but recv weight: -893878476
[2024-12-17 15:37:32] [ERROR] [capacity_test] macro((0, 0)) ip(0 mram_addr(0000094C)) idx(0) write weight:2380, but recv weight: -895975628
[2024-12-17 15:37:32] [ERROR] [capacity_test] macro((0, 0)) ip(0 mram_addr(0000094D)) idx(0) write weight:2381, but recv weight: -898072780
[2024-12-17 15:37:32] [ERROR] [capacity_test] macro((0, 0)) ip(0 mram_addr(0000094E)) idx(0) write weight:2382, but recv weight: -900169932
[2024-12-17 15:37:32] [ERROR] [capacity_test] macro((0, 0)) ip(0 mram_addr(0000094F)) idx(0) write weight:2383, but recv weight: -902267084
[2024-12-17 15:37:32] [ERROR] [capacity_test] macro((0, 0)) ip(0 mram_addr(00000950)) idx(0) write weight:2384, but recv weight: -904364236
[2024-12-17 15:37:32] [ERROR] [capacity_test] macro((0, 0)) ip(0 mram_addr(00000951)) idx(0) write weight:2385, but recv weight: -906461388
[2024-12-17 15:37:32] [ERROR] [capacity_test] macro((0, 0)) ip(0 mram_addr(00000952)) idx(0) write weight:2386, but recv weight: -908558540
[2024-12-17 15:37:32] [ERROR] [capacity_test] macro((0, 0)) ip(0 mram_addr(00000953)) idx(0) write weight:2387, but recv weight: -910655692
[2024-12-17 15:37:32] [ERROR] [capacity_test] macro((0, 0)) ip(0 mram_addr(00000954)) idx(0) write weight:2388, but recv weight: -912752844
[2024-12-17 15:37:32] [ERROR] [capacity_test] macro((0, 0)) ip(0 mram_addr(00000955)) idx(0) write weight:2389, but recv weight: -914849996
[2024-12-17 15:37:32] [ERROR] [capacity_test] macro((0, 0)) ip(0 mram_addr(00000956)) idx(0) write weight:2390, but recv weight: -916947148
[2024-12-17 15:37:32] [ERROR] [capacity_test] macro((0, 0)) ip(0 mram_addr(00000957)) idx(0) write weight:2391, but recv weight: -919044300
[2024-12-17 15:37:32] [ERROR] [capacity_test] macro((0, 0)) ip(0 mram_addr(00000958)) idx(0) write weight:2392, but recv weight: -921141452
[2024-12-17 15:37:32] [ERROR] [capacity_test] macro((0, 0)) ip(0 mram_addr(00000959)) idx(0) write weight:2393, but recv weight: -923238604
[2024-12-17 15:37:32] [ERROR] [capacity_test] macro((0, 0)) ip(0 mram_addr(0000095A)) idx(0) write weight:2394, but recv weight: -925335756
[2024-12-17 15:37:32] [ERROR] [capacity_test] macro((0, 0)) ip(0 mram_addr(0000095B)) idx(0) write weight:2395, but recv weight: -927432908
[2024-12-17 15:37:32] [ERROR] [capacity_test] macro((0, 0)) ip(0 mram_addr(0000095C)) idx(0) write weight:2396, but recv weight: -929530060
[2024-12-17 15:37:32] [ERROR] [capacity_test] macro((0, 0)) ip(0 mram_addr(0000095D)) idx(0) write weight:2397, but recv weight: -931627212
[2024-12-17 15:37:32] [ERROR] [capacity_test] macro((0, 0)) ip(0 mram_addr(0000095E)) idx(0) write weight:2398, but recv weight: -933724364
[2024-12-17 15:37:32] [ERROR] [capacity_test] macro((0, 0)) ip(0 mram_addr(0000095F)) idx(0) write weight:2399, but recv weight: -935821516
[2024-12-17 15:37:32] [ERROR] [capacity_test] macro((0, 0)) ip(0 mram_addr(00000960)) idx(0) write weight:2400, but recv weight: -937918668
[2024-12-17 15:37:32] [ERROR] [capacity_test] macro((0, 0)) ip(0 mram_addr(00000961)) idx(0) write weight:2401, but recv weight: -940015820
[2024-12-17 15:37:32] [ERROR] [capacity_test] macro((0, 0)) ip(0 mram_addr(00000962)) idx(0) write weight:2402, but recv weight: -942112972
[2024-12-17 15:37:32] [ERROR] [capacity_test] macro((0, 0)) ip(0 mram_addr(00000963)) idx(0) write weight:2403, but recv weight: 0
[2024-12-17 15:37:32] [ERROR] [capacity_test] macro((0, 0)) ip(0 mram_addr(00000964)) idx(0) write weight:2404, but recv weight: -842498252
[2024-12-17 15:37:32] [ERROR] [capacity_test] macro((0, 0)) ip(0 mram_addr(00000965)) idx(0) write weight:2405, but recv weight: -842498252
[2024-12-17 15:37:32] [ERROR] [capacity_test] macro((0, 0)) ip(0 mram_addr(00000966)) idx(0) write weight:2406, but recv weight: -842498252
[2024-12-17 15:37:32] [ERROR] [capacity_test] macro((0, 0)) ip(0 mram_addr(00000967)) idx(0) write weight:2407, but recv weight: -842498252
[2024-12-17 15:37:32] [ERROR] [capacity_test] macro((0, 0)) ip(0 mram_addr(00000968)) idx(0) write weight:2408, but recv weight: -842498252
[2024-12-17 15:37:32] [ERROR] [capacity_test] macro((0, 0)) ip(0 mram_addr(00000969)) idx(0) write weight:2409, but recv weight: -842498252
[2024-12-17 15:37:32] [ERROR] [capacity_test] macro((0, 0)) ip(0 mram_addr(0000096A)) idx(0) write weight:2410, but recv weight: -842498252
[2024-12-17 15:37:32] [ERROR] [capacity_test] macro((0, 0)) ip(0 mram_addr(0000096B)) idx(0) write weight:2411, but recv weight: -842498252
[2024-12-17 15:37:32] [ERROR] [capacity_test] macro((0, 0)) ip(0 mram_addr(0000096C)) idx(0) write weight:2412, but recv weight: -842498252
[2024-12-17 15:37:32] [ERROR] [capacity_test] macro((0, 0)) ip(0 mram_addr(0000096D)) idx(0) write weight:2413, but recv weight: -842498252
[2024-12-17 15:37:32] [ERROR] [capacity_test] macro((0, 0)) ip(0 mram_addr(0000096E)) idx(0) write weight:2414, but recv weight: -842498252
[2024-12-17 15:37:32] [ERROR] [capacity_test] macro((0, 0)) ip(0 mram_addr(0000096F)) idx(0) write weight:2415, but recv weight: -842498252
[2024-12-17 15:37:32] [ERROR] [capacity_test] macro((0, 0)) ip(0 mram_addr(00000970)) idx(0) write weight:2416, but recv weight: -842498252
[2024-12-17 15:37:32] [ERROR] [capacity_test] macro((0, 0)) ip(0 mram_addr(00000971)) idx(0) write weight:2417, but recv weight: -842498252
[2024-12-17 15:37:32] [ERROR] [capacity_test] macro((0, 0)) ip(0 mram_addr(00000972)) idx(0) write weight:2418, but recv weight: -842498252
[2024-12-17 15:37:32] [ERROR] [capacity_test] macro((0, 0)) ip(0 mram_addr(00000973)) idx(0) write weight:2419, but recv weight: -843546828
[2024-12-17 15:37:32] [ERROR] [capacity_test] macro((0, 0)) ip(0 mram_addr(00000974)) idx(0) write weight:2420, but recv weight: -843546828
[2024-12-17 15:37:32] [ERROR] [capacity_test] macro((0, 0)) ip(0 mram_addr(00000975)) idx(0) write weight:2421, but recv weight: -843546828
[2024-12-17 15:37:32] [ERROR] [capacity_test] macro((0, 0)) ip(0 mram_addr(00000976)) idx(0) write weight:2422, but recv weight: -843546828
[2024-12-17 15:37:32] [ERROR] [capacity_test] macro((0, 0)) ip(0 mram_addr(00000977)) idx(0) write weight:2423, but recv weight: -843546828
[2024-12-17 15:37:32] [ERROR] [capacity_test] macro((0, 0)) ip(0 mram_addr(00000978)) idx(0) write weight:2424, but recv weight: -843546828
[2024-12-17 15:37:32] [ERROR] [capacity_test] macro((0, 0)) ip(0 mram_addr(00000979)) idx(0) write weight:2425, but recv weight: -843546828
[2024-12-17 15:37:32] [ERROR] [capacity_test] macro((0, 0)) ip(0 mram_addr(0000097A)) idx(0) write weight:2426, but recv weight: -843546828
[2024-12-17 15:37:32] [ERROR] [capacity_test] macro((0, 0)) ip(0 mram_addr(0000097B)) idx(0) write weight:2427, but recv weight: -843546828
[2024-12-17 15:37:32] [ERROR] [capacity_test] macro((0, 0)) ip(0 mram_addr(0000097C)) idx(0) write weight:2428, but recv weight: -843546828
[2024-12-17 15:37:32] [ERROR] [capacity_test] macro((0, 0)) ip(0 mram_addr(0000097D)) idx(0) write weight:2429, but recv weight: -843546828
[2024-12-17 15:37:32] [ERROR] [capacity_test] macro((0, 0)) ip(0 mram_addr(0000097E)) idx(0) write weight:2430, but recv weight: -843546828
[2024-12-17 15:37:32] [ERROR] [capacity_test] macro((0, 0)) ip(0 mram_addr(0000097F)) idx(0) write weight:2431, but recv weight: -843546828
[2024-12-17 15:37:32] [ERROR] [capacity_test] macro((0, 0)) ip(0 mram_addr(00000980)) idx(0) write weight:2432, but recv weight: -843546828
[2024-12-17 15:37:32] [ERROR] [capacity_test] macro((0, 0)) ip(0 mram_addr(00000981)) idx(0) write weight:2433, but recv weight: -844595404
[2024-12-17 15:37:32] [ERROR] [capacity_test] macro((0, 0)) ip(0 mram_addr(00000982)) idx(0) write weight:2434, but recv weight: -844595404
[2024-12-17 15:37:32] [ERROR] [capacity_test] macro((0, 0)) ip(0 mram_addr(00000983)) idx(0) write weight:2435, but recv weight: -845643980
[2024-12-17 15:37:32] [ERROR] [capacity_test] macro((0, 0)) ip(0 mram_addr(00000984)) idx(0) write weight:2436, but recv weight: -845643980
[2024-12-17 15:37:32] [ERROR] [capacity_test] macro((0, 0)) ip(0 mram_addr(00000985)) idx(0) write weight:2437, but recv weight: -846692556
[2024-12-17 15:37:32] [ERROR] [capacity_test] macro((0, 0)) ip(0 mram_addr(00000986)) idx(0) write weight:2438, but recv weight: -846692556
[2024-12-17 15:37:32] [ERROR] [capacity_test] macro((0, 0)) ip(0 mram_addr(00000987)) idx(0) write weight:2439, but recv weight: -847741132
[2024-12-17 15:37:32] [ERROR] [capacity_test] macro((0, 0)) ip(0 mram_addr(00000988)) idx(0) write weight:2440, but recv weight: -847741132
[2024-12-17 15:37:32] [ERROR] [capacity_test] macro((0, 0)) ip(0 mram_addr(00000989)) idx(0) write weight:2441, but recv weight: -848789708
[2024-12-17 15:37:32] [ERROR] [capacity_test] macro((0, 0)) ip(0 mram_addr(0000098A)) idx(0) write weight:2442, but recv weight: -848789708
[2024-12-17 15:37:32] [ERROR] [capacity_test] macro((0, 0)) ip(0 mram_addr(0000098B)) idx(0) write weight:2443, but recv weight: -849838284
[2024-12-17 15:37:32] [ERROR] [capacity_test] macro((0, 0)) ip(0 mram_addr(0000098C)) idx(0) write weight:2444, but recv weight: -849838284
[2024-12-17 15:37:32] [ERROR] [capacity_test] macro((0, 0)) ip(0 mram_addr(0000098D)) idx(0) write weight:2445, but recv weight: -850886860
[2024-12-17 15:37:32] [ERROR] [capacity_test] macro((0, 0)) ip(0 mram_addr(0000098E)) idx(0) write weight:2446, but recv weight: -850886860
[2024-12-17 15:37:32] [ERROR] [capacity_test] macro((0, 0)) ip(0 mram_addr(0000098F)) idx(0) write weight:2447, but recv weight: -851935436
[2024-12-17 15:37:32] [ERROR] [capacity_test] macro((0, 0)) ip(0 mram_addr(00000990)) idx(0) write weight:2448, but recv weight: -851935436
[2024-12-17 15:37:32] [ERROR] [capacity_test] macro((0, 0)) ip(0 mram_addr(00000991)) idx(0) write weight:2449, but recv weight: -852984012
[2024-12-17 15:37:32] [ERROR] [capacity_test] macro((0, 0)) ip(0 mram_addr(00000992)) idx(0) write weight:2450, but recv weight: -852984012
[2024-12-17 15:37:32] [ERROR] [capacity_test] macro((0, 0)) ip(0 mram_addr(00000993)) idx(0) write weight:2451, but recv weight: -854032588
[2024-12-17 15:37:32] [ERROR] [capacity_test] macro((0, 0)) ip(0 mram_addr(00000994)) idx(0) write weight:2452, but recv weight: -854032588
[2024-12-17 15:37:32] [ERROR] [capacity_test] macro((0, 0)) ip(0 mram_addr(00000995)) idx(0) write weight:2453, but recv weight: -855081164
[2024-12-17 15:37:32] [ERROR] [capacity_test] macro((0, 0)) ip(0 mram_addr(00000996)) idx(0) write weight:2454, but recv weight: -855081164
[2024-12-17 15:37:32] [ERROR] [capacity_test] macro((0, 0)) ip(0 mram_addr(00000997)) idx(0) write weight:2455, but recv weight: -856129740
[2024-12-17 15:37:32] [ERROR] [capacity_test] macro((0, 0)) ip(0 mram_addr(00000998)) idx(0) write weight:2456, but recv weight: -856129740
[2024-12-17 15:37:32] [ERROR] [capacity_test] macro((0, 0)) ip(0 mram_addr(00000999)) idx(0) write weight:2457, but recv weight: -857178316
[2024-12-17 15:37:32] [ERROR] [capacity_test] macro((0, 0)) ip(0 mram_addr(0000099A)) idx(0) write weight:2458, but recv weight: -857178316
[2024-12-17 15:37:32] [ERROR] [capacity_test] macro((0, 0)) ip(0 mram_addr(0000099B)) idx(0) write weight:2459, but recv weight: -858226892
[2024-12-17 15:37:32] [ERROR] [capacity_test] macro((0, 0)) ip(0 mram_addr(0000099C)) idx(0) write weight:2460, but recv weight: -858226892
[2024-12-17 15:37:32] [ERROR] [capacity_test] macro((0, 0)) ip(0 mram_addr(0000099D)) idx(0) write weight:2461, but recv weight: -859275468
[2024-12-17 15:37:32] [ERROR] [capacity_test] macro((0, 0)) ip(0 mram_addr(0000099E)) idx(0) write weight:2462, but recv weight: -859275468
[2024-12-17 15:37:32] [ERROR] [capacity_test] macro((0, 0)) ip(0 mram_addr(0000099F)) idx(0) write weight:2463, but recv weight: -860324044
[2024-12-17 15:37:32] [ERROR] [capacity_test] macro((0, 0)) ip(0 mram_addr(000009A0)) idx(0) write weight:2464, but recv weight: -860324044
[2024-12-17 15:37:32] [ERROR] [capacity_test] macro((0, 0)) ip(0 mram_addr(000009A1)) idx(0) write weight:2465, but recv weight: -861372620
[2024-12-17 15:37:32] [ERROR] [capacity_test] macro((0, 0)) ip(0 mram_addr(000009A2)) idx(0) write weight:2466, but recv weight: -861372620
[2024-12-17 15:37:32] [ERROR] [capacity_test] macro((0, 0)) ip(0 mram_addr(000009A3)) idx(0) write weight:2467, but recv weight: -862421196
[2024-12-17 15:37:32] [ERROR] [capacity_test] macro((0, 0)) ip(0 mram_addr(000009A4)) idx(0) write weight:2468, but recv weight: -862421196
[2024-12-17 15:37:32] [ERROR] [capacity_test] macro((0, 0)) ip(0 mram_addr(000009A5)) idx(0) write weight:2469, but recv weight: -863469772
[2024-12-17 15:37:32] [ERROR] [capacity_test] macro((0, 0)) ip(0 mram_addr(000009A6)) idx(0) write weight:2470, but recv weight: -863469772
[2024-12-17 15:37:32] [ERROR] [capacity_test] macro((0, 0)) ip(0 mram_addr(000009A7)) idx(0) write weight:2471, but recv weight: -864518348
[2024-12-17 15:37:32] [ERROR] [capacity_test] macro((0, 0)) ip(0 mram_addr(000009A8)) idx(0) write weight:2472, but recv weight: -864518348
[2024-12-17 15:37:32] [ERROR] [capacity_test] macro((0, 0)) ip(0 mram_addr(000009A9)) idx(0) write weight:2473, but recv weight: -865566924
[2024-12-17 15:37:32] [ERROR] [capacity_test] macro((0, 0)) ip(0 mram_addr(000009AA)) idx(0) write weight:2474, but recv weight: -865566924
[2024-12-17 15:37:32] [ERROR] [capacity_test] macro((0, 0)) ip(0 mram_addr(000009AB)) idx(0) write weight:2475, but recv weight: -866615500
[2024-12-17 15:37:32] [ERROR] [capacity_test] macro((0, 0)) ip(0 mram_addr(000009AC)) idx(0) write weight:2476, but recv weight: -866615500
[2024-12-17 15:37:32] [ERROR] [capacity_test] macro((0, 0)) ip(0 mram_addr(000009AD)) idx(0) write weight:2477, but recv weight: -867664076
[2024-12-17 15:37:32] [ERROR] [capacity_test] macro((0, 0)) ip(0 mram_addr(000009AE)) idx(0) write weight:2478, but recv weight: -867664076
[2024-12-17 15:37:32] [ERROR] [capacity_test] macro((0, 0)) ip(0 mram_addr(000009AF)) idx(0) write weight:2479, but recv weight: -868712652
[2024-12-17 15:37:32] [ERROR] [capacity_test] macro((0, 0)) ip(0 mram_addr(000009B0)) idx(0) write weight:2480, but recv weight: -868712652
[2024-12-17 15:37:32] [ERROR] [capacity_test] macro((0, 0)) ip(0 mram_addr(000009B1)) idx(0) write weight:2481, but recv weight: -869761228
[2024-12-17 15:37:32] [ERROR] [capacity_test] macro((0, 0)) ip(0 mram_addr(000009B2)) idx(0) write weight:2482, but recv weight: -869761228
[2024-12-17 15:37:32] [ERROR] [capacity_test] macro((0, 0)) ip(0 mram_addr(000009B3)) idx(0) write weight:2483, but recv weight: -870809804
[2024-12-17 15:37:32] [ERROR] [capacity_test] macro((0, 0)) ip(0 mram_addr(000009B4)) idx(0) write weight:2484, but recv weight: -870809804
[2024-12-17 15:37:32] [ERROR] [capacity_test] macro((0, 0)) ip(0 mram_addr(000009B5)) idx(0) write weight:2485, but recv weight: -871858380
[2024-12-17 15:37:32] [ERROR] [capacity_test] macro((0, 0)) ip(0 mram_addr(000009B6)) idx(0) write weight:2486, but recv weight: -871858380
[2024-12-17 15:37:32] [ERROR] [capacity_test] macro((0, 0)) ip(0 mram_addr(000009B7)) idx(0) write weight:2487, but recv weight: -872906956
[2024-12-17 15:37:32] [ERROR] [capacity_test] macro((0, 0)) ip(0 mram_addr(000009B8)) idx(0) write weight:2488, but recv weight: -872906956
[2024-12-17 15:37:32] [ERROR] [capacity_test] macro((0, 0)) ip(0 mram_addr(000009B9)) idx(0) write weight:2489, but recv weight: -873955532
[2024-12-17 15:37:32] [ERROR] [capacity_test] macro((0, 0)) ip(0 mram_addr(000009BA)) idx(0) write weight:2490, but recv weight: -873955532
[2024-12-17 15:37:32] [ERROR] [capacity_test] macro((0, 0)) ip(0 mram_addr(000009BB)) idx(0) write weight:2491, but recv weight: -875004108
[2024-12-17 15:37:32] [ERROR] [capacity_test] macro((0, 0)) ip(0 mram_addr(000009BC)) idx(0) write weight:2492, but recv weight: -875004108
[2024-12-17 15:37:32] [ERROR] [capacity_test] macro((0, 0)) ip(0 mram_addr(000009BD)) idx(0) write weight:2493, but recv weight: -876052684
[2024-12-17 15:37:32] [ERROR] [capacity_test] macro((0, 0)) ip(0 mram_addr(000009BE)) idx(0) write weight:2494, but recv weight: -876052684
[2024-12-17 15:37:32] [ERROR] [capacity_test] macro((0, 0)) ip(0 mram_addr(000009BF)) idx(0) write weight:2495, but recv weight: -877101260
[2024-12-17 15:37:32] [ERROR] [capacity_test] macro((0, 0)) ip(0 mram_addr(000009C0)) idx(0) write weight:2496, but recv weight: -877101260
[2024-12-17 15:37:32] [ERROR] [capacity_test] macro((0, 0)) ip(0 mram_addr(000009C1)) idx(0) write weight:2497, but recv weight: -878149836
[2024-12-17 15:37:32] [ERROR] [capacity_test] macro((0, 0)) ip(0 mram_addr(000009C2)) idx(0) write weight:2498, but recv weight: -878149836
[2024-12-17 15:37:32] [ERROR] [capacity_test] macro((0, 0)) ip(0 mram_addr(000009C3)) idx(0) write weight:2499, but recv weight: -879198412
[2024-12-17 15:37:32] [ERROR] [capacity_test] macro((0, 0)) ip(0 mram_addr(000009C4)) idx(0) write weight:2500, but recv weight: -881295564
[2024-12-17 15:37:32] [ERROR] [capacity_test] macro((0, 0)) ip(0 mram_addr(000009C5)) idx(0) write weight:2501, but recv weight: -883392716
[2024-12-17 15:37:32] [ERROR] [capacity_test] macro((0, 0)) ip(0 mram_addr(000009C6)) idx(0) write weight:2502, but recv weight: -885489868
[2024-12-17 15:37:32] [ERROR] [capacity_test] macro((0, 0)) ip(0 mram_addr(000009C7)) idx(0) write weight:2503, but recv weight: -887587020
[2024-12-17 15:37:32] [ERROR] [capacity_test] macro((0, 0)) ip(0 mram_addr(000009C8)) idx(0) write weight:2504, but recv weight: -889684172
[2024-12-17 15:37:32] [ERROR] [capacity_test] macro((0, 0)) ip(0 mram_addr(000009C9)) idx(0) write weight:2505, but recv weight: -891781324
[2024-12-17 15:37:32] [ERROR] [capacity_test] macro((0, 0)) ip(0 mram_addr(000009CA)) idx(0) write weight:2506, but recv weight: -893878476
[2024-12-17 15:37:32] [ERROR] [capacity_test] macro((0, 0)) ip(0 mram_addr(000009CB)) idx(0) write weight:2507, but recv weight: -895975628
[2024-12-17 15:37:32] [ERROR] [capacity_test] macro((0, 0)) ip(0 mram_addr(000009CC)) idx(0) write weight:2508, but recv weight: -898072780
[2024-12-17 15:37:32] [ERROR] [capacity_test] macro((0, 0)) ip(0 mram_addr(000009CD)) idx(0) write weight:2509, but recv weight: -900169932
[2024-12-17 15:37:32] [ERROR] [capacity_test] macro((0, 0)) ip(0 mram_addr(000009CE)) idx(0) write weight:2510, but recv weight: -902267084
[2024-12-17 15:37:32] [ERROR] [capacity_test] macro((0, 0)) ip(0 mram_addr(000009CF)) idx(0) write weight:2511, but recv weight: -904364236
[2024-12-17 15:37:32] [ERROR] [capacity_test] macro((0, 0)) ip(0 mram_addr(000009D0)) idx(0) write weight:2512, but recv weight: -906461388
[2024-12-17 15:37:32] [ERROR] [capacity_test] macro((0, 0)) ip(0 mram_addr(000009D1)) idx(0) write weight:2513, but recv weight: -908558540
[2024-12-17 15:37:32] [ERROR] [capacity_test] macro((0, 0)) ip(0 mram_addr(000009D2)) idx(0) write weight:2514, but recv weight: -910655692
[2024-12-17 15:37:32] [ERROR] [capacity_test] macro((0, 0)) ip(0 mram_addr(000009D3)) idx(0) write weight:2515, but recv weight: -912752844
[2024-12-17 15:37:32] [ERROR] [capacity_test] macro((0, 0)) ip(0 mram_addr(000009D4)) idx(0) write weight:2516, but recv weight: -914849996
[2024-12-17 15:37:32] [ERROR] [capacity_test] macro((0, 0)) ip(0 mram_addr(000009D5)) idx(0) write weight:2517, but recv weight: -916947148
[2024-12-17 15:37:32] [ERROR] [capacity_test] macro((0, 0)) ip(0 mram_addr(000009D6)) idx(0) write weight:2518, but recv weight: -919044300
[2024-12-17 15:37:32] [ERROR] [capacity_test] macro((0, 0)) ip(0 mram_addr(000009D7)) idx(0) write weight:2519, but recv weight: -921141452
[2024-12-17 15:37:32] [ERROR] [capacity_test] macro((0, 0)) ip(0 mram_addr(000009D8)) idx(0) write weight:2520, but recv weight: -923238604
[2024-12-17 15:37:32] [ERROR] [capacity_test] macro((0, 0)) ip(0 mram_addr(000009D9)) idx(0) write weight:2521, but recv weight: -925335756
[2024-12-17 15:37:32] [ERROR] [capacity_test] macro((0, 0)) ip(0 mram_addr(000009DA)) idx(0) write weight:2522, but recv weight: -927432908
[2024-12-17 15:37:32] [ERROR] [capacity_test] macro((0, 0)) ip(0 mram_addr(000009DB)) idx(0) write weight:2523, but recv weight: -929530060
[2024-12-17 15:37:32] [ERROR] [capacity_test] macro((0, 0)) ip(0 mram_addr(000009DC)) idx(0) write weight:2524, but recv weight: -931627212
[2024-12-17 15:37:32] [ERROR] [capacity_test] macro((0, 0)) ip(0 mram_addr(000009DD)) idx(0) write weight:2525, but recv weight: -933724364
[2024-12-17 15:37:32] [ERROR] [capacity_test] macro((0, 0)) ip(0 mram_addr(000009DE)) idx(0) write weight:2526, but recv weight: -935821516
[2024-12-17 15:37:32] [ERROR] [capacity_test] macro((0, 0)) ip(0 mram_addr(000009DF)) idx(0) write weight:2527, but recv weight: -937918668
[2024-12-17 15:37:32] [ERROR] [capacity_test] macro((0, 0)) ip(0 mram_addr(000009E0)) idx(0) write weight:2528, but recv weight: -940015820
[2024-12-17 15:37:32] [ERROR] [capacity_test] macro((0, 0)) ip(0 mram_addr(000009E1)) idx(0) write weight:2529, but recv weight: -942112972
[2024-12-17 15:37:32] [ERROR] [capacity_test] macro((0, 0)) ip(0 mram_addr(000009E2)) idx(0) write weight:2530, but recv weight: -841449676
[2024-12-17 15:37:32] [ERROR] [capacity_test] macro((0, 0)) ip(0 mram_addr(000009E3)) idx(0) write weight:2531, but recv weight: -842498252
[2024-12-17 15:37:32] [ERROR] [capacity_test] macro((0, 0)) ip(0 mram_addr(000009E4)) idx(0) write weight:2532, but recv weight: -842498252
[2024-12-17 15:37:32] [ERROR] [capacity_test] macro((0, 0)) ip(0 mram_addr(000009E5)) idx(0) write weight:2533, but recv weight: -842498252
[2024-12-17 15:37:32] [ERROR] [capacity_test] macro((0, 0)) ip(0 mram_addr(000009E6)) idx(0) write weight:2534, but recv weight: -842498252
[2024-12-17 15:37:33] [ERROR] [capacity_test] macro((0, 0)) ip(0 mram_addr(000009E7)) idx(0) write weight:2535, but recv weight: -842498252
[2024-12-17 15:37:33] [ERROR] [capacity_test] macro((0, 0)) ip(0 mram_addr(000009E8)) idx(0) write weight:2536, but recv weight: -842498252
[2024-12-17 15:37:33] [ERROR] [capacity_test] macro((0, 0)) ip(0 mram_addr(000009E9)) idx(0) write weight:2537, but recv weight: -842498252
[2024-12-17 15:37:33] [ERROR] [capacity_test] macro((0, 0)) ip(0 mram_addr(000009EA)) idx(0) write weight:2538, but recv weight: -842498252
[2024-12-17 15:37:33] [ERROR] [capacity_test] macro((0, 0)) ip(0 mram_addr(000009EB)) idx(0) write weight:2539, but recv weight: -842498252
[2024-12-17 15:37:33] [ERROR] [capacity_test] macro((0, 0)) ip(0 mram_addr(000009EC)) idx(0) write weight:2540, but recv weight: -842498252
[2024-12-17 15:37:33] [ERROR] [capacity_test] macro((0, 0)) ip(0 mram_addr(000009ED)) idx(0) write weight:2541, but recv weight: -842498252
[2024-12-17 15:37:33] [ERROR] [capacity_test] macro((0, 0)) ip(0 mram_addr(000009EE)) idx(0) write weight:2542, but recv weight: -842498252
[2024-12-17 15:37:33] [ERROR] [capacity_test] macro((0, 0)) ip(0 mram_addr(000009EF)) idx(0) write weight:2543, but recv weight: -842498252
[2024-12-17 15:37:33] [ERROR] [capacity_test] macro((0, 0)) ip(0 mram_addr(000009F0)) idx(0) write weight:2544, but recv weight: -842498252
[2024-12-17 15:37:33] [ERROR] [capacity_test] macro((0, 0)) ip(0 mram_addr(000009F1)) idx(0) write weight:2545, but recv weight: -842498252
[2024-12-17 15:37:33] [ERROR] [capacity_test] macro((0, 0)) ip(0 mram_addr(000009F2)) idx(0) write weight:2546, but recv weight: -842498252
[2024-12-17 15:37:33] [ERROR] [capacity_test] macro((0, 0)) ip(0 mram_addr(000009F3)) idx(0) write weight:2547, but recv weight: -843546828
[2024-12-17 15:37:33] [ERROR] [capacity_test] macro((0, 0)) ip(0 mram_addr(000009F4)) idx(0) write weight:2548, but recv weight: -843546828
[2024-12-17 15:37:33] [ERROR] [capacity_test] macro((0, 0)) ip(0 mram_addr(000009F5)) idx(0) write weight:2549, but recv weight: -843546828
[2024-12-17 15:37:33] [ERROR] [capacity_test] macro((0, 0)) ip(0 mram_addr(000009F6)) idx(0) write weight:2550, but recv weight: -843546828
[2024-12-17 15:37:33] [ERROR] [capacity_test] macro((0, 0)) ip(0 mram_addr(000009F7)) idx(0) write weight:2551, but recv weight: -843546828
[2024-12-17 15:37:33] [ERROR] [capacity_test] macro((0, 0)) ip(0 mram_addr(000009F8)) idx(0) write weight:2552, but recv weight: -843546828
[2024-12-17 15:37:33] [ERROR] [capacity_test] macro((0, 0)) ip(0 mram_addr(000009F9)) idx(0) write weight:2553, but recv weight: -843546828
[2024-12-17 15:37:33] [ERROR] [capacity_test] macro((0, 0)) ip(0 mram_addr(000009FA)) idx(0) write weight:2554, but recv weight: -843546828
[2024-12-17 15:37:33] [ERROR] [capacity_test] macro((0, 0)) ip(0 mram_addr(000009FB)) idx(0) write weight:2555, but recv weight: -843546828
[2024-12-17 15:37:33] [ERROR] [capacity_test] macro((0, 0)) ip(0 mram_addr(000009FC)) idx(0) write weight:2556, but recv weight: -843546828
[2024-12-17 15:37:33] [ERROR] [capacity_test] macro((0, 0)) ip(0 mram_addr(000009FD)) idx(0) write weight:2557, but recv weight: -843546828
[2024-12-17 15:37:33] [ERROR] [capacity_test] macro((0, 0)) ip(0 mram_addr(000009FE)) idx(0) write weight:2558, but recv weight: -843546828
[2024-12-17 15:37:33] [ERROR] [capacity_test] macro((0, 0)) ip(0 mram_addr(000009FF)) idx(0) write weight:2559, but recv weight: -843546828
[2024-12-17 15:37:33] [ERROR] [capacity_test] macro((0, 0)) ip(0 mram_addr(00000A00)) idx(0) write weight:2560, but recv weight: -843546828
[2024-12-17 15:37:33] [ERROR] [capacity_test] macro((0, 0)) ip(0 mram_addr(00000A01)) idx(0) write weight:2561, but recv weight: -844595404
[2024-12-17 15:37:33] [ERROR] [capacity_test] macro((0, 0)) ip(0 mram_addr(00000A02)) idx(0) write weight:2562, but recv weight: -844595404
[2024-12-17 15:37:33] [ERROR] [capacity_test] macro((0, 0)) ip(0 mram_addr(00000A03)) idx(0) write weight:2563, but recv weight: -845643980
[2024-12-17 15:37:33] [ERROR] [capacity_test] macro((0, 0)) ip(0 mram_addr(00000A04)) idx(0) write weight:2564, but recv weight: -845643980
[2024-12-17 15:37:33] [ERROR] [capacity_test] macro((0, 0)) ip(0 mram_addr(00000A05)) idx(0) write weight:2565, but recv weight: -846692556
[2024-12-17 15:37:33] [ERROR] [capacity_test] macro((0, 0)) ip(0 mram_addr(00000A06)) idx(0) write weight:2566, but recv weight: -846692556
[2024-12-17 15:37:33] [ERROR] [capacity_test] macro((0, 0)) ip(0 mram_addr(00000A07)) idx(0) write weight:2567, but recv weight: -847741132
[2024-12-17 15:37:33] [ERROR] [capacity_test] macro((0, 0)) ip(0 mram_addr(00000A08)) idx(0) write weight:2568, but recv weight: -847741132
[2024-12-17 15:37:33] [ERROR] [capacity_test] macro((0, 0)) ip(0 mram_addr(00000A09)) idx(0) write weight:2569, but recv weight: -848789708
[2024-12-17 15:37:33] [ERROR] [capacity_test] macro((0, 0)) ip(0 mram_addr(00000A0A)) idx(0) write weight:2570, but recv weight: -848789708
[2024-12-17 15:37:33] [ERROR] [capacity_test] macro((0, 0)) ip(0 mram_addr(00000A0B)) idx(0) write weight:2571, but recv weight: -849838284
[2024-12-17 15:37:33] [ERROR] [capacity_test] macro((0, 0)) ip(0 mram_addr(00000A0C)) idx(0) write weight:2572, but recv weight: -849838284
[2024-12-17 15:37:33] [ERROR] [capacity_test] macro((0, 0)) ip(0 mram_addr(00000A0D)) idx(0) write weight:2573, but recv weight: -850886860
[2024-12-17 15:37:33] [ERROR] [capacity_test] macro((0, 0)) ip(0 mram_addr(00000A0E)) idx(0) write weight:2574, but recv weight: -850886860
[2024-12-17 15:37:33] [ERROR] [capacity_test] macro((0, 0)) ip(0 mram_addr(00000A0F)) idx(0) write weight:2575, but recv weight: -851935436
[2024-12-17 15:37:33] [ERROR] [capacity_test] macro((0, 0)) ip(0 mram_addr(00000A10)) idx(0) write weight:2576, but recv weight: -851935436
[2024-12-17 15:37:33] [ERROR] [capacity_test] macro((0, 0)) ip(0 mram_addr(00000A11)) idx(0) write weight:2577, but recv weight: -852984012
[2024-12-17 15:37:33] [ERROR] [capacity_test] macro((0, 0)) ip(0 mram_addr(00000A12)) idx(0) write weight:2578, but recv weight: -852984012
[2024-12-17 15:37:33] [ERROR] [capacity_test] macro((0, 0)) ip(0 mram_addr(00000A13)) idx(0) write weight:2579, but recv weight: -854032588
[2024-12-17 15:37:33] [ERROR] [capacity_test] macro((0, 0)) ip(0 mram_addr(00000A14)) idx(0) write weight:2580, but recv weight: -854032588
[2024-12-17 15:37:33] [ERROR] [capacity_test] macro((0, 0)) ip(0 mram_addr(00000A15)) idx(0) write weight:2581, but recv weight: -855081164
[2024-12-17 15:37:33] [ERROR] [capacity_test] macro((0, 0)) ip(0 mram_addr(00000A16)) idx(0) write weight:2582, but recv weight: -855081164
[2024-12-17 15:37:33] [ERROR] [capacity_test] macro((0, 0)) ip(0 mram_addr(00000A17)) idx(0) write weight:2583, but recv weight: -856129740
[2024-12-17 15:37:33] [ERROR] [capacity_test] macro((0, 0)) ip(0 mram_addr(00000A18)) idx(0) write weight:2584, but recv weight: -856129740
[2024-12-17 15:37:33] [ERROR] [capacity_test] macro((0, 0)) ip(0 mram_addr(00000A19)) idx(0) write weight:2585, but recv weight: -857178316
[2024-12-17 15:37:33] [ERROR] [capacity_test] macro((0, 0)) ip(0 mram_addr(00000A1A)) idx(0) write weight:2586, but recv weight: -857178316
[2024-12-17 15:37:33] [ERROR] [capacity_test] macro((0, 0)) ip(0 mram_addr(00000A1B)) idx(0) write weight:2587, but recv weight: -858226892
[2024-12-17 15:37:33] [ERROR] [capacity_test] macro((0, 0)) ip(0 mram_addr(00000A1C)) idx(0) write weight:2588, but recv weight: -858226892
[2024-12-17 15:37:33] [ERROR] [capacity_test] macro((0, 0)) ip(0 mram_addr(00000A1D)) idx(0) write weight:2589, but recv weight: -859275468
[2024-12-17 15:37:33] [ERROR] [capacity_test] macro((0, 0)) ip(0 mram_addr(00000A1E)) idx(0) write weight:2590, but recv weight: -859275468
[2024-12-17 15:37:33] [ERROR] [capacity_test] macro((0, 0)) ip(0 mram_addr(00000A1F)) idx(0) write weight:2591, but recv weight: -860324044
[2024-12-17 15:37:33] [ERROR] [capacity_test] macro((0, 0)) ip(0 mram_addr(00000A20)) idx(0) write weight:2592, but recv weight: -860324044
[2024-12-17 15:37:33] [ERROR] [capacity_test] macro((0, 0)) ip(0 mram_addr(00000A21)) idx(0) write weight:2593, but recv weight: -861372620
[2024-12-17 15:37:33] [ERROR] [capacity_test] macro((0, 0)) ip(0 mram_addr(00000A22)) idx(0) write weight:2594, but recv weight: -861372620
[2024-12-17 15:37:33] [ERROR] [capacity_test] macro((0, 0)) ip(0 mram_addr(00000A23)) idx(0) write weight:2595, but recv weight: -862421196
[2024-12-17 15:37:33] [ERROR] [capacity_test] macro((0, 0)) ip(0 mram_addr(00000A24)) idx(0) write weight:2596, but recv weight: -862421196
[2024-12-17 15:37:33] [ERROR] [capacity_test] macro((0, 0)) ip(0 mram_addr(00000A25)) idx(0) write weight:2597, but recv weight: -863469772
[2024-12-17 15:37:33] [ERROR] [capacity_test] macro((0, 0)) ip(0 mram_addr(00000A26)) idx(0) write weight:2598, but recv weight: -863469772
[2024-12-17 15:37:33] [ERROR] [capacity_test] macro((0, 0)) ip(0 mram_addr(00000A27)) idx(0) write weight:2599, but recv weight: -864518348
[2024-12-17 15:37:33] [ERROR] [capacity_test] macro((0, 0)) ip(0 mram_addr(00000A28)) idx(0) write weight:2600, but recv weight: -864518348
[2024-12-17 15:37:33] [ERROR] [capacity_test] macro((0, 0)) ip(0 mram_addr(00000A29)) idx(0) write weight:2601, but recv weight: -865566924
[2024-12-17 15:37:33] [ERROR] [capacity_test] macro((0, 0)) ip(0 mram_addr(00000A2A)) idx(0) write weight:2602, but recv weight: -865566924
[2024-12-17 15:37:33] [ERROR] [capacity_test] macro((0, 0)) ip(0 mram_addr(00000A2B)) idx(0) write weight:2603, but recv weight: -866615500
[2024-12-17 15:37:33] [ERROR] [capacity_test] macro((0, 0)) ip(0 mram_addr(00000A2C)) idx(0) write weight:2604, but recv weight: -866615500
[2024-12-17 15:37:33] [ERROR] [capacity_test] macro((0, 0)) ip(0 mram_addr(00000A2D)) idx(0) write weight:2605, but recv weight: -867664076
[2024-12-17 15:37:33] [ERROR] [capacity_test] macro((0, 0)) ip(0 mram_addr(00000A2E)) idx(0) write weight:2606, but recv weight: -867664076
[2024-12-17 15:37:33] [ERROR] [capacity_test] macro((0, 0)) ip(0 mram_addr(00000A2F)) idx(0) write weight:2607, but recv weight: -868712652
[2024-12-17 15:37:33] [ERROR] [capacity_test] macro((0, 0)) ip(0 mram_addr(00000A30)) idx(0) write weight:2608, but recv weight: -868712652
[2024-12-17 15:37:33] [ERROR] [capacity_test] macro((0, 0)) ip(0 mram_addr(00000A31)) idx(0) write weight:2609, but recv weight: -869761228
[2024-12-17 15:37:33] [ERROR] [capacity_test] macro((0, 0)) ip(0 mram_addr(00000A32)) idx(0) write weight:2610, but recv weight: -869761228
[2024-12-17 15:37:33] [ERROR] [capacity_test] macro((0, 0)) ip(0 mram_addr(00000A33)) idx(0) write weight:2611, but recv weight: -870809804
[2024-12-17 15:37:33] [ERROR] [capacity_test] macro((0, 0)) ip(0 mram_addr(00000A34)) idx(0) write weight:2612, but recv weight: -870809804
[2024-12-17 15:37:33] [ERROR] [capacity_test] macro((0, 0)) ip(0 mram_addr(00000A35)) idx(0) write weight:2613, but recv weight: -871858380
[2024-12-17 15:37:33] [ERROR] [capacity_test] macro((0, 0)) ip(0 mram_addr(00000A36)) idx(0) write weight:2614, but recv weight: -871858380
[2024-12-17 15:37:33] [ERROR] [capacity_test] macro((0, 0)) ip(0 mram_addr(00000A37)) idx(0) write weight:2615, but recv weight: -872906956
[2024-12-17 15:37:33] [ERROR] [capacity_test] macro((0, 0)) ip(0 mram_addr(00000A38)) idx(0) write weight:2616, but recv weight: -872906956
[2024-12-17 15:37:33] [ERROR] [capacity_test] macro((0, 0)) ip(0 mram_addr(00000A39)) idx(0) write weight:2617, but recv weight: -873955532
[2024-12-17 15:37:33] [ERROR] [capacity_test] macro((0, 0)) ip(0 mram_addr(00000A3A)) idx(0) write weight:2618, but recv weight: -873955532
[2024-12-17 15:37:33] [ERROR] [capacity_test] macro((0, 0)) ip(0 mram_addr(00000A3B)) idx(0) write weight:2619, but recv weight: -875004108
[2024-12-17 15:37:33] [ERROR] [capacity_test] macro((0, 0)) ip(0 mram_addr(00000A3C)) idx(0) write weight:2620, but recv weight: -875004108
[2024-12-17 15:37:33] [ERROR] [capacity_test] macro((0, 0)) ip(0 mram_addr(00000A3D)) idx(0) write weight:2621, but recv weight: -876052684
[2024-12-17 15:37:33] [ERROR] [capacity_test] macro((0, 0)) ip(0 mram_addr(00000A3E)) idx(0) write weight:2622, but recv weight: -876052684
[2024-12-17 15:37:33] [ERROR] [capacity_test] macro((0, 0)) ip(0 mram_addr(00000A3F)) idx(0) write weight:2623, but recv weight: -877101260
[2024-12-17 15:37:33] [ERROR] [capacity_test] macro((0, 0)) ip(0 mram_addr(00000A40)) idx(0) write weight:2624, but recv weight: -877101260
[2024-12-17 15:37:33] [ERROR] [capacity_test] macro((0, 0)) ip(0 mram_addr(00000A41)) idx(0) write weight:2625, but recv weight: -878149836
[2024-12-17 15:37:33] [ERROR] [capacity_test] macro((0, 0)) ip(0 mram_addr(00000A42)) idx(0) write weight:2626, but recv weight: -878149836
[2024-12-17 15:37:33] [ERROR] [capacity_test] macro((0, 0)) ip(0 mram_addr(00000A43)) idx(0) write weight:2627, but recv weight: -879198412
[2024-12-17 15:37:33] [ERROR] [capacity_test] macro((0, 0)) ip(0 mram_addr(00000A44)) idx(0) write weight:2628, but recv weight: -881295564
[2024-12-17 15:37:33] [ERROR] [capacity_test] macro((0, 0)) ip(0 mram_addr(00000A45)) idx(0) write weight:2629, but recv weight: -883392716
[2024-12-17 15:37:33] [ERROR] [capacity_test] macro((0, 0)) ip(0 mram_addr(00000A46)) idx(0) write weight:2630, but recv weight: -885489868
[2024-12-17 15:37:33] [ERROR] [capacity_test] macro((0, 0)) ip(0 mram_addr(00000A47)) idx(0) write weight:2631, but recv weight: -887587020
[2024-12-17 15:37:33] [ERROR] [capacity_test] macro((0, 0)) ip(0 mram_addr(00000A48)) idx(0) write weight:2632, but recv weight: -889684172
[2024-12-17 15:37:33] [ERROR] [capacity_test] macro((0, 0)) ip(0 mram_addr(00000A49)) idx(0) write weight:2633, but recv weight: -891781324
[2024-12-17 15:37:33] [ERROR] [capacity_test] macro((0, 0)) ip(0 mram_addr(00000A4A)) idx(0) write weight:2634, but recv weight: -893878476
[2024-12-17 15:37:33] [ERROR] [capacity_test] macro((0, 0)) ip(0 mram_addr(00000A4B)) idx(0) write weight:2635, but recv weight: -895975628
[2024-12-17 15:37:33] [ERROR] [capacity_test] macro((0, 0)) ip(0 mram_addr(00000A4C)) idx(0) write weight:2636, but recv weight: -898072780
[2024-12-17 15:37:33] [ERROR] [capacity_test] macro((0, 0)) ip(0 mram_addr(00000A4D)) idx(0) write weight:2637, but recv weight: -900169932
[2024-12-17 15:37:33] [ERROR] [capacity_test] macro((0, 0)) ip(0 mram_addr(00000A4E)) idx(0) write weight:2638, but recv weight: -902267084
[2024-12-17 15:37:33] [ERROR] [capacity_test] macro((0, 0)) ip(0 mram_addr(00000A4F)) idx(0) write weight:2639, but recv weight: -904364236
[2024-12-17 15:37:33] [ERROR] [capacity_test] macro((0, 0)) ip(0 mram_addr(00000A50)) idx(0) write weight:2640, but recv weight: -906461388
[2024-12-17 15:37:33] [ERROR] [capacity_test] macro((0, 0)) ip(0 mram_addr(00000A51)) idx(0) write weight:2641, but recv weight: -908558540
[2024-12-17 15:37:33] [ERROR] [capacity_test] macro((0, 0)) ip(0 mram_addr(00000A52)) idx(0) write weight:2642, but recv weight: -910655692
[2024-12-17 15:37:33] [ERROR] [capacity_test] macro((0, 0)) ip(0 mram_addr(00000A53)) idx(0) write weight:2643, but recv weight: -912752844
[2024-12-17 15:37:33] [ERROR] [capacity_test] macro((0, 0)) ip(0 mram_addr(00000A54)) idx(0) write weight:2644, but recv weight: -914849996
[2024-12-17 15:37:33] [ERROR] [capacity_test] macro((0, 0)) ip(0 mram_addr(00000A55)) idx(0) write weight:2645, but recv weight: -916947148
[2024-12-17 15:37:33] [ERROR] [capacity_test] macro((0, 0)) ip(0 mram_addr(00000A56)) idx(0) write weight:2646, but recv weight: -919044300
[2024-12-17 15:37:33] [ERROR] [capacity_test] macro((0, 0)) ip(0 mram_addr(00000A57)) idx(0) write weight:2647, but recv weight: -921141452
[2024-12-17 15:37:33] [ERROR] [capacity_test] macro((0, 0)) ip(0 mram_addr(00000A58)) idx(0) write weight:2648, but recv weight: -923238604
[2024-12-17 15:37:33] [ERROR] [capacity_test] macro((0, 0)) ip(0 mram_addr(00000A59)) idx(0) write weight:2649, but recv weight: -925335756
[2024-12-17 15:37:33] [ERROR] [capacity_test] macro((0, 0)) ip(0 mram_addr(00000A5A)) idx(0) write weight:2650, but recv weight: -927432908
[2024-12-17 15:37:33] [ERROR] [capacity_test] macro((0, 0)) ip(0 mram_addr(00000A5B)) idx(0) write weight:2651, but recv weight: -929530060
[2024-12-17 15:37:33] [ERROR] [capacity_test] macro((0, 0)) ip(0 mram_addr(00000A5C)) idx(0) write weight:2652, but recv weight: -931627212
[2024-12-17 15:37:33] [ERROR] [capacity_test] macro((0, 0)) ip(0 mram_addr(00000A5D)) idx(0) write weight:2653, but recv weight: -933724364
[2024-12-17 15:37:33] [ERROR] [capacity_test] macro((0, 0)) ip(0 mram_addr(00000A5E)) idx(0) write weight:2654, but recv weight: -935821516
[2024-12-17 15:37:33] [ERROR] [capacity_test] macro((0, 0)) ip(0 mram_addr(00000A5F)) idx(0) write weight:2655, but recv weight: -937918668
[2024-12-17 15:37:33] [ERROR] [capacity_test] macro((0, 0)) ip(0 mram_addr(00000A60)) idx(0) write weight:2656, but recv weight: -940015820
[2024-12-17 15:37:33] [ERROR] [capacity_test] macro((0, 0)) ip(0 mram_addr(00000A61)) idx(0) write weight:2657, but recv weight: -942112972
[2024-12-17 15:37:33] [ERROR] [capacity_test] macro((0, 0)) ip(0 mram_addr(00000A62)) idx(0) write weight:2658, but recv weight: 0
[2024-12-17 15:37:33] [ERROR] [capacity_test] macro((0, 0)) ip(0 mram_addr(00000A63)) idx(0) write weight:2659, but recv weight: -842498252
[2024-12-17 15:37:33] [ERROR] [capacity_test] macro((0, 0)) ip(0 mram_addr(00000A64)) idx(0) write weight:2660, but recv weight: -842498252
[2024-12-17 15:37:33] [ERROR] [capacity_test] macro((0, 0)) ip(0 mram_addr(00000A65)) idx(0) write weight:2661, but recv weight: -842498252
[2024-12-17 15:37:33] [ERROR] [capacity_test] macro((0, 0)) ip(0 mram_addr(00000A66)) idx(0) write weight:2662, but recv weight: -842498252
[2024-12-17 15:37:33] [ERROR] [capacity_test] macro((0, 0)) ip(0 mram_addr(00000A67)) idx(0) write weight:2663, but recv weight: -842498252
[2024-12-17 15:37:33] [ERROR] [capacity_test] macro((0, 0)) ip(0 mram_addr(00000A68)) idx(0) write weight:2664, but recv weight: -842498252
[2024-12-17 15:37:33] [ERROR] [capacity_test] macro((0, 0)) ip(0 mram_addr(00000A69)) idx(0) write weight:2665, but recv weight: -842498252
[2024-12-17 15:37:33] [ERROR] [capacity_test] macro((0, 0)) ip(0 mram_addr(00000A6A)) idx(0) write weight:2666, but recv weight: -842498252
[2024-12-17 15:37:33] [ERROR] [capacity_test] macro((0, 0)) ip(0 mram_addr(00000A6B)) idx(0) write weight:2667, but recv weight: -842498252
[2024-12-17 15:37:33] [ERROR] [capacity_test] macro((0, 0)) ip(0 mram_addr(00000A6C)) idx(0) write weight:2668, but recv weight: -842498252
[2024-12-17 15:37:33] [ERROR] [capacity_test] macro((0, 0)) ip(0 mram_addr(00000A6D)) idx(0) write weight:2669, but recv weight: -842498252
[2024-12-17 15:37:33] [ERROR] [capacity_test] macro((0, 0)) ip(0 mram_addr(00000A6E)) idx(0) write weight:2670, but recv weight: -842498252
[2024-12-17 15:37:33] [ERROR] [capacity_test] macro((0, 0)) ip(0 mram_addr(00000A6F)) idx(0) write weight:2671, but recv weight: -842498252
[2024-12-17 15:37:33] [ERROR] [capacity_test] macro((0, 0)) ip(0 mram_addr(00000A70)) idx(0) write weight:2672, but recv weight: -842498252
[2024-12-17 15:37:33] [ERROR] [capacity_test] macro((0, 0)) ip(0 mram_addr(00000A71)) idx(0) write weight:2673, but recv weight: -842498252
[2024-12-17 15:37:33] [ERROR] [capacity_test] macro((0, 0)) ip(0 mram_addr(00000A72)) idx(0) write weight:2674, but recv weight: -843546828
[2024-12-17 15:37:33] [ERROR] [capacity_test] macro((0, 0)) ip(0 mram_addr(00000A73)) idx(0) write weight:2675, but recv weight: -843546828
[2024-12-17 15:37:33] [ERROR] [capacity_test] macro((0, 0)) ip(0 mram_addr(00000A74)) idx(0) write weight:2676, but recv weight: -843546828
[2024-12-17 15:37:33] [ERROR] [capacity_test] macro((0, 0)) ip(0 mram_addr(00000A75)) idx(0) write weight:2677, but recv weight: -843546828
[2024-12-17 15:37:33] [ERROR] [capacity_test] macro((0, 0)) ip(0 mram_addr(00000A76)) idx(0) write weight:2678, but recv weight: -843546828
[2024-12-17 15:37:33] [ERROR] [capacity_test] macro((0, 0)) ip(0 mram_addr(00000A77)) idx(0) write weight:2679, but recv weight: -843546828
[2024-12-17 15:37:33] [ERROR] [capacity_test] macro((0, 0)) ip(0 mram_addr(00000A78)) idx(0) write weight:2680, but recv weight: -843546828
[2024-12-17 15:37:33] [ERROR] [capacity_test] macro((0, 0)) ip(0 mram_addr(00000A79)) idx(0) write weight:2681, but recv weight: -843546828
[2024-12-17 15:37:33] [ERROR] [capacity_test] macro((0, 0)) ip(0 mram_addr(00000A7A)) idx(0) write weight:2682, but recv weight: -843546828
[2024-12-17 15:37:33] [ERROR] [capacity_test] macro((0, 0)) ip(0 mram_addr(00000A7B)) idx(0) write weight:2683, but recv weight: -843546828
[2024-12-17 15:37:33] [ERROR] [capacity_test] macro((0, 0)) ip(0 mram_addr(00000A7C)) idx(0) write weight:2684, but recv weight: -843546828
[2024-12-17 15:37:33] [ERROR] [capacity_test] macro((0, 0)) ip(0 mram_addr(00000A7D)) idx(0) write weight:2685, but recv weight: -843546828
[2024-12-17 15:37:33] [ERROR] [capacity_test] macro((0, 0)) ip(0 mram_addr(00000A7E)) idx(0) write weight:2686, but recv weight: -843546828
[2024-12-17 15:37:33] [ERROR] [capacity_test] macro((0, 0)) ip(0 mram_addr(00000A7F)) idx(0) write weight:2687, but recv weight: -843546828
[2024-12-17 15:37:33] [ERROR] [capacity_test] macro((0, 0)) ip(0 mram_addr(00000A80)) idx(0) write weight:2688, but recv weight: -844595404
[2024-12-17 15:37:33] [ERROR] [capacity_test] macro((0, 0)) ip(0 mram_addr(00000A81)) idx(0) write weight:2689, but recv weight: -844595404
[2024-12-17 15:37:33] [ERROR] [capacity_test] macro((0, 0)) ip(0 mram_addr(00000A82)) idx(0) write weight:2690, but recv weight: -845643980
[2024-12-17 15:37:33] [ERROR] [capacity_test] macro((0, 0)) ip(0 mram_addr(00000A83)) idx(0) write weight:2691, but recv weight: -845643980
[2024-12-17 15:37:33] [ERROR] [capacity_test] macro((0, 0)) ip(0 mram_addr(00000A84)) idx(0) write weight:2692, but recv weight: -846692556
[2024-12-17 15:37:33] [ERROR] [capacity_test] macro((0, 0)) ip(0 mram_addr(00000A85)) idx(0) write weight:2693, but recv weight: -846692556
[2024-12-17 15:37:33] [ERROR] [capacity_test] macro((0, 0)) ip(0 mram_addr(00000A86)) idx(0) write weight:2694, but recv weight: -847741132
[2024-12-17 15:37:33] [ERROR] [capacity_test] macro((0, 0)) ip(0 mram_addr(00000A87)) idx(0) write weight:2695, but recv weight: -847741132
[2024-12-17 15:37:33] [ERROR] [capacity_test] macro((0, 0)) ip(0 mram_addr(00000A88)) idx(0) write weight:2696, but recv weight: -848789708
[2024-12-17 15:37:33] [ERROR] [capacity_test] macro((0, 0)) ip(0 mram_addr(00000A89)) idx(0) write weight:2697, but recv weight: -848789708
[2024-12-17 15:37:33] [ERROR] [capacity_test] macro((0, 0)) ip(0 mram_addr(00000A8A)) idx(0) write weight:2698, but recv weight: -849838284
[2024-12-17 15:37:33] [ERROR] [capacity_test] macro((0, 0)) ip(0 mram_addr(00000A8B)) idx(0) write weight:2699, but recv weight: -849838284
[2024-12-17 15:37:33] [ERROR] [capacity_test] macro((0, 0)) ip(0 mram_addr(00000A8C)) idx(0) write weight:2700, but recv weight: -850886860
[2024-12-17 15:37:33] [ERROR] [capacity_test] macro((0, 0)) ip(0 mram_addr(00000A8D)) idx(0) write weight:2701, but recv weight: -850886860
[2024-12-17 15:37:33] [ERROR] [capacity_test] macro((0, 0)) ip(0 mram_addr(00000A8E)) idx(0) write weight:2702, but recv weight: -851935436
[2024-12-17 15:37:33] [ERROR] [capacity_test] macro((0, 0)) ip(0 mram_addr(00000A8F)) idx(0) write weight:2703, but recv weight: -851935436
[2024-12-17 15:37:33] [ERROR] [capacity_test] macro((0, 0)) ip(0 mram_addr(00000A90)) idx(0) write weight:2704, but recv weight: -852984012
[2024-12-17 15:37:33] [ERROR] [capacity_test] macro((0, 0)) ip(0 mram_addr(00000A91)) idx(0) write weight:2705, but recv weight: -852984012
[2024-12-17 15:37:33] [ERROR] [capacity_test] macro((0, 0)) ip(0 mram_addr(00000A92)) idx(0) write weight:2706, but recv weight: -854032588
[2024-12-17 15:37:33] [ERROR] [capacity_test] macro((0, 0)) ip(0 mram_addr(00000A93)) idx(0) write weight:2707, but recv weight: -854032588
[2024-12-17 15:37:33] [ERROR] [capacity_test] macro((0, 0)) ip(0 mram_addr(00000A94)) idx(0) write weight:2708, but recv weight: -855081164
[2024-12-17 15:37:33] [ERROR] [capacity_test] macro((0, 0)) ip(0 mram_addr(00000A95)) idx(0) write weight:2709, but recv weight: -855081164
[2024-12-17 15:37:33] [ERROR] [capacity_test] macro((0, 0)) ip(0 mram_addr(00000A96)) idx(0) write weight:2710, but recv weight: -856129740
[2024-12-17 15:37:33] [ERROR] [capacity_test] macro((0, 0)) ip(0 mram_addr(00000A97)) idx(0) write weight:2711, but recv weight: -856129740
[2024-12-17 15:37:33] [ERROR] [capacity_test] macro((0, 0)) ip(0 mram_addr(00000A98)) idx(0) write weight:2712, but recv weight: -857178316
[2024-12-17 15:37:33] [ERROR] [capacity_test] macro((0, 0)) ip(0 mram_addr(00000A99)) idx(0) write weight:2713, but recv weight: -857178316
[2024-12-17 15:37:33] [ERROR] [capacity_test] macro((0, 0)) ip(0 mram_addr(00000A9A)) idx(0) write weight:2714, but recv weight: -858226892
[2024-12-17 15:37:33] [ERROR] [capacity_test] macro((0, 0)) ip(0 mram_addr(00000A9B)) idx(0) write weight:2715, but recv weight: -858226892
[2024-12-17 15:37:33] [ERROR] [capacity_test] macro((0, 0)) ip(0 mram_addr(00000A9C)) idx(0) write weight:2716, but recv weight: -859275468
[2024-12-17 15:37:33] [ERROR] [capacity_test] macro((0, 0)) ip(0 mram_addr(00000A9D)) idx(0) write weight:2717, but recv weight: -859275468
[2024-12-17 15:37:33] [ERROR] [capacity_test] macro((0, 0)) ip(0 mram_addr(00000A9E)) idx(0) write weight:2718, but recv weight: -860324044
[2024-12-17 15:37:33] [ERROR] [capacity_test] macro((0, 0)) ip(0 mram_addr(00000A9F)) idx(0) write weight:2719, but recv weight: -860324044
[2024-12-17 15:37:33] [ERROR] [capacity_test] macro((0, 0)) ip(0 mram_addr(00000AA0)) idx(0) write weight:2720, but recv weight: -861372620
[2024-12-17 15:37:33] [ERROR] [capacity_test] macro((0, 0)) ip(0 mram_addr(00000AA1)) idx(0) write weight:2721, but recv weight: -861372620
[2024-12-17 15:37:33] [ERROR] [capacity_test] macro((0, 0)) ip(0 mram_addr(00000AA2)) idx(0) write weight:2722, but recv weight: -862421196
[2024-12-17 15:37:33] [ERROR] [capacity_test] macro((0, 0)) ip(0 mram_addr(00000AA3)) idx(0) write weight:2723, but recv weight: -862421196
[2024-12-17 15:37:33] [ERROR] [capacity_test] macro((0, 0)) ip(0 mram_addr(00000AA4)) idx(0) write weight:2724, but recv weight: -863469772
[2024-12-17 15:37:33] [ERROR] [capacity_test] macro((0, 0)) ip(0 mram_addr(00000AA5)) idx(0) write weight:2725, but recv weight: -863469772
[2024-12-17 15:37:33] [ERROR] [capacity_test] macro((0, 0)) ip(0 mram_addr(00000AA6)) idx(0) write weight:2726, but recv weight: -864518348
[2024-12-17 15:37:33] [ERROR] [capacity_test] macro((0, 0)) ip(0 mram_addr(00000AA7)) idx(0) write weight:2727, but recv weight: -864518348
[2024-12-17 15:37:33] [ERROR] [capacity_test] macro((0, 0)) ip(0 mram_addr(00000AA8)) idx(0) write weight:2728, but recv weight: -865566924
[2024-12-17 15:37:33] [ERROR] [capacity_test] macro((0, 0)) ip(0 mram_addr(00000AA9)) idx(0) write weight:2729, but recv weight: -865566924
[2024-12-17 15:37:33] [ERROR] [capacity_test] macro((0, 0)) ip(0 mram_addr(00000AAA)) idx(0) write weight:2730, but recv weight: -866615500
[2024-12-17 15:37:33] [ERROR] [capacity_test] macro((0, 0)) ip(0 mram_addr(00000AAB)) idx(0) write weight:2731, but recv weight: -866615500
[2024-12-17 15:37:33] [ERROR] [capacity_test] macro((0, 0)) ip(0 mram_addr(00000AAC)) idx(0) write weight:2732, but recv weight: -867664076
[2024-12-17 15:37:33] [ERROR] [capacity_test] macro((0, 0)) ip(0 mram_addr(00000AAD)) idx(0) write weight:2733, but recv weight: -867664076
[2024-12-17 15:37:33] [ERROR] [capacity_test] macro((0, 0)) ip(0 mram_addr(00000AAE)) idx(0) write weight:2734, but recv weight: -868712652
[2024-12-17 15:37:33] [ERROR] [capacity_test] macro((0, 0)) ip(0 mram_addr(00000AAF)) idx(0) write weight:2735, but recv weight: -868712652
[2024-12-17 15:37:33] [ERROR] [capacity_test] macro((0, 0)) ip(0 mram_addr(00000AB0)) idx(0) write weight:2736, but recv weight: -869761228
[2024-12-17 15:37:33] [ERROR] [capacity_test] macro((0, 0)) ip(0 mram_addr(00000AB1)) idx(0) write weight:2737, but recv weight: -869761228
[2024-12-17 15:37:33] [ERROR] [capacity_test] macro((0, 0)) ip(0 mram_addr(00000AB2)) idx(0) write weight:2738, but recv weight: -870809804
[2024-12-17 15:37:33] [ERROR] [capacity_test] macro((0, 0)) ip(0 mram_addr(00000AB3)) idx(0) write weight:2739, but recv weight: -870809804
[2024-12-17 15:37:33] [ERROR] [capacity_test] macro((0, 0)) ip(0 mram_addr(00000AB4)) idx(0) write weight:2740, but recv weight: -871858380
[2024-12-17 15:37:33] [ERROR] [capacity_test] macro((0, 0)) ip(0 mram_addr(00000AB5)) idx(0) write weight:2741, but recv weight: -871858380
[2024-12-17 15:37:33] [ERROR] [capacity_test] macro((0, 0)) ip(0 mram_addr(00000AB6)) idx(0) write weight:2742, but recv weight: -872906956
[2024-12-17 15:37:33] [ERROR] [capacity_test] macro((0, 0)) ip(0 mram_addr(00000AB7)) idx(0) write weight:2743, but recv weight: -872906956
[2024-12-17 15:37:33] [ERROR] [capacity_test] macro((0, 0)) ip(0 mram_addr(00000AB8)) idx(0) write weight:2744, but recv weight: -873955532
[2024-12-17 15:37:33] [ERROR] [capacity_test] macro((0, 0)) ip(0 mram_addr(00000AB9)) idx(0) write weight:2745, but recv weight: -873955532
[2024-12-17 15:37:33] [ERROR] [capacity_test] macro((0, 0)) ip(0 mram_addr(00000ABA)) idx(0) write weight:2746, but recv weight: -875004108
[2024-12-17 15:37:33] [ERROR] [capacity_test] macro((0, 0)) ip(0 mram_addr(00000ABB)) idx(0) write weight:2747, but recv weight: -875004108
[2024-12-17 15:37:33] [ERROR] [capacity_test] macro((0, 0)) ip(0 mram_addr(00000ABC)) idx(0) write weight:2748, but recv weight: -876052684
[2024-12-17 15:37:33] [ERROR] [capacity_test] macro((0, 0)) ip(0 mram_addr(00000ABD)) idx(0) write weight:2749, but recv weight: -876052684
[2024-12-17 15:37:33] [ERROR] [capacity_test] macro((0, 0)) ip(0 mram_addr(00000ABE)) idx(0) write weight:2750, but recv weight: -877101260
[2024-12-17 15:37:33] [ERROR] [capacity_test] macro((0, 0)) ip(0 mram_addr(00000ABF)) idx(0) write weight:2751, but recv weight: -877101260
[2024-12-17 15:37:33] [ERROR] [capacity_test] macro((0, 0)) ip(0 mram_addr(00000AC0)) idx(0) write weight:2752, but recv weight: -878149836
[2024-12-17 15:37:33] [ERROR] [capacity_test] macro((0, 0)) ip(0 mram_addr(00000AC1)) idx(0) write weight:2753, but recv weight: -878149836
[2024-12-17 15:37:33] [ERROR] [capacity_test] macro((0, 0)) ip(0 mram_addr(00000AC2)) idx(0) write weight:2754, but recv weight: -879198412
[2024-12-17 15:37:33] [ERROR] [capacity_test] macro((0, 0)) ip(0 mram_addr(00000AC3)) idx(0) write weight:2755, but recv weight: -881295564
[2024-12-17 15:37:33] [ERROR] [capacity_test] macro((0, 0)) ip(0 mram_addr(00000AC4)) idx(0) write weight:2756, but recv weight: -883392716
[2024-12-17 15:37:33] [ERROR] [capacity_test] macro((0, 0)) ip(0 mram_addr(00000AC5)) idx(0) write weight:2757, but recv weight: -885489868
[2024-12-17 15:37:33] [ERROR] [capacity_test] macro((0, 0)) ip(0 mram_addr(00000AC6)) idx(0) write weight:2758, but recv weight: -887587020
[2024-12-17 15:37:33] [ERROR] [capacity_test] macro((0, 0)) ip(0 mram_addr(00000AC7)) idx(0) write weight:2759, but recv weight: -889684172
[2024-12-17 15:37:33] [ERROR] [capacity_test] macro((0, 0)) ip(0 mram_addr(00000AC8)) idx(0) write weight:2760, but recv weight: -891781324
[2024-12-17 15:37:33] [ERROR] [capacity_test] macro((0, 0)) ip(0 mram_addr(00000AC9)) idx(0) write weight:2761, but recv weight: -893878476
[2024-12-17 15:37:33] [ERROR] [capacity_test] macro((0, 0)) ip(0 mram_addr(00000ACA)) idx(0) write weight:2762, but recv weight: -895975628
[2024-12-17 15:37:33] [ERROR] [capacity_test] macro((0, 0)) ip(0 mram_addr(00000ACB)) idx(0) write weight:2763, but recv weight: -898072780
[2024-12-17 15:37:33] [ERROR] [capacity_test] macro((0, 0)) ip(0 mram_addr(00000ACC)) idx(0) write weight:2764, but recv weight: -900169932
[2024-12-17 15:37:33] [ERROR] [capacity_test] macro((0, 0)) ip(0 mram_addr(00000ACD)) idx(0) write weight:2765, but recv weight: -902267084
[2024-12-17 15:37:33] [ERROR] [capacity_test] macro((0, 0)) ip(0 mram_addr(00000ACE)) idx(0) write weight:2766, but recv weight: -904364236
[2024-12-17 15:37:33] [ERROR] [capacity_test] macro((0, 0)) ip(0 mram_addr(00000ACF)) idx(0) write weight:2767, but recv weight: -906461388
[2024-12-17 15:37:33] [ERROR] [capacity_test] macro((0, 0)) ip(0 mram_addr(00000AD0)) idx(0) write weight:2768, but recv weight: -908558540
[2024-12-17 15:37:33] [ERROR] [capacity_test] macro((0, 0)) ip(0 mram_addr(00000AD1)) idx(0) write weight:2769, but recv weight: -910655692
[2024-12-17 15:37:33] [ERROR] [capacity_test] macro((0, 0)) ip(0 mram_addr(00000AD2)) idx(0) write weight:2770, but recv weight: -912752844
[2024-12-17 15:37:33] [ERROR] [capacity_test] macro((0, 0)) ip(0 mram_addr(00000AD3)) idx(0) write weight:2771, but recv weight: -914849996
[2024-12-17 15:37:33] [ERROR] [capacity_test] macro((0, 0)) ip(0 mram_addr(00000AD4)) idx(0) write weight:2772, but recv weight: -916947148
[2024-12-17 15:37:33] [ERROR] [capacity_test] macro((0, 0)) ip(0 mram_addr(00000AD5)) idx(0) write weight:2773, but recv weight: -919044300
[2024-12-17 15:37:33] [ERROR] [capacity_test] macro((0, 0)) ip(0 mram_addr(00000AD6)) idx(0) write weight:2774, but recv weight: -921141452
[2024-12-17 15:37:33] [ERROR] [capacity_test] macro((0, 0)) ip(0 mram_addr(00000AD7)) idx(0) write weight:2775, but recv weight: -923238604
[2024-12-17 15:37:33] [ERROR] [capacity_test] macro((0, 0)) ip(0 mram_addr(00000AD8)) idx(0) write weight:2776, but recv weight: -925335756
[2024-12-17 15:37:33] [ERROR] [capacity_test] macro((0, 0)) ip(0 mram_addr(00000AD9)) idx(0) write weight:2777, but recv weight: -927432908
[2024-12-17 15:37:33] [ERROR] [capacity_test] macro((0, 0)) ip(0 mram_addr(00000ADA)) idx(0) write weight:2778, but recv weight: -929530060
[2024-12-17 15:37:33] [ERROR] [capacity_test] macro((0, 0)) ip(0 mram_addr(00000ADB)) idx(0) write weight:2779, but recv weight: -931627212
[2024-12-17 15:37:33] [ERROR] [capacity_test] macro((0, 0)) ip(0 mram_addr(00000ADC)) idx(0) write weight:2780, but recv weight: -933724364
[2024-12-17 15:37:33] [ERROR] [capacity_test] macro((0, 0)) ip(0 mram_addr(00000ADD)) idx(0) write weight:2781, but recv weight: -935821516
[2024-12-17 15:37:33] [ERROR] [capacity_test] macro((0, 0)) ip(0 mram_addr(00000ADE)) idx(0) write weight:2782, but recv weight: -937918668
[2024-12-17 15:37:33] [ERROR] [capacity_test] macro((0, 0)) ip(0 mram_addr(00000ADF)) idx(0) write weight:2783, but recv weight: -940015820
[2024-12-17 15:37:33] [ERROR] [capacity_test] macro((0, 0)) ip(0 mram_addr(00000AE0)) idx(0) write weight:2784, but recv weight: -942112972
[2024-12-17 15:37:33] [ERROR] [capacity_test] macro((0, 0)) ip(0 mram_addr(00000AE1)) idx(0) write weight:2785, but recv weight: -841449676
[2024-12-17 15:37:33] [ERROR] [capacity_test] macro((0, 0)) ip(0 mram_addr(00000AE2)) idx(0) write weight:2786, but recv weight: -842498252
[2024-12-17 15:37:33] [ERROR] [capacity_test] macro((0, 0)) ip(0 mram_addr(00000AE3)) idx(0) write weight:2787, but recv weight: -842498252
[2024-12-17 15:37:33] [ERROR] [capacity_test] macro((0, 0)) ip(0 mram_addr(00000AE4)) idx(0) write weight:2788, but recv weight: -842498252
[2024-12-17 15:37:33] [ERROR] [capacity_test] macro((0, 0)) ip(0 mram_addr(00000AE5)) idx(0) write weight:2789, but recv weight: -842498252
[2024-12-17 15:37:33] [ERROR] [capacity_test] macro((0, 0)) ip(0 mram_addr(00000AE6)) idx(0) write weight:2790, but recv weight: -842498252
[2024-12-17 15:37:33] [ERROR] [capacity_test] macro((0, 0)) ip(0 mram_addr(00000AE7)) idx(0) write weight:2791, but recv weight: -842498252
[2024-12-17 15:37:33] [ERROR] [capacity_test] macro((0, 0)) ip(0 mram_addr(00000AE8)) idx(0) write weight:2792, but recv weight: -842498252
[2024-12-17 15:37:33] [ERROR] [capacity_test] macro((0, 0)) ip(0 mram_addr(00000AE9)) idx(0) write weight:2793, but recv weight: -842498252
[2024-12-17 15:37:33] [ERROR] [capacity_test] macro((0, 0)) ip(0 mram_addr(00000AEA)) idx(0) write weight:2794, but recv weight: -842498252
[2024-12-17 15:37:33] [ERROR] [capacity_test] macro((0, 0)) ip(0 mram_addr(00000AEB)) idx(0) write weight:2795, but recv weight: -842498252
[2024-12-17 15:37:33] [ERROR] [capacity_test] macro((0, 0)) ip(0 mram_addr(00000AEC)) idx(0) write weight:2796, but recv weight: -842498252
[2024-12-17 15:37:33] [ERROR] [capacity_test] macro((0, 0)) ip(0 mram_addr(00000AED)) idx(0) write weight:2797, but recv weight: -842498252
[2024-12-17 15:37:33] [ERROR] [capacity_test] macro((0, 0)) ip(0 mram_addr(00000AEE)) idx(0) write weight:2798, but recv weight: -842498252
[2024-12-17 15:37:33] [ERROR] [capacity_test] macro((0, 0)) ip(0 mram_addr(00000AEF)) idx(0) write weight:2799, but recv weight: -842498252
[2024-12-17 15:37:33] [ERROR] [capacity_test] macro((0, 0)) ip(0 mram_addr(00000AF0)) idx(0) write weight:2800, but recv weight: -842498252
[2024-12-17 15:37:33] [ERROR] [capacity_test] macro((0, 0)) ip(0 mram_addr(00000AF1)) idx(0) write weight:2801, but recv weight: -842498252
[2024-12-17 15:37:33] [ERROR] [capacity_test] macro((0, 0)) ip(0 mram_addr(00000AF2)) idx(0) write weight:2802, but recv weight: -843546828
[2024-12-17 15:37:33] [ERROR] [capacity_test] macro((0, 0)) ip(0 mram_addr(00000AF3)) idx(0) write weight:2803, but recv weight: -843546828
[2024-12-17 15:37:33] [ERROR] [capacity_test] macro((0, 0)) ip(0 mram_addr(00000AF4)) idx(0) write weight:2804, but recv weight: -843546828
[2024-12-17 15:37:33] [ERROR] [capacity_test] macro((0, 0)) ip(0 mram_addr(00000AF5)) idx(0) write weight:2805, but recv weight: -843546828
[2024-12-17 15:37:33] [ERROR] [capacity_test] macro((0, 0)) ip(0 mram_addr(00000AF6)) idx(0) write weight:2806, but recv weight: -843546828
[2024-12-17 15:37:33] [ERROR] [capacity_test] macro((0, 0)) ip(0 mram_addr(00000AF7)) idx(0) write weight:2807, but recv weight: -843546828
[2024-12-17 15:37:33] [ERROR] [capacity_test] macro((0, 0)) ip(0 mram_addr(00000AF8)) idx(0) write weight:2808, but recv weight: -843546828
[2024-12-17 15:37:33] [ERROR] [capacity_test] macro((0, 0)) ip(0 mram_addr(00000AF9)) idx(0) write weight:2809, but recv weight: -843546828
[2024-12-17 15:37:33] [ERROR] [capacity_test] macro((0, 0)) ip(0 mram_addr(00000AFA)) idx(0) write weight:2810, but recv weight: -843546828
[2024-12-17 15:37:33] [ERROR] [capacity_test] macro((0, 0)) ip(0 mram_addr(00000AFB)) idx(0) write weight:2811, but recv weight: -843546828
[2024-12-17 15:37:33] [ERROR] [capacity_test] macro((0, 0)) ip(0 mram_addr(00000AFC)) idx(0) write weight:2812, but recv weight: -843546828
[2024-12-17 15:37:33] [ERROR] [capacity_test] macro((0, 0)) ip(0 mram_addr(00000AFD)) idx(0) write weight:2813, but recv weight: -843546828
[2024-12-17 15:37:33] [ERROR] [capacity_test] macro((0, 0)) ip(0 mram_addr(00000AFE)) idx(0) write weight:2814, but recv weight: -843546828
[2024-12-17 15:37:33] [ERROR] [capacity_test] macro((0, 0)) ip(0 mram_addr(00000AFF)) idx(0) write weight:2815, but recv weight: -843546828
[2024-12-17 15:37:33] [ERROR] [capacity_test] macro((0, 0)) ip(0 mram_addr(00000B00)) idx(0) write weight:2816, but recv weight: -844595404
[2024-12-17 15:37:33] [ERROR] [capacity_test] macro((0, 0)) ip(0 mram_addr(00000B01)) idx(0) write weight:2817, but recv weight: -844595404
[2024-12-17 15:37:33] [ERROR] [capacity_test] macro((0, 0)) ip(0 mram_addr(00000B02)) idx(0) write weight:2818, but recv weight: -845643980
[2024-12-17 15:37:33] [ERROR] [capacity_test] macro((0, 0)) ip(0 mram_addr(00000B03)) idx(0) write weight:2819, but recv weight: -845643980
[2024-12-17 15:37:33] [ERROR] [capacity_test] macro((0, 0)) ip(0 mram_addr(00000B04)) idx(0) write weight:2820, but recv weight: -846692556
[2024-12-17 15:37:33] [ERROR] [capacity_test] macro((0, 0)) ip(0 mram_addr(00000B05)) idx(0) write weight:2821, but recv weight: -846692556
[2024-12-17 15:37:33] [ERROR] [capacity_test] macro((0, 0)) ip(0 mram_addr(00000B06)) idx(0) write weight:2822, but recv weight: -847741132
[2024-12-17 15:37:33] [ERROR] [capacity_test] macro((0, 0)) ip(0 mram_addr(00000B07)) idx(0) write weight:2823, but recv weight: -847741132
[2024-12-17 15:37:33] [ERROR] [capacity_test] macro((0, 0)) ip(0 mram_addr(00000B08)) idx(0) write weight:2824, but recv weight: -848789708
[2024-12-17 15:37:33] [ERROR] [capacity_test] macro((0, 0)) ip(0 mram_addr(00000B09)) idx(0) write weight:2825, but recv weight: -848789708
[2024-12-17 15:37:33] [ERROR] [capacity_test] macro((0, 0)) ip(0 mram_addr(00000B0A)) idx(0) write weight:2826, but recv weight: -849838284
[2024-12-17 15:37:33] [ERROR] [capacity_test] macro((0, 0)) ip(0 mram_addr(00000B0B)) idx(0) write weight:2827, but recv weight: -849838284
[2024-12-17 15:37:33] [ERROR] [capacity_test] macro((0, 0)) ip(0 mram_addr(00000B0C)) idx(0) write weight:2828, but recv weight: -850886860
[2024-12-17 15:37:33] [ERROR] [capacity_test] macro((0, 0)) ip(0 mram_addr(00000B0D)) idx(0) write weight:2829, but recv weight: -850886860
[2024-12-17 15:37:33] [ERROR] [capacity_test] macro((0, 0)) ip(0 mram_addr(00000B0E)) idx(0) write weight:2830, but recv weight: -851935436
[2024-12-17 15:37:33] [ERROR] [capacity_test] macro((0, 0)) ip(0 mram_addr(00000B0F)) idx(0) write weight:2831, but recv weight: -851935436
[2024-12-17 15:37:33] [ERROR] [capacity_test] macro((0, 0)) ip(0 mram_addr(00000B10)) idx(0) write weight:2832, but recv weight: -852984012
[2024-12-17 15:37:33] [ERROR] [capacity_test] macro((0, 0)) ip(0 mram_addr(00000B11)) idx(0) write weight:2833, but recv weight: -852984012
[2024-12-17 15:37:33] [ERROR] [capacity_test] macro((0, 0)) ip(0 mram_addr(00000B12)) idx(0) write weight:2834, but recv weight: -854032588
[2024-12-17 15:37:33] [ERROR] [capacity_test] macro((0, 0)) ip(0 mram_addr(00000B13)) idx(0) write weight:2835, but recv weight: -854032588
[2024-12-17 15:37:33] [ERROR] [capacity_test] macro((0, 0)) ip(0 mram_addr(00000B14)) idx(0) write weight:2836, but recv weight: -855081164
[2024-12-17 15:37:33] [ERROR] [capacity_test] macro((0, 0)) ip(0 mram_addr(00000B15)) idx(0) write weight:2837, but recv weight: -855081164
[2024-12-17 15:37:33] [ERROR] [capacity_test] macro((0, 0)) ip(0 mram_addr(00000B16)) idx(0) write weight:2838, but recv weight: -856129740
[2024-12-17 15:37:33] [ERROR] [capacity_test] macro((0, 0)) ip(0 mram_addr(00000B17)) idx(0) write weight:2839, but recv weight: -856129740
[2024-12-17 15:37:33] [ERROR] [capacity_test] macro((0, 0)) ip(0 mram_addr(00000B18)) idx(0) write weight:2840, but recv weight: -857178316
[2024-12-17 15:37:33] [ERROR] [capacity_test] macro((0, 0)) ip(0 mram_addr(00000B19)) idx(0) write weight:2841, but recv weight: -857178316
[2024-12-17 15:37:33] [ERROR] [capacity_test] macro((0, 0)) ip(0 mram_addr(00000B1A)) idx(0) write weight:2842, but recv weight: -858226892
[2024-12-17 15:37:33] [ERROR] [capacity_test] macro((0, 0)) ip(0 mram_addr(00000B1B)) idx(0) write weight:2843, but recv weight: -858226892
[2024-12-17 15:37:33] [ERROR] [capacity_test] macro((0, 0)) ip(0 mram_addr(00000B1C)) idx(0) write weight:2844, but recv weight: -859275468
[2024-12-17 15:37:33] [ERROR] [capacity_test] macro((0, 0)) ip(0 mram_addr(00000B1D)) idx(0) write weight:2845, but recv weight: -859275468
[2024-12-17 15:37:33] [ERROR] [capacity_test] macro((0, 0)) ip(0 mram_addr(00000B1E)) idx(0) write weight:2846, but recv weight: -860324044
[2024-12-17 15:37:33] [ERROR] [capacity_test] macro((0, 0)) ip(0 mram_addr(00000B1F)) idx(0) write weight:2847, but recv weight: -860324044
[2024-12-17 15:37:33] [ERROR] [capacity_test] macro((0, 0)) ip(0 mram_addr(00000B20)) idx(0) write weight:2848, but recv weight: -861372620
[2024-12-17 15:37:33] [ERROR] [capacity_test] macro((0, 0)) ip(0 mram_addr(00000B21)) idx(0) write weight:2849, but recv weight: -861372620
[2024-12-17 15:37:33] [ERROR] [capacity_test] macro((0, 0)) ip(0 mram_addr(00000B22)) idx(0) write weight:2850, but recv weight: -862421196
[2024-12-17 15:37:33] [ERROR] [capacity_test] macro((0, 0)) ip(0 mram_addr(00000B23)) idx(0) write weight:2851, but recv weight: -862421196
[2024-12-17 15:37:33] [ERROR] [capacity_test] macro((0, 0)) ip(0 mram_addr(00000B24)) idx(0) write weight:2852, but recv weight: -863469772
[2024-12-17 15:37:33] [ERROR] [capacity_test] macro((0, 0)) ip(0 mram_addr(00000B25)) idx(0) write weight:2853, but recv weight: -863469772
[2024-12-17 15:37:33] [ERROR] [capacity_test] macro((0, 0)) ip(0 mram_addr(00000B26)) idx(0) write weight:2854, but recv weight: -864518348
[2024-12-17 15:37:33] [ERROR] [capacity_test] macro((0, 0)) ip(0 mram_addr(00000B27)) idx(0) write weight:2855, but recv weight: -864518348
[2024-12-17 15:37:33] [ERROR] [capacity_test] macro((0, 0)) ip(0 mram_addr(00000B28)) idx(0) write weight:2856, but recv weight: -865566924
[2024-12-17 15:37:33] [ERROR] [capacity_test] macro((0, 0)) ip(0 mram_addr(00000B29)) idx(0) write weight:2857, but recv weight: -865566924
[2024-12-17 15:37:33] [ERROR] [capacity_test] macro((0, 0)) ip(0 mram_addr(00000B2A)) idx(0) write weight:2858, but recv weight: -866615500
[2024-12-17 15:37:33] [ERROR] [capacity_test] macro((0, 0)) ip(0 mram_addr(00000B2B)) idx(0) write weight:2859, but recv weight: -866615500
[2024-12-17 15:37:33] [ERROR] [capacity_test] macro((0, 0)) ip(0 mram_addr(00000B2C)) idx(0) write weight:2860, but recv weight: -867664076
[2024-12-17 15:37:33] [ERROR] [capacity_test] macro((0, 0)) ip(0 mram_addr(00000B2D)) idx(0) write weight:2861, but recv weight: -867664076
[2024-12-17 15:37:33] [ERROR] [capacity_test] macro((0, 0)) ip(0 mram_addr(00000B2E)) idx(0) write weight:2862, but recv weight: -868712652
[2024-12-17 15:37:33] [ERROR] [capacity_test] macro((0, 0)) ip(0 mram_addr(00000B2F)) idx(0) write weight:2863, but recv weight: -868712652
[2024-12-17 15:37:33] [ERROR] [capacity_test] macro((0, 0)) ip(0 mram_addr(00000B30)) idx(0) write weight:2864, but recv weight: -869761228
[2024-12-17 15:37:33] [ERROR] [capacity_test] macro((0, 0)) ip(0 mram_addr(00000B31)) idx(0) write weight:2865, but recv weight: -869761228
[2024-12-17 15:37:33] [ERROR] [capacity_test] macro((0, 0)) ip(0 mram_addr(00000B32)) idx(0) write weight:2866, but recv weight: -870809804
[2024-12-17 15:37:33] [ERROR] [capacity_test] macro((0, 0)) ip(0 mram_addr(00000B33)) idx(0) write weight:2867, but recv weight: -870809804
[2024-12-17 15:37:33] [ERROR] [capacity_test] macro((0, 0)) ip(0 mram_addr(00000B34)) idx(0) write weight:2868, but recv weight: -871858380
[2024-12-17 15:37:33] [ERROR] [capacity_test] macro((0, 0)) ip(0 mram_addr(00000B35)) idx(0) write weight:2869, but recv weight: -871858380
[2024-12-17 15:37:33] [ERROR] [capacity_test] macro((0, 0)) ip(0 mram_addr(00000B36)) idx(0) write weight:2870, but recv weight: -872906956
[2024-12-17 15:37:33] [ERROR] [capacity_test] macro((0, 0)) ip(0 mram_addr(00000B37)) idx(0) write weight:2871, but recv weight: -872906956
[2024-12-17 15:37:33] [ERROR] [capacity_test] macro((0, 0)) ip(0 mram_addr(00000B38)) idx(0) write weight:2872, but recv weight: -873955532
[2024-12-17 15:37:33] [ERROR] [capacity_test] macro((0, 0)) ip(0 mram_addr(00000B39)) idx(0) write weight:2873, but recv weight: -873955532
[2024-12-17 15:37:33] [ERROR] [capacity_test] macro((0, 0)) ip(0 mram_addr(00000B3A)) idx(0) write weight:2874, but recv weight: -875004108
[2024-12-17 15:37:33] [ERROR] [capacity_test] macro((0, 0)) ip(0 mram_addr(00000B3B)) idx(0) write weight:2875, but recv weight: -875004108
[2024-12-17 15:37:33] [ERROR] [capacity_test] macro((0, 0)) ip(0 mram_addr(00000B3C)) idx(0) write weight:2876, but recv weight: -876052684
[2024-12-17 15:37:33] [ERROR] [capacity_test] macro((0, 0)) ip(0 mram_addr(00000B3D)) idx(0) write weight:2877, but recv weight: -876052684
[2024-12-17 15:37:33] [ERROR] [capacity_test] macro((0, 0)) ip(0 mram_addr(00000B3E)) idx(0) write weight:2878, but recv weight: -877101260
[2024-12-17 15:37:33] [ERROR] [capacity_test] macro((0, 0)) ip(0 mram_addr(00000B3F)) idx(0) write weight:2879, but recv weight: -877101260
[2024-12-17 15:37:33] [ERROR] [capacity_test] macro((0, 0)) ip(0 mram_addr(00000B40)) idx(0) write weight:2880, but recv weight: -878149836
[2024-12-17 15:37:33] [ERROR] [capacity_test] macro((0, 0)) ip(0 mram_addr(00000B41)) idx(0) write weight:2881, but recv weight: -878149836
[2024-12-17 15:37:33] [ERROR] [capacity_test] macro((0, 0)) ip(0 mram_addr(00000B42)) idx(0) write weight:2882, but recv weight: -879198412
[2024-12-17 15:37:33] [ERROR] [capacity_test] macro((0, 0)) ip(0 mram_addr(00000B43)) idx(0) write weight:2883, but recv weight: -881295564
[2024-12-17 15:37:33] [ERROR] [capacity_test] macro((0, 0)) ip(0 mram_addr(00000B44)) idx(0) write weight:2884, but recv weight: -883392716
[2024-12-17 15:37:33] [ERROR] [capacity_test] macro((0, 0)) ip(0 mram_addr(00000B45)) idx(0) write weight:2885, but recv weight: -885489868
[2024-12-17 15:37:33] [ERROR] [capacity_test] macro((0, 0)) ip(0 mram_addr(00000B46)) idx(0) write weight:2886, but recv weight: -887587020
[2024-12-17 15:37:33] [ERROR] [capacity_test] macro((0, 0)) ip(0 mram_addr(00000B47)) idx(0) write weight:2887, but recv weight: -889684172
[2024-12-17 15:37:33] [ERROR] [capacity_test] macro((0, 0)) ip(0 mram_addr(00000B48)) idx(0) write weight:2888, but recv weight: -891781324
[2024-12-17 15:37:33] [ERROR] [capacity_test] macro((0, 0)) ip(0 mram_addr(00000B49)) idx(0) write weight:2889, but recv weight: -893878476
[2024-12-17 15:37:33] [ERROR] [capacity_test] macro((0, 0)) ip(0 mram_addr(00000B4A)) idx(0) write weight:2890, but recv weight: -895975628
[2024-12-17 15:37:33] [ERROR] [capacity_test] macro((0, 0)) ip(0 mram_addr(00000B4B)) idx(0) write weight:2891, but recv weight: -898072780
[2024-12-17 15:37:33] [ERROR] [capacity_test] macro((0, 0)) ip(0 mram_addr(00000B4C)) idx(0) write weight:2892, but recv weight: -900169932
[2024-12-17 15:37:33] [ERROR] [capacity_test] macro((0, 0)) ip(0 mram_addr(00000B4D)) idx(0) write weight:2893, but recv weight: -902267084
[2024-12-17 15:37:33] [ERROR] [capacity_test] macro((0, 0)) ip(0 mram_addr(00000B4E)) idx(0) write weight:2894, but recv weight: -904364236
[2024-12-17 15:37:33] [ERROR] [capacity_test] macro((0, 0)) ip(0 mram_addr(00000B4F)) idx(0) write weight:2895, but recv weight: -906461388
[2024-12-17 15:37:33] [ERROR] [capacity_test] macro((0, 0)) ip(0 mram_addr(00000B50)) idx(0) write weight:2896, but recv weight: -908558540
[2024-12-17 15:37:33] [ERROR] [capacity_test] macro((0, 0)) ip(0 mram_addr(00000B51)) idx(0) write weight:2897, but recv weight: -910655692
[2024-12-17 15:37:33] [ERROR] [capacity_test] macro((0, 0)) ip(0 mram_addr(00000B52)) idx(0) write weight:2898, but recv weight: -912752844
[2024-12-17 15:37:33] [ERROR] [capacity_test] macro((0, 0)) ip(0 mram_addr(00000B53)) idx(0) write weight:2899, but recv weight: -914849996
[2024-12-17 15:37:33] [ERROR] [capacity_test] macro((0, 0)) ip(0 mram_addr(00000B54)) idx(0) write weight:2900, but recv weight: -916947148
[2024-12-17 15:37:33] [ERROR] [capacity_test] macro((0, 0)) ip(0 mram_addr(00000B55)) idx(0) write weight:2901, but recv weight: -919044300
[2024-12-17 15:37:33] [ERROR] [capacity_test] macro((0, 0)) ip(0 mram_addr(00000B56)) idx(0) write weight:2902, but recv weight: -921141452
[2024-12-17 15:37:33] [ERROR] [capacity_test] macro((0, 0)) ip(0 mram_addr(00000B57)) idx(0) write weight:2903, but recv weight: -923238604
[2024-12-17 15:37:33] [ERROR] [capacity_test] macro((0, 0)) ip(0 mram_addr(00000B58)) idx(0) write weight:2904, but recv weight: -925335756
[2024-12-17 15:37:33] [ERROR] [capacity_test] macro((0, 0)) ip(0 mram_addr(00000B59)) idx(0) write weight:2905, but recv weight: -927432908
[2024-12-17 15:37:33] [ERROR] [capacity_test] macro((0, 0)) ip(0 mram_addr(00000B5A)) idx(0) write weight:2906, but recv weight: -929530060
[2024-12-17 15:37:33] [ERROR] [capacity_test] macro((0, 0)) ip(0 mram_addr(00000B5B)) idx(0) write weight:2907, but recv weight: -931627212
[2024-12-17 15:37:33] [ERROR] [capacity_test] macro((0, 0)) ip(0 mram_addr(00000B5C)) idx(0) write weight:2908, but recv weight: -933724364
[2024-12-17 15:37:33] [ERROR] [capacity_test] macro((0, 0)) ip(0 mram_addr(00000B5D)) idx(0) write weight:2909, but recv weight: -935821516
[2024-12-17 15:37:33] [ERROR] [capacity_test] macro((0, 0)) ip(0 mram_addr(00000B5E)) idx(0) write weight:2910, but recv weight: -937918668
[2024-12-17 15:37:33] [ERROR] [capacity_test] macro((0, 0)) ip(0 mram_addr(00000B5F)) idx(0) write weight:2911, but recv weight: -940015820
[2024-12-17 15:37:33] [ERROR] [capacity_test] macro((0, 0)) ip(0 mram_addr(00000B60)) idx(0) write weight:2912, but recv weight: -942112972
[2024-12-17 15:37:33] [ERROR] [capacity_test] macro((0, 0)) ip(0 mram_addr(00000B61)) idx(0) write weight:2913, but recv weight: 0
[2024-12-17 15:37:33] [ERROR] [capacity_test] macro((0, 0)) ip(0 mram_addr(00000B62)) idx(0) write weight:2914, but recv weight: -842498252
[2024-12-17 15:37:33] [ERROR] [capacity_test] macro((0, 0)) ip(0 mram_addr(00000B63)) idx(0) write weight:2915, but recv weight: -842498252
[2024-12-17 15:37:33] [ERROR] [capacity_test] macro((0, 0)) ip(0 mram_addr(00000B64)) idx(0) write weight:2916, but recv weight: -842498252
[2024-12-17 15:37:33] [ERROR] [capacity_test] macro((0, 0)) ip(0 mram_addr(00000B65)) idx(0) write weight:2917, but recv weight: -842498252
[2024-12-17 15:37:33] [ERROR] [capacity_test] macro((0, 0)) ip(0 mram_addr(00000B66)) idx(0) write weight:2918, but recv weight: -842498252
[2024-12-17 15:37:33] [ERROR] [capacity_test] macro((0, 0)) ip(0 mram_addr(00000B67)) idx(0) write weight:2919, but recv weight: -842498252
[2024-12-17 15:37:33] [ERROR] [capacity_test] macro((0, 0)) ip(0 mram_addr(00000B68)) idx(0) write weight:2920, but recv weight: -842498252
[2024-12-17 15:37:33] [ERROR] [capacity_test] macro((0, 0)) ip(0 mram_addr(00000B69)) idx(0) write weight:2921, but recv weight: -842498252
[2024-12-17 15:37:33] [ERROR] [capacity_test] macro((0, 0)) ip(0 mram_addr(00000B6A)) idx(0) write weight:2922, but recv weight: -842498252
[2024-12-17 15:37:33] [ERROR] [capacity_test] macro((0, 0)) ip(0 mram_addr(00000B6B)) idx(0) write weight:2923, but recv weight: -842498252
[2024-12-17 15:37:33] [ERROR] [capacity_test] macro((0, 0)) ip(0 mram_addr(00000B6C)) idx(0) write weight:2924, but recv weight: -842498252
[2024-12-17 15:37:33] [ERROR] [capacity_test] macro((0, 0)) ip(0 mram_addr(00000B6D)) idx(0) write weight:2925, but recv weight: -842498252
[2024-12-17 15:37:33] [ERROR] [capacity_test] macro((0, 0)) ip(0 mram_addr(00000B6E)) idx(0) write weight:2926, but recv weight: -842498252
[2024-12-17 15:37:33] [ERROR] [capacity_test] macro((0, 0)) ip(0 mram_addr(00000B6F)) idx(0) write weight:2927, but recv weight: -842498252
[2024-12-17 15:37:33] [ERROR] [capacity_test] macro((0, 0)) ip(0 mram_addr(00000B70)) idx(0) write weight:2928, but recv weight: -842498252
[2024-12-17 15:37:33] [ERROR] [capacity_test] macro((0, 0)) ip(0 mram_addr(00000B71)) idx(0) write weight:2929, but recv weight: -843546828
[2024-12-17 15:37:33] [ERROR] [capacity_test] macro((0, 0)) ip(0 mram_addr(00000B72)) idx(0) write weight:2930, but recv weight: -843546828
[2024-12-17 15:37:33] [ERROR] [capacity_test] macro((0, 0)) ip(0 mram_addr(00000B73)) idx(0) write weight:2931, but recv weight: -843546828
[2024-12-17 15:37:33] [ERROR] [capacity_test] macro((0, 0)) ip(0 mram_addr(00000B74)) idx(0) write weight:2932, but recv weight: -843546828
[2024-12-17 15:37:33] [ERROR] [capacity_test] macro((0, 0)) ip(0 mram_addr(00000B75)) idx(0) write weight:2933, but recv weight: -843546828
[2024-12-17 15:37:33] [ERROR] [capacity_test] macro((0, 0)) ip(0 mram_addr(00000B76)) idx(0) write weight:2934, but recv weight: -843546828
[2024-12-17 15:37:33] [ERROR] [capacity_test] macro((0, 0)) ip(0 mram_addr(00000B77)) idx(0) write weight:2935, but recv weight: -843546828
[2024-12-17 15:37:33] [ERROR] [capacity_test] macro((0, 0)) ip(0 mram_addr(00000B78)) idx(0) write weight:2936, but recv weight: -843546828
[2024-12-17 15:37:33] [ERROR] [capacity_test] macro((0, 0)) ip(0 mram_addr(00000B79)) idx(0) write weight:2937, but recv weight: -843546828
[2024-12-17 15:37:33] [ERROR] [capacity_test] macro((0, 0)) ip(0 mram_addr(00000B7A)) idx(0) write weight:2938, but recv weight: -843546828
[2024-12-17 15:37:33] [ERROR] [capacity_test] macro((0, 0)) ip(0 mram_addr(00000B7B)) idx(0) write weight:2939, but recv weight: -843546828
[2024-12-17 15:37:33] [ERROR] [capacity_test] macro((0, 0)) ip(0 mram_addr(00000B7C)) idx(0) write weight:2940, but recv weight: -843546828
[2024-12-17 15:37:33] [ERROR] [capacity_test] macro((0, 0)) ip(0 mram_addr(00000B7D)) idx(0) write weight:2941, but recv weight: -843546828
[2024-12-17 15:37:33] [ERROR] [capacity_test] macro((0, 0)) ip(0 mram_addr(00000B7E)) idx(0) write weight:2942, but recv weight: -843546828
[2024-12-17 15:37:33] [ERROR] [capacity_test] macro((0, 0)) ip(0 mram_addr(00000B7F)) idx(0) write weight:2943, but recv weight: -844595404
[2024-12-17 15:37:33] [ERROR] [capacity_test] macro((0, 0)) ip(0 mram_addr(00000B80)) idx(0) write weight:2944, but recv weight: -844595404
[2024-12-17 15:37:33] [ERROR] [capacity_test] macro((0, 0)) ip(0 mram_addr(00000B81)) idx(0) write weight:2945, but recv weight: -845643980
[2024-12-17 15:37:33] [ERROR] [capacity_test] macro((0, 0)) ip(0 mram_addr(00000B82)) idx(0) write weight:2946, but recv weight: -845643980
[2024-12-17 15:37:33] [ERROR] [capacity_test] macro((0, 0)) ip(0 mram_addr(00000B83)) idx(0) write weight:2947, but recv weight: -846692556
[2024-12-17 15:37:33] [ERROR] [capacity_test] macro((0, 0)) ip(0 mram_addr(00000B84)) idx(0) write weight:2948, but recv weight: -846692556
[2024-12-17 15:37:33] [ERROR] [capacity_test] macro((0, 0)) ip(0 mram_addr(00000B85)) idx(0) write weight:2949, but recv weight: -847741132
[2024-12-17 15:37:33] [ERROR] [capacity_test] macro((0, 0)) ip(0 mram_addr(00000B86)) idx(0) write weight:2950, but recv weight: -847741132
[2024-12-17 15:37:33] [ERROR] [capacity_test] macro((0, 0)) ip(0 mram_addr(00000B87)) idx(0) write weight:2951, but recv weight: -848789708
[2024-12-17 15:37:33] [ERROR] [capacity_test] macro((0, 0)) ip(0 mram_addr(00000B88)) idx(0) write weight:2952, but recv weight: -848789708
[2024-12-17 15:37:33] [ERROR] [capacity_test] macro((0, 0)) ip(0 mram_addr(00000B89)) idx(0) write weight:2953, but recv weight: -849838284
[2024-12-17 15:37:33] [ERROR] [capacity_test] macro((0, 0)) ip(0 mram_addr(00000B8A)) idx(0) write weight:2954, but recv weight: -849838284
[2024-12-17 15:37:33] [ERROR] [capacity_test] macro((0, 0)) ip(0 mram_addr(00000B8B)) idx(0) write weight:2955, but recv weight: -850886860
[2024-12-17 15:37:33] [ERROR] [capacity_test] macro((0, 0)) ip(0 mram_addr(00000B8C)) idx(0) write weight:2956, but recv weight: -850886860
[2024-12-17 15:37:33] [ERROR] [capacity_test] macro((0, 0)) ip(0 mram_addr(00000B8D)) idx(0) write weight:2957, but recv weight: -851935436
[2024-12-17 15:37:33] [ERROR] [capacity_test] macro((0, 0)) ip(0 mram_addr(00000B8E)) idx(0) write weight:2958, but recv weight: -851935436
[2024-12-17 15:37:33] [ERROR] [capacity_test] macro((0, 0)) ip(0 mram_addr(00000B8F)) idx(0) write weight:2959, but recv weight: -852984012
[2024-12-17 15:37:33] [ERROR] [capacity_test] macro((0, 0)) ip(0 mram_addr(00000B90)) idx(0) write weight:2960, but recv weight: -852984012
[2024-12-17 15:37:33] [ERROR] [capacity_test] macro((0, 0)) ip(0 mram_addr(00000B91)) idx(0) write weight:2961, but recv weight: -854032588
[2024-12-17 15:37:33] [ERROR] [capacity_test] macro((0, 0)) ip(0 mram_addr(00000B92)) idx(0) write weight:2962, but recv weight: -854032588
[2024-12-17 15:37:33] [ERROR] [capacity_test] macro((0, 0)) ip(0 mram_addr(00000B93)) idx(0) write weight:2963, but recv weight: -855081164
[2024-12-17 15:37:33] [ERROR] [capacity_test] macro((0, 0)) ip(0 mram_addr(00000B94)) idx(0) write weight:2964, but recv weight: -855081164
[2024-12-17 15:37:33] [ERROR] [capacity_test] macro((0, 0)) ip(0 mram_addr(00000B95)) idx(0) write weight:2965, but recv weight: -856129740
[2024-12-17 15:37:33] [ERROR] [capacity_test] macro((0, 0)) ip(0 mram_addr(00000B96)) idx(0) write weight:2966, but recv weight: -856129740
[2024-12-17 15:37:33] [ERROR] [capacity_test] macro((0, 0)) ip(0 mram_addr(00000B97)) idx(0) write weight:2967, but recv weight: -857178316
[2024-12-17 15:37:33] [ERROR] [capacity_test] macro((0, 0)) ip(0 mram_addr(00000B98)) idx(0) write weight:2968, but recv weight: -857178316
[2024-12-17 15:37:33] [ERROR] [capacity_test] macro((0, 0)) ip(0 mram_addr(00000B99)) idx(0) write weight:2969, but recv weight: -858226892
[2024-12-17 15:37:33] [ERROR] [capacity_test] macro((0, 0)) ip(0 mram_addr(00000B9A)) idx(0) write weight:2970, but recv weight: -858226892
[2024-12-17 15:37:33] [ERROR] [capacity_test] macro((0, 0)) ip(0 mram_addr(00000B9B)) idx(0) write weight:2971, but recv weight: -859275468
[2024-12-17 15:37:33] [ERROR] [capacity_test] macro((0, 0)) ip(0 mram_addr(00000B9C)) idx(0) write weight:2972, but recv weight: -859275468
[2024-12-17 15:37:33] [ERROR] [capacity_test] macro((0, 0)) ip(0 mram_addr(00000B9D)) idx(0) write weight:2973, but recv weight: -860324044
[2024-12-17 15:37:33] [ERROR] [capacity_test] macro((0, 0)) ip(0 mram_addr(00000B9E)) idx(0) write weight:2974, but recv weight: -860324044
[2024-12-17 15:37:33] [ERROR] [capacity_test] macro((0, 0)) ip(0 mram_addr(00000B9F)) idx(0) write weight:2975, but recv weight: -861372620
[2024-12-17 15:37:33] [ERROR] [capacity_test] macro((0, 0)) ip(0 mram_addr(00000BA0)) idx(0) write weight:2976, but recv weight: -861372620
[2024-12-17 15:37:33] [ERROR] [capacity_test] macro((0, 0)) ip(0 mram_addr(00000BA1)) idx(0) write weight:2977, but recv weight: -862421196
[2024-12-17 15:37:33] [ERROR] [capacity_test] macro((0, 0)) ip(0 mram_addr(00000BA2)) idx(0) write weight:2978, but recv weight: -862421196
[2024-12-17 15:37:33] [ERROR] [capacity_test] macro((0, 0)) ip(0 mram_addr(00000BA3)) idx(0) write weight:2979, but recv weight: -863469772
[2024-12-17 15:37:33] [ERROR] [capacity_test] macro((0, 0)) ip(0 mram_addr(00000BA4)) idx(0) write weight:2980, but recv weight: -863469772
[2024-12-17 15:37:33] [ERROR] [capacity_test] macro((0, 0)) ip(0 mram_addr(00000BA5)) idx(0) write weight:2981, but recv weight: -864518348
[2024-12-17 15:37:33] [ERROR] [capacity_test] macro((0, 0)) ip(0 mram_addr(00000BA6)) idx(0) write weight:2982, but recv weight: -864518348
[2024-12-17 15:37:33] [ERROR] [capacity_test] macro((0, 0)) ip(0 mram_addr(00000BA7)) idx(0) write weight:2983, but recv weight: -865566924
[2024-12-17 15:37:33] [ERROR] [capacity_test] macro((0, 0)) ip(0 mram_addr(00000BA8)) idx(0) write weight:2984, but recv weight: -865566924
[2024-12-17 15:37:33] [ERROR] [capacity_test] macro((0, 0)) ip(0 mram_addr(00000BA9)) idx(0) write weight:2985, but recv weight: -866615500
[2024-12-17 15:37:33] [ERROR] [capacity_test] macro((0, 0)) ip(0 mram_addr(00000BAA)) idx(0) write weight:2986, but recv weight: -866615500
[2024-12-17 15:37:33] [ERROR] [capacity_test] macro((0, 0)) ip(0 mram_addr(00000BAB)) idx(0) write weight:2987, but recv weight: -867664076
[2024-12-17 15:37:33] [ERROR] [capacity_test] macro((0, 0)) ip(0 mram_addr(00000BAC)) idx(0) write weight:2988, but recv weight: -867664076
[2024-12-17 15:37:33] [ERROR] [capacity_test] macro((0, 0)) ip(0 mram_addr(00000BAD)) idx(0) write weight:2989, but recv weight: -868712652
[2024-12-17 15:37:33] [ERROR] [capacity_test] macro((0, 0)) ip(0 mram_addr(00000BAE)) idx(0) write weight:2990, but recv weight: -868712652
[2024-12-17 15:37:33] [ERROR] [capacity_test] macro((0, 0)) ip(0 mram_addr(00000BAF)) idx(0) write weight:2991, but recv weight: -869761228
[2024-12-17 15:37:33] [ERROR] [capacity_test] macro((0, 0)) ip(0 mram_addr(00000BB0)) idx(0) write weight:2992, but recv weight: -869761228
[2024-12-17 15:37:33] [ERROR] [capacity_test] macro((0, 0)) ip(0 mram_addr(00000BB1)) idx(0) write weight:2993, but recv weight: -870809804
[2024-12-17 15:37:33] [ERROR] [capacity_test] macro((0, 0)) ip(0 mram_addr(00000BB2)) idx(0) write weight:2994, but recv weight: -870809804
[2024-12-17 15:37:33] [ERROR] [capacity_test] macro((0, 0)) ip(0 mram_addr(00000BB3)) idx(0) write weight:2995, but recv weight: -871858380
[2024-12-17 15:37:33] [ERROR] [capacity_test] macro((0, 0)) ip(0 mram_addr(00000BB4)) idx(0) write weight:2996, but recv weight: -871858380
[2024-12-17 15:37:33] [ERROR] [capacity_test] macro((0, 0)) ip(0 mram_addr(00000BB5)) idx(0) write weight:2997, but recv weight: -872906956
[2024-12-17 15:37:33] [ERROR] [capacity_test] macro((0, 0)) ip(0 mram_addr(00000BB6)) idx(0) write weight:2998, but recv weight: -872906956
[2024-12-17 15:37:33] [ERROR] [capacity_test] macro((0, 0)) ip(0 mram_addr(00000BB7)) idx(0) write weight:2999, but recv weight: -873955532
[2024-12-17 15:37:33] [ERROR] [capacity_test] macro((0, 0)) ip(0 mram_addr(00000BB8)) idx(0) write weight:3000, but recv weight: -873955532
[2024-12-17 15:37:33] [ERROR] [capacity_test] macro((0, 0)) ip(0 mram_addr(00000BB9)) idx(0) write weight:3001, but recv weight: -875004108
[2024-12-17 15:37:33] [ERROR] [capacity_test] macro((0, 0)) ip(0 mram_addr(00000BBA)) idx(0) write weight:3002, but recv weight: -875004108
[2024-12-17 15:37:33] [ERROR] [capacity_test] macro((0, 0)) ip(0 mram_addr(00000BBB)) idx(0) write weight:3003, but recv weight: -876052684
[2024-12-17 15:37:33] [ERROR] [capacity_test] macro((0, 0)) ip(0 mram_addr(00000BBC)) idx(0) write weight:3004, but recv weight: -876052684
[2024-12-17 15:37:33] [ERROR] [capacity_test] macro((0, 0)) ip(0 mram_addr(00000BBD)) idx(0) write weight:3005, but recv weight: -877101260
[2024-12-17 15:37:33] [ERROR] [capacity_test] macro((0, 0)) ip(0 mram_addr(00000BBE)) idx(0) write weight:3006, but recv weight: -877101260
[2024-12-17 15:37:33] [ERROR] [capacity_test] macro((0, 0)) ip(0 mram_addr(00000BBF)) idx(0) write weight:3007, but recv weight: -878149836
[2024-12-17 15:37:33] [ERROR] [capacity_test] macro((0, 0)) ip(0 mram_addr(00000BC0)) idx(0) write weight:3008, but recv weight: -878149836
[2024-12-17 15:37:33] [ERROR] [capacity_test] macro((0, 0)) ip(0 mram_addr(00000BC1)) idx(0) write weight:3009, but recv weight: -879198412
[2024-12-17 15:37:33] [ERROR] [capacity_test] macro((0, 0)) ip(0 mram_addr(00000BC2)) idx(0) write weight:3010, but recv weight: -881295564
[2024-12-17 15:37:33] [ERROR] [capacity_test] macro((0, 0)) ip(0 mram_addr(00000BC3)) idx(0) write weight:3011, but recv weight: -883392716
[2024-12-17 15:37:33] [ERROR] [capacity_test] macro((0, 0)) ip(0 mram_addr(00000BC4)) idx(0) write weight:3012, but recv weight: -885489868
[2024-12-17 15:37:33] [ERROR] [capacity_test] macro((0, 0)) ip(0 mram_addr(00000BC5)) idx(0) write weight:3013, but recv weight: -887587020
[2024-12-17 15:37:33] [ERROR] [capacity_test] macro((0, 0)) ip(0 mram_addr(00000BC6)) idx(0) write weight:3014, but recv weight: -889684172
[2024-12-17 15:37:33] [ERROR] [capacity_test] macro((0, 0)) ip(0 mram_addr(00000BC7)) idx(0) write weight:3015, but recv weight: -891781324
[2024-12-17 15:37:33] [ERROR] [capacity_test] macro((0, 0)) ip(0 mram_addr(00000BC8)) idx(0) write weight:3016, but recv weight: -893878476
[2024-12-17 15:37:33] [ERROR] [capacity_test] macro((0, 0)) ip(0 mram_addr(00000BC9)) idx(0) write weight:3017, but recv weight: -895975628
[2024-12-17 15:37:33] [ERROR] [capacity_test] macro((0, 0)) ip(0 mram_addr(00000BCA)) idx(0) write weight:3018, but recv weight: -898072780
[2024-12-17 15:37:33] [ERROR] [capacity_test] macro((0, 0)) ip(0 mram_addr(00000BCB)) idx(0) write weight:3019, but recv weight: -900169932
[2024-12-17 15:37:33] [ERROR] [capacity_test] macro((0, 0)) ip(0 mram_addr(00000BCC)) idx(0) write weight:3020, but recv weight: -902267084
[2024-12-17 15:37:33] [ERROR] [capacity_test] macro((0, 0)) ip(0 mram_addr(00000BCD)) idx(0) write weight:3021, but recv weight: -904364236
[2024-12-17 15:37:33] [ERROR] [capacity_test] macro((0, 0)) ip(0 mram_addr(00000BCE)) idx(0) write weight:3022, but recv weight: -906461388
[2024-12-17 15:37:33] [ERROR] [capacity_test] macro((0, 0)) ip(0 mram_addr(00000BCF)) idx(0) write weight:3023, but recv weight: -908558540
[2024-12-17 15:37:33] [ERROR] [capacity_test] macro((0, 0)) ip(0 mram_addr(00000BD0)) idx(0) write weight:3024, but recv weight: -910655692
[2024-12-17 15:37:33] [ERROR] [capacity_test] macro((0, 0)) ip(0 mram_addr(00000BD1)) idx(0) write weight:3025, but recv weight: -912752844
[2024-12-17 15:37:33] [ERROR] [capacity_test] macro((0, 0)) ip(0 mram_addr(00000BD2)) idx(0) write weight:3026, but recv weight: -914849996
[2024-12-17 15:37:33] [ERROR] [capacity_test] macro((0, 0)) ip(0 mram_addr(00000BD3)) idx(0) write weight:3027, but recv weight: -916947148
[2024-12-17 15:37:33] [ERROR] [capacity_test] macro((0, 0)) ip(0 mram_addr(00000BD4)) idx(0) write weight:3028, but recv weight: -919044300
[2024-12-17 15:37:33] [ERROR] [capacity_test] macro((0, 0)) ip(0 mram_addr(00000BD5)) idx(0) write weight:3029, but recv weight: -921141452
[2024-12-17 15:37:33] [ERROR] [capacity_test] macro((0, 0)) ip(0 mram_addr(00000BD6)) idx(0) write weight:3030, but recv weight: -923238604
[2024-12-17 15:37:33] [ERROR] [capacity_test] macro((0, 0)) ip(0 mram_addr(00000BD7)) idx(0) write weight:3031, but recv weight: -925335756
[2024-12-17 15:37:33] [ERROR] [capacity_test] macro((0, 0)) ip(0 mram_addr(00000BD8)) idx(0) write weight:3032, but recv weight: -927432908
[2024-12-17 15:37:33] [ERROR] [capacity_test] macro((0, 0)) ip(0 mram_addr(00000BD9)) idx(0) write weight:3033, but recv weight: -929530060
[2024-12-17 15:37:33] [ERROR] [capacity_test] macro((0, 0)) ip(0 mram_addr(00000BDA)) idx(0) write weight:3034, but recv weight: -931627212
[2024-12-17 15:37:33] [ERROR] [capacity_test] macro((0, 0)) ip(0 mram_addr(00000BDB)) idx(0) write weight:3035, but recv weight: -933724364
[2024-12-17 15:37:33] [ERROR] [capacity_test] macro((0, 0)) ip(0 mram_addr(00000BDC)) idx(0) write weight:3036, but recv weight: -935821516
[2024-12-17 15:37:33] [ERROR] [capacity_test] macro((0, 0)) ip(0 mram_addr(00000BDD)) idx(0) write weight:3037, but recv weight: -841449676
[2024-12-17 15:37:33] [ERROR] [capacity_test] macro((0, 0)) ip(0 mram_addr(00000BDE)) idx(0) write weight:3038, but recv weight: -842498252
[2024-12-17 15:37:33] [ERROR] [capacity_test] macro((0, 0)) ip(0 mram_addr(00000BDF)) idx(0) write weight:3039, but recv weight: -842498252
[2024-12-17 15:37:33] [ERROR] [capacity_test] macro((0, 0)) ip(0 mram_addr(00000BE0)) idx(0) write weight:3040, but recv weight: -842498252
[2024-12-17 15:37:33] [ERROR] [capacity_test] macro((0, 0)) ip(0 mram_addr(00000BE1)) idx(0) write weight:3041, but recv weight: -842498252
[2024-12-17 15:37:33] [ERROR] [capacity_test] macro((0, 0)) ip(0 mram_addr(00000BE2)) idx(0) write weight:3042, but recv weight: -842498252
[2024-12-17 15:37:33] [ERROR] [capacity_test] macro((0, 0)) ip(0 mram_addr(00000BE3)) idx(0) write weight:3043, but recv weight: -842498252
[2024-12-17 15:37:33] [ERROR] [capacity_test] macro((0, 0)) ip(0 mram_addr(00000BE4)) idx(0) write weight:3044, but recv weight: -842498252
[2024-12-17 15:37:33] [ERROR] [capacity_test] macro((0, 0)) ip(0 mram_addr(00000BE5)) idx(0) write weight:3045, but recv weight: -842498252
[2024-12-17 15:37:33] [ERROR] [capacity_test] macro((0, 0)) ip(0 mram_addr(00000BE6)) idx(0) write weight:3046, but recv weight: -842498252
[2024-12-17 15:37:33] [ERROR] [capacity_test] macro((0, 0)) ip(0 mram_addr(00000BE7)) idx(0) write weight:3047, but recv weight: -842498252
[2024-12-17 15:37:33] [ERROR] [capacity_test] macro((0, 0)) ip(0 mram_addr(00000BE8)) idx(0) write weight:3048, but recv weight: -842498252
[2024-12-17 15:37:33] [ERROR] [capacity_test] macro((0, 0)) ip(0 mram_addr(00000BE9)) idx(0) write weight:3049, but recv weight: -842498252
[2024-12-17 15:37:33] [ERROR] [capacity_test] macro((0, 0)) ip(0 mram_addr(00000BEA)) idx(0) write weight:3050, but recv weight: -842498252
[2024-12-17 15:37:33] [ERROR] [capacity_test] macro((0, 0)) ip(0 mram_addr(00000BEB)) idx(0) write weight:3051, but recv weight: -842498252
[2024-12-17 15:37:33] [ERROR] [capacity_test] macro((0, 0)) ip(0 mram_addr(00000BEC)) idx(0) write weight:3052, but recv weight: -842498252
[2024-12-17 15:37:33] [ERROR] [capacity_test] macro((0, 0)) ip(0 mram_addr(00000BED)) idx(0) write weight:3053, but recv weight: -842498252
[2024-12-17 15:37:33] [ERROR] [capacity_test] macro((0, 0)) ip(0 mram_addr(00000BEE)) idx(0) write weight:3054, but recv weight: -843546828
[2024-12-17 15:37:33] [ERROR] [capacity_test] macro((0, 0)) ip(0 mram_addr(00000BEF)) idx(0) write weight:3055, but recv weight: -843546828
[2024-12-17 15:37:33] [ERROR] [capacity_test] macro((0, 0)) ip(0 mram_addr(00000BF0)) idx(0) write weight:3056, but recv weight: -843546828
[2024-12-17 15:37:33] [ERROR] [capacity_test] macro((0, 0)) ip(0 mram_addr(00000BF1)) idx(0) write weight:3057, but recv weight: -843546828
[2024-12-17 15:37:33] [ERROR] [capacity_test] macro((0, 0)) ip(0 mram_addr(00000BF2)) idx(0) write weight:3058, but recv weight: -843546828
[2024-12-17 15:37:33] [ERROR] [capacity_test] macro((0, 0)) ip(0 mram_addr(00000BF3)) idx(0) write weight:3059, but recv weight: -843546828
[2024-12-17 15:37:33] [ERROR] [capacity_test] macro((0, 0)) ip(0 mram_addr(00000BF4)) idx(0) write weight:3060, but recv weight: -843546828
[2024-12-17 15:37:33] [ERROR] [capacity_test] macro((0, 0)) ip(0 mram_addr(00000BF5)) idx(0) write weight:3061, but recv weight: -843546828
[2024-12-17 15:37:33] [ERROR] [capacity_test] macro((0, 0)) ip(0 mram_addr(00000BF6)) idx(0) write weight:3062, but recv weight: -843546828
[2024-12-17 15:37:33] [ERROR] [capacity_test] macro((0, 0)) ip(0 mram_addr(00000BF7)) idx(0) write weight:3063, but recv weight: -843546828
[2024-12-17 15:37:33] [ERROR] [capacity_test] macro((0, 0)) ip(0 mram_addr(00000BF8)) idx(0) write weight:3064, but recv weight: -843546828
[2024-12-17 15:37:33] [ERROR] [capacity_test] macro((0, 0)) ip(0 mram_addr(00000BF9)) idx(0) write weight:3065, but recv weight: -843546828
[2024-12-17 15:37:33] [ERROR] [capacity_test] macro((0, 0)) ip(0 mram_addr(00000BFA)) idx(0) write weight:3066, but recv weight: -843546828
[2024-12-17 15:37:33] [ERROR] [capacity_test] macro((0, 0)) ip(0 mram_addr(00000BFB)) idx(0) write weight:3067, but recv weight: -843546828
[2024-12-17 15:37:33] [ERROR] [capacity_test] macro((0, 0)) ip(0 mram_addr(00000BFC)) idx(0) write weight:3068, but recv weight: -844595404
[2024-12-17 15:37:33] [ERROR] [capacity_test] macro((0, 0)) ip(0 mram_addr(00000BFD)) idx(0) write weight:3069, but recv weight: -844595404
[2024-12-17 15:37:33] [ERROR] [capacity_test] macro((0, 0)) ip(0 mram_addr(00000BFE)) idx(0) write weight:3070, but recv weight: -845643980
[2024-12-17 15:37:33] [ERROR] [capacity_test] macro((0, 0)) ip(0 mram_addr(00000BFF)) idx(0) write weight:3071, but recv weight: -845643980
[2024-12-17 15:37:33] [ERROR] [capacity_test] macro((0, 0)) ip(0 mram_addr(00000C00)) idx(0) write weight:3072, but recv weight: -846692556
[2024-12-17 15:37:33] [ERROR] [capacity_test] macro((0, 0)) ip(0 mram_addr(00000C01)) idx(0) write weight:3073, but recv weight: -846692556
[2024-12-17 15:37:33] [ERROR] [capacity_test] macro((0, 0)) ip(0 mram_addr(00000C02)) idx(0) write weight:3074, but recv weight: -847741132
[2024-12-17 15:37:33] [ERROR] [capacity_test] macro((0, 0)) ip(0 mram_addr(00000C03)) idx(0) write weight:3075, but recv weight: -847741132
[2024-12-17 15:37:33] [ERROR] [capacity_test] macro((0, 0)) ip(0 mram_addr(00000C04)) idx(0) write weight:3076, but recv weight: -848789708
[2024-12-17 15:37:33] [ERROR] [capacity_test] macro((0, 0)) ip(0 mram_addr(00000C05)) idx(0) write weight:3077, but recv weight: -848789708
[2024-12-17 15:37:33] [ERROR] [capacity_test] macro((0, 0)) ip(0 mram_addr(00000C06)) idx(0) write weight:3078, but recv weight: -849838284
[2024-12-17 15:37:33] [ERROR] [capacity_test] macro((0, 0)) ip(0 mram_addr(00000C07)) idx(0) write weight:3079, but recv weight: -849838284
[2024-12-17 15:37:33] [ERROR] [capacity_test] macro((0, 0)) ip(0 mram_addr(00000C08)) idx(0) write weight:3080, but recv weight: -850886860
[2024-12-17 15:37:33] [ERROR] [capacity_test] macro((0, 0)) ip(0 mram_addr(00000C09)) idx(0) write weight:3081, but recv weight: -850886860
[2024-12-17 15:37:33] [ERROR] [capacity_test] macro((0, 0)) ip(0 mram_addr(00000C0A)) idx(0) write weight:3082, but recv weight: -851935436
[2024-12-17 15:37:33] [ERROR] [capacity_test] macro((0, 0)) ip(0 mram_addr(00000C0B)) idx(0) write weight:3083, but recv weight: -851935436
[2024-12-17 15:37:33] [ERROR] [capacity_test] macro((0, 0)) ip(0 mram_addr(00000C0C)) idx(0) write weight:3084, but recv weight: -852984012
[2024-12-17 15:37:33] [ERROR] [capacity_test] macro((0, 0)) ip(0 mram_addr(00000C0D)) idx(0) write weight:3085, but recv weight: -852984012
[2024-12-17 15:37:33] [ERROR] [capacity_test] macro((0, 0)) ip(0 mram_addr(00000C0E)) idx(0) write weight:3086, but recv weight: -854032588
[2024-12-17 15:37:33] [ERROR] [capacity_test] macro((0, 0)) ip(0 mram_addr(00000C0F)) idx(0) write weight:3087, but recv weight: -854032588
[2024-12-17 15:37:33] [ERROR] [capacity_test] macro((0, 0)) ip(0 mram_addr(00000C10)) idx(0) write weight:3088, but recv weight: -855081164
[2024-12-17 15:37:33] [ERROR] [capacity_test] macro((0, 0)) ip(0 mram_addr(00000C11)) idx(0) write weight:3089, but recv weight: -855081164
[2024-12-17 15:37:33] [ERROR] [capacity_test] macro((0, 0)) ip(0 mram_addr(00000C12)) idx(0) write weight:3090, but recv weight: -856129740
[2024-12-17 15:37:33] [ERROR] [capacity_test] macro((0, 0)) ip(0 mram_addr(00000C13)) idx(0) write weight:3091, but recv weight: -856129740
[2024-12-17 15:37:33] [ERROR] [capacity_test] macro((0, 0)) ip(0 mram_addr(00000C14)) idx(0) write weight:3092, but recv weight: -857178316
[2024-12-17 15:37:33] [ERROR] [capacity_test] macro((0, 0)) ip(0 mram_addr(00000C15)) idx(0) write weight:3093, but recv weight: -857178316
[2024-12-17 15:37:33] [ERROR] [capacity_test] macro((0, 0)) ip(0 mram_addr(00000C16)) idx(0) write weight:3094, but recv weight: -858226892
[2024-12-17 15:37:33] [ERROR] [capacity_test] macro((0, 0)) ip(0 mram_addr(00000C17)) idx(0) write weight:3095, but recv weight: -858226892
[2024-12-17 15:37:33] [ERROR] [capacity_test] macro((0, 0)) ip(0 mram_addr(00000C18)) idx(0) write weight:3096, but recv weight: -859275468
[2024-12-17 15:37:33] [ERROR] [capacity_test] macro((0, 0)) ip(0 mram_addr(00000C19)) idx(0) write weight:3097, but recv weight: -859275468
[2024-12-17 15:37:33] [ERROR] [capacity_test] macro((0, 0)) ip(0 mram_addr(00000C1A)) idx(0) write weight:3098, but recv weight: -860324044
[2024-12-17 15:37:33] [ERROR] [capacity_test] macro((0, 0)) ip(0 mram_addr(00000C1B)) idx(0) write weight:3099, but recv weight: -860324044
[2024-12-17 15:37:33] [ERROR] [capacity_test] macro((0, 0)) ip(0 mram_addr(00000C1C)) idx(0) write weight:3100, but recv weight: -861372620
[2024-12-17 15:37:33] [ERROR] [capacity_test] macro((0, 0)) ip(0 mram_addr(00000C1D)) idx(0) write weight:3101, but recv weight: -861372620
[2024-12-17 15:37:33] [ERROR] [capacity_test] macro((0, 0)) ip(0 mram_addr(00000C1E)) idx(0) write weight:3102, but recv weight: -862421196
[2024-12-17 15:37:33] [ERROR] [capacity_test] macro((0, 0)) ip(0 mram_addr(00000C1F)) idx(0) write weight:3103, but recv weight: -862421196
[2024-12-17 15:37:33] [ERROR] [capacity_test] macro((0, 0)) ip(0 mram_addr(00000C20)) idx(0) write weight:3104, but recv weight: -863469772
[2024-12-17 15:37:33] [ERROR] [capacity_test] macro((0, 0)) ip(0 mram_addr(00000C21)) idx(0) write weight:3105, but recv weight: -863469772
[2024-12-17 15:37:33] [ERROR] [capacity_test] macro((0, 0)) ip(0 mram_addr(00000C22)) idx(0) write weight:3106, but recv weight: -864518348
[2024-12-17 15:37:33] [ERROR] [capacity_test] macro((0, 0)) ip(0 mram_addr(00000C23)) idx(0) write weight:3107, but recv weight: -864518348
[2024-12-17 15:37:33] [ERROR] [capacity_test] macro((0, 0)) ip(0 mram_addr(00000C24)) idx(0) write weight:3108, but recv weight: -865566924
[2024-12-17 15:37:33] [ERROR] [capacity_test] macro((0, 0)) ip(0 mram_addr(00000C25)) idx(0) write weight:3109, but recv weight: -865566924
[2024-12-17 15:37:33] [ERROR] [capacity_test] macro((0, 0)) ip(0 mram_addr(00000C26)) idx(0) write weight:3110, but recv weight: -866615500
[2024-12-17 15:37:33] [ERROR] [capacity_test] macro((0, 0)) ip(0 mram_addr(00000C27)) idx(0) write weight:3111, but recv weight: -866615500
[2024-12-17 15:37:33] [ERROR] [capacity_test] macro((0, 0)) ip(0 mram_addr(00000C28)) idx(0) write weight:3112, but recv weight: -867664076
[2024-12-17 15:37:33] [ERROR] [capacity_test] macro((0, 0)) ip(0 mram_addr(00000C29)) idx(0) write weight:3113, but recv weight: -867664076
[2024-12-17 15:37:33] [ERROR] [capacity_test] macro((0, 0)) ip(0 mram_addr(00000C2A)) idx(0) write weight:3114, but recv weight: -868712652
[2024-12-17 15:37:33] [ERROR] [capacity_test] macro((0, 0)) ip(0 mram_addr(00000C2B)) idx(0) write weight:3115, but recv weight: -868712652
[2024-12-17 15:37:33] [ERROR] [capacity_test] macro((0, 0)) ip(0 mram_addr(00000C2C)) idx(0) write weight:3116, but recv weight: -869761228
[2024-12-17 15:37:33] [ERROR] [capacity_test] macro((0, 0)) ip(0 mram_addr(00000C2D)) idx(0) write weight:3117, but recv weight: -869761228
[2024-12-17 15:37:33] [ERROR] [capacity_test] macro((0, 0)) ip(0 mram_addr(00000C2E)) idx(0) write weight:3118, but recv weight: -870809804
[2024-12-17 15:37:33] [ERROR] [capacity_test] macro((0, 0)) ip(0 mram_addr(00000C2F)) idx(0) write weight:3119, but recv weight: -870809804
[2024-12-17 15:37:33] [ERROR] [capacity_test] macro((0, 0)) ip(0 mram_addr(00000C30)) idx(0) write weight:3120, but recv weight: -871858380
[2024-12-17 15:37:33] [ERROR] [capacity_test] macro((0, 0)) ip(0 mram_addr(00000C31)) idx(0) write weight:3121, but recv weight: -871858380
[2024-12-17 15:37:33] [ERROR] [capacity_test] macro((0, 0)) ip(0 mram_addr(00000C32)) idx(0) write weight:3122, but recv weight: -872906956
[2024-12-17 15:37:33] [ERROR] [capacity_test] macro((0, 0)) ip(0 mram_addr(00000C33)) idx(0) write weight:3123, but recv weight: -872906956
[2024-12-17 15:37:33] [ERROR] [capacity_test] macro((0, 0)) ip(0 mram_addr(00000C34)) idx(0) write weight:3124, but recv weight: -873955532
[2024-12-17 15:37:33] [ERROR] [capacity_test] macro((0, 0)) ip(0 mram_addr(00000C35)) idx(0) write weight:3125, but recv weight: -873955532
[2024-12-17 15:37:33] [ERROR] [capacity_test] macro((0, 0)) ip(0 mram_addr(00000C36)) idx(0) write weight:3126, but recv weight: -875004108
[2024-12-17 15:37:33] [ERROR] [capacity_test] macro((0, 0)) ip(0 mram_addr(00000C37)) idx(0) write weight:3127, but recv weight: -875004108
[2024-12-17 15:37:33] [ERROR] [capacity_test] macro((0, 0)) ip(0 mram_addr(00000C38)) idx(0) write weight:3128, but recv weight: -876052684
[2024-12-17 15:37:33] [ERROR] [capacity_test] macro((0, 0)) ip(0 mram_addr(00000C39)) idx(0) write weight:3129, but recv weight: -876052684
[2024-12-17 15:37:33] [ERROR] [capacity_test] macro((0, 0)) ip(0 mram_addr(00000C3A)) idx(0) write weight:3130, but recv weight: -877101260
[2024-12-17 15:37:33] [ERROR] [capacity_test] macro((0, 0)) ip(0 mram_addr(00000C3B)) idx(0) write weight:3131, but recv weight: -877101260
[2024-12-17 15:37:33] [ERROR] [capacity_test] macro((0, 0)) ip(0 mram_addr(00000C3C)) idx(0) write weight:3132, but recv weight: -878149836
[2024-12-17 15:37:33] [ERROR] [capacity_test] macro((0, 0)) ip(0 mram_addr(00000C3D)) idx(0) write weight:3133, but recv weight: -878149836
[2024-12-17 15:37:33] [ERROR] [capacity_test] macro((0, 0)) ip(0 mram_addr(00000C3E)) idx(0) write weight:3134, but recv weight: -879198412
[2024-12-17 15:37:33] [ERROR] [capacity_test] macro((0, 0)) ip(0 mram_addr(00000C3F)) idx(0) write weight:3135, but recv weight: -881295564
[2024-12-17 15:37:33] [ERROR] [capacity_test] macro((0, 0)) ip(0 mram_addr(00000C40)) idx(0) write weight:3136, but recv weight: -883392716
[2024-12-17 15:37:33] [ERROR] [capacity_test] macro((0, 0)) ip(0 mram_addr(00000C41)) idx(0) write weight:3137, but recv weight: -885489868
[2024-12-17 15:37:33] [ERROR] [capacity_test] macro((0, 0)) ip(0 mram_addr(00000C42)) idx(0) write weight:3138, but recv weight: -887587020
[2024-12-17 15:37:33] [ERROR] [capacity_test] macro((0, 0)) ip(0 mram_addr(00000C43)) idx(0) write weight:3139, but recv weight: -889684172
[2024-12-17 15:37:33] [ERROR] [capacity_test] macro((0, 0)) ip(0 mram_addr(00000C44)) idx(0) write weight:3140, but recv weight: -891781324
[2024-12-17 15:37:33] [ERROR] [capacity_test] macro((0, 0)) ip(0 mram_addr(00000C45)) idx(0) write weight:3141, but recv weight: -893878476
[2024-12-17 15:37:33] [ERROR] [capacity_test] macro((0, 0)) ip(0 mram_addr(00000C46)) idx(0) write weight:3142, but recv weight: -895975628
[2024-12-17 15:37:33] [ERROR] [capacity_test] macro((0, 0)) ip(0 mram_addr(00000C47)) idx(0) write weight:3143, but recv weight: -898072780
[2024-12-17 15:37:33] [ERROR] [capacity_test] macro((0, 0)) ip(0 mram_addr(00000C48)) idx(0) write weight:3144, but recv weight: -900169932
[2024-12-17 15:37:33] [ERROR] [capacity_test] macro((0, 0)) ip(0 mram_addr(00000C49)) idx(0) write weight:3145, but recv weight: -902267084
[2024-12-17 15:37:33] [ERROR] [capacity_test] macro((0, 0)) ip(0 mram_addr(00000C4A)) idx(0) write weight:3146, but recv weight: -904364236
[2024-12-17 15:37:33] [ERROR] [capacity_test] macro((0, 0)) ip(0 mram_addr(00000C4B)) idx(0) write weight:3147, but recv weight: -906461388
[2024-12-17 15:37:33] [ERROR] [capacity_test] macro((0, 0)) ip(0 mram_addr(00000C4C)) idx(0) write weight:3148, but recv weight: -908558540
[2024-12-17 15:37:33] [ERROR] [capacity_test] macro((0, 0)) ip(0 mram_addr(00000C4D)) idx(0) write weight:3149, but recv weight: -910655692
[2024-12-17 15:37:33] [ERROR] [capacity_test] macro((0, 0)) ip(0 mram_addr(00000C4E)) idx(0) write weight:3150, but recv weight: -912752844
[2024-12-17 15:37:33] [ERROR] [capacity_test] macro((0, 0)) ip(0 mram_addr(00000C4F)) idx(0) write weight:3151, but recv weight: -914849996
[2024-12-17 15:37:33] [ERROR] [capacity_test] macro((0, 0)) ip(0 mram_addr(00000C50)) idx(0) write weight:3152, but recv weight: -916947148
[2024-12-17 15:37:33] [ERROR] [capacity_test] macro((0, 0)) ip(0 mram_addr(00000C51)) idx(0) write weight:3153, but recv weight: -919044300
[2024-12-17 15:37:33] [ERROR] [capacity_test] macro((0, 0)) ip(0 mram_addr(00000C52)) idx(0) write weight:3154, but recv weight: -921141452
[2024-12-17 15:37:33] [ERROR] [capacity_test] macro((0, 0)) ip(0 mram_addr(00000C53)) idx(0) write weight:3155, but recv weight: -923238604
[2024-12-17 15:37:33] [ERROR] [capacity_test] macro((0, 0)) ip(0 mram_addr(00000C54)) idx(0) write weight:3156, but recv weight: -925335756
[2024-12-17 15:37:33] [ERROR] [capacity_test] macro((0, 0)) ip(0 mram_addr(00000C55)) idx(0) write weight:3157, but recv weight: -927432908
[2024-12-17 15:37:33] [ERROR] [capacity_test] macro((0, 0)) ip(0 mram_addr(00000C56)) idx(0) write weight:3158, but recv weight: -929530060
[2024-12-17 15:37:33] [ERROR] [capacity_test] macro((0, 0)) ip(0 mram_addr(00000C57)) idx(0) write weight:3159, but recv weight: -931627212
[2024-12-17 15:37:33] [ERROR] [capacity_test] macro((0, 0)) ip(0 mram_addr(00000C58)) idx(0) write weight:3160, but recv weight: -933724364
[2024-12-17 15:37:33] [ERROR] [capacity_test] macro((0, 0)) ip(0 mram_addr(00000C59)) idx(0) write weight:3161, but recv weight: -935821516
[2024-12-17 15:37:33] [ERROR] [capacity_test] macro((0, 0)) ip(0 mram_addr(00000C5A)) idx(0) write weight:3162, but recv weight: -937918668
[2024-12-17 15:37:33] [ERROR] [capacity_test] macro((0, 0)) ip(0 mram_addr(00000C5B)) idx(0) write weight:3163, but recv weight: -940015820
[2024-12-17 15:37:33] [ERROR] [capacity_test] macro((0, 0)) ip(0 mram_addr(00000C5C)) idx(0) write weight:3164, but recv weight: -942112972
[2024-12-17 15:37:33] [ERROR] [capacity_test] macro((0, 0)) ip(0 mram_addr(00000C5D)) idx(0) write weight:3165, but recv weight: 0
[2024-12-17 15:37:33] [ERROR] [capacity_test] macro((0, 0)) ip(0 mram_addr(00000C5E)) idx(0) write weight:3166, but recv weight: -842498252
[2024-12-17 15:37:33] [ERROR] [capacity_test] macro((0, 0)) ip(0 mram_addr(00000C5F)) idx(0) write weight:3167, but recv weight: -842498252
[2024-12-17 15:37:33] [ERROR] [capacity_test] macro((0, 0)) ip(0 mram_addr(00000C60)) idx(0) write weight:3168, but recv weight: -842498252
[2024-12-17 15:37:33] [ERROR] [capacity_test] macro((0, 0)) ip(0 mram_addr(00000C61)) idx(0) write weight:3169, but recv weight: -842498252
[2024-12-17 15:37:33] [ERROR] [capacity_test] macro((0, 0)) ip(0 mram_addr(00000C62)) idx(0) write weight:3170, but recv weight: -842498252
[2024-12-17 15:37:33] [ERROR] [capacity_test] macro((0, 0)) ip(0 mram_addr(00000C63)) idx(0) write weight:3171, but recv weight: -842498252
[2024-12-17 15:37:33] [ERROR] [capacity_test] macro((0, 0)) ip(0 mram_addr(00000C64)) idx(0) write weight:3172, but recv weight: -842498252
[2024-12-17 15:37:33] [ERROR] [capacity_test] macro((0, 0)) ip(0 mram_addr(00000C65)) idx(0) write weight:3173, but recv weight: -842498252
[2024-12-17 15:37:33] [ERROR] [capacity_test] macro((0, 0)) ip(0 mram_addr(00000C66)) idx(0) write weight:3174, but recv weight: -842498252
[2024-12-17 15:37:33] [ERROR] [capacity_test] macro((0, 0)) ip(0 mram_addr(00000C67)) idx(0) write weight:3175, but recv weight: -842498252
[2024-12-17 15:37:33] [ERROR] [capacity_test] macro((0, 0)) ip(0 mram_addr(00000C68)) idx(0) write weight:3176, but recv weight: -842498252
[2024-12-17 15:37:33] [ERROR] [capacity_test] macro((0, 0)) ip(0 mram_addr(00000C69)) idx(0) write weight:3177, but recv weight: -842498252
[2024-12-17 15:37:33] [ERROR] [capacity_test] macro((0, 0)) ip(0 mram_addr(00000C6A)) idx(0) write weight:3178, but recv weight: -842498252
[2024-12-17 15:37:33] [ERROR] [capacity_test] macro((0, 0)) ip(0 mram_addr(00000C6B)) idx(0) write weight:3179, but recv weight: -842498252
[2024-12-17 15:37:33] [ERROR] [capacity_test] macro((0, 0)) ip(0 mram_addr(00000C6C)) idx(0) write weight:3180, but recv weight: -842498252
[2024-12-17 15:37:33] [ERROR] [capacity_test] macro((0, 0)) ip(0 mram_addr(00000C6D)) idx(0) write weight:3181, but recv weight: -843546828
[2024-12-17 15:37:33] [ERROR] [capacity_test] macro((0, 0)) ip(0 mram_addr(00000C6E)) idx(0) write weight:3182, but recv weight: -843546828
[2024-12-17 15:37:33] [ERROR] [capacity_test] macro((0, 0)) ip(0 mram_addr(00000C6F)) idx(0) write weight:3183, but recv weight: -843546828
[2024-12-17 15:37:33] [ERROR] [capacity_test] macro((0, 0)) ip(0 mram_addr(00000C70)) idx(0) write weight:3184, but recv weight: -843546828
[2024-12-17 15:37:33] [ERROR] [capacity_test] macro((0, 0)) ip(0 mram_addr(00000C71)) idx(0) write weight:3185, but recv weight: -843546828
[2024-12-17 15:37:33] [ERROR] [capacity_test] macro((0, 0)) ip(0 mram_addr(00000C72)) idx(0) write weight:3186, but recv weight: -843546828
[2024-12-17 15:37:33] [ERROR] [capacity_test] macro((0, 0)) ip(0 mram_addr(00000C73)) idx(0) write weight:3187, but recv weight: -843546828
[2024-12-17 15:37:33] [ERROR] [capacity_test] macro((0, 0)) ip(0 mram_addr(00000C74)) idx(0) write weight:3188, but recv weight: -843546828
[2024-12-17 15:37:33] [ERROR] [capacity_test] macro((0, 0)) ip(0 mram_addr(00000C75)) idx(0) write weight:3189, but recv weight: -843546828
[2024-12-17 15:37:33] [ERROR] [capacity_test] macro((0, 0)) ip(0 mram_addr(00000C76)) idx(0) write weight:3190, but recv weight: -843546828
[2024-12-17 15:37:33] [ERROR] [capacity_test] macro((0, 0)) ip(0 mram_addr(00000C77)) idx(0) write weight:3191, but recv weight: -843546828
[2024-12-17 15:37:33] [ERROR] [capacity_test] macro((0, 0)) ip(0 mram_addr(00000C78)) idx(0) write weight:3192, but recv weight: -843546828
[2024-12-17 15:37:33] [ERROR] [capacity_test] macro((0, 0)) ip(0 mram_addr(00000C79)) idx(0) write weight:3193, but recv weight: -843546828
[2024-12-17 15:37:33] [ERROR] [capacity_test] macro((0, 0)) ip(0 mram_addr(00000C7A)) idx(0) write weight:3194, but recv weight: -843546828
[2024-12-17 15:37:33] [ERROR] [capacity_test] macro((0, 0)) ip(0 mram_addr(00000C7B)) idx(0) write weight:3195, but recv weight: -844595404
[2024-12-17 15:37:33] [ERROR] [capacity_test] macro((0, 0)) ip(0 mram_addr(00000C7C)) idx(0) write weight:3196, but recv weight: -844595404
[2024-12-17 15:37:33] [ERROR] [capacity_test] macro((0, 0)) ip(0 mram_addr(00000C7D)) idx(0) write weight:3197, but recv weight: -845643980
[2024-12-17 15:37:33] [ERROR] [capacity_test] macro((0, 0)) ip(0 mram_addr(00000C7E)) idx(0) write weight:3198, but recv weight: -845643980
[2024-12-17 15:37:33] [ERROR] [capacity_test] macro((0, 0)) ip(0 mram_addr(00000C7F)) idx(0) write weight:3199, but recv weight: -846692556
[2024-12-17 15:37:33] [ERROR] [capacity_test] macro((0, 0)) ip(0 mram_addr(00000C80)) idx(0) write weight:3200, but recv weight: -846692556
[2024-12-17 15:37:33] [ERROR] [capacity_test] macro((0, 0)) ip(0 mram_addr(00000C81)) idx(0) write weight:3201, but recv weight: -847741132
[2024-12-17 15:37:33] [ERROR] [capacity_test] macro((0, 0)) ip(0 mram_addr(00000C82)) idx(0) write weight:3202, but recv weight: -847741132
[2024-12-17 15:37:33] [ERROR] [capacity_test] macro((0, 0)) ip(0 mram_addr(00000C83)) idx(0) write weight:3203, but recv weight: -848789708
[2024-12-17 15:37:33] [ERROR] [capacity_test] macro((0, 0)) ip(0 mram_addr(00000C84)) idx(0) write weight:3204, but recv weight: -848789708
[2024-12-17 15:37:33] [ERROR] [capacity_test] macro((0, 0)) ip(0 mram_addr(00000C85)) idx(0) write weight:3205, but recv weight: -849838284
[2024-12-17 15:37:33] [ERROR] [capacity_test] macro((0, 0)) ip(0 mram_addr(00000C86)) idx(0) write weight:3206, but recv weight: -849838284
[2024-12-17 15:37:33] [ERROR] [capacity_test] macro((0, 0)) ip(0 mram_addr(00000C87)) idx(0) write weight:3207, but recv weight: -850886860
[2024-12-17 15:37:33] [ERROR] [capacity_test] macro((0, 0)) ip(0 mram_addr(00000C88)) idx(0) write weight:3208, but recv weight: -850886860
[2024-12-17 15:37:33] [ERROR] [capacity_test] macro((0, 0)) ip(0 mram_addr(00000C89)) idx(0) write weight:3209, but recv weight: -851935436
[2024-12-17 15:37:33] [ERROR] [capacity_test] macro((0, 0)) ip(0 mram_addr(00000C8A)) idx(0) write weight:3210, but recv weight: -851935436
[2024-12-17 15:37:33] [ERROR] [capacity_test] macro((0, 0)) ip(0 mram_addr(00000C8B)) idx(0) write weight:3211, but recv weight: -852984012
[2024-12-17 15:37:33] [ERROR] [capacity_test] macro((0, 0)) ip(0 mram_addr(00000C8C)) idx(0) write weight:3212, but recv weight: -852984012
[2024-12-17 15:37:33] [ERROR] [capacity_test] macro((0, 0)) ip(0 mram_addr(00000C8D)) idx(0) write weight:3213, but recv weight: -854032588
[2024-12-17 15:37:33] [ERROR] [capacity_test] macro((0, 0)) ip(0 mram_addr(00000C8E)) idx(0) write weight:3214, but recv weight: -854032588
[2024-12-17 15:37:33] [ERROR] [capacity_test] macro((0, 0)) ip(0 mram_addr(00000C8F)) idx(0) write weight:3215, but recv weight: -855081164
[2024-12-17 15:37:33] [ERROR] [capacity_test] macro((0, 0)) ip(0 mram_addr(00000C90)) idx(0) write weight:3216, but recv weight: -855081164
[2024-12-17 15:37:33] [ERROR] [capacity_test] macro((0, 0)) ip(0 mram_addr(00000C91)) idx(0) write weight:3217, but recv weight: -856129740
[2024-12-17 15:37:33] [ERROR] [capacity_test] macro((0, 0)) ip(0 mram_addr(00000C92)) idx(0) write weight:3218, but recv weight: -856129740
[2024-12-17 15:37:33] [ERROR] [capacity_test] macro((0, 0)) ip(0 mram_addr(00000C93)) idx(0) write weight:3219, but recv weight: -857178316
[2024-12-17 15:37:33] [ERROR] [capacity_test] macro((0, 0)) ip(0 mram_addr(00000C94)) idx(0) write weight:3220, but recv weight: -857178316
[2024-12-17 15:37:33] [ERROR] [capacity_test] macro((0, 0)) ip(0 mram_addr(00000C95)) idx(0) write weight:3221, but recv weight: -858226892
[2024-12-17 15:37:33] [ERROR] [capacity_test] macro((0, 0)) ip(0 mram_addr(00000C96)) idx(0) write weight:3222, but recv weight: -858226892
[2024-12-17 15:37:33] [ERROR] [capacity_test] macro((0, 0)) ip(0 mram_addr(00000C97)) idx(0) write weight:3223, but recv weight: -859275468
[2024-12-17 15:37:33] [ERROR] [capacity_test] macro((0, 0)) ip(0 mram_addr(00000C98)) idx(0) write weight:3224, but recv weight: -859275468
[2024-12-17 15:37:33] [ERROR] [capacity_test] macro((0, 0)) ip(0 mram_addr(00000C99)) idx(0) write weight:3225, but recv weight: -860324044
[2024-12-17 15:37:33] [ERROR] [capacity_test] macro((0, 0)) ip(0 mram_addr(00000C9A)) idx(0) write weight:3226, but recv weight: -860324044
[2024-12-17 15:37:33] [ERROR] [capacity_test] macro((0, 0)) ip(0 mram_addr(00000C9B)) idx(0) write weight:3227, but recv weight: -861372620
[2024-12-17 15:37:33] [ERROR] [capacity_test] macro((0, 0)) ip(0 mram_addr(00000C9C)) idx(0) write weight:3228, but recv weight: -861372620
[2024-12-17 15:37:33] [ERROR] [capacity_test] macro((0, 0)) ip(0 mram_addr(00000C9D)) idx(0) write weight:3229, but recv weight: -862421196
[2024-12-17 15:37:33] [ERROR] [capacity_test] macro((0, 0)) ip(0 mram_addr(00000C9E)) idx(0) write weight:3230, but recv weight: -862421196
[2024-12-17 15:37:33] [ERROR] [capacity_test] macro((0, 0)) ip(0 mram_addr(00000C9F)) idx(0) write weight:3231, but recv weight: -863469772
[2024-12-17 15:37:33] [ERROR] [capacity_test] macro((0, 0)) ip(0 mram_addr(00000CA0)) idx(0) write weight:3232, but recv weight: -863469772
[2024-12-17 15:37:33] [ERROR] [capacity_test] macro((0, 0)) ip(0 mram_addr(00000CA1)) idx(0) write weight:3233, but recv weight: -864518348
[2024-12-17 15:37:33] [ERROR] [capacity_test] macro((0, 0)) ip(0 mram_addr(00000CA2)) idx(0) write weight:3234, but recv weight: -864518348
[2024-12-17 15:37:33] [ERROR] [capacity_test] macro((0, 0)) ip(0 mram_addr(00000CA3)) idx(0) write weight:3235, but recv weight: -865566924
[2024-12-17 15:37:33] [ERROR] [capacity_test] macro((0, 0)) ip(0 mram_addr(00000CA4)) idx(0) write weight:3236, but recv weight: -865566924
[2024-12-17 15:37:33] [ERROR] [capacity_test] macro((0, 0)) ip(0 mram_addr(00000CA5)) idx(0) write weight:3237, but recv weight: -866615500
[2024-12-17 15:37:33] [ERROR] [capacity_test] macro((0, 0)) ip(0 mram_addr(00000CA6)) idx(0) write weight:3238, but recv weight: -866615500
[2024-12-17 15:37:33] [ERROR] [capacity_test] macro((0, 0)) ip(0 mram_addr(00000CA7)) idx(0) write weight:3239, but recv weight: -867664076
[2024-12-17 15:37:33] [ERROR] [capacity_test] macro((0, 0)) ip(0 mram_addr(00000CA8)) idx(0) write weight:3240, but recv weight: -867664076
[2024-12-17 15:37:33] [ERROR] [capacity_test] macro((0, 0)) ip(0 mram_addr(00000CA9)) idx(0) write weight:3241, but recv weight: -868712652
[2024-12-17 15:37:33] [ERROR] [capacity_test] macro((0, 0)) ip(0 mram_addr(00000CAA)) idx(0) write weight:3242, but recv weight: -868712652
[2024-12-17 15:37:33] [ERROR] [capacity_test] macro((0, 0)) ip(0 mram_addr(00000CAB)) idx(0) write weight:3243, but recv weight: -869761228
[2024-12-17 15:37:33] [ERROR] [capacity_test] macro((0, 0)) ip(0 mram_addr(00000CAC)) idx(0) write weight:3244, but recv weight: -869761228
[2024-12-17 15:37:33] [ERROR] [capacity_test] macro((0, 0)) ip(0 mram_addr(00000CAD)) idx(0) write weight:3245, but recv weight: -870809804
[2024-12-17 15:37:33] [ERROR] [capacity_test] macro((0, 0)) ip(0 mram_addr(00000CAE)) idx(0) write weight:3246, but recv weight: -870809804
[2024-12-17 15:37:33] [ERROR] [capacity_test] macro((0, 0)) ip(0 mram_addr(00000CAF)) idx(0) write weight:3247, but recv weight: -871858380
[2024-12-17 15:37:33] [ERROR] [capacity_test] macro((0, 0)) ip(0 mram_addr(00000CB0)) idx(0) write weight:3248, but recv weight: -871858380
[2024-12-17 15:37:33] [ERROR] [capacity_test] macro((0, 0)) ip(0 mram_addr(00000CB1)) idx(0) write weight:3249, but recv weight: -872906956
[2024-12-17 15:37:33] [ERROR] [capacity_test] macro((0, 0)) ip(0 mram_addr(00000CB2)) idx(0) write weight:3250, but recv weight: -872906956
[2024-12-17 15:37:33] [ERROR] [capacity_test] macro((0, 0)) ip(0 mram_addr(00000CB3)) idx(0) write weight:3251, but recv weight: -873955532
[2024-12-17 15:37:33] [ERROR] [capacity_test] macro((0, 0)) ip(0 mram_addr(00000CB4)) idx(0) write weight:3252, but recv weight: -873955532
[2024-12-17 15:37:33] [ERROR] [capacity_test] macro((0, 0)) ip(0 mram_addr(00000CB5)) idx(0) write weight:3253, but recv weight: -875004108
[2024-12-17 15:37:33] [ERROR] [capacity_test] macro((0, 0)) ip(0 mram_addr(00000CB6)) idx(0) write weight:3254, but recv weight: -875004108
[2024-12-17 15:37:33] [ERROR] [capacity_test] macro((0, 0)) ip(0 mram_addr(00000CB7)) idx(0) write weight:3255, but recv weight: -876052684
[2024-12-17 15:37:33] [ERROR] [capacity_test] macro((0, 0)) ip(0 mram_addr(00000CB8)) idx(0) write weight:3256, but recv weight: -876052684
[2024-12-17 15:37:33] [ERROR] [capacity_test] macro((0, 0)) ip(0 mram_addr(00000CB9)) idx(0) write weight:3257, but recv weight: -877101260
[2024-12-17 15:37:33] [ERROR] [capacity_test] macro((0, 0)) ip(0 mram_addr(00000CBA)) idx(0) write weight:3258, but recv weight: -877101260
[2024-12-17 15:37:33] [ERROR] [capacity_test] macro((0, 0)) ip(0 mram_addr(00000CBB)) idx(0) write weight:3259, but recv weight: -878149836
[2024-12-17 15:37:33] [ERROR] [capacity_test] macro((0, 0)) ip(0 mram_addr(00000CBC)) idx(0) write weight:3260, but recv weight: -878149836
[2024-12-17 15:37:33] [ERROR] [capacity_test] macro((0, 0)) ip(0 mram_addr(00000CBD)) idx(0) write weight:3261, but recv weight: -879198412
[2024-12-17 15:37:33] [ERROR] [capacity_test] macro((0, 0)) ip(0 mram_addr(00000CBE)) idx(0) write weight:3262, but recv weight: -881295564
[2024-12-17 15:37:33] [ERROR] [capacity_test] macro((0, 0)) ip(0 mram_addr(00000CBF)) idx(0) write weight:3263, but recv weight: -883392716
[2024-12-17 15:37:33] [ERROR] [capacity_test] macro((0, 0)) ip(0 mram_addr(00000CC0)) idx(0) write weight:3264, but recv weight: -885489868
[2024-12-17 15:37:33] [ERROR] [capacity_test] macro((0, 0)) ip(0 mram_addr(00000CC1)) idx(0) write weight:3265, but recv weight: -887587020
[2024-12-17 15:37:33] [ERROR] [capacity_test] macro((0, 0)) ip(0 mram_addr(00000CC2)) idx(0) write weight:3266, but recv weight: -889684172
[2024-12-17 15:37:33] [ERROR] [capacity_test] macro((0, 0)) ip(0 mram_addr(00000CC3)) idx(0) write weight:3267, but recv weight: -891781324
[2024-12-17 15:37:33] [ERROR] [capacity_test] macro((0, 0)) ip(0 mram_addr(00000CC4)) idx(0) write weight:3268, but recv weight: -893878476
[2024-12-17 15:37:33] [ERROR] [capacity_test] macro((0, 0)) ip(0 mram_addr(00000CC5)) idx(0) write weight:3269, but recv weight: -895975628
[2024-12-17 15:37:33] [ERROR] [capacity_test] macro((0, 0)) ip(0 mram_addr(00000CC6)) idx(0) write weight:3270, but recv weight: -898072780
[2024-12-17 15:37:33] [ERROR] [capacity_test] macro((0, 0)) ip(0 mram_addr(00000CC7)) idx(0) write weight:3271, but recv weight: -900169932
[2024-12-17 15:37:33] [ERROR] [capacity_test] macro((0, 0)) ip(0 mram_addr(00000CC8)) idx(0) write weight:3272, but recv weight: -902267084
[2024-12-17 15:37:33] [ERROR] [capacity_test] macro((0, 0)) ip(0 mram_addr(00000CC9)) idx(0) write weight:3273, but recv weight: -904364236
[2024-12-17 15:37:33] [ERROR] [capacity_test] macro((0, 0)) ip(0 mram_addr(00000CCA)) idx(0) write weight:3274, but recv weight: -906461388
[2024-12-17 15:37:33] [ERROR] [capacity_test] macro((0, 0)) ip(0 mram_addr(00000CCB)) idx(0) write weight:3275, but recv weight: -908558540
[2024-12-17 15:37:33] [ERROR] [capacity_test] macro((0, 0)) ip(0 mram_addr(00000CCC)) idx(0) write weight:3276, but recv weight: -910655692
[2024-12-17 15:37:33] [ERROR] [capacity_test] macro((0, 0)) ip(0 mram_addr(00000CCD)) idx(0) write weight:3277, but recv weight: -912752844
[2024-12-17 15:37:33] [ERROR] [capacity_test] macro((0, 0)) ip(0 mram_addr(00000CCE)) idx(0) write weight:3278, but recv weight: -914849996
[2024-12-17 15:37:33] [ERROR] [capacity_test] macro((0, 0)) ip(0 mram_addr(00000CCF)) idx(0) write weight:3279, but recv weight: -916947148
[2024-12-17 15:37:33] [ERROR] [capacity_test] macro((0, 0)) ip(0 mram_addr(00000CD0)) idx(0) write weight:3280, but recv weight: -919044300
[2024-12-17 15:37:33] [ERROR] [capacity_test] macro((0, 0)) ip(0 mram_addr(00000CD1)) idx(0) write weight:3281, but recv weight: -921141452
[2024-12-17 15:37:33] [ERROR] [capacity_test] macro((0, 0)) ip(0 mram_addr(00000CD2)) idx(0) write weight:3282, but recv weight: -923238604
[2024-12-17 15:37:33] [ERROR] [capacity_test] macro((0, 0)) ip(0 mram_addr(00000CD3)) idx(0) write weight:3283, but recv weight: -925335756
[2024-12-17 15:37:33] [ERROR] [capacity_test] macro((0, 0)) ip(0 mram_addr(00000CD4)) idx(0) write weight:3284, but recv weight: -927432908
[2024-12-17 15:37:33] [ERROR] [capacity_test] macro((0, 0)) ip(0 mram_addr(00000CD5)) idx(0) write weight:3285, but recv weight: -929530060
[2024-12-17 15:37:33] [ERROR] [capacity_test] macro((0, 0)) ip(0 mram_addr(00000CD6)) idx(0) write weight:3286, but recv weight: -931627212
[2024-12-17 15:37:33] [ERROR] [capacity_test] macro((0, 0)) ip(0 mram_addr(00000CD7)) idx(0) write weight:3287, but recv weight: -933724364
[2024-12-17 15:37:33] [ERROR] [capacity_test] macro((0, 0)) ip(0 mram_addr(00000CD8)) idx(0) write weight:3288, but recv weight: -935821516
[2024-12-17 15:37:33] [ERROR] [capacity_test] macro((0, 0)) ip(0 mram_addr(00000CD9)) idx(0) write weight:3289, but recv weight: -841449676
[2024-12-17 15:37:33] [ERROR] [capacity_test] macro((0, 0)) ip(0 mram_addr(00000CDA)) idx(0) write weight:3290, but recv weight: -841449676
[2024-12-17 15:37:33] [ERROR] [capacity_test] macro((0, 0)) ip(0 mram_addr(00000CDB)) idx(0) write weight:3291, but recv weight: -841449676
[2024-12-17 15:37:33] [ERROR] [capacity_test] macro((0, 0)) ip(0 mram_addr(00000CDC)) idx(0) write weight:3292, but recv weight: -841449676
[2024-12-17 15:37:33] [ERROR] [capacity_test] macro((0, 0)) ip(0 mram_addr(00000CDD)) idx(0) write weight:3293, but recv weight: -841449676
[2024-12-17 15:37:33] [ERROR] [capacity_test] macro((0, 0)) ip(0 mram_addr(00000CDE)) idx(0) write weight:3294, but recv weight: -842498252
[2024-12-17 15:37:33] [ERROR] [capacity_test] macro((0, 0)) ip(0 mram_addr(00000CDF)) idx(0) write weight:3295, but recv weight: -842498252
[2024-12-17 15:37:33] [ERROR] [capacity_test] macro((0, 0)) ip(0 mram_addr(00000CE0)) idx(0) write weight:3296, but recv weight: -842498252
[2024-12-17 15:37:33] [ERROR] [capacity_test] macro((0, 0)) ip(0 mram_addr(00000CE1)) idx(0) write weight:3297, but recv weight: -842498252
[2024-12-17 15:37:33] [ERROR] [capacity_test] macro((0, 0)) ip(0 mram_addr(00000CE2)) idx(0) write weight:3298, but recv weight: -842498252
[2024-12-17 15:37:33] [ERROR] [capacity_test] macro((0, 0)) ip(0 mram_addr(00000CE3)) idx(0) write weight:3299, but recv weight: -842498252
[2024-12-17 15:37:33] [ERROR] [capacity_test] macro((0, 0)) ip(0 mram_addr(00000CE4)) idx(0) write weight:3300, but recv weight: -842498252
[2024-12-17 15:37:33] [ERROR] [capacity_test] macro((0, 0)) ip(0 mram_addr(00000CE5)) idx(0) write weight:3301, but recv weight: -842498252
[2024-12-17 15:37:33] [ERROR] [capacity_test] macro((0, 0)) ip(0 mram_addr(00000CE6)) idx(0) write weight:3302, but recv weight: -842498252
[2024-12-17 15:37:33] [ERROR] [capacity_test] macro((0, 0)) ip(0 mram_addr(00000CE7)) idx(0) write weight:3303, but recv weight: -842498252
[2024-12-17 15:37:33] [ERROR] [capacity_test] macro((0, 0)) ip(0 mram_addr(00000CE8)) idx(0) write weight:3304, but recv weight: -842498252
[2024-12-17 15:37:33] [ERROR] [capacity_test] macro((0, 0)) ip(0 mram_addr(00000CE9)) idx(0) write weight:3305, but recv weight: -842498252
[2024-12-17 15:37:33] [ERROR] [capacity_test] macro((0, 0)) ip(0 mram_addr(00000CEA)) idx(0) write weight:3306, but recv weight: -842498252
[2024-12-17 15:37:33] [ERROR] [capacity_test] macro((0, 0)) ip(0 mram_addr(00000CEB)) idx(0) write weight:3307, but recv weight: -842498252
[2024-12-17 15:37:33] [ERROR] [capacity_test] macro((0, 0)) ip(0 mram_addr(00000CEC)) idx(0) write weight:3308, but recv weight: -842498252
[2024-12-17 15:37:33] [ERROR] [capacity_test] macro((0, 0)) ip(0 mram_addr(00000CED)) idx(0) write weight:3309, but recv weight: -842498252
[2024-12-17 15:37:33] [ERROR] [capacity_test] macro((0, 0)) ip(0 mram_addr(00000CEE)) idx(0) write weight:3310, but recv weight: -843546828
[2024-12-17 15:37:33] [ERROR] [capacity_test] macro((0, 0)) ip(0 mram_addr(00000CEF)) idx(0) write weight:3311, but recv weight: -843546828
[2024-12-17 15:37:33] [ERROR] [capacity_test] macro((0, 0)) ip(0 mram_addr(00000CF0)) idx(0) write weight:3312, but recv weight: -843546828
[2024-12-17 15:37:33] [ERROR] [capacity_test] macro((0, 0)) ip(0 mram_addr(00000CF1)) idx(0) write weight:3313, but recv weight: -843546828
[2024-12-17 15:37:33] [ERROR] [capacity_test] macro((0, 0)) ip(0 mram_addr(00000CF2)) idx(0) write weight:3314, but recv weight: -843546828
[2024-12-17 15:37:33] [ERROR] [capacity_test] macro((0, 0)) ip(0 mram_addr(00000CF3)) idx(0) write weight:3315, but recv weight: -843546828
[2024-12-17 15:37:33] [ERROR] [capacity_test] macro((0, 0)) ip(0 mram_addr(00000CF4)) idx(0) write weight:3316, but recv weight: -843546828
[2024-12-17 15:37:33] [ERROR] [capacity_test] macro((0, 0)) ip(0 mram_addr(00000CF5)) idx(0) write weight:3317, but recv weight: -843546828
[2024-12-17 15:37:33] [ERROR] [capacity_test] macro((0, 0)) ip(0 mram_addr(00000CF6)) idx(0) write weight:3318, but recv weight: -843546828
[2024-12-17 15:37:33] [ERROR] [capacity_test] macro((0, 0)) ip(0 mram_addr(00000CF7)) idx(0) write weight:3319, but recv weight: -843546828
[2024-12-17 15:37:33] [ERROR] [capacity_test] macro((0, 0)) ip(0 mram_addr(00000CF8)) idx(0) write weight:3320, but recv weight: -843546828
[2024-12-17 15:37:33] [ERROR] [capacity_test] macro((0, 0)) ip(0 mram_addr(00000CF9)) idx(0) write weight:3321, but recv weight: -843546828
[2024-12-17 15:37:33] [ERROR] [capacity_test] macro((0, 0)) ip(0 mram_addr(00000CFA)) idx(0) write weight:3322, but recv weight: -843546828
[2024-12-17 15:37:33] [ERROR] [capacity_test] macro((0, 0)) ip(0 mram_addr(00000CFB)) idx(0) write weight:3323, but recv weight: -843546828
[2024-12-17 15:37:33] [ERROR] [capacity_test] macro((0, 0)) ip(0 mram_addr(00000CFC)) idx(0) write weight:3324, but recv weight: -844595404
[2024-12-17 15:37:33] [ERROR] [capacity_test] macro((0, 0)) ip(0 mram_addr(00000CFD)) idx(0) write weight:3325, but recv weight: -844595404
[2024-12-17 15:37:33] [ERROR] [capacity_test] macro((0, 0)) ip(0 mram_addr(00000CFE)) idx(0) write weight:3326, but recv weight: -845643980
[2024-12-17 15:37:33] [ERROR] [capacity_test] macro((0, 0)) ip(0 mram_addr(00000CFF)) idx(0) write weight:3327, but recv weight: -845643980
[2024-12-17 15:37:33] [ERROR] [capacity_test] macro((0, 0)) ip(0 mram_addr(00000D00)) idx(0) write weight:3328, but recv weight: -846692556
[2024-12-17 15:37:33] [ERROR] [capacity_test] macro((0, 0)) ip(0 mram_addr(00000D01)) idx(0) write weight:3329, but recv weight: -846692556
[2024-12-17 15:37:33] [ERROR] [capacity_test] macro((0, 0)) ip(0 mram_addr(00000D02)) idx(0) write weight:3330, but recv weight: -847741132
[2024-12-17 15:37:33] [ERROR] [capacity_test] macro((0, 0)) ip(0 mram_addr(00000D03)) idx(0) write weight:3331, but recv weight: -847741132
[2024-12-17 15:37:33] [ERROR] [capacity_test] macro((0, 0)) ip(0 mram_addr(00000D04)) idx(0) write weight:3332, but recv weight: -848789708
[2024-12-17 15:37:33] [ERROR] [capacity_test] macro((0, 0)) ip(0 mram_addr(00000D05)) idx(0) write weight:3333, but recv weight: -848789708
[2024-12-17 15:37:33] [ERROR] [capacity_test] macro((0, 0)) ip(0 mram_addr(00000D06)) idx(0) write weight:3334, but recv weight: -849838284
[2024-12-17 15:37:33] [ERROR] [capacity_test] macro((0, 0)) ip(0 mram_addr(00000D07)) idx(0) write weight:3335, but recv weight: -849838284
[2024-12-17 15:37:33] [ERROR] [capacity_test] macro((0, 0)) ip(0 mram_addr(00000D08)) idx(0) write weight:3336, but recv weight: -850886860
[2024-12-17 15:37:33] [ERROR] [capacity_test] macro((0, 0)) ip(0 mram_addr(00000D09)) idx(0) write weight:3337, but recv weight: -850886860
[2024-12-17 15:37:33] [ERROR] [capacity_test] macro((0, 0)) ip(0 mram_addr(00000D0A)) idx(0) write weight:3338, but recv weight: -851935436
[2024-12-17 15:37:33] [ERROR] [capacity_test] macro((0, 0)) ip(0 mram_addr(00000D0B)) idx(0) write weight:3339, but recv weight: -851935436
[2024-12-17 15:37:33] [ERROR] [capacity_test] macro((0, 0)) ip(0 mram_addr(00000D0C)) idx(0) write weight:3340, but recv weight: -852984012
[2024-12-17 15:37:33] [ERROR] [capacity_test] macro((0, 0)) ip(0 mram_addr(00000D0D)) idx(0) write weight:3341, but recv weight: -852984012
[2024-12-17 15:37:33] [ERROR] [capacity_test] macro((0, 0)) ip(0 mram_addr(00000D0E)) idx(0) write weight:3342, but recv weight: -854032588
[2024-12-17 15:37:33] [ERROR] [capacity_test] macro((0, 0)) ip(0 mram_addr(00000D0F)) idx(0) write weight:3343, but recv weight: -854032588
[2024-12-17 15:37:33] [ERROR] [capacity_test] macro((0, 0)) ip(0 mram_addr(00000D10)) idx(0) write weight:3344, but recv weight: -855081164
[2024-12-17 15:37:33] [ERROR] [capacity_test] macro((0, 0)) ip(0 mram_addr(00000D11)) idx(0) write weight:3345, but recv weight: -855081164
[2024-12-17 15:37:33] [ERROR] [capacity_test] macro((0, 0)) ip(0 mram_addr(00000D12)) idx(0) write weight:3346, but recv weight: -856129740
[2024-12-17 15:37:33] [ERROR] [capacity_test] macro((0, 0)) ip(0 mram_addr(00000D13)) idx(0) write weight:3347, but recv weight: -856129740
[2024-12-17 15:37:33] [ERROR] [capacity_test] macro((0, 0)) ip(0 mram_addr(00000D14)) idx(0) write weight:3348, but recv weight: -857178316
[2024-12-17 15:37:33] [ERROR] [capacity_test] macro((0, 0)) ip(0 mram_addr(00000D15)) idx(0) write weight:3349, but recv weight: -857178316
[2024-12-17 15:37:33] [ERROR] [capacity_test] macro((0, 0)) ip(0 mram_addr(00000D16)) idx(0) write weight:3350, but recv weight: -858226892
[2024-12-17 15:37:33] [ERROR] [capacity_test] macro((0, 0)) ip(0 mram_addr(00000D17)) idx(0) write weight:3351, but recv weight: -858226892
[2024-12-17 15:37:33] [ERROR] [capacity_test] macro((0, 0)) ip(0 mram_addr(00000D18)) idx(0) write weight:3352, but recv weight: -859275468
[2024-12-17 15:37:33] [ERROR] [capacity_test] macro((0, 0)) ip(0 mram_addr(00000D19)) idx(0) write weight:3353, but recv weight: -859275468
[2024-12-17 15:37:33] [ERROR] [capacity_test] macro((0, 0)) ip(0 mram_addr(00000D1A)) idx(0) write weight:3354, but recv weight: -860324044
[2024-12-17 15:37:33] [ERROR] [capacity_test] macro((0, 0)) ip(0 mram_addr(00000D1B)) idx(0) write weight:3355, but recv weight: -860324044
[2024-12-17 15:37:33] [ERROR] [capacity_test] macro((0, 0)) ip(0 mram_addr(00000D1C)) idx(0) write weight:3356, but recv weight: -861372620
[2024-12-17 15:37:33] [ERROR] [capacity_test] macro((0, 0)) ip(0 mram_addr(00000D1D)) idx(0) write weight:3357, but recv weight: -861372620
[2024-12-17 15:37:33] [ERROR] [capacity_test] macro((0, 0)) ip(0 mram_addr(00000D1E)) idx(0) write weight:3358, but recv weight: -862421196
[2024-12-17 15:37:33] [ERROR] [capacity_test] macro((0, 0)) ip(0 mram_addr(00000D1F)) idx(0) write weight:3359, but recv weight: -862421196
[2024-12-17 15:37:33] [ERROR] [capacity_test] macro((0, 0)) ip(0 mram_addr(00000D20)) idx(0) write weight:3360, but recv weight: -863469772
[2024-12-17 15:37:33] [ERROR] [capacity_test] macro((0, 0)) ip(0 mram_addr(00000D21)) idx(0) write weight:3361, but recv weight: -863469772
[2024-12-17 15:37:33] [ERROR] [capacity_test] macro((0, 0)) ip(0 mram_addr(00000D22)) idx(0) write weight:3362, but recv weight: -864518348
[2024-12-17 15:37:33] [ERROR] [capacity_test] macro((0, 0)) ip(0 mram_addr(00000D23)) idx(0) write weight:3363, but recv weight: -864518348
[2024-12-17 15:37:33] [ERROR] [capacity_test] macro((0, 0)) ip(0 mram_addr(00000D24)) idx(0) write weight:3364, but recv weight: -865566924
[2024-12-17 15:37:33] [ERROR] [capacity_test] macro((0, 0)) ip(0 mram_addr(00000D25)) idx(0) write weight:3365, but recv weight: -865566924
[2024-12-17 15:37:33] [ERROR] [capacity_test] macro((0, 0)) ip(0 mram_addr(00000D26)) idx(0) write weight:3366, but recv weight: -866615500
[2024-12-17 15:37:33] [ERROR] [capacity_test] macro((0, 0)) ip(0 mram_addr(00000D27)) idx(0) write weight:3367, but recv weight: -866615500
[2024-12-17 15:37:33] [ERROR] [capacity_test] macro((0, 0)) ip(0 mram_addr(00000D28)) idx(0) write weight:3368, but recv weight: -867664076
[2024-12-17 15:37:33] [ERROR] [capacity_test] macro((0, 0)) ip(0 mram_addr(00000D29)) idx(0) write weight:3369, but recv weight: -867664076
[2024-12-17 15:37:33] [ERROR] [capacity_test] macro((0, 0)) ip(0 mram_addr(00000D2A)) idx(0) write weight:3370, but recv weight: -868712652
[2024-12-17 15:37:33] [ERROR] [capacity_test] macro((0, 0)) ip(0 mram_addr(00000D2B)) idx(0) write weight:3371, but recv weight: -868712652
[2024-12-17 15:37:33] [ERROR] [capacity_test] macro((0, 0)) ip(0 mram_addr(00000D2C)) idx(0) write weight:3372, but recv weight: -869761228
[2024-12-17 15:37:33] [ERROR] [capacity_test] macro((0, 0)) ip(0 mram_addr(00000D2D)) idx(0) write weight:3373, but recv weight: -869761228
[2024-12-17 15:37:33] [ERROR] [capacity_test] macro((0, 0)) ip(0 mram_addr(00000D2E)) idx(0) write weight:3374, but recv weight: -870809804
[2024-12-17 15:37:33] [ERROR] [capacity_test] macro((0, 0)) ip(0 mram_addr(00000D2F)) idx(0) write weight:3375, but recv weight: -870809804
[2024-12-17 15:37:33] [ERROR] [capacity_test] macro((0, 0)) ip(0 mram_addr(00000D30)) idx(0) write weight:3376, but recv weight: -871858380
[2024-12-17 15:37:33] [ERROR] [capacity_test] macro((0, 0)) ip(0 mram_addr(00000D31)) idx(0) write weight:3377, but recv weight: -871858380
[2024-12-17 15:37:33] [ERROR] [capacity_test] macro((0, 0)) ip(0 mram_addr(00000D32)) idx(0) write weight:3378, but recv weight: -872906956
[2024-12-17 15:37:33] [ERROR] [capacity_test] macro((0, 0)) ip(0 mram_addr(00000D33)) idx(0) write weight:3379, but recv weight: -872906956
[2024-12-17 15:37:33] [ERROR] [capacity_test] macro((0, 0)) ip(0 mram_addr(00000D34)) idx(0) write weight:3380, but recv weight: -873955532
[2024-12-17 15:37:33] [ERROR] [capacity_test] macro((0, 0)) ip(0 mram_addr(00000D35)) idx(0) write weight:3381, but recv weight: -873955532
[2024-12-17 15:37:33] [ERROR] [capacity_test] macro((0, 0)) ip(0 mram_addr(00000D36)) idx(0) write weight:3382, but recv weight: -875004108
[2024-12-17 15:37:33] [ERROR] [capacity_test] macro((0, 0)) ip(0 mram_addr(00000D37)) idx(0) write weight:3383, but recv weight: -875004108
[2024-12-17 15:37:33] [ERROR] [capacity_test] macro((0, 0)) ip(0 mram_addr(00000D38)) idx(0) write weight:3384, but recv weight: -876052684
[2024-12-17 15:37:33] [ERROR] [capacity_test] macro((0, 0)) ip(0 mram_addr(00000D39)) idx(0) write weight:3385, but recv weight: -876052684
[2024-12-17 15:37:33] [ERROR] [capacity_test] macro((0, 0)) ip(0 mram_addr(00000D3A)) idx(0) write weight:3386, but recv weight: -877101260
[2024-12-17 15:37:33] [ERROR] [capacity_test] macro((0, 0)) ip(0 mram_addr(00000D3B)) idx(0) write weight:3387, but recv weight: -877101260
[2024-12-17 15:37:33] [ERROR] [capacity_test] macro((0, 0)) ip(0 mram_addr(00000D3C)) idx(0) write weight:3388, but recv weight: -878149836
[2024-12-17 15:37:33] [ERROR] [capacity_test] macro((0, 0)) ip(0 mram_addr(00000D3D)) idx(0) write weight:3389, but recv weight: -878149836
[2024-12-17 15:37:33] [ERROR] [capacity_test] macro((0, 0)) ip(0 mram_addr(00000D3E)) idx(0) write weight:3390, but recv weight: -880246988
[2024-12-17 15:37:33] [ERROR] [capacity_test] macro((0, 0)) ip(0 mram_addr(00000D3F)) idx(0) write weight:3391, but recv weight: -882344140
[2024-12-17 15:37:33] [ERROR] [capacity_test] macro((0, 0)) ip(0 mram_addr(00000D40)) idx(0) write weight:3392, but recv weight: -884441292
[2024-12-17 15:37:33] [ERROR] [capacity_test] macro((0, 0)) ip(0 mram_addr(00000D41)) idx(0) write weight:3393, but recv weight: -886538444
[2024-12-17 15:37:33] [ERROR] [capacity_test] macro((0, 0)) ip(0 mram_addr(00000D42)) idx(0) write weight:3394, but recv weight: -888635596
[2024-12-17 15:37:33] [ERROR] [capacity_test] macro((0, 0)) ip(0 mram_addr(00000D43)) idx(0) write weight:3395, but recv weight: -890732748
[2024-12-17 15:37:33] [ERROR] [capacity_test] macro((0, 0)) ip(0 mram_addr(00000D44)) idx(0) write weight:3396, but recv weight: -892829900
[2024-12-17 15:37:33] [ERROR] [capacity_test] macro((0, 0)) ip(0 mram_addr(00000D45)) idx(0) write weight:3397, but recv weight: -894927052
[2024-12-17 15:37:33] [ERROR] [capacity_test] macro((0, 0)) ip(0 mram_addr(00000D46)) idx(0) write weight:3398, but recv weight: -897024204
[2024-12-17 15:37:33] [ERROR] [capacity_test] macro((0, 0)) ip(0 mram_addr(00000D47)) idx(0) write weight:3399, but recv weight: -899121356
[2024-12-17 15:37:33] [ERROR] [capacity_test] macro((0, 0)) ip(0 mram_addr(00000D48)) idx(0) write weight:3400, but recv weight: -901218508
[2024-12-17 15:37:33] [ERROR] [capacity_test] macro((0, 0)) ip(0 mram_addr(00000D49)) idx(0) write weight:3401, but recv weight: -903315660
[2024-12-17 15:37:33] [ERROR] [capacity_test] macro((0, 0)) ip(0 mram_addr(00000D4A)) idx(0) write weight:3402, but recv weight: -905412812
[2024-12-17 15:37:33] [ERROR] [capacity_test] macro((0, 0)) ip(0 mram_addr(00000D4B)) idx(0) write weight:3403, but recv weight: -907509964
[2024-12-17 15:37:33] [ERROR] [capacity_test] macro((0, 0)) ip(0 mram_addr(00000D4C)) idx(0) write weight:3404, but recv weight: -909607116
[2024-12-17 15:37:33] [ERROR] [capacity_test] macro((0, 0)) ip(0 mram_addr(00000D4D)) idx(0) write weight:3405, but recv weight: -911704268
[2024-12-17 15:37:33] [ERROR] [capacity_test] macro((0, 0)) ip(0 mram_addr(00000D4E)) idx(0) write weight:3406, but recv weight: -913801420
[2024-12-17 15:37:33] [ERROR] [capacity_test] macro((0, 0)) ip(0 mram_addr(00000D4F)) idx(0) write weight:3407, but recv weight: -915898572
[2024-12-17 15:37:33] [ERROR] [capacity_test] macro((0, 0)) ip(0 mram_addr(00000D50)) idx(0) write weight:3408, but recv weight: -917995724
[2024-12-17 15:37:33] [ERROR] [capacity_test] macro((0, 0)) ip(0 mram_addr(00000D51)) idx(0) write weight:3409, but recv weight: -920092876
[2024-12-17 15:37:33] [ERROR] [capacity_test] macro((0, 0)) ip(0 mram_addr(00000D52)) idx(0) write weight:3410, but recv weight: -922190028
[2024-12-17 15:37:33] [ERROR] [capacity_test] macro((0, 0)) ip(0 mram_addr(00000D53)) idx(0) write weight:3411, but recv weight: -924287180
[2024-12-17 15:37:33] [ERROR] [capacity_test] macro((0, 0)) ip(0 mram_addr(00000D54)) idx(0) write weight:3412, but recv weight: -926384332
[2024-12-17 15:37:33] [ERROR] [capacity_test] macro((0, 0)) ip(0 mram_addr(00000D55)) idx(0) write weight:3413, but recv weight: -928481484
[2024-12-17 15:37:33] [ERROR] [capacity_test] macro((0, 0)) ip(0 mram_addr(00000D56)) idx(0) write weight:3414, but recv weight: -930578636
[2024-12-17 15:37:33] [ERROR] [capacity_test] macro((0, 0)) ip(0 mram_addr(00000D57)) idx(0) write weight:3415, but recv weight: -932675788
[2024-12-17 15:37:33] [ERROR] [capacity_test] macro((0, 0)) ip(0 mram_addr(00000D58)) idx(0) write weight:3416, but recv weight: -934772940
[2024-12-17 15:37:33] [ERROR] [capacity_test] macro((0, 0)) ip(0 mram_addr(00000D59)) idx(0) write weight:3417, but recv weight: -936870092
[2024-12-17 15:37:33] [ERROR] [capacity_test] macro((0, 0)) ip(0 mram_addr(00000D5A)) idx(0) write weight:3418, but recv weight: -938967244
[2024-12-17 15:37:33] [ERROR] [capacity_test] macro((0, 0)) ip(0 mram_addr(00000D5B)) idx(0) write weight:3419, but recv weight: -941064396
[2024-12-17 15:37:33] [ERROR] [capacity_test] macro((0, 0)) ip(0 mram_addr(00000D5C)) idx(0) write weight:3420, but recv weight: -943161548
[2024-12-17 15:37:33] [ERROR] [capacity_test] macro((0, 0)) ip(0 mram_addr(00000D5D)) idx(0) write weight:3421, but recv weight: 0
[2024-12-17 15:37:33] [ERROR] [capacity_test] macro((0, 0)) ip(0 mram_addr(00000D5E)) idx(0) write weight:3422, but recv weight: -842498252
[2024-12-17 15:37:33] [ERROR] [capacity_test] macro((0, 0)) ip(0 mram_addr(00000D5F)) idx(0) write weight:3423, but recv weight: -842498252
[2024-12-17 15:37:33] [ERROR] [capacity_test] macro((0, 0)) ip(0 mram_addr(00000D60)) idx(0) write weight:3424, but recv weight: -842498252
[2024-12-17 15:37:33] [ERROR] [capacity_test] macro((0, 0)) ip(0 mram_addr(00000D61)) idx(0) write weight:3425, but recv weight: -842498252
[2024-12-17 15:37:33] [ERROR] [capacity_test] macro((0, 0)) ip(0 mram_addr(00000D62)) idx(0) write weight:3426, but recv weight: -842498252
[2024-12-17 15:37:33] [ERROR] [capacity_test] macro((0, 0)) ip(0 mram_addr(00000D63)) idx(0) write weight:3427, but recv weight: -842498252
[2024-12-17 15:37:33] [ERROR] [capacity_test] macro((0, 0)) ip(0 mram_addr(00000D64)) idx(0) write weight:3428, but recv weight: -842498252
[2024-12-17 15:37:33] [ERROR] [capacity_test] macro((0, 0)) ip(0 mram_addr(00000D65)) idx(0) write weight:3429, but recv weight: -842498252
[2024-12-17 15:37:33] [ERROR] [capacity_test] macro((0, 0)) ip(0 mram_addr(00000D66)) idx(0) write weight:3430, but recv weight: -842498252
[2024-12-17 15:37:33] [ERROR] [capacity_test] macro((0, 0)) ip(0 mram_addr(00000D67)) idx(0) write weight:3431, but recv weight: -842498252
[2024-12-17 15:37:33] [ERROR] [capacity_test] macro((0, 0)) ip(0 mram_addr(00000D68)) idx(0) write weight:3432, but recv weight: -842498252
[2024-12-17 15:37:33] [ERROR] [capacity_test] macro((0, 0)) ip(0 mram_addr(00000D69)) idx(0) write weight:3433, but recv weight: -842498252
[2024-12-17 15:37:33] [ERROR] [capacity_test] macro((0, 0)) ip(0 mram_addr(00000D6A)) idx(0) write weight:3434, but recv weight: -842498252
[2024-12-17 15:37:33] [ERROR] [capacity_test] macro((0, 0)) ip(0 mram_addr(00000D6B)) idx(0) write weight:3435, but recv weight: -842498252
[2024-12-17 15:37:33] [ERROR] [capacity_test] macro((0, 0)) ip(0 mram_addr(00000D6C)) idx(0) write weight:3436, but recv weight: -842498252
[2024-12-17 15:37:33] [ERROR] [capacity_test] macro((0, 0)) ip(0 mram_addr(00000D6D)) idx(0) write weight:3437, but recv weight: -843546828
[2024-12-17 15:37:33] [ERROR] [capacity_test] macro((0, 0)) ip(0 mram_addr(00000D6E)) idx(0) write weight:3438, but recv weight: -843546828
[2024-12-17 15:37:33] [ERROR] [capacity_test] macro((0, 0)) ip(0 mram_addr(00000D6F)) idx(0) write weight:3439, but recv weight: -843546828
[2024-12-17 15:37:33] [ERROR] [capacity_test] macro((0, 0)) ip(0 mram_addr(00000D70)) idx(0) write weight:3440, but recv weight: -843546828
[2024-12-17 15:37:33] [ERROR] [capacity_test] macro((0, 0)) ip(0 mram_addr(00000D71)) idx(0) write weight:3441, but recv weight: -843546828
[2024-12-17 15:37:33] [ERROR] [capacity_test] macro((0, 0)) ip(0 mram_addr(00000D72)) idx(0) write weight:3442, but recv weight: -843546828
[2024-12-17 15:37:33] [ERROR] [capacity_test] macro((0, 0)) ip(0 mram_addr(00000D73)) idx(0) write weight:3443, but recv weight: -843546828
[2024-12-17 15:37:33] [ERROR] [capacity_test] macro((0, 0)) ip(0 mram_addr(00000D74)) idx(0) write weight:3444, but recv weight: -843546828
[2024-12-17 15:37:33] [ERROR] [capacity_test] macro((0, 0)) ip(0 mram_addr(00000D75)) idx(0) write weight:3445, but recv weight: -843546828
[2024-12-17 15:37:33] [ERROR] [capacity_test] macro((0, 0)) ip(0 mram_addr(00000D76)) idx(0) write weight:3446, but recv weight: -843546828
[2024-12-17 15:37:33] [ERROR] [capacity_test] macro((0, 0)) ip(0 mram_addr(00000D77)) idx(0) write weight:3447, but recv weight: -843546828
[2024-12-17 15:37:33] [ERROR] [capacity_test] macro((0, 0)) ip(0 mram_addr(00000D78)) idx(0) write weight:3448, but recv weight: -843546828
[2024-12-17 15:37:33] [ERROR] [capacity_test] macro((0, 0)) ip(0 mram_addr(00000D79)) idx(0) write weight:3449, but recv weight: -843546828
[2024-12-17 15:37:33] [ERROR] [capacity_test] macro((0, 0)) ip(0 mram_addr(00000D7A)) idx(0) write weight:3450, but recv weight: -843546828
[2024-12-17 15:37:33] [ERROR] [capacity_test] macro((0, 0)) ip(0 mram_addr(00000D7B)) idx(0) write weight:3451, but recv weight: -844595404
[2024-12-17 15:37:33] [ERROR] [capacity_test] macro((0, 0)) ip(0 mram_addr(00000D7C)) idx(0) write weight:3452, but recv weight: -844595404
[2024-12-17 15:37:33] [ERROR] [capacity_test] macro((0, 0)) ip(0 mram_addr(00000D7D)) idx(0) write weight:3453, but recv weight: -845643980
[2024-12-17 15:37:33] [ERROR] [capacity_test] macro((0, 0)) ip(0 mram_addr(00000D7E)) idx(0) write weight:3454, but recv weight: -845643980
[2024-12-17 15:37:33] [ERROR] [capacity_test] macro((0, 0)) ip(0 mram_addr(00000D7F)) idx(0) write weight:3455, but recv weight: -846692556
[2024-12-17 15:37:33] [ERROR] [capacity_test] macro((0, 0)) ip(0 mram_addr(00000D80)) idx(0) write weight:3456, but recv weight: -846692556
[2024-12-17 15:37:33] [ERROR] [capacity_test] macro((0, 0)) ip(0 mram_addr(00000D81)) idx(0) write weight:3457, but recv weight: -847741132
[2024-12-17 15:37:33] [ERROR] [capacity_test] macro((0, 0)) ip(0 mram_addr(00000D82)) idx(0) write weight:3458, but recv weight: -847741132
[2024-12-17 15:37:33] [ERROR] [capacity_test] macro((0, 0)) ip(0 mram_addr(00000D83)) idx(0) write weight:3459, but recv weight: -848789708
[2024-12-17 15:37:33] [ERROR] [capacity_test] macro((0, 0)) ip(0 mram_addr(00000D84)) idx(0) write weight:3460, but recv weight: -848789708
[2024-12-17 15:37:33] [ERROR] [capacity_test] macro((0, 0)) ip(0 mram_addr(00000D85)) idx(0) write weight:3461, but recv weight: -849838284
[2024-12-17 15:37:33] [ERROR] [capacity_test] macro((0, 0)) ip(0 mram_addr(00000D86)) idx(0) write weight:3462, but recv weight: -849838284
[2024-12-17 15:37:33] [ERROR] [capacity_test] macro((0, 0)) ip(0 mram_addr(00000D87)) idx(0) write weight:3463, but recv weight: -850886860
[2024-12-17 15:37:33] [ERROR] [capacity_test] macro((0, 0)) ip(0 mram_addr(00000D88)) idx(0) write weight:3464, but recv weight: -850886860
[2024-12-17 15:37:33] [ERROR] [capacity_test] macro((0, 0)) ip(0 mram_addr(00000D89)) idx(0) write weight:3465, but recv weight: -851935436
[2024-12-17 15:37:33] [ERROR] [capacity_test] macro((0, 0)) ip(0 mram_addr(00000D8A)) idx(0) write weight:3466, but recv weight: -851935436
[2024-12-17 15:37:33] [ERROR] [capacity_test] macro((0, 0)) ip(0 mram_addr(00000D8B)) idx(0) write weight:3467, but recv weight: -852984012
[2024-12-17 15:37:33] [ERROR] [capacity_test] macro((0, 0)) ip(0 mram_addr(00000D8C)) idx(0) write weight:3468, but recv weight: -852984012
[2024-12-17 15:37:33] [ERROR] [capacity_test] macro((0, 0)) ip(0 mram_addr(00000D8D)) idx(0) write weight:3469, but recv weight: -854032588
[2024-12-17 15:37:33] [ERROR] [capacity_test] macro((0, 0)) ip(0 mram_addr(00000D8E)) idx(0) write weight:3470, but recv weight: -854032588
[2024-12-17 15:37:33] [ERROR] [capacity_test] macro((0, 0)) ip(0 mram_addr(00000D8F)) idx(0) write weight:3471, but recv weight: -855081164
[2024-12-17 15:37:33] [ERROR] [capacity_test] macro((0, 0)) ip(0 mram_addr(00000D90)) idx(0) write weight:3472, but recv weight: -855081164
[2024-12-17 15:37:33] [ERROR] [capacity_test] macro((0, 0)) ip(0 mram_addr(00000D91)) idx(0) write weight:3473, but recv weight: -856129740
[2024-12-17 15:37:33] [ERROR] [capacity_test] macro((0, 0)) ip(0 mram_addr(00000D92)) idx(0) write weight:3474, but recv weight: -856129740
[2024-12-17 15:37:33] [ERROR] [capacity_test] macro((0, 0)) ip(0 mram_addr(00000D93)) idx(0) write weight:3475, but recv weight: -857178316
[2024-12-17 15:37:33] [ERROR] [capacity_test] macro((0, 0)) ip(0 mram_addr(00000D94)) idx(0) write weight:3476, but recv weight: -857178316
[2024-12-17 15:37:33] [ERROR] [capacity_test] macro((0, 0)) ip(0 mram_addr(00000D95)) idx(0) write weight:3477, but recv weight: -858226892
[2024-12-17 15:37:33] [ERROR] [capacity_test] macro((0, 0)) ip(0 mram_addr(00000D96)) idx(0) write weight:3478, but recv weight: -858226892
[2024-12-17 15:37:33] [ERROR] [capacity_test] macro((0, 0)) ip(0 mram_addr(00000D97)) idx(0) write weight:3479, but recv weight: -859275468
[2024-12-17 15:37:33] [ERROR] [capacity_test] macro((0, 0)) ip(0 mram_addr(00000D98)) idx(0) write weight:3480, but recv weight: -859275468
[2024-12-17 15:37:33] [ERROR] [capacity_test] macro((0, 0)) ip(0 mram_addr(00000D99)) idx(0) write weight:3481, but recv weight: -860324044
[2024-12-17 15:37:33] [ERROR] [capacity_test] macro((0, 0)) ip(0 mram_addr(00000D9A)) idx(0) write weight:3482, but recv weight: -860324044
[2024-12-17 15:37:33] [ERROR] [capacity_test] macro((0, 0)) ip(0 mram_addr(00000D9B)) idx(0) write weight:3483, but recv weight: -861372620
[2024-12-17 15:37:33] [ERROR] [capacity_test] macro((0, 0)) ip(0 mram_addr(00000D9C)) idx(0) write weight:3484, but recv weight: -861372620
[2024-12-17 15:37:33] [ERROR] [capacity_test] macro((0, 0)) ip(0 mram_addr(00000D9D)) idx(0) write weight:3485, but recv weight: -862421196
[2024-12-17 15:37:33] [ERROR] [capacity_test] macro((0, 0)) ip(0 mram_addr(00000D9E)) idx(0) write weight:3486, but recv weight: -862421196
[2024-12-17 15:37:33] [ERROR] [capacity_test] macro((0, 0)) ip(0 mram_addr(00000D9F)) idx(0) write weight:3487, but recv weight: -863469772
[2024-12-17 15:37:33] [ERROR] [capacity_test] macro((0, 0)) ip(0 mram_addr(00000DA0)) idx(0) write weight:3488, but recv weight: -863469772
[2024-12-17 15:37:33] [ERROR] [capacity_test] macro((0, 0)) ip(0 mram_addr(00000DA1)) idx(0) write weight:3489, but recv weight: -864518348
[2024-12-17 15:37:33] [ERROR] [capacity_test] macro((0, 0)) ip(0 mram_addr(00000DA2)) idx(0) write weight:3490, but recv weight: -864518348
[2024-12-17 15:37:33] [ERROR] [capacity_test] macro((0, 0)) ip(0 mram_addr(00000DA3)) idx(0) write weight:3491, but recv weight: -865566924
[2024-12-17 15:37:33] [ERROR] [capacity_test] macro((0, 0)) ip(0 mram_addr(00000DA4)) idx(0) write weight:3492, but recv weight: -865566924
[2024-12-17 15:37:33] [ERROR] [capacity_test] macro((0, 0)) ip(0 mram_addr(00000DA5)) idx(0) write weight:3493, but recv weight: -866615500
[2024-12-17 15:37:33] [ERROR] [capacity_test] macro((0, 0)) ip(0 mram_addr(00000DA6)) idx(0) write weight:3494, but recv weight: -866615500
[2024-12-17 15:37:33] [ERROR] [capacity_test] macro((0, 0)) ip(0 mram_addr(00000DA7)) idx(0) write weight:3495, but recv weight: -867664076
[2024-12-17 15:37:33] [ERROR] [capacity_test] macro((0, 0)) ip(0 mram_addr(00000DA8)) idx(0) write weight:3496, but recv weight: -867664076
[2024-12-17 15:37:33] [ERROR] [capacity_test] macro((0, 0)) ip(0 mram_addr(00000DA9)) idx(0) write weight:3497, but recv weight: -868712652
[2024-12-17 15:37:33] [ERROR] [capacity_test] macro((0, 0)) ip(0 mram_addr(00000DAA)) idx(0) write weight:3498, but recv weight: -868712652
[2024-12-17 15:37:33] [ERROR] [capacity_test] macro((0, 0)) ip(0 mram_addr(00000DAB)) idx(0) write weight:3499, but recv weight: -869761228
[2024-12-17 15:37:33] [ERROR] [capacity_test] macro((0, 0)) ip(0 mram_addr(00000DAC)) idx(0) write weight:3500, but recv weight: -869761228
[2024-12-17 15:37:33] [ERROR] [capacity_test] macro((0, 0)) ip(0 mram_addr(00000DAD)) idx(0) write weight:3501, but recv weight: -870809804
[2024-12-17 15:37:33] [ERROR] [capacity_test] macro((0, 0)) ip(0 mram_addr(00000DAE)) idx(0) write weight:3502, but recv weight: -870809804
[2024-12-17 15:37:33] [ERROR] [capacity_test] macro((0, 0)) ip(0 mram_addr(00000DAF)) idx(0) write weight:3503, but recv weight: -871858380
[2024-12-17 15:37:33] [ERROR] [capacity_test] macro((0, 0)) ip(0 mram_addr(00000DB0)) idx(0) write weight:3504, but recv weight: -871858380
[2024-12-17 15:37:33] [ERROR] [capacity_test] macro((0, 0)) ip(0 mram_addr(00000DB1)) idx(0) write weight:3505, but recv weight: -872906956
[2024-12-17 15:37:33] [ERROR] [capacity_test] macro((0, 0)) ip(0 mram_addr(00000DB2)) idx(0) write weight:3506, but recv weight: -872906956
[2024-12-17 15:37:33] [ERROR] [capacity_test] macro((0, 0)) ip(0 mram_addr(00000DB3)) idx(0) write weight:3507, but recv weight: -873955532
[2024-12-17 15:37:33] [ERROR] [capacity_test] macro((0, 0)) ip(0 mram_addr(00000DB4)) idx(0) write weight:3508, but recv weight: -873955532
[2024-12-17 15:37:33] [ERROR] [capacity_test] macro((0, 0)) ip(0 mram_addr(00000DB5)) idx(0) write weight:3509, but recv weight: -875004108
[2024-12-17 15:37:33] [ERROR] [capacity_test] macro((0, 0)) ip(0 mram_addr(00000DB6)) idx(0) write weight:3510, but recv weight: -875004108
[2024-12-17 15:37:33] [ERROR] [capacity_test] macro((0, 0)) ip(0 mram_addr(00000DB7)) idx(0) write weight:3511, but recv weight: -876052684
[2024-12-17 15:37:33] [ERROR] [capacity_test] macro((0, 0)) ip(0 mram_addr(00000DB8)) idx(0) write weight:3512, but recv weight: -876052684
[2024-12-17 15:37:33] [ERROR] [capacity_test] macro((0, 0)) ip(0 mram_addr(00000DB9)) idx(0) write weight:3513, but recv weight: -877101260
[2024-12-17 15:37:33] [ERROR] [capacity_test] macro((0, 0)) ip(0 mram_addr(00000DBA)) idx(0) write weight:3514, but recv weight: -877101260
[2024-12-17 15:37:33] [ERROR] [capacity_test] macro((0, 0)) ip(0 mram_addr(00000DBB)) idx(0) write weight:3515, but recv weight: -878149836
[2024-12-17 15:37:33] [ERROR] [capacity_test] macro((0, 0)) ip(0 mram_addr(00000DBC)) idx(0) write weight:3516, but recv weight: -878149836
[2024-12-17 15:37:33] [ERROR] [capacity_test] macro((0, 0)) ip(0 mram_addr(00000DBD)) idx(0) write weight:3517, but recv weight: -879198412
[2024-12-17 15:37:33] [ERROR] [capacity_test] macro((0, 0)) ip(0 mram_addr(00000DBE)) idx(0) write weight:3518, but recv weight: -881295564
[2024-12-17 15:37:33] [ERROR] [capacity_test] macro((0, 0)) ip(0 mram_addr(00000DBF)) idx(0) write weight:3519, but recv weight: -883392716
[2024-12-17 15:37:33] [ERROR] [capacity_test] macro((0, 0)) ip(0 mram_addr(00000DC0)) idx(0) write weight:3520, but recv weight: -885489868
[2024-12-17 15:37:33] [ERROR] [capacity_test] macro((0, 0)) ip(0 mram_addr(00000DC1)) idx(0) write weight:3521, but recv weight: -887587020
[2024-12-17 15:37:33] [ERROR] [capacity_test] macro((0, 0)) ip(0 mram_addr(00000DC2)) idx(0) write weight:3522, but recv weight: -889684172
[2024-12-17 15:37:33] [ERROR] [capacity_test] macro((0, 0)) ip(0 mram_addr(00000DC3)) idx(0) write weight:3523, but recv weight: -891781324
[2024-12-17 15:37:33] [ERROR] [capacity_test] macro((0, 0)) ip(0 mram_addr(00000DC4)) idx(0) write weight:3524, but recv weight: -893878476
[2024-12-17 15:37:33] [ERROR] [capacity_test] macro((0, 0)) ip(0 mram_addr(00000DC5)) idx(0) write weight:3525, but recv weight: -895975628
[2024-12-17 15:37:33] [ERROR] [capacity_test] macro((0, 0)) ip(0 mram_addr(00000DC6)) idx(0) write weight:3526, but recv weight: -898072780
[2024-12-17 15:37:33] [ERROR] [capacity_test] macro((0, 0)) ip(0 mram_addr(00000DC7)) idx(0) write weight:3527, but recv weight: -900169932
[2024-12-17 15:37:33] [ERROR] [capacity_test] macro((0, 0)) ip(0 mram_addr(00000DC8)) idx(0) write weight:3528, but recv weight: -902267084
[2024-12-17 15:37:33] [ERROR] [capacity_test] macro((0, 0)) ip(0 mram_addr(00000DC9)) idx(0) write weight:3529, but recv weight: -904364236
[2024-12-17 15:37:33] [ERROR] [capacity_test] macro((0, 0)) ip(0 mram_addr(00000DCA)) idx(0) write weight:3530, but recv weight: -906461388
[2024-12-17 15:37:33] [ERROR] [capacity_test] macro((0, 0)) ip(0 mram_addr(00000DCB)) idx(0) write weight:3531, but recv weight: -908558540
[2024-12-17 15:37:33] [ERROR] [capacity_test] macro((0, 0)) ip(0 mram_addr(00000DCC)) idx(0) write weight:3532, but recv weight: -910655692
[2024-12-17 15:37:33] [ERROR] [capacity_test] macro((0, 0)) ip(0 mram_addr(00000DCD)) idx(0) write weight:3533, but recv weight: -912752844
[2024-12-17 15:37:33] [ERROR] [capacity_test] macro((0, 0)) ip(0 mram_addr(00000DCE)) idx(0) write weight:3534, but recv weight: -914849996
[2024-12-17 15:37:33] [ERROR] [capacity_test] macro((0, 0)) ip(0 mram_addr(00000DCF)) idx(0) write weight:3535, but recv weight: -916947148
[2024-12-17 15:37:33] [ERROR] [capacity_test] macro((0, 0)) ip(0 mram_addr(00000DD0)) idx(0) write weight:3536, but recv weight: -919044300
[2024-12-17 15:37:33] [ERROR] [capacity_test] macro((0, 0)) ip(0 mram_addr(00000DD1)) idx(0) write weight:3537, but recv weight: -921141452
[2024-12-17 15:37:33] [ERROR] [capacity_test] macro((0, 0)) ip(0 mram_addr(00000DD2)) idx(0) write weight:3538, but recv weight: -923238604
[2024-12-17 15:37:33] [ERROR] [capacity_test] macro((0, 0)) ip(0 mram_addr(00000DD3)) idx(0) write weight:3539, but recv weight: -925335756
[2024-12-17 15:37:33] [ERROR] [capacity_test] macro((0, 0)) ip(0 mram_addr(00000DD4)) idx(0) write weight:3540, but recv weight: -927432908
[2024-12-17 15:37:33] [ERROR] [capacity_test] macro((0, 0)) ip(0 mram_addr(00000DD5)) idx(0) write weight:3541, but recv weight: -929530060
[2024-12-17 15:37:33] [ERROR] [capacity_test] macro((0, 0)) ip(0 mram_addr(00000DD6)) idx(0) write weight:3542, but recv weight: -931627212
[2024-12-17 15:37:33] [ERROR] [capacity_test] macro((0, 0)) ip(0 mram_addr(00000DD7)) idx(0) write weight:3543, but recv weight: -933724364
[2024-12-17 15:37:33] [ERROR] [capacity_test] macro((0, 0)) ip(0 mram_addr(00000DD8)) idx(0) write weight:3544, but recv weight: -935821516
[2024-12-17 15:37:33] [ERROR] [capacity_test] macro((0, 0)) ip(0 mram_addr(00000DD9)) idx(0) write weight:3545, but recv weight: -841449676
[2024-12-17 15:37:33] [ERROR] [capacity_test] macro((0, 0)) ip(0 mram_addr(00000DDA)) idx(0) write weight:3546, but recv weight: -841449676
[2024-12-17 15:37:33] [ERROR] [capacity_test] macro((0, 0)) ip(0 mram_addr(00000DDB)) idx(0) write weight:3547, but recv weight: -841449676
[2024-12-17 15:37:33] [ERROR] [capacity_test] macro((0, 0)) ip(0 mram_addr(00000DDC)) idx(0) write weight:3548, but recv weight: -841449676
[2024-12-17 15:37:33] [ERROR] [capacity_test] macro((0, 0)) ip(0 mram_addr(00000DDD)) idx(0) write weight:3549, but recv weight: -841449676
[2024-12-17 15:37:33] [ERROR] [capacity_test] macro((0, 0)) ip(0 mram_addr(00000DDE)) idx(0) write weight:3550, but recv weight: -842498252
[2024-12-17 15:37:33] [ERROR] [capacity_test] macro((0, 0)) ip(0 mram_addr(00000DDF)) idx(0) write weight:3551, but recv weight: -842498252
[2024-12-17 15:37:33] [ERROR] [capacity_test] macro((0, 0)) ip(0 mram_addr(00000DE0)) idx(0) write weight:3552, but recv weight: -842498252
[2024-12-17 15:37:33] [ERROR] [capacity_test] macro((0, 0)) ip(0 mram_addr(00000DE1)) idx(0) write weight:3553, but recv weight: -842498252
[2024-12-17 15:37:33] [ERROR] [capacity_test] macro((0, 0)) ip(0 mram_addr(00000DE2)) idx(0) write weight:3554, but recv weight: -842498252
[2024-12-17 15:37:33] [ERROR] [capacity_test] macro((0, 0)) ip(0 mram_addr(00000DE3)) idx(0) write weight:3555, but recv weight: -842498252
[2024-12-17 15:37:33] [ERROR] [capacity_test] macro((0, 0)) ip(0 mram_addr(00000DE4)) idx(0) write weight:3556, but recv weight: -842498252
[2024-12-17 15:37:33] [ERROR] [capacity_test] macro((0, 0)) ip(0 mram_addr(00000DE5)) idx(0) write weight:3557, but recv weight: -842498252
[2024-12-17 15:37:33] [ERROR] [capacity_test] macro((0, 0)) ip(0 mram_addr(00000DE6)) idx(0) write weight:3558, but recv weight: -842498252
[2024-12-17 15:37:33] [ERROR] [capacity_test] macro((0, 0)) ip(0 mram_addr(00000DE7)) idx(0) write weight:3559, but recv weight: -842498252
[2024-12-17 15:37:33] [ERROR] [capacity_test] macro((0, 0)) ip(0 mram_addr(00000DE8)) idx(0) write weight:3560, but recv weight: -842498252
[2024-12-17 15:37:33] [ERROR] [capacity_test] macro((0, 0)) ip(0 mram_addr(00000DE9)) idx(0) write weight:3561, but recv weight: -842498252
[2024-12-17 15:37:33] [ERROR] [capacity_test] macro((0, 0)) ip(0 mram_addr(00000DEA)) idx(0) write weight:3562, but recv weight: -842498252
[2024-12-17 15:37:33] [ERROR] [capacity_test] macro((0, 0)) ip(0 mram_addr(00000DEB)) idx(0) write weight:3563, but recv weight: -842498252
[2024-12-17 15:37:33] [ERROR] [capacity_test] macro((0, 0)) ip(0 mram_addr(00000DEC)) idx(0) write weight:3564, but recv weight: -842498252
[2024-12-17 15:37:33] [ERROR] [capacity_test] macro((0, 0)) ip(0 mram_addr(00000DED)) idx(0) write weight:3565, but recv weight: -842498252
[2024-12-17 15:37:33] [ERROR] [capacity_test] macro((0, 0)) ip(0 mram_addr(00000DEE)) idx(0) write weight:3566, but recv weight: -843546828
[2024-12-17 15:37:33] [ERROR] [capacity_test] macro((0, 0)) ip(0 mram_addr(00000DEF)) idx(0) write weight:3567, but recv weight: -843546828
[2024-12-17 15:37:33] [ERROR] [capacity_test] macro((0, 0)) ip(0 mram_addr(00000DF0)) idx(0) write weight:3568, but recv weight: -843546828
[2024-12-17 15:37:33] [ERROR] [capacity_test] macro((0, 0)) ip(0 mram_addr(00000DF1)) idx(0) write weight:3569, but recv weight: -843546828
[2024-12-17 15:37:33] [ERROR] [capacity_test] macro((0, 0)) ip(0 mram_addr(00000DF2)) idx(0) write weight:3570, but recv weight: -843546828
[2024-12-17 15:37:33] [ERROR] [capacity_test] macro((0, 0)) ip(0 mram_addr(00000DF3)) idx(0) write weight:3571, but recv weight: -843546828
[2024-12-17 15:37:33] [ERROR] [capacity_test] macro((0, 0)) ip(0 mram_addr(00000DF4)) idx(0) write weight:3572, but recv weight: -843546828
[2024-12-17 15:37:33] [ERROR] [capacity_test] macro((0, 0)) ip(0 mram_addr(00000DF5)) idx(0) write weight:3573, but recv weight: -843546828
[2024-12-17 15:37:33] [ERROR] [capacity_test] macro((0, 0)) ip(0 mram_addr(00000DF6)) idx(0) write weight:3574, but recv weight: -843546828
[2024-12-17 15:37:33] [ERROR] [capacity_test] macro((0, 0)) ip(0 mram_addr(00000DF7)) idx(0) write weight:3575, but recv weight: -843546828
[2024-12-17 15:37:33] [ERROR] [capacity_test] macro((0, 0)) ip(0 mram_addr(00000DF8)) idx(0) write weight:3576, but recv weight: -843546828
[2024-12-17 15:37:33] [ERROR] [capacity_test] macro((0, 0)) ip(0 mram_addr(00000DF9)) idx(0) write weight:3577, but recv weight: -843546828
[2024-12-17 15:37:33] [ERROR] [capacity_test] macro((0, 0)) ip(0 mram_addr(00000DFA)) idx(0) write weight:3578, but recv weight: -843546828
[2024-12-17 15:37:33] [ERROR] [capacity_test] macro((0, 0)) ip(0 mram_addr(00000DFB)) idx(0) write weight:3579, but recv weight: -843546828
[2024-12-17 15:37:33] [ERROR] [capacity_test] macro((0, 0)) ip(0 mram_addr(00000DFC)) idx(0) write weight:3580, but recv weight: -844595404
[2024-12-17 15:37:33] [ERROR] [capacity_test] macro((0, 0)) ip(0 mram_addr(00000DFD)) idx(0) write weight:3581, but recv weight: -844595404
[2024-12-17 15:37:33] [ERROR] [capacity_test] macro((0, 0)) ip(0 mram_addr(00000DFE)) idx(0) write weight:3582, but recv weight: -845643980
[2024-12-17 15:37:33] [ERROR] [capacity_test] macro((0, 0)) ip(0 mram_addr(00000DFF)) idx(0) write weight:3583, but recv weight: -845643980
[2024-12-17 15:37:33] [ERROR] [capacity_test] macro((0, 0)) ip(0 mram_addr(00000E00)) idx(0) write weight:3584, but recv weight: -846692556
[2024-12-17 15:37:33] [ERROR] [capacity_test] macro((0, 0)) ip(0 mram_addr(00000E01)) idx(0) write weight:3585, but recv weight: -846692556
[2024-12-17 15:37:33] [ERROR] [capacity_test] macro((0, 0)) ip(0 mram_addr(00000E02)) idx(0) write weight:3586, but recv weight: -847741132
[2024-12-17 15:37:33] [ERROR] [capacity_test] macro((0, 0)) ip(0 mram_addr(00000E03)) idx(0) write weight:3587, but recv weight: -847741132
[2024-12-17 15:37:33] [ERROR] [capacity_test] macro((0, 0)) ip(0 mram_addr(00000E04)) idx(0) write weight:3588, but recv weight: -848789708
[2024-12-17 15:37:33] [ERROR] [capacity_test] macro((0, 0)) ip(0 mram_addr(00000E05)) idx(0) write weight:3589, but recv weight: -848789708
[2024-12-17 15:37:33] [ERROR] [capacity_test] macro((0, 0)) ip(0 mram_addr(00000E06)) idx(0) write weight:3590, but recv weight: -849838284
[2024-12-17 15:37:33] [ERROR] [capacity_test] macro((0, 0)) ip(0 mram_addr(00000E07)) idx(0) write weight:3591, but recv weight: -849838284
[2024-12-17 15:37:33] [ERROR] [capacity_test] macro((0, 0)) ip(0 mram_addr(00000E08)) idx(0) write weight:3592, but recv weight: -850886860
[2024-12-17 15:37:33] [ERROR] [capacity_test] macro((0, 0)) ip(0 mram_addr(00000E09)) idx(0) write weight:3593, but recv weight: -850886860
[2024-12-17 15:37:33] [ERROR] [capacity_test] macro((0, 0)) ip(0 mram_addr(00000E0A)) idx(0) write weight:3594, but recv weight: -851935436
[2024-12-17 15:37:33] [ERROR] [capacity_test] macro((0, 0)) ip(0 mram_addr(00000E0B)) idx(0) write weight:3595, but recv weight: -851935436
[2024-12-17 15:37:33] [ERROR] [capacity_test] macro((0, 0)) ip(0 mram_addr(00000E0C)) idx(0) write weight:3596, but recv weight: -852984012
[2024-12-17 15:37:33] [ERROR] [capacity_test] macro((0, 0)) ip(0 mram_addr(00000E0D)) idx(0) write weight:3597, but recv weight: -852984012
[2024-12-17 15:37:33] [ERROR] [capacity_test] macro((0, 0)) ip(0 mram_addr(00000E0E)) idx(0) write weight:3598, but recv weight: -854032588
[2024-12-17 15:37:33] [ERROR] [capacity_test] macro((0, 0)) ip(0 mram_addr(00000E0F)) idx(0) write weight:3599, but recv weight: -854032588
[2024-12-17 15:37:33] [ERROR] [capacity_test] macro((0, 0)) ip(0 mram_addr(00000E10)) idx(0) write weight:3600, but recv weight: -855081164
[2024-12-17 15:37:33] [ERROR] [capacity_test] macro((0, 0)) ip(0 mram_addr(00000E11)) idx(0) write weight:3601, but recv weight: -855081164
[2024-12-17 15:37:33] [ERROR] [capacity_test] macro((0, 0)) ip(0 mram_addr(00000E12)) idx(0) write weight:3602, but recv weight: -856129740
[2024-12-17 15:37:33] [ERROR] [capacity_test] macro((0, 0)) ip(0 mram_addr(00000E13)) idx(0) write weight:3603, but recv weight: -856129740
[2024-12-17 15:37:33] [ERROR] [capacity_test] macro((0, 0)) ip(0 mram_addr(00000E14)) idx(0) write weight:3604, but recv weight: -857178316
[2024-12-17 15:37:33] [ERROR] [capacity_test] macro((0, 0)) ip(0 mram_addr(00000E15)) idx(0) write weight:3605, but recv weight: -857178316
[2024-12-17 15:37:33] [ERROR] [capacity_test] macro((0, 0)) ip(0 mram_addr(00000E16)) idx(0) write weight:3606, but recv weight: -858226892
[2024-12-17 15:37:33] [ERROR] [capacity_test] macro((0, 0)) ip(0 mram_addr(00000E17)) idx(0) write weight:3607, but recv weight: -858226892
[2024-12-17 15:37:33] [ERROR] [capacity_test] macro((0, 0)) ip(0 mram_addr(00000E18)) idx(0) write weight:3608, but recv weight: -859275468
[2024-12-17 15:37:33] [ERROR] [capacity_test] macro((0, 0)) ip(0 mram_addr(00000E19)) idx(0) write weight:3609, but recv weight: -859275468
[2024-12-17 15:37:33] [ERROR] [capacity_test] macro((0, 0)) ip(0 mram_addr(00000E1A)) idx(0) write weight:3610, but recv weight: -860324044
[2024-12-17 15:37:33] [ERROR] [capacity_test] macro((0, 0)) ip(0 mram_addr(00000E1B)) idx(0) write weight:3611, but recv weight: -860324044
[2024-12-17 15:37:33] [ERROR] [capacity_test] macro((0, 0)) ip(0 mram_addr(00000E1C)) idx(0) write weight:3612, but recv weight: -861372620
[2024-12-17 15:37:33] [ERROR] [capacity_test] macro((0, 0)) ip(0 mram_addr(00000E1D)) idx(0) write weight:3613, but recv weight: -861372620
[2024-12-17 15:37:33] [ERROR] [capacity_test] macro((0, 0)) ip(0 mram_addr(00000E1E)) idx(0) write weight:3614, but recv weight: -862421196
[2024-12-17 15:37:33] [ERROR] [capacity_test] macro((0, 0)) ip(0 mram_addr(00000E1F)) idx(0) write weight:3615, but recv weight: -862421196
[2024-12-17 15:37:33] [ERROR] [capacity_test] macro((0, 0)) ip(0 mram_addr(00000E20)) idx(0) write weight:3616, but recv weight: -863469772
[2024-12-17 15:37:33] [ERROR] [capacity_test] macro((0, 0)) ip(0 mram_addr(00000E21)) idx(0) write weight:3617, but recv weight: -863469772
[2024-12-17 15:37:33] [ERROR] [capacity_test] macro((0, 0)) ip(0 mram_addr(00000E22)) idx(0) write weight:3618, but recv weight: -864518348
[2024-12-17 15:37:33] [ERROR] [capacity_test] macro((0, 0)) ip(0 mram_addr(00000E23)) idx(0) write weight:3619, but recv weight: -864518348
[2024-12-17 15:37:33] [ERROR] [capacity_test] macro((0, 0)) ip(0 mram_addr(00000E24)) idx(0) write weight:3620, but recv weight: -865566924
[2024-12-17 15:37:33] [ERROR] [capacity_test] macro((0, 0)) ip(0 mram_addr(00000E25)) idx(0) write weight:3621, but recv weight: -865566924
[2024-12-17 15:37:33] [ERROR] [capacity_test] macro((0, 0)) ip(0 mram_addr(00000E26)) idx(0) write weight:3622, but recv weight: -866615500
[2024-12-17 15:37:33] [ERROR] [capacity_test] macro((0, 0)) ip(0 mram_addr(00000E27)) idx(0) write weight:3623, but recv weight: -866615500
[2024-12-17 15:37:33] [ERROR] [capacity_test] macro((0, 0)) ip(0 mram_addr(00000E28)) idx(0) write weight:3624, but recv weight: -867664076
[2024-12-17 15:37:33] [ERROR] [capacity_test] macro((0, 0)) ip(0 mram_addr(00000E29)) idx(0) write weight:3625, but recv weight: -867664076
[2024-12-17 15:37:33] [ERROR] [capacity_test] macro((0, 0)) ip(0 mram_addr(00000E2A)) idx(0) write weight:3626, but recv weight: -868712652
[2024-12-17 15:37:33] [ERROR] [capacity_test] macro((0, 0)) ip(0 mram_addr(00000E2B)) idx(0) write weight:3627, but recv weight: -868712652
[2024-12-17 15:37:33] [ERROR] [capacity_test] macro((0, 0)) ip(0 mram_addr(00000E2C)) idx(0) write weight:3628, but recv weight: -869761228
[2024-12-17 15:37:33] [ERROR] [capacity_test] macro((0, 0)) ip(0 mram_addr(00000E2D)) idx(0) write weight:3629, but recv weight: -869761228
[2024-12-17 15:37:33] [ERROR] [capacity_test] macro((0, 0)) ip(0 mram_addr(00000E2E)) idx(0) write weight:3630, but recv weight: -870809804
[2024-12-17 15:37:33] [ERROR] [capacity_test] macro((0, 0)) ip(0 mram_addr(00000E2F)) idx(0) write weight:3631, but recv weight: -870809804
[2024-12-17 15:37:33] [ERROR] [capacity_test] macro((0, 0)) ip(0 mram_addr(00000E30)) idx(0) write weight:3632, but recv weight: -871858380
[2024-12-17 15:37:33] [ERROR] [capacity_test] macro((0, 0)) ip(0 mram_addr(00000E31)) idx(0) write weight:3633, but recv weight: -871858380
[2024-12-17 15:37:33] [ERROR] [capacity_test] macro((0, 0)) ip(0 mram_addr(00000E32)) idx(0) write weight:3634, but recv weight: -872906956
[2024-12-17 15:37:33] [ERROR] [capacity_test] macro((0, 0)) ip(0 mram_addr(00000E33)) idx(0) write weight:3635, but recv weight: -872906956
[2024-12-17 15:37:33] [ERROR] [capacity_test] macro((0, 0)) ip(0 mram_addr(00000E34)) idx(0) write weight:3636, but recv weight: -873955532
[2024-12-17 15:37:33] [ERROR] [capacity_test] macro((0, 0)) ip(0 mram_addr(00000E35)) idx(0) write weight:3637, but recv weight: -873955532
[2024-12-17 15:37:33] [ERROR] [capacity_test] macro((0, 0)) ip(0 mram_addr(00000E36)) idx(0) write weight:3638, but recv weight: -875004108
[2024-12-17 15:37:33] [ERROR] [capacity_test] macro((0, 0)) ip(0 mram_addr(00000E37)) idx(0) write weight:3639, but recv weight: -875004108
[2024-12-17 15:37:33] [ERROR] [capacity_test] macro((0, 0)) ip(0 mram_addr(00000E38)) idx(0) write weight:3640, but recv weight: -876052684
[2024-12-17 15:37:33] [ERROR] [capacity_test] macro((0, 0)) ip(0 mram_addr(00000E39)) idx(0) write weight:3641, but recv weight: -876052684
[2024-12-17 15:37:33] [ERROR] [capacity_test] macro((0, 0)) ip(0 mram_addr(00000E3A)) idx(0) write weight:3642, but recv weight: -877101260
[2024-12-17 15:37:33] [ERROR] [capacity_test] macro((0, 0)) ip(0 mram_addr(00000E3B)) idx(0) write weight:3643, but recv weight: -877101260
[2024-12-17 15:37:33] [ERROR] [capacity_test] macro((0, 0)) ip(0 mram_addr(00000E3C)) idx(0) write weight:3644, but recv weight: -878149836
[2024-12-17 15:37:33] [ERROR] [capacity_test] macro((0, 0)) ip(0 mram_addr(00000E3D)) idx(0) write weight:3645, but recv weight: -878149836
[2024-12-17 15:37:33] [ERROR] [capacity_test] macro((0, 0)) ip(0 mram_addr(00000E3E)) idx(0) write weight:3646, but recv weight: -880246988
[2024-12-17 15:37:33] [ERROR] [capacity_test] macro((0, 0)) ip(0 mram_addr(00000E3F)) idx(0) write weight:3647, but recv weight: -882344140
[2024-12-17 15:37:33] [ERROR] [capacity_test] macro((0, 0)) ip(0 mram_addr(00000E40)) idx(0) write weight:3648, but recv weight: -884441292
[2024-12-17 15:37:33] [ERROR] [capacity_test] macro((0, 0)) ip(0 mram_addr(00000E41)) idx(0) write weight:3649, but recv weight: -886538444
[2024-12-17 15:37:33] [ERROR] [capacity_test] macro((0, 0)) ip(0 mram_addr(00000E42)) idx(0) write weight:3650, but recv weight: -888635596
[2024-12-17 15:37:33] [ERROR] [capacity_test] macro((0, 0)) ip(0 mram_addr(00000E43)) idx(0) write weight:3651, but recv weight: -890732748
[2024-12-17 15:37:33] [ERROR] [capacity_test] macro((0, 0)) ip(0 mram_addr(00000E44)) idx(0) write weight:3652, but recv weight: -892829900
[2024-12-17 15:37:33] [ERROR] [capacity_test] macro((0, 0)) ip(0 mram_addr(00000E45)) idx(0) write weight:3653, but recv weight: -894927052
[2024-12-17 15:37:33] [ERROR] [capacity_test] macro((0, 0)) ip(0 mram_addr(00000E46)) idx(0) write weight:3654, but recv weight: -897024204
[2024-12-17 15:37:33] [ERROR] [capacity_test] macro((0, 0)) ip(0 mram_addr(00000E47)) idx(0) write weight:3655, but recv weight: -899121356
[2024-12-17 15:37:33] [ERROR] [capacity_test] macro((0, 0)) ip(0 mram_addr(00000E48)) idx(0) write weight:3656, but recv weight: -901218508
[2024-12-17 15:37:33] [ERROR] [capacity_test] macro((0, 0)) ip(0 mram_addr(00000E49)) idx(0) write weight:3657, but recv weight: -903315660
[2024-12-17 15:37:33] [ERROR] [capacity_test] macro((0, 0)) ip(0 mram_addr(00000E4A)) idx(0) write weight:3658, but recv weight: -905412812
[2024-12-17 15:37:33] [ERROR] [capacity_test] macro((0, 0)) ip(0 mram_addr(00000E4B)) idx(0) write weight:3659, but recv weight: -907509964
[2024-12-17 15:37:33] [ERROR] [capacity_test] macro((0, 0)) ip(0 mram_addr(00000E4C)) idx(0) write weight:3660, but recv weight: -909607116
[2024-12-17 15:37:33] [ERROR] [capacity_test] macro((0, 0)) ip(0 mram_addr(00000E4D)) idx(0) write weight:3661, but recv weight: -911704268
[2024-12-17 15:37:33] [ERROR] [capacity_test] macro((0, 0)) ip(0 mram_addr(00000E4E)) idx(0) write weight:3662, but recv weight: -913801420
[2024-12-17 15:37:33] [ERROR] [capacity_test] macro((0, 0)) ip(0 mram_addr(00000E4F)) idx(0) write weight:3663, but recv weight: -915898572
[2024-12-17 15:37:33] [ERROR] [capacity_test] macro((0, 0)) ip(0 mram_addr(00000E50)) idx(0) write weight:3664, but recv weight: -917995724
[2024-12-17 15:37:33] [ERROR] [capacity_test] macro((0, 0)) ip(0 mram_addr(00000E51)) idx(0) write weight:3665, but recv weight: -920092876
[2024-12-17 15:37:33] [ERROR] [capacity_test] macro((0, 0)) ip(0 mram_addr(00000E52)) idx(0) write weight:3666, but recv weight: -922190028
[2024-12-17 15:37:33] [ERROR] [capacity_test] macro((0, 0)) ip(0 mram_addr(00000E53)) idx(0) write weight:3667, but recv weight: -924287180
[2024-12-17 15:37:33] [ERROR] [capacity_test] macro((0, 0)) ip(0 mram_addr(00000E54)) idx(0) write weight:3668, but recv weight: -926384332
[2024-12-17 15:37:33] [ERROR] [capacity_test] macro((0, 0)) ip(0 mram_addr(00000E55)) idx(0) write weight:3669, but recv weight: -928481484
[2024-12-17 15:37:33] [ERROR] [capacity_test] macro((0, 0)) ip(0 mram_addr(00000E56)) idx(0) write weight:3670, but recv weight: -930578636
[2024-12-17 15:37:33] [ERROR] [capacity_test] macro((0, 0)) ip(0 mram_addr(00000E57)) idx(0) write weight:3671, but recv weight: -932675788
[2024-12-17 15:37:33] [ERROR] [capacity_test] macro((0, 0)) ip(0 mram_addr(00000E58)) idx(0) write weight:3672, but recv weight: -934772940
[2024-12-17 15:37:33] [ERROR] [capacity_test] macro((0, 0)) ip(0 mram_addr(00000E59)) idx(0) write weight:3673, but recv weight: -936870092
[2024-12-17 15:37:33] [ERROR] [capacity_test] macro((0, 0)) ip(0 mram_addr(00000E5A)) idx(0) write weight:3674, but recv weight: -938967244
[2024-12-17 15:37:33] [ERROR] [capacity_test] macro((0, 0)) ip(0 mram_addr(00000E5B)) idx(0) write weight:3675, but recv weight: -941064396
[2024-12-17 15:37:33] [ERROR] [capacity_test] macro((0, 0)) ip(0 mram_addr(00000E5C)) idx(0) write weight:3676, but recv weight: -943161548
[2024-12-17 15:37:33] [ERROR] [capacity_test] macro((0, 0)) ip(0 mram_addr(00000E5D)) idx(0) write weight:3677, but recv weight: 0
[2024-12-17 15:37:33] [ERROR] [capacity_test] macro((0, 0)) ip(0 mram_addr(00000E5E)) idx(0) write weight:3678, but recv weight: -842498252
[2024-12-17 15:37:33] [ERROR] [capacity_test] macro((0, 0)) ip(0 mram_addr(00000E5F)) idx(0) write weight:3679, but recv weight: -842498252
[2024-12-17 15:37:33] [ERROR] [capacity_test] macro((0, 0)) ip(0 mram_addr(00000E60)) idx(0) write weight:3680, but recv weight: -842498252
[2024-12-17 15:37:33] [ERROR] [capacity_test] macro((0, 0)) ip(0 mram_addr(00000E61)) idx(0) write weight:3681, but recv weight: -842498252
[2024-12-17 15:37:33] [ERROR] [capacity_test] macro((0, 0)) ip(0 mram_addr(00000E62)) idx(0) write weight:3682, but recv weight: -842498252
[2024-12-17 15:37:33] [ERROR] [capacity_test] macro((0, 0)) ip(0 mram_addr(00000E63)) idx(0) write weight:3683, but recv weight: -842498252
[2024-12-17 15:37:33] [ERROR] [capacity_test] macro((0, 0)) ip(0 mram_addr(00000E64)) idx(0) write weight:3684, but recv weight: -842498252
[2024-12-17 15:37:33] [ERROR] [capacity_test] macro((0, 0)) ip(0 mram_addr(00000E65)) idx(0) write weight:3685, but recv weight: -842498252
[2024-12-17 15:37:33] [ERROR] [capacity_test] macro((0, 0)) ip(0 mram_addr(00000E66)) idx(0) write weight:3686, but recv weight: -842498252
[2024-12-17 15:37:33] [ERROR] [capacity_test] macro((0, 0)) ip(0 mram_addr(00000E67)) idx(0) write weight:3687, but recv weight: -842498252
[2024-12-17 15:37:33] [ERROR] [capacity_test] macro((0, 0)) ip(0 mram_addr(00000E68)) idx(0) write weight:3688, but recv weight: -842498252
[2024-12-17 15:37:33] [ERROR] [capacity_test] macro((0, 0)) ip(0 mram_addr(00000E69)) idx(0) write weight:3689, but recv weight: -842498252
[2024-12-17 15:37:33] [ERROR] [capacity_test] macro((0, 0)) ip(0 mram_addr(00000E6A)) idx(0) write weight:3690, but recv weight: -842498252
[2024-12-17 15:37:33] [ERROR] [capacity_test] macro((0, 0)) ip(0 mram_addr(00000E6B)) idx(0) write weight:3691, but recv weight: -842498252
[2024-12-17 15:37:33] [ERROR] [capacity_test] macro((0, 0)) ip(0 mram_addr(00000E6C)) idx(0) write weight:3692, but recv weight: -842498252
[2024-12-17 15:37:33] [ERROR] [capacity_test] macro((0, 0)) ip(0 mram_addr(00000E6D)) idx(0) write weight:3693, but recv weight: -843546828
[2024-12-17 15:37:33] [ERROR] [capacity_test] macro((0, 0)) ip(0 mram_addr(00000E6E)) idx(0) write weight:3694, but recv weight: -843546828
[2024-12-17 15:37:33] [ERROR] [capacity_test] macro((0, 0)) ip(0 mram_addr(00000E6F)) idx(0) write weight:3695, but recv weight: -843546828
[2024-12-17 15:37:33] [ERROR] [capacity_test] macro((0, 0)) ip(0 mram_addr(00000E70)) idx(0) write weight:3696, but recv weight: -843546828
[2024-12-17 15:37:33] [ERROR] [capacity_test] macro((0, 0)) ip(0 mram_addr(00000E71)) idx(0) write weight:3697, but recv weight: -843546828
[2024-12-17 15:37:33] [ERROR] [capacity_test] macro((0, 0)) ip(0 mram_addr(00000E72)) idx(0) write weight:3698, but recv weight: -843546828
[2024-12-17 15:37:33] [ERROR] [capacity_test] macro((0, 0)) ip(0 mram_addr(00000E73)) idx(0) write weight:3699, but recv weight: -843546828
[2024-12-17 15:37:33] [ERROR] [capacity_test] macro((0, 0)) ip(0 mram_addr(00000E74)) idx(0) write weight:3700, but recv weight: -843546828
[2024-12-17 15:37:33] [ERROR] [capacity_test] macro((0, 0)) ip(0 mram_addr(00000E75)) idx(0) write weight:3701, but recv weight: -843546828
[2024-12-17 15:37:33] [ERROR] [capacity_test] macro((0, 0)) ip(0 mram_addr(00000E76)) idx(0) write weight:3702, but recv weight: -843546828
[2024-12-17 15:37:33] [ERROR] [capacity_test] macro((0, 0)) ip(0 mram_addr(00000E77)) idx(0) write weight:3703, but recv weight: -843546828
[2024-12-17 15:37:33] [ERROR] [capacity_test] macro((0, 0)) ip(0 mram_addr(00000E78)) idx(0) write weight:3704, but recv weight: -843546828
[2024-12-17 15:37:33] [ERROR] [capacity_test] macro((0, 0)) ip(0 mram_addr(00000E79)) idx(0) write weight:3705, but recv weight: -843546828
[2024-12-17 15:37:33] [ERROR] [capacity_test] macro((0, 0)) ip(0 mram_addr(00000E7A)) idx(0) write weight:3706, but recv weight: -843546828
[2024-12-17 15:37:33] [ERROR] [capacity_test] macro((0, 0)) ip(0 mram_addr(00000E7B)) idx(0) write weight:3707, but recv weight: -844595404
[2024-12-17 15:37:33] [ERROR] [capacity_test] macro((0, 0)) ip(0 mram_addr(00000E7C)) idx(0) write weight:3708, but recv weight: -844595404
[2024-12-17 15:37:33] [ERROR] [capacity_test] macro((0, 0)) ip(0 mram_addr(00000E7D)) idx(0) write weight:3709, but recv weight: -845643980
[2024-12-17 15:37:33] [ERROR] [capacity_test] macro((0, 0)) ip(0 mram_addr(00000E7E)) idx(0) write weight:3710, but recv weight: -845643980
[2024-12-17 15:37:33] [ERROR] [capacity_test] macro((0, 0)) ip(0 mram_addr(00000E7F)) idx(0) write weight:3711, but recv weight: -846692556
[2024-12-17 15:37:33] [ERROR] [capacity_test] macro((0, 0)) ip(0 mram_addr(00000E80)) idx(0) write weight:3712, but recv weight: -846692556
[2024-12-17 15:37:33] [ERROR] [capacity_test] macro((0, 0)) ip(0 mram_addr(00000E81)) idx(0) write weight:3713, but recv weight: -847741132
[2024-12-17 15:37:33] [ERROR] [capacity_test] macro((0, 0)) ip(0 mram_addr(00000E82)) idx(0) write weight:3714, but recv weight: -847741132
[2024-12-17 15:37:33] [ERROR] [capacity_test] macro((0, 0)) ip(0 mram_addr(00000E83)) idx(0) write weight:3715, but recv weight: -848789708
[2024-12-17 15:37:33] [ERROR] [capacity_test] macro((0, 0)) ip(0 mram_addr(00000E84)) idx(0) write weight:3716, but recv weight: -848789708
[2024-12-17 15:37:33] [ERROR] [capacity_test] macro((0, 0)) ip(0 mram_addr(00000E85)) idx(0) write weight:3717, but recv weight: -849838284
[2024-12-17 15:37:33] [ERROR] [capacity_test] macro((0, 0)) ip(0 mram_addr(00000E86)) idx(0) write weight:3718, but recv weight: -849838284
[2024-12-17 15:37:33] [ERROR] [capacity_test] macro((0, 0)) ip(0 mram_addr(00000E87)) idx(0) write weight:3719, but recv weight: -850886860
[2024-12-17 15:37:33] [ERROR] [capacity_test] macro((0, 0)) ip(0 mram_addr(00000E88)) idx(0) write weight:3720, but recv weight: -850886860
[2024-12-17 15:37:33] [ERROR] [capacity_test] macro((0, 0)) ip(0 mram_addr(00000E89)) idx(0) write weight:3721, but recv weight: -851935436
[2024-12-17 15:37:33] [ERROR] [capacity_test] macro((0, 0)) ip(0 mram_addr(00000E8A)) idx(0) write weight:3722, but recv weight: -851935436
[2024-12-17 15:37:33] [ERROR] [capacity_test] macro((0, 0)) ip(0 mram_addr(00000E8B)) idx(0) write weight:3723, but recv weight: -852984012
[2024-12-17 15:37:33] [ERROR] [capacity_test] macro((0, 0)) ip(0 mram_addr(00000E8C)) idx(0) write weight:3724, but recv weight: -852984012
[2024-12-17 15:37:33] [ERROR] [capacity_test] macro((0, 0)) ip(0 mram_addr(00000E8D)) idx(0) write weight:3725, but recv weight: -854032588
[2024-12-17 15:37:33] [ERROR] [capacity_test] macro((0, 0)) ip(0 mram_addr(00000E8E)) idx(0) write weight:3726, but recv weight: -854032588
[2024-12-17 15:37:33] [ERROR] [capacity_test] macro((0, 0)) ip(0 mram_addr(00000E8F)) idx(0) write weight:3727, but recv weight: -855081164
[2024-12-17 15:37:33] [ERROR] [capacity_test] macro((0, 0)) ip(0 mram_addr(00000E90)) idx(0) write weight:3728, but recv weight: -855081164
[2024-12-17 15:37:33] [ERROR] [capacity_test] macro((0, 0)) ip(0 mram_addr(00000E91)) idx(0) write weight:3729, but recv weight: -856129740
[2024-12-17 15:37:33] [ERROR] [capacity_test] macro((0, 0)) ip(0 mram_addr(00000E92)) idx(0) write weight:3730, but recv weight: -856129740
[2024-12-17 15:37:33] [ERROR] [capacity_test] macro((0, 0)) ip(0 mram_addr(00000E93)) idx(0) write weight:3731, but recv weight: -857178316
[2024-12-17 15:37:33] [ERROR] [capacity_test] macro((0, 0)) ip(0 mram_addr(00000E94)) idx(0) write weight:3732, but recv weight: -857178316
[2024-12-17 15:37:33] [ERROR] [capacity_test] macro((0, 0)) ip(0 mram_addr(00000E95)) idx(0) write weight:3733, but recv weight: -858226892
[2024-12-17 15:37:33] [ERROR] [capacity_test] macro((0, 0)) ip(0 mram_addr(00000E96)) idx(0) write weight:3734, but recv weight: -858226892
[2024-12-17 15:37:33] [ERROR] [capacity_test] macro((0, 0)) ip(0 mram_addr(00000E97)) idx(0) write weight:3735, but recv weight: -859275468
[2024-12-17 15:37:33] [ERROR] [capacity_test] macro((0, 0)) ip(0 mram_addr(00000E98)) idx(0) write weight:3736, but recv weight: -859275468
[2024-12-17 15:37:33] [ERROR] [capacity_test] macro((0, 0)) ip(0 mram_addr(00000E99)) idx(0) write weight:3737, but recv weight: -860324044
[2024-12-17 15:37:33] [ERROR] [capacity_test] macro((0, 0)) ip(0 mram_addr(00000E9A)) idx(0) write weight:3738, but recv weight: -860324044
[2024-12-17 15:37:33] [ERROR] [capacity_test] macro((0, 0)) ip(0 mram_addr(00000E9B)) idx(0) write weight:3739, but recv weight: -861372620
[2024-12-17 15:37:33] [ERROR] [capacity_test] macro((0, 0)) ip(0 mram_addr(00000E9C)) idx(0) write weight:3740, but recv weight: -861372620
[2024-12-17 15:37:33] [ERROR] [capacity_test] macro((0, 0)) ip(0 mram_addr(00000E9D)) idx(0) write weight:3741, but recv weight: -862421196
[2024-12-17 15:37:33] [ERROR] [capacity_test] macro((0, 0)) ip(0 mram_addr(00000E9E)) idx(0) write weight:3742, but recv weight: -862421196
[2024-12-17 15:37:33] [ERROR] [capacity_test] macro((0, 0)) ip(0 mram_addr(00000E9F)) idx(0) write weight:3743, but recv weight: -863469772
[2024-12-17 15:37:33] [ERROR] [capacity_test] macro((0, 0)) ip(0 mram_addr(00000EA0)) idx(0) write weight:3744, but recv weight: -863469772
[2024-12-17 15:37:33] [ERROR] [capacity_test] macro((0, 0)) ip(0 mram_addr(00000EA1)) idx(0) write weight:3745, but recv weight: -864518348
[2024-12-17 15:37:33] [ERROR] [capacity_test] macro((0, 0)) ip(0 mram_addr(00000EA2)) idx(0) write weight:3746, but recv weight: -864518348
[2024-12-17 15:37:33] [ERROR] [capacity_test] macro((0, 0)) ip(0 mram_addr(00000EA3)) idx(0) write weight:3747, but recv weight: -865566924
[2024-12-17 15:37:33] [ERROR] [capacity_test] macro((0, 0)) ip(0 mram_addr(00000EA4)) idx(0) write weight:3748, but recv weight: -865566924
[2024-12-17 15:37:33] [ERROR] [capacity_test] macro((0, 0)) ip(0 mram_addr(00000EA5)) idx(0) write weight:3749, but recv weight: -866615500
[2024-12-17 15:37:33] [ERROR] [capacity_test] macro((0, 0)) ip(0 mram_addr(00000EA6)) idx(0) write weight:3750, but recv weight: -866615500
[2024-12-17 15:37:33] [ERROR] [capacity_test] macro((0, 0)) ip(0 mram_addr(00000EA7)) idx(0) write weight:3751, but recv weight: -867664076
[2024-12-17 15:37:33] [ERROR] [capacity_test] macro((0, 0)) ip(0 mram_addr(00000EA8)) idx(0) write weight:3752, but recv weight: -867664076
[2024-12-17 15:37:33] [ERROR] [capacity_test] macro((0, 0)) ip(0 mram_addr(00000EA9)) idx(0) write weight:3753, but recv weight: -868712652
[2024-12-17 15:37:33] [ERROR] [capacity_test] macro((0, 0)) ip(0 mram_addr(00000EAA)) idx(0) write weight:3754, but recv weight: -868712652
[2024-12-17 15:37:33] [ERROR] [capacity_test] macro((0, 0)) ip(0 mram_addr(00000EAB)) idx(0) write weight:3755, but recv weight: -869761228
[2024-12-17 15:37:33] [ERROR] [capacity_test] macro((0, 0)) ip(0 mram_addr(00000EAC)) idx(0) write weight:3756, but recv weight: -869761228
[2024-12-17 15:37:33] [ERROR] [capacity_test] macro((0, 0)) ip(0 mram_addr(00000EAD)) idx(0) write weight:3757, but recv weight: -870809804
[2024-12-17 15:37:33] [ERROR] [capacity_test] macro((0, 0)) ip(0 mram_addr(00000EAE)) idx(0) write weight:3758, but recv weight: -870809804
[2024-12-17 15:37:33] [ERROR] [capacity_test] macro((0, 0)) ip(0 mram_addr(00000EAF)) idx(0) write weight:3759, but recv weight: -871858380
[2024-12-17 15:37:33] [ERROR] [capacity_test] macro((0, 0)) ip(0 mram_addr(00000EB0)) idx(0) write weight:3760, but recv weight: -871858380
[2024-12-17 15:37:33] [ERROR] [capacity_test] macro((0, 0)) ip(0 mram_addr(00000EB1)) idx(0) write weight:3761, but recv weight: -872906956
[2024-12-17 15:37:33] [ERROR] [capacity_test] macro((0, 0)) ip(0 mram_addr(00000EB2)) idx(0) write weight:3762, but recv weight: -872906956
[2024-12-17 15:37:33] [ERROR] [capacity_test] macro((0, 0)) ip(0 mram_addr(00000EB3)) idx(0) write weight:3763, but recv weight: -873955532
[2024-12-17 15:37:33] [ERROR] [capacity_test] macro((0, 0)) ip(0 mram_addr(00000EB4)) idx(0) write weight:3764, but recv weight: -873955532
[2024-12-17 15:37:33] [ERROR] [capacity_test] macro((0, 0)) ip(0 mram_addr(00000EB5)) idx(0) write weight:3765, but recv weight: -875004108
[2024-12-17 15:37:33] [ERROR] [capacity_test] macro((0, 0)) ip(0 mram_addr(00000EB6)) idx(0) write weight:3766, but recv weight: -875004108
[2024-12-17 15:37:33] [ERROR] [capacity_test] macro((0, 0)) ip(0 mram_addr(00000EB7)) idx(0) write weight:3767, but recv weight: -876052684
[2024-12-17 15:37:33] [ERROR] [capacity_test] macro((0, 0)) ip(0 mram_addr(00000EB8)) idx(0) write weight:3768, but recv weight: -876052684
[2024-12-17 15:37:33] [ERROR] [capacity_test] macro((0, 0)) ip(0 mram_addr(00000EB9)) idx(0) write weight:3769, but recv weight: -877101260
[2024-12-17 15:37:33] [ERROR] [capacity_test] macro((0, 0)) ip(0 mram_addr(00000EBA)) idx(0) write weight:3770, but recv weight: -877101260
[2024-12-17 15:37:33] [ERROR] [capacity_test] macro((0, 0)) ip(0 mram_addr(00000EBB)) idx(0) write weight:3771, but recv weight: -878149836
[2024-12-17 15:37:33] [ERROR] [capacity_test] macro((0, 0)) ip(0 mram_addr(00000EBC)) idx(0) write weight:3772, but recv weight: -878149836
[2024-12-17 15:37:33] [ERROR] [capacity_test] macro((0, 0)) ip(0 mram_addr(00000EBD)) idx(0) write weight:3773, but recv weight: -879198412
[2024-12-17 15:37:33] [ERROR] [capacity_test] macro((0, 0)) ip(0 mram_addr(00000EBE)) idx(0) write weight:3774, but recv weight: -881295564
[2024-12-17 15:37:33] [ERROR] [capacity_test] macro((0, 0)) ip(0 mram_addr(00000EBF)) idx(0) write weight:3775, but recv weight: -883392716
[2024-12-17 15:37:33] [ERROR] [capacity_test] macro((0, 0)) ip(0 mram_addr(00000EC0)) idx(0) write weight:3776, but recv weight: -885489868
[2024-12-17 15:37:33] [ERROR] [capacity_test] macro((0, 0)) ip(0 mram_addr(00000EC1)) idx(0) write weight:3777, but recv weight: -887587020
[2024-12-17 15:37:33] [ERROR] [capacity_test] macro((0, 0)) ip(0 mram_addr(00000EC2)) idx(0) write weight:3778, but recv weight: -889684172
[2024-12-17 15:37:33] [ERROR] [capacity_test] macro((0, 0)) ip(0 mram_addr(00000EC3)) idx(0) write weight:3779, but recv weight: -891781324
[2024-12-17 15:37:33] [ERROR] [capacity_test] macro((0, 0)) ip(0 mram_addr(00000EC4)) idx(0) write weight:3780, but recv weight: -893878476
[2024-12-17 15:37:33] [ERROR] [capacity_test] macro((0, 0)) ip(0 mram_addr(00000EC5)) idx(0) write weight:3781, but recv weight: -895975628
[2024-12-17 15:37:33] [ERROR] [capacity_test] macro((0, 0)) ip(0 mram_addr(00000EC6)) idx(0) write weight:3782, but recv weight: -898072780
[2024-12-17 15:37:33] [ERROR] [capacity_test] macro((0, 0)) ip(0 mram_addr(00000EC7)) idx(0) write weight:3783, but recv weight: -900169932
[2024-12-17 15:37:33] [ERROR] [capacity_test] macro((0, 0)) ip(0 mram_addr(00000EC8)) idx(0) write weight:3784, but recv weight: -902267084
[2024-12-17 15:37:33] [ERROR] [capacity_test] macro((0, 0)) ip(0 mram_addr(00000EC9)) idx(0) write weight:3785, but recv weight: -904364236
[2024-12-17 15:37:33] [ERROR] [capacity_test] macro((0, 0)) ip(0 mram_addr(00000ECA)) idx(0) write weight:3786, but recv weight: -906461388
[2024-12-17 15:37:33] [ERROR] [capacity_test] macro((0, 0)) ip(0 mram_addr(00000ECB)) idx(0) write weight:3787, but recv weight: -908558540
[2024-12-17 15:37:33] [ERROR] [capacity_test] macro((0, 0)) ip(0 mram_addr(00000ECC)) idx(0) write weight:3788, but recv weight: -910655692
[2024-12-17 15:37:33] [ERROR] [capacity_test] macro((0, 0)) ip(0 mram_addr(00000ECD)) idx(0) write weight:3789, but recv weight: -912752844
[2024-12-17 15:37:33] [ERROR] [capacity_test] macro((0, 0)) ip(0 mram_addr(00000ECE)) idx(0) write weight:3790, but recv weight: -914849996
[2024-12-17 15:37:33] [ERROR] [capacity_test] macro((0, 0)) ip(0 mram_addr(00000ECF)) idx(0) write weight:3791, but recv weight: -916947148
[2024-12-17 15:37:33] [ERROR] [capacity_test] macro((0, 0)) ip(0 mram_addr(00000ED0)) idx(0) write weight:3792, but recv weight: -919044300
[2024-12-17 15:37:33] [ERROR] [capacity_test] macro((0, 0)) ip(0 mram_addr(00000ED1)) idx(0) write weight:3793, but recv weight: -921141452
[2024-12-17 15:37:33] [ERROR] [capacity_test] macro((0, 0)) ip(0 mram_addr(00000ED2)) idx(0) write weight:3794, but recv weight: -923238604
[2024-12-17 15:37:33] [ERROR] [capacity_test] macro((0, 0)) ip(0 mram_addr(00000ED3)) idx(0) write weight:3795, but recv weight: -925335756
[2024-12-17 15:37:33] [ERROR] [capacity_test] macro((0, 0)) ip(0 mram_addr(00000ED4)) idx(0) write weight:3796, but recv weight: -927432908
[2024-12-17 15:37:33] [ERROR] [capacity_test] macro((0, 0)) ip(0 mram_addr(00000ED5)) idx(0) write weight:3797, but recv weight: -929530060
[2024-12-17 15:37:33] [ERROR] [capacity_test] macro((0, 0)) ip(0 mram_addr(00000ED6)) idx(0) write weight:3798, but recv weight: -931627212
[2024-12-17 15:37:33] [ERROR] [capacity_test] macro((0, 0)) ip(0 mram_addr(00000ED7)) idx(0) write weight:3799, but recv weight: -933724364
[2024-12-17 15:37:33] [ERROR] [capacity_test] macro((0, 0)) ip(0 mram_addr(00000ED8)) idx(0) write weight:3800, but recv weight: -935821516
[2024-12-17 15:37:33] [ERROR] [capacity_test] macro((0, 0)) ip(0 mram_addr(00000ED9)) idx(0) write weight:3801, but recv weight: -841449676
[2024-12-17 15:37:33] [ERROR] [capacity_test] macro((0, 0)) ip(0 mram_addr(00000EDA)) idx(0) write weight:3802, but recv weight: -841449676
[2024-12-17 15:37:33] [ERROR] [capacity_test] macro((0, 0)) ip(0 mram_addr(00000EDB)) idx(0) write weight:3803, but recv weight: -841449676
[2024-12-17 15:37:33] [ERROR] [capacity_test] macro((0, 0)) ip(0 mram_addr(00000EDC)) idx(0) write weight:3804, but recv weight: -841449676
[2024-12-17 15:37:33] [ERROR] [capacity_test] macro((0, 0)) ip(0 mram_addr(00000EDD)) idx(0) write weight:3805, but recv weight: -841449676
[2024-12-17 15:37:33] [ERROR] [capacity_test] macro((0, 0)) ip(0 mram_addr(00000EDE)) idx(0) write weight:3806, but recv weight: -842498252
[2024-12-17 15:37:33] [ERROR] [capacity_test] macro((0, 0)) ip(0 mram_addr(00000EDF)) idx(0) write weight:3807, but recv weight: -842498252
[2024-12-17 15:37:33] [ERROR] [capacity_test] macro((0, 0)) ip(0 mram_addr(00000EE0)) idx(0) write weight:3808, but recv weight: -842498252
[2024-12-17 15:37:33] [ERROR] [capacity_test] macro((0, 0)) ip(0 mram_addr(00000EE1)) idx(0) write weight:3809, but recv weight: -842498252
[2024-12-17 15:37:33] [ERROR] [capacity_test] macro((0, 0)) ip(0 mram_addr(00000EE2)) idx(0) write weight:3810, but recv weight: -842498252
[2024-12-17 15:37:33] [ERROR] [capacity_test] macro((0, 0)) ip(0 mram_addr(00000EE3)) idx(0) write weight:3811, but recv weight: -842498252
[2024-12-17 15:37:33] [ERROR] [capacity_test] macro((0, 0)) ip(0 mram_addr(00000EE4)) idx(0) write weight:3812, but recv weight: -842498252
[2024-12-17 15:37:33] [ERROR] [capacity_test] macro((0, 0)) ip(0 mram_addr(00000EE5)) idx(0) write weight:3813, but recv weight: -842498252
[2024-12-17 15:37:33] [ERROR] [capacity_test] macro((0, 0)) ip(0 mram_addr(00000EE6)) idx(0) write weight:3814, but recv weight: -842498252
[2024-12-17 15:37:33] [ERROR] [capacity_test] macro((0, 0)) ip(0 mram_addr(00000EE7)) idx(0) write weight:3815, but recv weight: -842498252
[2024-12-17 15:37:33] [ERROR] [capacity_test] macro((0, 0)) ip(0 mram_addr(00000EE8)) idx(0) write weight:3816, but recv weight: -842498252
[2024-12-17 15:37:33] [ERROR] [capacity_test] macro((0, 0)) ip(0 mram_addr(00000EE9)) idx(0) write weight:3817, but recv weight: -842498252
[2024-12-17 15:37:33] [ERROR] [capacity_test] macro((0, 0)) ip(0 mram_addr(00000EEA)) idx(0) write weight:3818, but recv weight: -842498252
[2024-12-17 15:37:33] [ERROR] [capacity_test] macro((0, 0)) ip(0 mram_addr(00000EEB)) idx(0) write weight:3819, but recv weight: -842498252
[2024-12-17 15:37:33] [ERROR] [capacity_test] macro((0, 0)) ip(0 mram_addr(00000EEC)) idx(0) write weight:3820, but recv weight: -842498252
[2024-12-17 15:37:33] [ERROR] [capacity_test] macro((0, 0)) ip(0 mram_addr(00000EED)) idx(0) write weight:3821, but recv weight: -842498252
[2024-12-17 15:37:33] [ERROR] [capacity_test] macro((0, 0)) ip(0 mram_addr(00000EEE)) idx(0) write weight:3822, but recv weight: -843546828
[2024-12-17 15:37:33] [ERROR] [capacity_test] macro((0, 0)) ip(0 mram_addr(00000EEF)) idx(0) write weight:3823, but recv weight: -843546828
[2024-12-17 15:37:33] [ERROR] [capacity_test] macro((0, 0)) ip(0 mram_addr(00000EF0)) idx(0) write weight:3824, but recv weight: -843546828
[2024-12-17 15:37:33] [ERROR] [capacity_test] macro((0, 0)) ip(0 mram_addr(00000EF1)) idx(0) write weight:3825, but recv weight: -843546828
[2024-12-17 15:37:33] [ERROR] [capacity_test] macro((0, 0)) ip(0 mram_addr(00000EF2)) idx(0) write weight:3826, but recv weight: -843546828
[2024-12-17 15:37:33] [ERROR] [capacity_test] macro((0, 0)) ip(0 mram_addr(00000EF3)) idx(0) write weight:3827, but recv weight: -843546828
[2024-12-17 15:37:33] [ERROR] [capacity_test] macro((0, 0)) ip(0 mram_addr(00000EF4)) idx(0) write weight:3828, but recv weight: -843546828
[2024-12-17 15:37:33] [ERROR] [capacity_test] macro((0, 0)) ip(0 mram_addr(00000EF5)) idx(0) write weight:3829, but recv weight: -843546828
[2024-12-17 15:37:33] [ERROR] [capacity_test] macro((0, 0)) ip(0 mram_addr(00000EF6)) idx(0) write weight:3830, but recv weight: -843546828
[2024-12-17 15:37:33] [ERROR] [capacity_test] macro((0, 0)) ip(0 mram_addr(00000EF7)) idx(0) write weight:3831, but recv weight: -843546828
[2024-12-17 15:37:33] [ERROR] [capacity_test] macro((0, 0)) ip(0 mram_addr(00000EF8)) idx(0) write weight:3832, but recv weight: -843546828
[2024-12-17 15:37:33] [ERROR] [capacity_test] macro((0, 0)) ip(0 mram_addr(00000EF9)) idx(0) write weight:3833, but recv weight: -843546828
[2024-12-17 15:37:33] [ERROR] [capacity_test] macro((0, 0)) ip(0 mram_addr(00000EFA)) idx(0) write weight:3834, but recv weight: -843546828
[2024-12-17 15:37:33] [ERROR] [capacity_test] macro((0, 0)) ip(0 mram_addr(00000EFB)) idx(0) write weight:3835, but recv weight: -843546828
[2024-12-17 15:37:33] [ERROR] [capacity_test] macro((0, 0)) ip(0 mram_addr(00000EFC)) idx(0) write weight:3836, but recv weight: -844595404
[2024-12-17 15:37:33] [ERROR] [capacity_test] macro((0, 0)) ip(0 mram_addr(00000EFD)) idx(0) write weight:3837, but recv weight: -844595404
[2024-12-17 15:37:33] [ERROR] [capacity_test] macro((0, 0)) ip(0 mram_addr(00000EFE)) idx(0) write weight:3838, but recv weight: -845643980
[2024-12-17 15:37:33] [ERROR] [capacity_test] macro((0, 0)) ip(0 mram_addr(00000EFF)) idx(0) write weight:3839, but recv weight: -845643980
[2024-12-17 15:37:33] [ERROR] [capacity_test] macro((0, 0)) ip(0 mram_addr(00000F00)) idx(0) write weight:3840, but recv weight: -846692556
[2024-12-17 15:37:33] [ERROR] [capacity_test] macro((0, 0)) ip(0 mram_addr(00000F01)) idx(0) write weight:3841, but recv weight: -846692556
[2024-12-17 15:37:33] [ERROR] [capacity_test] macro((0, 0)) ip(0 mram_addr(00000F02)) idx(0) write weight:3842, but recv weight: -847741132
[2024-12-17 15:37:33] [ERROR] [capacity_test] macro((0, 0)) ip(0 mram_addr(00000F03)) idx(0) write weight:3843, but recv weight: -847741132
[2024-12-17 15:37:33] [ERROR] [capacity_test] macro((0, 0)) ip(0 mram_addr(00000F04)) idx(0) write weight:3844, but recv weight: -848789708
[2024-12-17 15:37:33] [ERROR] [capacity_test] macro((0, 0)) ip(0 mram_addr(00000F05)) idx(0) write weight:3845, but recv weight: -848789708
[2024-12-17 15:37:33] [ERROR] [capacity_test] macro((0, 0)) ip(0 mram_addr(00000F06)) idx(0) write weight:3846, but recv weight: -849838284
[2024-12-17 15:37:33] [ERROR] [capacity_test] macro((0, 0)) ip(0 mram_addr(00000F07)) idx(0) write weight:3847, but recv weight: -849838284
[2024-12-17 15:37:33] [ERROR] [capacity_test] macro((0, 0)) ip(0 mram_addr(00000F08)) idx(0) write weight:3848, but recv weight: -850886860
[2024-12-17 15:37:33] [ERROR] [capacity_test] macro((0, 0)) ip(0 mram_addr(00000F09)) idx(0) write weight:3849, but recv weight: -850886860
[2024-12-17 15:37:33] [ERROR] [capacity_test] macro((0, 0)) ip(0 mram_addr(00000F0A)) idx(0) write weight:3850, but recv weight: -851935436
[2024-12-17 15:37:33] [ERROR] [capacity_test] macro((0, 0)) ip(0 mram_addr(00000F0B)) idx(0) write weight:3851, but recv weight: -851935436
[2024-12-17 15:37:33] [ERROR] [capacity_test] macro((0, 0)) ip(0 mram_addr(00000F0C)) idx(0) write weight:3852, but recv weight: -852984012
[2024-12-17 15:37:33] [ERROR] [capacity_test] macro((0, 0)) ip(0 mram_addr(00000F0D)) idx(0) write weight:3853, but recv weight: -852984012
[2024-12-17 15:37:33] [ERROR] [capacity_test] macro((0, 0)) ip(0 mram_addr(00000F0E)) idx(0) write weight:3854, but recv weight: -854032588
[2024-12-17 15:37:33] [ERROR] [capacity_test] macro((0, 0)) ip(0 mram_addr(00000F0F)) idx(0) write weight:3855, but recv weight: -854032588
[2024-12-17 15:37:33] [ERROR] [capacity_test] macro((0, 0)) ip(0 mram_addr(00000F10)) idx(0) write weight:3856, but recv weight: -855081164
[2024-12-17 15:37:33] [ERROR] [capacity_test] macro((0, 0)) ip(0 mram_addr(00000F11)) idx(0) write weight:3857, but recv weight: -855081164
[2024-12-17 15:37:33] [ERROR] [capacity_test] macro((0, 0)) ip(0 mram_addr(00000F12)) idx(0) write weight:3858, but recv weight: -856129740
[2024-12-17 15:37:33] [ERROR] [capacity_test] macro((0, 0)) ip(0 mram_addr(00000F13)) idx(0) write weight:3859, but recv weight: -856129740
[2024-12-17 15:37:33] [ERROR] [capacity_test] macro((0, 0)) ip(0 mram_addr(00000F14)) idx(0) write weight:3860, but recv weight: -857178316
[2024-12-17 15:37:33] [ERROR] [capacity_test] macro((0, 0)) ip(0 mram_addr(00000F15)) idx(0) write weight:3861, but recv weight: -857178316
[2024-12-17 15:37:33] [ERROR] [capacity_test] macro((0, 0)) ip(0 mram_addr(00000F16)) idx(0) write weight:3862, but recv weight: -858226892
[2024-12-17 15:37:33] [ERROR] [capacity_test] macro((0, 0)) ip(0 mram_addr(00000F17)) idx(0) write weight:3863, but recv weight: -858226892
[2024-12-17 15:37:33] [ERROR] [capacity_test] macro((0, 0)) ip(0 mram_addr(00000F18)) idx(0) write weight:3864, but recv weight: -859275468
[2024-12-17 15:37:33] [ERROR] [capacity_test] macro((0, 0)) ip(0 mram_addr(00000F19)) idx(0) write weight:3865, but recv weight: -859275468
[2024-12-17 15:37:33] [ERROR] [capacity_test] macro((0, 0)) ip(0 mram_addr(00000F1A)) idx(0) write weight:3866, but recv weight: -860324044
[2024-12-17 15:37:33] [ERROR] [capacity_test] macro((0, 0)) ip(0 mram_addr(00000F1B)) idx(0) write weight:3867, but recv weight: -860324044
[2024-12-17 15:37:33] [ERROR] [capacity_test] macro((0, 0)) ip(0 mram_addr(00000F1C)) idx(0) write weight:3868, but recv weight: -861372620
[2024-12-17 15:37:33] [ERROR] [capacity_test] macro((0, 0)) ip(0 mram_addr(00000F1D)) idx(0) write weight:3869, but recv weight: -861372620
[2024-12-17 15:37:33] [ERROR] [capacity_test] macro((0, 0)) ip(0 mram_addr(00000F1E)) idx(0) write weight:3870, but recv weight: -862421196
[2024-12-17 15:37:33] [ERROR] [capacity_test] macro((0, 0)) ip(0 mram_addr(00000F1F)) idx(0) write weight:3871, but recv weight: -862421196
[2024-12-17 15:37:33] [ERROR] [capacity_test] macro((0, 0)) ip(0 mram_addr(00000F20)) idx(0) write weight:3872, but recv weight: -863469772
[2024-12-17 15:37:33] [ERROR] [capacity_test] macro((0, 0)) ip(0 mram_addr(00000F21)) idx(0) write weight:3873, but recv weight: -863469772
[2024-12-17 15:37:33] [ERROR] [capacity_test] macro((0, 0)) ip(0 mram_addr(00000F22)) idx(0) write weight:3874, but recv weight: -864518348
[2024-12-17 15:37:33] [ERROR] [capacity_test] macro((0, 0)) ip(0 mram_addr(00000F23)) idx(0) write weight:3875, but recv weight: -864518348
[2024-12-17 15:37:33] [ERROR] [capacity_test] macro((0, 0)) ip(0 mram_addr(00000F24)) idx(0) write weight:3876, but recv weight: -865566924
[2024-12-17 15:37:33] [ERROR] [capacity_test] macro((0, 0)) ip(0 mram_addr(00000F25)) idx(0) write weight:3877, but recv weight: -865566924
[2024-12-17 15:37:33] [ERROR] [capacity_test] macro((0, 0)) ip(0 mram_addr(00000F26)) idx(0) write weight:3878, but recv weight: -866615500
[2024-12-17 15:37:33] [ERROR] [capacity_test] macro((0, 0)) ip(0 mram_addr(00000F27)) idx(0) write weight:3879, but recv weight: -866615500
[2024-12-17 15:37:33] [ERROR] [capacity_test] macro((0, 0)) ip(0 mram_addr(00000F28)) idx(0) write weight:3880, but recv weight: -867664076
[2024-12-17 15:37:33] [ERROR] [capacity_test] macro((0, 0)) ip(0 mram_addr(00000F29)) idx(0) write weight:3881, but recv weight: -867664076
[2024-12-17 15:37:33] [ERROR] [capacity_test] macro((0, 0)) ip(0 mram_addr(00000F2A)) idx(0) write weight:3882, but recv weight: -868712652
[2024-12-17 15:37:33] [ERROR] [capacity_test] macro((0, 0)) ip(0 mram_addr(00000F2B)) idx(0) write weight:3883, but recv weight: -868712652
[2024-12-17 15:37:33] [ERROR] [capacity_test] macro((0, 0)) ip(0 mram_addr(00000F2C)) idx(0) write weight:3884, but recv weight: -869761228
[2024-12-17 15:37:33] [ERROR] [capacity_test] macro((0, 0)) ip(0 mram_addr(00000F2D)) idx(0) write weight:3885, but recv weight: -869761228
[2024-12-17 15:37:33] [ERROR] [capacity_test] macro((0, 0)) ip(0 mram_addr(00000F2E)) idx(0) write weight:3886, but recv weight: -870809804
[2024-12-17 15:37:33] [ERROR] [capacity_test] macro((0, 0)) ip(0 mram_addr(00000F2F)) idx(0) write weight:3887, but recv weight: -870809804
[2024-12-17 15:37:33] [ERROR] [capacity_test] macro((0, 0)) ip(0 mram_addr(00000F30)) idx(0) write weight:3888, but recv weight: -871858380
[2024-12-17 15:37:33] [ERROR] [capacity_test] macro((0, 0)) ip(0 mram_addr(00000F31)) idx(0) write weight:3889, but recv weight: -871858380
[2024-12-17 15:37:33] [ERROR] [capacity_test] macro((0, 0)) ip(0 mram_addr(00000F32)) idx(0) write weight:3890, but recv weight: -872906956
[2024-12-17 15:37:33] [ERROR] [capacity_test] macro((0, 0)) ip(0 mram_addr(00000F33)) idx(0) write weight:3891, but recv weight: -872906956
[2024-12-17 15:37:33] [ERROR] [capacity_test] macro((0, 0)) ip(0 mram_addr(00000F34)) idx(0) write weight:3892, but recv weight: -873955532
[2024-12-17 15:37:33] [ERROR] [capacity_test] macro((0, 0)) ip(0 mram_addr(00000F35)) idx(0) write weight:3893, but recv weight: -873955532
[2024-12-17 15:37:33] [ERROR] [capacity_test] macro((0, 0)) ip(0 mram_addr(00000F36)) idx(0) write weight:3894, but recv weight: -875004108
[2024-12-17 15:37:33] [ERROR] [capacity_test] macro((0, 0)) ip(0 mram_addr(00000F37)) idx(0) write weight:3895, but recv weight: -875004108
[2024-12-17 15:37:33] [ERROR] [capacity_test] macro((0, 0)) ip(0 mram_addr(00000F38)) idx(0) write weight:3896, but recv weight: -876052684
[2024-12-17 15:37:33] [ERROR] [capacity_test] macro((0, 0)) ip(0 mram_addr(00000F39)) idx(0) write weight:3897, but recv weight: -876052684
[2024-12-17 15:37:33] [ERROR] [capacity_test] macro((0, 0)) ip(0 mram_addr(00000F3A)) idx(0) write weight:3898, but recv weight: -877101260
[2024-12-17 15:37:33] [ERROR] [capacity_test] macro((0, 0)) ip(0 mram_addr(00000F3B)) idx(0) write weight:3899, but recv weight: -877101260
[2024-12-17 15:37:33] [ERROR] [capacity_test] macro((0, 0)) ip(0 mram_addr(00000F3C)) idx(0) write weight:3900, but recv weight: -878149836
[2024-12-17 15:37:33] [ERROR] [capacity_test] macro((0, 0)) ip(0 mram_addr(00000F3D)) idx(0) write weight:3901, but recv weight: -878149836
[2024-12-17 15:37:33] [ERROR] [capacity_test] macro((0, 0)) ip(0 mram_addr(00000F3E)) idx(0) write weight:3902, but recv weight: -880246988
[2024-12-17 15:37:33] [ERROR] [capacity_test] macro((0, 0)) ip(0 mram_addr(00000F3F)) idx(0) write weight:3903, but recv weight: -882344140
[2024-12-17 15:37:33] [ERROR] [capacity_test] macro((0, 0)) ip(0 mram_addr(00000F40)) idx(0) write weight:3904, but recv weight: -884441292
[2024-12-17 15:37:33] [ERROR] [capacity_test] macro((0, 0)) ip(0 mram_addr(00000F41)) idx(0) write weight:3905, but recv weight: -886538444
[2024-12-17 15:37:33] [ERROR] [capacity_test] macro((0, 0)) ip(0 mram_addr(00000F42)) idx(0) write weight:3906, but recv weight: -888635596
[2024-12-17 15:37:33] [ERROR] [capacity_test] macro((0, 0)) ip(0 mram_addr(00000F43)) idx(0) write weight:3907, but recv weight: -890732748
[2024-12-17 15:37:33] [ERROR] [capacity_test] macro((0, 0)) ip(0 mram_addr(00000F44)) idx(0) write weight:3908, but recv weight: -892829900
[2024-12-17 15:37:33] [ERROR] [capacity_test] macro((0, 0)) ip(0 mram_addr(00000F45)) idx(0) write weight:3909, but recv weight: -894927052
[2024-12-17 15:37:33] [ERROR] [capacity_test] macro((0, 0)) ip(0 mram_addr(00000F46)) idx(0) write weight:3910, but recv weight: -897024204
[2024-12-17 15:37:33] [ERROR] [capacity_test] macro((0, 0)) ip(0 mram_addr(00000F47)) idx(0) write weight:3911, but recv weight: -899121356
[2024-12-17 15:37:33] [ERROR] [capacity_test] macro((0, 0)) ip(0 mram_addr(00000F48)) idx(0) write weight:3912, but recv weight: -901218508
[2024-12-17 15:37:33] [ERROR] [capacity_test] macro((0, 0)) ip(0 mram_addr(00000F49)) idx(0) write weight:3913, but recv weight: -903315660
[2024-12-17 15:37:33] [ERROR] [capacity_test] macro((0, 0)) ip(0 mram_addr(00000F4A)) idx(0) write weight:3914, but recv weight: -905412812
[2024-12-17 15:37:33] [ERROR] [capacity_test] macro((0, 0)) ip(0 mram_addr(00000F4B)) idx(0) write weight:3915, but recv weight: -907509964
[2024-12-17 15:37:33] [ERROR] [capacity_test] macro((0, 0)) ip(0 mram_addr(00000F4C)) idx(0) write weight:3916, but recv weight: -909607116
[2024-12-17 15:37:33] [ERROR] [capacity_test] macro((0, 0)) ip(0 mram_addr(00000F4D)) idx(0) write weight:3917, but recv weight: -911704268
[2024-12-17 15:37:33] [ERROR] [capacity_test] macro((0, 0)) ip(0 mram_addr(00000F4E)) idx(0) write weight:3918, but recv weight: -913801420
[2024-12-17 15:37:33] [ERROR] [capacity_test] macro((0, 0)) ip(0 mram_addr(00000F4F)) idx(0) write weight:3919, but recv weight: -915898572
[2024-12-17 15:37:33] [ERROR] [capacity_test] macro((0, 0)) ip(0 mram_addr(00000F50)) idx(0) write weight:3920, but recv weight: -917995724
[2024-12-17 15:37:33] [ERROR] [capacity_test] macro((0, 0)) ip(0 mram_addr(00000F51)) idx(0) write weight:3921, but recv weight: -920092876
[2024-12-17 15:37:33] [ERROR] [capacity_test] macro((0, 0)) ip(0 mram_addr(00000F52)) idx(0) write weight:3922, but recv weight: -922190028
[2024-12-17 15:37:33] [ERROR] [capacity_test] macro((0, 0)) ip(0 mram_addr(00000F53)) idx(0) write weight:3923, but recv weight: -924287180
[2024-12-17 15:37:33] [ERROR] [capacity_test] macro((0, 0)) ip(0 mram_addr(00000F54)) idx(0) write weight:3924, but recv weight: -926384332
[2024-12-17 15:37:33] [ERROR] [capacity_test] macro((0, 0)) ip(0 mram_addr(00000F55)) idx(0) write weight:3925, but recv weight: -928481484
[2024-12-17 15:37:33] [ERROR] [capacity_test] macro((0, 0)) ip(0 mram_addr(00000F56)) idx(0) write weight:3926, but recv weight: -930578636
[2024-12-17 15:37:33] [ERROR] [capacity_test] macro((0, 0)) ip(0 mram_addr(00000F57)) idx(0) write weight:3927, but recv weight: -932675788
[2024-12-17 15:37:33] [ERROR] [capacity_test] macro((0, 0)) ip(0 mram_addr(00000F58)) idx(0) write weight:3928, but recv weight: -934772940
[2024-12-17 15:37:33] [ERROR] [capacity_test] macro((0, 0)) ip(0 mram_addr(00000F59)) idx(0) write weight:3929, but recv weight: -936870092
[2024-12-17 15:37:33] [ERROR] [capacity_test] macro((0, 0)) ip(0 mram_addr(00000F5A)) idx(0) write weight:3930, but recv weight: -938967244
[2024-12-17 15:37:33] [ERROR] [capacity_test] macro((0, 0)) ip(0 mram_addr(00000F5B)) idx(0) write weight:3931, but recv weight: -941064396
[2024-12-17 15:37:33] [ERROR] [capacity_test] macro((0, 0)) ip(0 mram_addr(00000F5C)) idx(0) write weight:3932, but recv weight: -943161548
[2024-12-17 15:37:33] [ERROR] [capacity_test] macro((0, 0)) ip(0 mram_addr(00000F5D)) idx(0) write weight:3933, but recv weight: 0
[2024-12-17 15:37:33] [ERROR] [capacity_test] macro((0, 0)) ip(0 mram_addr(00000F5E)) idx(0) write weight:3934, but recv weight: -842498252
[2024-12-17 15:37:33] [ERROR] [capacity_test] macro((0, 0)) ip(0 mram_addr(00000F5F)) idx(0) write weight:3935, but recv weight: -842498252
[2024-12-17 15:37:33] [ERROR] [capacity_test] macro((0, 0)) ip(0 mram_addr(00000F60)) idx(0) write weight:3936, but recv weight: -842498252
[2024-12-17 15:37:33] [ERROR] [capacity_test] macro((0, 0)) ip(0 mram_addr(00000F61)) idx(0) write weight:3937, but recv weight: -842498252
[2024-12-17 15:37:33] [ERROR] [capacity_test] macro((0, 0)) ip(0 mram_addr(00000F62)) idx(0) write weight:3938, but recv weight: -842498252
[2024-12-17 15:37:33] [ERROR] [capacity_test] macro((0, 0)) ip(0 mram_addr(00000F63)) idx(0) write weight:3939, but recv weight: -842498252
[2024-12-17 15:37:33] [ERROR] [capacity_test] macro((0, 0)) ip(0 mram_addr(00000F64)) idx(0) write weight:3940, but recv weight: -842498252
[2024-12-17 15:37:33] [ERROR] [capacity_test] macro((0, 0)) ip(0 mram_addr(00000F65)) idx(0) write weight:3941, but recv weight: -842498252
[2024-12-17 15:37:33] [ERROR] [capacity_test] macro((0, 0)) ip(0 mram_addr(00000F66)) idx(0) write weight:3942, but recv weight: -842498252
[2024-12-17 15:37:33] [ERROR] [capacity_test] macro((0, 0)) ip(0 mram_addr(00000F67)) idx(0) write weight:3943, but recv weight: -842498252
[2024-12-17 15:37:33] [ERROR] [capacity_test] macro((0, 0)) ip(0 mram_addr(00000F68)) idx(0) write weight:3944, but recv weight: -842498252
[2024-12-17 15:37:33] [ERROR] [capacity_test] macro((0, 0)) ip(0 mram_addr(00000F69)) idx(0) write weight:3945, but recv weight: -842498252
[2024-12-17 15:37:33] [ERROR] [capacity_test] macro((0, 0)) ip(0 mram_addr(00000F6A)) idx(0) write weight:3946, but recv weight: -842498252
[2024-12-17 15:37:33] [ERROR] [capacity_test] macro((0, 0)) ip(0 mram_addr(00000F6B)) idx(0) write weight:3947, but recv weight: -842498252
[2024-12-17 15:37:33] [ERROR] [capacity_test] macro((0, 0)) ip(0 mram_addr(00000F6C)) idx(0) write weight:3948, but recv weight: -842498252
[2024-12-17 15:37:33] [ERROR] [capacity_test] macro((0, 0)) ip(0 mram_addr(00000F6D)) idx(0) write weight:3949, but recv weight: -843546828
[2024-12-17 15:37:33] [ERROR] [capacity_test] macro((0, 0)) ip(0 mram_addr(00000F6E)) idx(0) write weight:3950, but recv weight: -843546828
[2024-12-17 15:37:33] [ERROR] [capacity_test] macro((0, 0)) ip(0 mram_addr(00000F6F)) idx(0) write weight:3951, but recv weight: -843546828
[2024-12-17 15:37:33] [ERROR] [capacity_test] macro((0, 0)) ip(0 mram_addr(00000F70)) idx(0) write weight:3952, but recv weight: -843546828
[2024-12-17 15:37:33] [ERROR] [capacity_test] macro((0, 0)) ip(0 mram_addr(00000F71)) idx(0) write weight:3953, but recv weight: -843546828
[2024-12-17 15:37:33] [ERROR] [capacity_test] macro((0, 0)) ip(0 mram_addr(00000F72)) idx(0) write weight:3954, but recv weight: -843546828
[2024-12-17 15:37:33] [ERROR] [capacity_test] macro((0, 0)) ip(0 mram_addr(00000F73)) idx(0) write weight:3955, but recv weight: -843546828
[2024-12-17 15:37:33] [ERROR] [capacity_test] macro((0, 0)) ip(0 mram_addr(00000F74)) idx(0) write weight:3956, but recv weight: -843546828
[2024-12-17 15:37:33] [ERROR] [capacity_test] macro((0, 0)) ip(0 mram_addr(00000F75)) idx(0) write weight:3957, but recv weight: -843546828
[2024-12-17 15:37:33] [ERROR] [capacity_test] macro((0, 0)) ip(0 mram_addr(00000F76)) idx(0) write weight:3958, but recv weight: -843546828
[2024-12-17 15:37:33] [ERROR] [capacity_test] macro((0, 0)) ip(0 mram_addr(00000F77)) idx(0) write weight:3959, but recv weight: -843546828
[2024-12-17 15:37:33] [ERROR] [capacity_test] macro((0, 0)) ip(0 mram_addr(00000F78)) idx(0) write weight:3960, but recv weight: -843546828
[2024-12-17 15:37:33] [ERROR] [capacity_test] macro((0, 0)) ip(0 mram_addr(00000F79)) idx(0) write weight:3961, but recv weight: -843546828
[2024-12-17 15:37:33] [ERROR] [capacity_test] macro((0, 0)) ip(0 mram_addr(00000F7A)) idx(0) write weight:3962, but recv weight: -843546828
[2024-12-17 15:37:33] [ERROR] [capacity_test] macro((0, 0)) ip(0 mram_addr(00000F7B)) idx(0) write weight:3963, but recv weight: -844595404
[2024-12-17 15:37:33] [ERROR] [capacity_test] macro((0, 0)) ip(0 mram_addr(00000F7C)) idx(0) write weight:3964, but recv weight: -844595404
[2024-12-17 15:37:33] [ERROR] [capacity_test] macro((0, 0)) ip(0 mram_addr(00000F7D)) idx(0) write weight:3965, but recv weight: -845643980
[2024-12-17 15:37:33] [ERROR] [capacity_test] macro((0, 0)) ip(0 mram_addr(00000F7E)) idx(0) write weight:3966, but recv weight: -845643980
[2024-12-17 15:37:33] [ERROR] [capacity_test] macro((0, 0)) ip(0 mram_addr(00000F7F)) idx(0) write weight:3967, but recv weight: -846692556
[2024-12-17 15:37:33] [ERROR] [capacity_test] macro((0, 0)) ip(0 mram_addr(00000F80)) idx(0) write weight:3968, but recv weight: -846692556
[2024-12-17 15:37:33] [ERROR] [capacity_test] macro((0, 0)) ip(0 mram_addr(00000F81)) idx(0) write weight:3969, but recv weight: -847741132
[2024-12-17 15:37:33] [ERROR] [capacity_test] macro((0, 0)) ip(0 mram_addr(00000F82)) idx(0) write weight:3970, but recv weight: -847741132
[2024-12-17 15:37:33] [ERROR] [capacity_test] macro((0, 0)) ip(0 mram_addr(00000F83)) idx(0) write weight:3971, but recv weight: -848789708
[2024-12-17 15:37:33] [ERROR] [capacity_test] macro((0, 0)) ip(0 mram_addr(00000F84)) idx(0) write weight:3972, but recv weight: -848789708
[2024-12-17 15:37:33] [ERROR] [capacity_test] macro((0, 0)) ip(0 mram_addr(00000F85)) idx(0) write weight:3973, but recv weight: -849838284
[2024-12-17 15:37:33] [ERROR] [capacity_test] macro((0, 0)) ip(0 mram_addr(00000F86)) idx(0) write weight:3974, but recv weight: -849838284
[2024-12-17 15:37:33] [ERROR] [capacity_test] macro((0, 0)) ip(0 mram_addr(00000F87)) idx(0) write weight:3975, but recv weight: -850886860
[2024-12-17 15:37:33] [ERROR] [capacity_test] macro((0, 0)) ip(0 mram_addr(00000F88)) idx(0) write weight:3976, but recv weight: -850886860
[2024-12-17 15:37:33] [ERROR] [capacity_test] macro((0, 0)) ip(0 mram_addr(00000F89)) idx(0) write weight:3977, but recv weight: -851935436
[2024-12-17 15:37:33] [ERROR] [capacity_test] macro((0, 0)) ip(0 mram_addr(00000F8A)) idx(0) write weight:3978, but recv weight: -851935436
[2024-12-17 15:37:33] [ERROR] [capacity_test] macro((0, 0)) ip(0 mram_addr(00000F8B)) idx(0) write weight:3979, but recv weight: -852984012
[2024-12-17 15:37:33] [ERROR] [capacity_test] macro((0, 0)) ip(0 mram_addr(00000F8C)) idx(0) write weight:3980, but recv weight: -852984012
[2024-12-17 15:37:33] [ERROR] [capacity_test] macro((0, 0)) ip(0 mram_addr(00000F8D)) idx(0) write weight:3981, but recv weight: -854032588
[2024-12-17 15:37:33] [ERROR] [capacity_test] macro((0, 0)) ip(0 mram_addr(00000F8E)) idx(0) write weight:3982, but recv weight: -854032588
[2024-12-17 15:37:33] [ERROR] [capacity_test] macro((0, 0)) ip(0 mram_addr(00000F8F)) idx(0) write weight:3983, but recv weight: -855081164
[2024-12-17 15:37:33] [ERROR] [capacity_test] macro((0, 0)) ip(0 mram_addr(00000F90)) idx(0) write weight:3984, but recv weight: -855081164
[2024-12-17 15:37:33] [ERROR] [capacity_test] macro((0, 0)) ip(0 mram_addr(00000F91)) idx(0) write weight:3985, but recv weight: -856129740
[2024-12-17 15:37:33] [ERROR] [capacity_test] macro((0, 0)) ip(0 mram_addr(00000F92)) idx(0) write weight:3986, but recv weight: -856129740
[2024-12-17 15:37:33] [ERROR] [capacity_test] macro((0, 0)) ip(0 mram_addr(00000F93)) idx(0) write weight:3987, but recv weight: -857178316
[2024-12-17 15:37:33] [ERROR] [capacity_test] macro((0, 0)) ip(0 mram_addr(00000F94)) idx(0) write weight:3988, but recv weight: -857178316
[2024-12-17 15:37:33] [ERROR] [capacity_test] macro((0, 0)) ip(0 mram_addr(00000F95)) idx(0) write weight:3989, but recv weight: -858226892
[2024-12-17 15:37:33] [ERROR] [capacity_test] macro((0, 0)) ip(0 mram_addr(00000F96)) idx(0) write weight:3990, but recv weight: -858226892
[2024-12-17 15:37:33] [ERROR] [capacity_test] macro((0, 0)) ip(0 mram_addr(00000F97)) idx(0) write weight:3991, but recv weight: -859275468
[2024-12-17 15:37:33] [ERROR] [capacity_test] macro((0, 0)) ip(0 mram_addr(00000F98)) idx(0) write weight:3992, but recv weight: -859275468
[2024-12-17 15:37:33] [ERROR] [capacity_test] macro((0, 0)) ip(0 mram_addr(00000F99)) idx(0) write weight:3993, but recv weight: -860324044
[2024-12-17 15:37:33] [ERROR] [capacity_test] macro((0, 0)) ip(0 mram_addr(00000F9A)) idx(0) write weight:3994, but recv weight: -860324044
[2024-12-17 15:37:33] [ERROR] [capacity_test] macro((0, 0)) ip(0 mram_addr(00000F9B)) idx(0) write weight:3995, but recv weight: -861372620
[2024-12-17 15:37:33] [ERROR] [capacity_test] macro((0, 0)) ip(0 mram_addr(00000F9C)) idx(0) write weight:3996, but recv weight: -861372620
[2024-12-17 15:37:33] [ERROR] [capacity_test] macro((0, 0)) ip(0 mram_addr(00000F9D)) idx(0) write weight:3997, but recv weight: -862421196
[2024-12-17 15:37:33] [ERROR] [capacity_test] macro((0, 0)) ip(0 mram_addr(00000F9E)) idx(0) write weight:3998, but recv weight: -862421196
[2024-12-17 15:37:33] [ERROR] [capacity_test] macro((0, 0)) ip(0 mram_addr(00000F9F)) idx(0) write weight:3999, but recv weight: -863469772
[2024-12-17 15:37:33] [ERROR] [capacity_test] macro((0, 0)) ip(0 mram_addr(00000FA0)) idx(0) write weight:4000, but recv weight: -863469772
[2024-12-17 15:37:33] [ERROR] [capacity_test] macro((0, 0)) ip(0 mram_addr(00000FA1)) idx(0) write weight:4001, but recv weight: -864518348
[2024-12-17 15:37:33] [ERROR] [capacity_test] macro((0, 0)) ip(0 mram_addr(00000FA2)) idx(0) write weight:4002, but recv weight: -864518348
[2024-12-17 15:37:33] [ERROR] [capacity_test] macro((0, 0)) ip(0 mram_addr(00000FA3)) idx(0) write weight:4003, but recv weight: -865566924
[2024-12-17 15:37:33] [ERROR] [capacity_test] macro((0, 0)) ip(0 mram_addr(00000FA4)) idx(0) write weight:4004, but recv weight: -865566924
[2024-12-17 15:37:33] [ERROR] [capacity_test] macro((0, 0)) ip(0 mram_addr(00000FA5)) idx(0) write weight:4005, but recv weight: -866615500
[2024-12-17 15:37:33] [ERROR] [capacity_test] macro((0, 0)) ip(0 mram_addr(00000FA6)) idx(0) write weight:4006, but recv weight: -866615500
[2024-12-17 15:37:33] [ERROR] [capacity_test] macro((0, 0)) ip(0 mram_addr(00000FA7)) idx(0) write weight:4007, but recv weight: -867664076
[2024-12-17 15:37:33] [ERROR] [capacity_test] macro((0, 0)) ip(0 mram_addr(00000FA8)) idx(0) write weight:4008, but recv weight: -867664076
[2024-12-17 15:37:33] [ERROR] [capacity_test] macro((0, 0)) ip(0 mram_addr(00000FA9)) idx(0) write weight:4009, but recv weight: -868712652
[2024-12-17 15:37:33] [ERROR] [capacity_test] macro((0, 0)) ip(0 mram_addr(00000FAA)) idx(0) write weight:4010, but recv weight: -868712652
[2024-12-17 15:37:33] [ERROR] [capacity_test] macro((0, 0)) ip(0 mram_addr(00000FAB)) idx(0) write weight:4011, but recv weight: -869761228
[2024-12-17 15:37:33] [ERROR] [capacity_test] macro((0, 0)) ip(0 mram_addr(00000FAC)) idx(0) write weight:4012, but recv weight: -869761228
[2024-12-17 15:37:33] [ERROR] [capacity_test] macro((0, 0)) ip(0 mram_addr(00000FAD)) idx(0) write weight:4013, but recv weight: -870809804
[2024-12-17 15:37:33] [ERROR] [capacity_test] macro((0, 0)) ip(0 mram_addr(00000FAE)) idx(0) write weight:4014, but recv weight: -870809804
[2024-12-17 15:37:33] [ERROR] [capacity_test] macro((0, 0)) ip(0 mram_addr(00000FAF)) idx(0) write weight:4015, but recv weight: -871858380
[2024-12-17 15:37:33] [ERROR] [capacity_test] macro((0, 0)) ip(0 mram_addr(00000FB0)) idx(0) write weight:4016, but recv weight: -871858380
[2024-12-17 15:37:33] [ERROR] [capacity_test] macro((0, 0)) ip(0 mram_addr(00000FB1)) idx(0) write weight:4017, but recv weight: -872906956
[2024-12-17 15:37:33] [ERROR] [capacity_test] macro((0, 0)) ip(0 mram_addr(00000FB2)) idx(0) write weight:4018, but recv weight: -872906956
[2024-12-17 15:37:33] [ERROR] [capacity_test] macro((0, 0)) ip(0 mram_addr(00000FB3)) idx(0) write weight:4019, but recv weight: -873955532
[2024-12-17 15:37:33] [ERROR] [capacity_test] macro((0, 0)) ip(0 mram_addr(00000FB4)) idx(0) write weight:4020, but recv weight: -873955532
[2024-12-17 15:37:33] [ERROR] [capacity_test] macro((0, 0)) ip(0 mram_addr(00000FB5)) idx(0) write weight:4021, but recv weight: -875004108
[2024-12-17 15:37:33] [ERROR] [capacity_test] macro((0, 0)) ip(0 mram_addr(00000FB6)) idx(0) write weight:4022, but recv weight: -875004108
[2024-12-17 15:37:33] [ERROR] [capacity_test] macro((0, 0)) ip(0 mram_addr(00000FB7)) idx(0) write weight:4023, but recv weight: -876052684
[2024-12-17 15:37:33] [ERROR] [capacity_test] macro((0, 0)) ip(0 mram_addr(00000FB8)) idx(0) write weight:4024, but recv weight: -876052684
[2024-12-17 15:37:33] [ERROR] [capacity_test] macro((0, 0)) ip(0 mram_addr(00000FB9)) idx(0) write weight:4025, but recv weight: -877101260
[2024-12-17 15:37:33] [ERROR] [capacity_test] macro((0, 0)) ip(0 mram_addr(00000FBA)) idx(0) write weight:4026, but recv weight: -877101260
[2024-12-17 15:37:33] [ERROR] [capacity_test] macro((0, 0)) ip(0 mram_addr(00000FBB)) idx(0) write weight:4027, but recv weight: -878149836
[2024-12-17 15:37:33] [ERROR] [capacity_test] macro((0, 0)) ip(0 mram_addr(00000FBC)) idx(0) write weight:4028, but recv weight: -878149836
[2024-12-17 15:37:33] [ERROR] [capacity_test] macro((0, 0)) ip(0 mram_addr(00000FBD)) idx(0) write weight:4029, but recv weight: -879198412
[2024-12-17 15:37:33] [ERROR] [capacity_test] macro((0, 0)) ip(0 mram_addr(00000FBE)) idx(0) write weight:4030, but recv weight: -881295564
[2024-12-17 15:37:33] [ERROR] [capacity_test] macro((0, 0)) ip(0 mram_addr(00000FBF)) idx(0) write weight:4031, but recv weight: -883392716
[2024-12-17 15:37:33] [ERROR] [capacity_test] macro((0, 0)) ip(0 mram_addr(00000FC0)) idx(0) write weight:4032, but recv weight: -885489868
[2024-12-17 15:37:33] [ERROR] [capacity_test] macro((0, 0)) ip(0 mram_addr(00000FC1)) idx(0) write weight:4033, but recv weight: -887587020
[2024-12-17 15:37:33] [ERROR] [capacity_test] macro((0, 0)) ip(0 mram_addr(00000FC2)) idx(0) write weight:4034, but recv weight: -889684172
[2024-12-17 15:37:33] [ERROR] [capacity_test] macro((0, 0)) ip(0 mram_addr(00000FC3)) idx(0) write weight:4035, but recv weight: -891781324
[2024-12-17 15:37:33] [ERROR] [capacity_test] macro((0, 0)) ip(0 mram_addr(00000FC4)) idx(0) write weight:4036, but recv weight: -893878476
[2024-12-17 15:37:33] [ERROR] [capacity_test] macro((0, 0)) ip(0 mram_addr(00000FC5)) idx(0) write weight:4037, but recv weight: -895975628
[2024-12-17 15:37:33] [ERROR] [capacity_test] macro((0, 0)) ip(0 mram_addr(00000FC6)) idx(0) write weight:4038, but recv weight: -898072780
[2024-12-17 15:37:33] [ERROR] [capacity_test] macro((0, 0)) ip(0 mram_addr(00000FC7)) idx(0) write weight:4039, but recv weight: -900169932
[2024-12-17 15:37:33] [ERROR] [capacity_test] macro((0, 0)) ip(0 mram_addr(00000FC8)) idx(0) write weight:4040, but recv weight: -902267084
[2024-12-17 15:37:33] [ERROR] [capacity_test] macro((0, 0)) ip(0 mram_addr(00000FC9)) idx(0) write weight:4041, but recv weight: -904364236
[2024-12-17 15:37:33] [ERROR] [capacity_test] macro((0, 0)) ip(0 mram_addr(00000FCA)) idx(0) write weight:4042, but recv weight: -906461388
[2024-12-17 15:37:33] [ERROR] [capacity_test] macro((0, 0)) ip(0 mram_addr(00000FCB)) idx(0) write weight:4043, but recv weight: -908558540
[2024-12-17 15:37:33] [ERROR] [capacity_test] macro((0, 0)) ip(0 mram_addr(00000FCC)) idx(0) write weight:4044, but recv weight: -910655692
[2024-12-17 15:37:33] [ERROR] [capacity_test] macro((0, 0)) ip(0 mram_addr(00000FCD)) idx(0) write weight:4045, but recv weight: -912752844
[2024-12-17 15:37:33] [ERROR] [capacity_test] macro((0, 0)) ip(0 mram_addr(00000FCE)) idx(0) write weight:4046, but recv weight: -914849996
[2024-12-17 15:37:33] [ERROR] [capacity_test] macro((0, 0)) ip(0 mram_addr(00000FCF)) idx(0) write weight:4047, but recv weight: -916947148
[2024-12-17 15:37:33] [ERROR] [capacity_test] macro((0, 0)) ip(0 mram_addr(00000FD0)) idx(0) write weight:4048, but recv weight: -919044300
[2024-12-17 15:37:33] [ERROR] [capacity_test] macro((0, 0)) ip(0 mram_addr(00000FD1)) idx(0) write weight:4049, but recv weight: -921141452
[2024-12-17 15:37:33] [ERROR] [capacity_test] macro((0, 0)) ip(0 mram_addr(00000FD2)) idx(0) write weight:4050, but recv weight: -923238604
[2024-12-17 15:37:33] [ERROR] [capacity_test] macro((0, 0)) ip(0 mram_addr(00000FD3)) idx(0) write weight:4051, but recv weight: -925335756
[2024-12-17 15:37:33] [ERROR] [capacity_test] macro((0, 0)) ip(0 mram_addr(00000FD4)) idx(0) write weight:4052, but recv weight: -927432908
[2024-12-17 15:37:33] [ERROR] [capacity_test] macro((0, 0)) ip(0 mram_addr(00000FD5)) idx(0) write weight:4053, but recv weight: -929530060
[2024-12-17 15:37:33] [ERROR] [capacity_test] macro((0, 0)) ip(0 mram_addr(00000FD6)) idx(0) write weight:4054, but recv weight: -931627212
[2024-12-17 15:37:33] [ERROR] [capacity_test] macro((0, 0)) ip(0 mram_addr(00000FD7)) idx(0) write weight:4055, but recv weight: -933724364
[2024-12-17 15:37:33] [ERROR] [capacity_test] macro((0, 0)) ip(0 mram_addr(00000FD8)) idx(0) write weight:4056, but recv weight: -935821516
[2024-12-17 15:37:33] [ERROR] [capacity_test] macro((0, 0)) ip(0 mram_addr(00000FD9)) idx(0) write weight:4057, but recv weight: -841449676
[2024-12-17 15:37:33] [ERROR] [capacity_test] macro((0, 0)) ip(0 mram_addr(00000FDA)) idx(0) write weight:4058, but recv weight: -841449676
[2024-12-17 15:37:33] [ERROR] [capacity_test] macro((0, 0)) ip(0 mram_addr(00000FDB)) idx(0) write weight:4059, but recv weight: -841449676
[2024-12-17 15:37:33] [ERROR] [capacity_test] macro((0, 0)) ip(0 mram_addr(00000FDC)) idx(0) write weight:4060, but recv weight: -841449676
[2024-12-17 15:37:33] [ERROR] [capacity_test] macro((0, 0)) ip(0 mram_addr(00000FDD)) idx(0) write weight:4061, but recv weight: -841449676
[2024-12-17 15:37:33] [ERROR] [capacity_test] macro((0, 0)) ip(0 mram_addr(00000FDE)) idx(0) write weight:4062, but recv weight: -842498252
[2024-12-17 15:37:33] [ERROR] [capacity_test] macro((0, 0)) ip(0 mram_addr(00000FDF)) idx(0) write weight:4063, but recv weight: -842498252
[2024-12-17 15:37:33] [ERROR] [capacity_test] macro((0, 0)) ip(0 mram_addr(00000FE0)) idx(0) write weight:4064, but recv weight: -842498252
[2024-12-17 15:37:33] [ERROR] [capacity_test] macro((0, 0)) ip(0 mram_addr(00000FE1)) idx(0) write weight:4065, but recv weight: -842498252
[2024-12-17 15:37:33] [ERROR] [capacity_test] macro((0, 0)) ip(0 mram_addr(00000FE2)) idx(0) write weight:4066, but recv weight: -842498252
[2024-12-17 15:37:33] [ERROR] [capacity_test] macro((0, 0)) ip(0 mram_addr(00000FE3)) idx(0) write weight:4067, but recv weight: -842498252
[2024-12-17 15:37:33] [ERROR] [capacity_test] macro((0, 0)) ip(0 mram_addr(00000FE4)) idx(0) write weight:4068, but recv weight: -842498252
[2024-12-17 15:37:33] [ERROR] [capacity_test] macro((0, 0)) ip(0 mram_addr(00000FE5)) idx(0) write weight:4069, but recv weight: -842498252
[2024-12-17 15:37:33] [ERROR] [capacity_test] macro((0, 0)) ip(0 mram_addr(00000FE6)) idx(0) write weight:4070, but recv weight: -842498252
[2024-12-17 15:37:33] [ERROR] [capacity_test] macro((0, 0)) ip(0 mram_addr(00000FE7)) idx(0) write weight:4071, but recv weight: -842498252
[2024-12-17 15:37:33] [ERROR] [capacity_test] macro((0, 0)) ip(0 mram_addr(00000FE8)) idx(0) write weight:4072, but recv weight: -842498252
[2024-12-17 15:37:33] [ERROR] [capacity_test] macro((0, 0)) ip(0 mram_addr(00000FE9)) idx(0) write weight:4073, but recv weight: -842498252
[2024-12-17 15:37:33] [ERROR] [capacity_test] macro((0, 0)) ip(0 mram_addr(00000FEA)) idx(0) write weight:4074, but recv weight: -842498252
[2024-12-17 15:37:33] [ERROR] [capacity_test] macro((0, 0)) ip(0 mram_addr(00000FEB)) idx(0) write weight:4075, but recv weight: -842498252
[2024-12-17 15:37:33] [ERROR] [capacity_test] macro((0, 0)) ip(0 mram_addr(00000FEC)) idx(0) write weight:4076, but recv weight: -842498252
[2024-12-17 15:37:33] [ERROR] [capacity_test] macro((0, 0)) ip(0 mram_addr(00000FED)) idx(0) write weight:4077, but recv weight: -842498252
[2024-12-17 15:37:33] [ERROR] [capacity_test] macro((0, 0)) ip(0 mram_addr(00000FEE)) idx(0) write weight:4078, but recv weight: -843546828
[2024-12-17 15:37:33] [ERROR] [capacity_test] macro((0, 0)) ip(0 mram_addr(00000FEF)) idx(0) write weight:4079, but recv weight: -843546828
[2024-12-17 15:37:33] [ERROR] [capacity_test] macro((0, 0)) ip(0 mram_addr(00000FF0)) idx(0) write weight:4080, but recv weight: -843546828
[2024-12-17 15:37:33] [ERROR] [capacity_test] macro((0, 0)) ip(0 mram_addr(00000FF1)) idx(0) write weight:4081, but recv weight: -843546828
[2024-12-17 15:37:33] [ERROR] [capacity_test] macro((0, 0)) ip(0 mram_addr(00000FF2)) idx(0) write weight:4082, but recv weight: -843546828
[2024-12-17 15:37:33] [ERROR] [capacity_test] macro((0, 0)) ip(0 mram_addr(00000FF3)) idx(0) write weight:4083, but recv weight: -843546828
[2024-12-17 15:37:33] [ERROR] [capacity_test] macro((0, 0)) ip(0 mram_addr(00000FF4)) idx(0) write weight:4084, but recv weight: -843546828
[2024-12-17 15:37:33] [ERROR] [capacity_test] macro((0, 0)) ip(0 mram_addr(00000FF5)) idx(0) write weight:4085, but recv weight: -843546828
[2024-12-17 15:37:33] [ERROR] [capacity_test] macro((0, 0)) ip(0 mram_addr(00000FF6)) idx(0) write weight:4086, but recv weight: -843546828
[2024-12-17 15:37:33] [ERROR] [capacity_test] macro((0, 0)) ip(0 mram_addr(00000FF7)) idx(0) write weight:4087, but recv weight: -843546828
[2024-12-17 15:37:33] [ERROR] [capacity_test] macro((0, 0)) ip(0 mram_addr(00000FF8)) idx(0) write weight:4088, but recv weight: -843546828
[2024-12-17 15:37:33] [ERROR] [capacity_test] macro((0, 0)) ip(0 mram_addr(00000FF9)) idx(0) write weight:4089, but recv weight: -843546828
[2024-12-17 15:37:33] [ERROR] [capacity_test] macro((0, 0)) ip(0 mram_addr(00000FFA)) idx(0) write weight:4090, but recv weight: -843546828
[2024-12-17 15:37:33] [ERROR] [capacity_test] macro((0, 0)) ip(0 mram_addr(00000FFB)) idx(0) write weight:4091, but recv weight: -843546828
[2024-12-17 15:37:33] [ERROR] [capacity_test] macro((0, 0)) ip(0 mram_addr(00000FFC)) idx(0) write weight:4092, but recv weight: -844595404
[2024-12-17 15:37:33] [ERROR] [capacity_test] macro((0, 0)) ip(0 mram_addr(00000FFD)) idx(0) write weight:4093, but recv weight: -844595404
[2024-12-17 15:37:33] [ERROR] [capacity_test] macro((0, 0)) ip(0 mram_addr(00000FFE)) idx(0) write weight:4094, but recv weight: -845643980
[2024-12-17 15:37:33] [ERROR] [capacity_test] macro((0, 0)) ip(0 mram_addr(00000FFF)) idx(0) write weight:4095, but recv weight: -845643980
[2024-12-17 15:39:20] [ERROR] [capacity_test] macro((0, 0)) ip(0 mram_addr(00000000)) idx(0) write weight:0, but recv weight: 1204322116
[2024-12-17 15:39:20] [ERROR] [capacity_test] macro((0, 0)) ip(0 mram_addr(00000001)) idx(0) write weight:1, but recv weight: 1204322116
[2024-12-17 15:39:20] [ERROR] [capacity_test] macro((0, 0)) ip(0 mram_addr(00000002)) idx(0) write weight:2, but recv weight: 1204322116
[2024-12-17 15:39:20] [ERROR] [capacity_test] macro((0, 0)) ip(0 mram_addr(00000003)) idx(0) write weight:3, but recv weight: 1204322116
[2024-12-17 15:39:20] [ERROR] [capacity_test] macro((0, 0)) ip(0 mram_addr(00000004)) idx(0) write weight:4, but recv weight: 1204322116
[2024-12-17 15:39:20] [ERROR] [capacity_test] macro((0, 0)) ip(0 mram_addr(00000005)) idx(0) write weight:5, but recv weight: 1204322116
[2024-12-17 15:39:20] [ERROR] [capacity_test] macro((0, 0)) ip(0 mram_addr(00000006)) idx(0) write weight:6, but recv weight: 1206419268
[2024-12-17 15:39:20] [ERROR] [capacity_test] macro((0, 0)) ip(0 mram_addr(00000007)) idx(0) write weight:7, but recv weight: 1204322116
[2024-12-17 15:39:20] [ERROR] [capacity_test] macro((0, 0)) ip(0 mram_addr(00000008)) idx(0) write weight:8, but recv weight: 1206419268
[2024-12-17 15:39:20] [ERROR] [capacity_test] macro((0, 0)) ip(0 mram_addr(00000009)) idx(0) write weight:9, but recv weight: 1204322116
[2024-12-17 15:39:20] [ERROR] [capacity_test] macro((0, 0)) ip(0 mram_addr(0000000A)) idx(0) write weight:10, but recv weight: 1206419268
[2024-12-17 15:39:20] [ERROR] [capacity_test] macro((0, 0)) ip(0 mram_addr(0000000B)) idx(0) write weight:11, but recv weight: 1204322116
[2024-12-17 15:39:20] [ERROR] [capacity_test] macro((0, 0)) ip(0 mram_addr(0000000C)) idx(0) write weight:12, but recv weight: 1206419268
[2024-12-17 15:39:20] [ERROR] [capacity_test] macro((0, 0)) ip(0 mram_addr(0000000D)) idx(0) write weight:13, but recv weight: 1204322116
[2024-12-17 15:39:20] [ERROR] [capacity_test] macro((0, 0)) ip(0 mram_addr(0000000E)) idx(0) write weight:14, but recv weight: 1207467844
[2024-12-17 15:39:20] [ERROR] [capacity_test] macro((0, 0)) ip(0 mram_addr(0000000F)) idx(0) write weight:15, but recv weight: 1205370692
[2024-12-17 15:39:20] [ERROR] [capacity_test] macro((0, 0)) ip(0 mram_addr(00000010)) idx(0) write weight:16, but recv weight: 1207467844
[2024-12-17 15:39:20] [ERROR] [capacity_test] macro((0, 0)) ip(0 mram_addr(00000011)) idx(0) write weight:17, but recv weight: 1205370692
[2024-12-17 15:39:20] [ERROR] [capacity_test] macro((0, 0)) ip(0 mram_addr(00000012)) idx(0) write weight:18, but recv weight: 1207467844
[2024-12-17 15:39:20] [ERROR] [capacity_test] macro((0, 0)) ip(0 mram_addr(00000013)) idx(0) write weight:19, but recv weight: 1205370692
[2024-12-17 15:39:20] [ERROR] [capacity_test] macro((0, 0)) ip(0 mram_addr(00000014)) idx(0) write weight:20, but recv weight: 1207467844
[2024-12-17 15:39:20] [ERROR] [capacity_test] macro((0, 0)) ip(0 mram_addr(00000015)) idx(0) write weight:21, but recv weight: 1205370692
[2024-12-17 15:39:20] [ERROR] [capacity_test] macro((0, 0)) ip(0 mram_addr(00000016)) idx(0) write weight:22, but recv weight: 1208516420
[2024-12-17 15:39:20] [ERROR] [capacity_test] macro((0, 0)) ip(0 mram_addr(00000017)) idx(0) write weight:23, but recv weight: 1206419268
[2024-12-17 15:39:20] [ERROR] [capacity_test] macro((0, 0)) ip(0 mram_addr(00000018)) idx(0) write weight:24, but recv weight: 1204322116
[2024-12-17 15:39:20] [ERROR] [capacity_test] macro((0, 0)) ip(0 mram_addr(00000019)) idx(0) write weight:25, but recv weight: 1208516420
[2024-12-17 15:39:20] [ERROR] [capacity_test] macro((0, 0)) ip(0 mram_addr(0000001A)) idx(0) write weight:26, but recv weight: 1206419268
[2024-12-17 15:39:20] [ERROR] [capacity_test] macro((0, 0)) ip(0 mram_addr(0000001B)) idx(0) write weight:27, but recv weight: 1204322116
[2024-12-17 15:39:20] [ERROR] [capacity_test] macro((0, 0)) ip(0 mram_addr(0000001C)) idx(0) write weight:28, but recv weight: 1208516420
[2024-12-17 15:39:20] [ERROR] [capacity_test] macro((0, 0)) ip(0 mram_addr(0000001D)) idx(0) write weight:29, but recv weight: 1206419268
[2024-12-17 15:39:20] [ERROR] [capacity_test] macro((0, 0)) ip(0 mram_addr(0000001E)) idx(0) write weight:30, but recv weight: 1204322116
[2024-12-17 15:39:20] [ERROR] [capacity_test] macro((0, 0)) ip(0 mram_addr(0000001F)) idx(0) write weight:31, but recv weight: 1208516420
[2024-12-17 15:39:20] [ERROR] [capacity_test] macro((0, 0)) ip(0 mram_addr(00000020)) idx(0) write weight:32, but recv weight: 1206419268
[2024-12-17 15:39:20] [ERROR] [capacity_test] macro((0, 0)) ip(0 mram_addr(00000021)) idx(0) write weight:33, but recv weight: 1204322116
[2024-12-17 15:39:20] [ERROR] [capacity_test] macro((0, 0)) ip(0 mram_addr(00000022)) idx(0) write weight:34, but recv weight: 1209564996
[2024-12-17 15:39:20] [ERROR] [capacity_test] macro((0, 0)) ip(0 mram_addr(00000023)) idx(0) write weight:35, but recv weight: 1207467844
[2024-12-17 15:39:20] [ERROR] [capacity_test] macro((0, 0)) ip(0 mram_addr(00000024)) idx(0) write weight:36, but recv weight: 1205370692
[2024-12-17 15:39:20] [ERROR] [capacity_test] macro((0, 0)) ip(0 mram_addr(00000025)) idx(0) write weight:37, but recv weight: 1210613572
[2024-12-17 15:39:20] [ERROR] [capacity_test] macro((0, 0)) ip(0 mram_addr(00000026)) idx(0) write weight:38, but recv weight: 1208516420
[2024-12-17 15:39:20] [ERROR] [capacity_test] macro((0, 0)) ip(0 mram_addr(00000027)) idx(0) write weight:39, but recv weight: 1206419268
[2024-12-17 15:39:20] [ERROR] [capacity_test] macro((0, 0)) ip(0 mram_addr(00000028)) idx(0) write weight:40, but recv weight: 1204322116
[2024-12-17 15:39:20] [ERROR] [capacity_test] macro((0, 0)) ip(0 mram_addr(00000029)) idx(0) write weight:41, but recv weight: 1210613572
[2024-12-17 15:39:20] [ERROR] [capacity_test] macro((0, 0)) ip(0 mram_addr(0000002A)) idx(0) write weight:42, but recv weight: 1208516420
[2024-12-17 15:39:20] [ERROR] [capacity_test] macro((0, 0)) ip(0 mram_addr(0000002B)) idx(0) write weight:43, but recv weight: 1206419268
[2024-12-17 15:39:20] [ERROR] [capacity_test] macro((0, 0)) ip(0 mram_addr(0000002C)) idx(0) write weight:44, but recv weight: 1204322116
[2024-12-17 15:39:20] [ERROR] [capacity_test] macro((0, 0)) ip(0 mram_addr(0000002D)) idx(0) write weight:45, but recv weight: 1211662148
[2024-12-17 15:39:20] [ERROR] [capacity_test] macro((0, 0)) ip(0 mram_addr(0000002E)) idx(0) write weight:46, but recv weight: 1209564996
[2024-12-17 15:39:20] [ERROR] [capacity_test] macro((0, 0)) ip(0 mram_addr(0000002F)) idx(0) write weight:47, but recv weight: 1207467844
[2024-12-17 15:39:20] [ERROR] [capacity_test] macro((0, 0)) ip(0 mram_addr(00000030)) idx(0) write weight:48, but recv weight: 1205370692
[2024-12-17 15:39:20] [ERROR] [capacity_test] macro((0, 0)) ip(0 mram_addr(00000031)) idx(0) write weight:49, but recv weight: 1211662148
[2024-12-17 15:39:20] [ERROR] [capacity_test] macro((0, 0)) ip(0 mram_addr(00000032)) idx(0) write weight:50, but recv weight: 1209564996
[2024-12-17 15:39:20] [ERROR] [capacity_test] macro((0, 0)) ip(0 mram_addr(00000033)) idx(0) write weight:51, but recv weight: 1207467844
[2024-12-17 15:39:20] [ERROR] [capacity_test] macro((0, 0)) ip(0 mram_addr(00000034)) idx(0) write weight:52, but recv weight: 1205370692
[2024-12-17 15:39:20] [ERROR] [capacity_test] macro((0, 0)) ip(0 mram_addr(00000035)) idx(0) write weight:53, but recv weight: 1211662148
[2024-12-17 15:39:20] [ERROR] [capacity_test] macro((0, 0)) ip(0 mram_addr(00000036)) idx(0) write weight:54, but recv weight: 1209564996
[2024-12-17 15:39:20] [ERROR] [capacity_test] macro((0, 0)) ip(0 mram_addr(00000037)) idx(0) write weight:55, but recv weight: 1207467844
[2024-12-17 15:39:20] [ERROR] [capacity_test] macro((0, 0)) ip(0 mram_addr(00000038)) idx(0) write weight:56, but recv weight: 1205370692
[2024-12-17 15:39:20] [ERROR] [capacity_test] macro((0, 0)) ip(0 mram_addr(00000039)) idx(0) write weight:57, but recv weight: 1212710724
[2024-12-17 15:39:20] [ERROR] [capacity_test] macro((0, 0)) ip(0 mram_addr(0000003A)) idx(0) write weight:58, but recv weight: 1210613572
[2024-12-17 15:39:20] [ERROR] [capacity_test] macro((0, 0)) ip(0 mram_addr(0000003B)) idx(0) write weight:59, but recv weight: 1208516420
[2024-12-17 15:39:20] [ERROR] [capacity_test] macro((0, 0)) ip(0 mram_addr(0000003C)) idx(0) write weight:60, but recv weight: 1206419268
[2024-12-17 15:39:20] [ERROR] [capacity_test] macro((0, 0)) ip(0 mram_addr(0000003D)) idx(0) write weight:61, but recv weight: 1204322116
[2024-12-17 15:39:20] [ERROR] [capacity_test] macro((0, 0)) ip(0 mram_addr(0000003E)) idx(0) write weight:62, but recv weight: 1213759300
[2024-12-17 15:39:20] [ERROR] [capacity_test] macro((0, 0)) ip(0 mram_addr(0000003F)) idx(0) write weight:63, but recv weight: 1211662148
[2024-12-17 15:39:20] [ERROR] [capacity_test] macro((0, 0)) ip(0 mram_addr(00000040)) idx(0) write weight:64, but recv weight: 1209564996
[2024-12-17 15:39:20] [ERROR] [capacity_test] macro((0, 0)) ip(0 mram_addr(00000041)) idx(0) write weight:65, but recv weight: 1207467844
[2024-12-17 15:39:20] [ERROR] [capacity_test] macro((0, 0)) ip(0 mram_addr(00000042)) idx(0) write weight:66, but recv weight: 1205370692
[2024-12-17 15:39:20] [ERROR] [capacity_test] macro((0, 0)) ip(0 mram_addr(00000043)) idx(0) write weight:67, but recv weight: 1213759300
[2024-12-17 15:39:20] [ERROR] [capacity_test] macro((0, 0)) ip(0 mram_addr(00000044)) idx(0) write weight:68, but recv weight: 1211662148
[2024-12-17 15:39:20] [ERROR] [capacity_test] macro((0, 0)) ip(0 mram_addr(00000045)) idx(0) write weight:69, but recv weight: 1209564996
[2024-12-17 15:39:20] [ERROR] [capacity_test] macro((0, 0)) ip(0 mram_addr(00000046)) idx(0) write weight:70, but recv weight: 1207467844
[2024-12-17 15:39:20] [ERROR] [capacity_test] macro((0, 0)) ip(0 mram_addr(00000047)) idx(0) write weight:71, but recv weight: 1205370692
[2024-12-17 15:39:20] [ERROR] [capacity_test] macro((0, 0)) ip(0 mram_addr(00000048)) idx(0) write weight:72, but recv weight: 1213759300
[2024-12-17 15:39:20] [ERROR] [capacity_test] macro((0, 0)) ip(0 mram_addr(00000049)) idx(0) write weight:73, but recv weight: 1211662148
[2024-12-17 15:39:20] [ERROR] [capacity_test] macro((0, 0)) ip(0 mram_addr(0000004A)) idx(0) write weight:74, but recv weight: 1209564996
[2024-12-17 15:39:20] [ERROR] [capacity_test] macro((0, 0)) ip(0 mram_addr(0000004B)) idx(0) write weight:75, but recv weight: 1207467844
[2024-12-17 15:39:20] [ERROR] [capacity_test] macro((0, 0)) ip(0 mram_addr(0000004C)) idx(0) write weight:76, but recv weight: 1205370692
[2024-12-17 15:39:20] [ERROR] [capacity_test] macro((0, 0)) ip(0 mram_addr(0000004D)) idx(0) write weight:77, but recv weight: 1213759300
[2024-12-17 15:39:20] [ERROR] [capacity_test] macro((0, 0)) ip(0 mram_addr(0000004E)) idx(0) write weight:78, but recv weight: 1211662148
[2024-12-17 15:39:20] [ERROR] [capacity_test] macro((0, 0)) ip(0 mram_addr(0000004F)) idx(0) write weight:79, but recv weight: 1209564996
[2024-12-17 15:39:20] [ERROR] [capacity_test] macro((0, 0)) ip(0 mram_addr(00000050)) idx(0) write weight:80, but recv weight: 1207467844
[2024-12-17 15:39:20] [ERROR] [capacity_test] macro((0, 0)) ip(0 mram_addr(00000051)) idx(0) write weight:81, but recv weight: 1205370692
[2024-12-17 15:39:20] [ERROR] [capacity_test] macro((0, 0)) ip(0 mram_addr(00000052)) idx(0) write weight:82, but recv weight: 1213759300
[2024-12-17 15:39:20] [ERROR] [capacity_test] macro((0, 0)) ip(0 mram_addr(00000053)) idx(0) write weight:83, but recv weight: 1211662148
[2024-12-17 15:39:20] [ERROR] [capacity_test] macro((0, 0)) ip(0 mram_addr(00000054)) idx(0) write weight:84, but recv weight: 1209564996
[2024-12-17 15:39:20] [ERROR] [capacity_test] macro((0, 0)) ip(0 mram_addr(00000055)) idx(0) write weight:85, but recv weight: 1207467844
[2024-12-17 15:39:20] [ERROR] [capacity_test] macro((0, 0)) ip(0 mram_addr(00000056)) idx(0) write weight:86, but recv weight: 1205370692
[2024-12-17 15:39:20] [ERROR] [capacity_test] macro((0, 0)) ip(0 mram_addr(00000057)) idx(0) write weight:87, but recv weight: 1213759300
[2024-12-17 15:39:20] [ERROR] [capacity_test] macro((0, 0)) ip(0 mram_addr(00000058)) idx(0) write weight:88, but recv weight: 1211662148
[2024-12-17 15:39:20] [ERROR] [capacity_test] macro((0, 0)) ip(0 mram_addr(00000059)) idx(0) write weight:89, but recv weight: 1209564996
[2024-12-17 15:39:20] [ERROR] [capacity_test] macro((0, 0)) ip(0 mram_addr(0000005A)) idx(0) write weight:90, but recv weight: 1207467844
[2024-12-17 15:39:20] [ERROR] [capacity_test] macro((0, 0)) ip(0 mram_addr(0000005B)) idx(0) write weight:91, but recv weight: 1205370692
[2024-12-17 15:39:20] [ERROR] [capacity_test] macro((0, 0)) ip(0 mram_addr(0000005C)) idx(0) write weight:92, but recv weight: 1213759300
[2024-12-17 15:39:20] [ERROR] [capacity_test] macro((0, 0)) ip(0 mram_addr(0000005D)) idx(0) write weight:93, but recv weight: 1211662148
[2024-12-17 15:39:20] [ERROR] [capacity_test] macro((0, 0)) ip(0 mram_addr(0000005E)) idx(0) write weight:94, but recv weight: 1209564996
[2024-12-17 15:39:20] [ERROR] [capacity_test] macro((0, 0)) ip(0 mram_addr(0000005F)) idx(0) write weight:95, but recv weight: 1207467844
[2024-12-17 15:39:20] [ERROR] [capacity_test] macro((0, 0)) ip(0 mram_addr(00000060)) idx(0) write weight:96, but recv weight: 1205370692
[2024-12-17 15:39:20] [ERROR] [capacity_test] macro((0, 0)) ip(0 mram_addr(00000061)) idx(0) write weight:97, but recv weight: 1213759300
[2024-12-17 15:39:20] [ERROR] [capacity_test] macro((0, 0)) ip(0 mram_addr(00000062)) idx(0) write weight:98, but recv weight: 1211662148
[2024-12-17 15:39:20] [ERROR] [capacity_test] macro((0, 0)) ip(0 mram_addr(00000063)) idx(0) write weight:99, but recv weight: 1209564996
[2024-12-17 15:39:20] [ERROR] [capacity_test] macro((0, 0)) ip(0 mram_addr(00000064)) idx(0) write weight:100, but recv weight: 1207467844
[2024-12-17 15:39:20] [ERROR] [capacity_test] macro((0, 0)) ip(0 mram_addr(00000065)) idx(0) write weight:101, but recv weight: 1205370692
[2024-12-17 15:39:20] [ERROR] [capacity_test] macro((0, 0)) ip(0 mram_addr(00000066)) idx(0) write weight:102, but recv weight: 1213759300
[2024-12-17 15:39:20] [ERROR] [capacity_test] macro((0, 0)) ip(0 mram_addr(00000067)) idx(0) write weight:103, but recv weight: 1211662148
[2024-12-17 15:39:20] [ERROR] [capacity_test] macro((0, 0)) ip(0 mram_addr(00000068)) idx(0) write weight:104, but recv weight: 1209564996
[2024-12-17 15:39:20] [ERROR] [capacity_test] macro((0, 0)) ip(0 mram_addr(00000069)) idx(0) write weight:105, but recv weight: 1207467844
[2024-12-17 15:39:20] [ERROR] [capacity_test] macro((0, 0)) ip(0 mram_addr(0000006A)) idx(0) write weight:106, but recv weight: 1205370692
[2024-12-17 15:39:20] [ERROR] [capacity_test] macro((0, 0)) ip(0 mram_addr(0000006B)) idx(0) write weight:107, but recv weight: 1213759300
[2024-12-17 15:39:20] [ERROR] [capacity_test] macro((0, 0)) ip(0 mram_addr(0000006C)) idx(0) write weight:108, but recv weight: 1211662148
[2024-12-17 15:39:20] [ERROR] [capacity_test] macro((0, 0)) ip(0 mram_addr(0000006D)) idx(0) write weight:109, but recv weight: 1209564996
[2024-12-17 15:39:20] [ERROR] [capacity_test] macro((0, 0)) ip(0 mram_addr(0000006E)) idx(0) write weight:110, but recv weight: 1207467844
[2024-12-17 15:39:20] [ERROR] [capacity_test] macro((0, 0)) ip(0 mram_addr(0000006F)) idx(0) write weight:111, but recv weight: 1205370692
[2024-12-17 15:39:20] [ERROR] [capacity_test] macro((0, 0)) ip(0 mram_addr(00000070)) idx(0) write weight:112, but recv weight: 1214807876
[2024-12-17 15:39:20] [ERROR] [capacity_test] macro((0, 0)) ip(0 mram_addr(00000071)) idx(0) write weight:113, but recv weight: 1212710724
[2024-12-17 15:39:20] [ERROR] [capacity_test] macro((0, 0)) ip(0 mram_addr(00000072)) idx(0) write weight:114, but recv weight: 1210613572
[2024-12-17 15:39:20] [ERROR] [capacity_test] macro((0, 0)) ip(0 mram_addr(00000073)) idx(0) write weight:115, but recv weight: 1208516420
[2024-12-17 15:39:20] [ERROR] [capacity_test] macro((0, 0)) ip(0 mram_addr(00000074)) idx(0) write weight:116, but recv weight: 1206419268
[2024-12-17 15:39:20] [ERROR] [capacity_test] macro((0, 0)) ip(0 mram_addr(00000075)) idx(0) write weight:117, but recv weight: 1204322116
[2024-12-17 15:39:20] [ERROR] [capacity_test] macro((0, 0)) ip(0 mram_addr(00000076)) idx(0) write weight:118, but recv weight: 1214807876
[2024-12-17 15:39:20] [ERROR] [capacity_test] macro((0, 0)) ip(0 mram_addr(00000077)) idx(0) write weight:119, but recv weight: 1212710724
[2024-12-17 15:39:20] [ERROR] [capacity_test] macro((0, 0)) ip(0 mram_addr(00000078)) idx(0) write weight:120, but recv weight: 1210613572
[2024-12-17 15:39:20] [ERROR] [capacity_test] macro((0, 0)) ip(0 mram_addr(00000079)) idx(0) write weight:121, but recv weight: 1208516420
[2024-12-17 15:39:20] [ERROR] [capacity_test] macro((0, 0)) ip(0 mram_addr(0000007A)) idx(0) write weight:122, but recv weight: 1206419268
[2024-12-17 15:39:20] [ERROR] [capacity_test] macro((0, 0)) ip(0 mram_addr(0000007B)) idx(0) write weight:123, but recv weight: 1204322116
[2024-12-17 15:39:20] [ERROR] [capacity_test] macro((0, 0)) ip(0 mram_addr(0000007C)) idx(0) write weight:124, but recv weight: 1214807876
[2024-12-17 15:39:20] [ERROR] [capacity_test] macro((0, 0)) ip(0 mram_addr(0000007D)) idx(0) write weight:125, but recv weight: 1212710724
[2024-12-17 15:39:20] [ERROR] [capacity_test] macro((0, 0)) ip(0 mram_addr(0000007E)) idx(0) write weight:126, but recv weight: 1210613572
[2024-12-17 15:39:20] [ERROR] [capacity_test] macro((0, 0)) ip(0 mram_addr(0000007F)) idx(0) write weight:127, but recv weight: 1208516420
[2024-12-17 15:39:20] [ERROR] [capacity_test] macro((0, 0)) ip(0 mram_addr(00000080)) idx(0) write weight:128, but recv weight: 1206419268
[2024-12-17 15:39:20] [ERROR] [capacity_test] macro((0, 0)) ip(0 mram_addr(00000081)) idx(0) write weight:129, but recv weight: 1204322116
[2024-12-17 15:39:20] [ERROR] [capacity_test] macro((0, 0)) ip(0 mram_addr(00000082)) idx(0) write weight:130, but recv weight: 1214807876
[2024-12-17 15:39:20] [ERROR] [capacity_test] macro((0, 0)) ip(0 mram_addr(00000083)) idx(0) write weight:131, but recv weight: 1212710724
[2024-12-17 15:39:20] [ERROR] [capacity_test] macro((0, 0)) ip(0 mram_addr(00000084)) idx(0) write weight:132, but recv weight: 1210613572
[2024-12-17 15:39:20] [ERROR] [capacity_test] macro((0, 0)) ip(0 mram_addr(00000085)) idx(0) write weight:133, but recv weight: 1208516420
[2024-12-17 15:39:20] [ERROR] [capacity_test] macro((0, 0)) ip(0 mram_addr(00000086)) idx(0) write weight:134, but recv weight: 1206419268
[2024-12-17 15:39:20] [ERROR] [capacity_test] macro((0, 0)) ip(0 mram_addr(00000087)) idx(0) write weight:135, but recv weight: 1204322116
[2024-12-17 15:39:20] [ERROR] [capacity_test] macro((0, 0)) ip(0 mram_addr(00000088)) idx(0) write weight:136, but recv weight: 1214807876
[2024-12-17 15:39:20] [ERROR] [capacity_test] macro((0, 0)) ip(0 mram_addr(00000089)) idx(0) write weight:137, but recv weight: 1212710724
[2024-12-17 15:39:20] [ERROR] [capacity_test] macro((0, 0)) ip(0 mram_addr(0000008A)) idx(0) write weight:138, but recv weight: 1210613572
[2024-12-17 15:39:20] [ERROR] [capacity_test] macro((0, 0)) ip(0 mram_addr(0000008B)) idx(0) write weight:139, but recv weight: 1208516420
[2024-12-17 15:39:20] [ERROR] [capacity_test] macro((0, 0)) ip(0 mram_addr(0000008C)) idx(0) write weight:140, but recv weight: 1206419268
[2024-12-17 15:39:20] [ERROR] [capacity_test] macro((0, 0)) ip(0 mram_addr(0000008D)) idx(0) write weight:141, but recv weight: 1204322116
[2024-12-17 15:39:20] [ERROR] [capacity_test] macro((0, 0)) ip(0 mram_addr(0000008E)) idx(0) write weight:142, but recv weight: 1214807876
[2024-12-17 15:39:20] [ERROR] [capacity_test] macro((0, 0)) ip(0 mram_addr(0000008F)) idx(0) write weight:143, but recv weight: 1212710724
[2024-12-17 15:39:20] [ERROR] [capacity_test] macro((0, 0)) ip(0 mram_addr(00000090)) idx(0) write weight:144, but recv weight: 1210613572
[2024-12-17 15:39:20] [ERROR] [capacity_test] macro((0, 0)) ip(0 mram_addr(00000091)) idx(0) write weight:145, but recv weight: 1208516420
[2024-12-17 15:39:20] [ERROR] [capacity_test] macro((0, 0)) ip(0 mram_addr(00000092)) idx(0) write weight:146, but recv weight: 1206419268
[2024-12-17 15:39:20] [ERROR] [capacity_test] macro((0, 0)) ip(0 mram_addr(00000093)) idx(0) write weight:147, but recv weight: 1204322116
[2024-12-17 15:39:20] [ERROR] [capacity_test] macro((0, 0)) ip(0 mram_addr(00000094)) idx(0) write weight:148, but recv weight: 1214807876
[2024-12-17 15:39:20] [ERROR] [capacity_test] macro((0, 0)) ip(0 mram_addr(00000095)) idx(0) write weight:149, but recv weight: 1212710724
[2024-12-17 15:39:20] [ERROR] [capacity_test] macro((0, 0)) ip(0 mram_addr(00000096)) idx(0) write weight:150, but recv weight: 1210613572
[2024-12-17 15:39:20] [ERROR] [capacity_test] macro((0, 0)) ip(0 mram_addr(00000097)) idx(0) write weight:151, but recv weight: 1208516420
[2024-12-17 15:39:20] [ERROR] [capacity_test] macro((0, 0)) ip(0 mram_addr(00000098)) idx(0) write weight:152, but recv weight: 1206419268
[2024-12-17 15:39:20] [ERROR] [capacity_test] macro((0, 0)) ip(0 mram_addr(00000099)) idx(0) write weight:153, but recv weight: 1204322116
[2024-12-17 15:39:20] [ERROR] [capacity_test] macro((0, 0)) ip(0 mram_addr(0000009A)) idx(0) write weight:154, but recv weight: 1215856452
[2024-12-17 15:39:20] [ERROR] [capacity_test] macro((0, 0)) ip(0 mram_addr(0000009B)) idx(0) write weight:155, but recv weight: 1213759300
[2024-12-17 15:39:20] [ERROR] [capacity_test] macro((0, 0)) ip(0 mram_addr(0000009C)) idx(0) write weight:156, but recv weight: 1211662148
[2024-12-17 15:39:20] [ERROR] [capacity_test] macro((0, 0)) ip(0 mram_addr(0000009D)) idx(0) write weight:157, but recv weight: 1209564996
[2024-12-17 15:39:20] [ERROR] [capacity_test] macro((0, 0)) ip(0 mram_addr(0000009E)) idx(0) write weight:158, but recv weight: 1207467844
[2024-12-17 15:39:20] [ERROR] [capacity_test] macro((0, 0)) ip(0 mram_addr(0000009F)) idx(0) write weight:159, but recv weight: 1205370692
[2024-12-17 15:39:20] [ERROR] [capacity_test] macro((0, 0)) ip(0 mram_addr(000000A0)) idx(0) write weight:160, but recv weight: 1215856452
[2024-12-17 15:39:20] [ERROR] [capacity_test] macro((0, 0)) ip(0 mram_addr(000000A1)) idx(0) write weight:161, but recv weight: 1213759300
[2024-12-17 15:39:20] [ERROR] [capacity_test] macro((0, 0)) ip(0 mram_addr(000000A2)) idx(0) write weight:162, but recv weight: 1211662148
[2024-12-17 15:39:20] [ERROR] [capacity_test] macro((0, 0)) ip(0 mram_addr(000000A3)) idx(0) write weight:163, but recv weight: 1209564996
[2024-12-17 15:39:20] [ERROR] [capacity_test] macro((0, 0)) ip(0 mram_addr(000000A4)) idx(0) write weight:164, but recv weight: 1207467844
[2024-12-17 15:39:20] [ERROR] [capacity_test] macro((0, 0)) ip(0 mram_addr(000000A5)) idx(0) write weight:165, but recv weight: 1205370692
[2024-12-17 15:39:20] [ERROR] [capacity_test] macro((0, 0)) ip(0 mram_addr(000000A6)) idx(0) write weight:166, but recv weight: 1216905028
[2024-12-17 15:39:20] [ERROR] [capacity_test] macro((0, 0)) ip(0 mram_addr(000000A7)) idx(0) write weight:167, but recv weight: 1214807876
[2024-12-17 15:39:20] [ERROR] [capacity_test] macro((0, 0)) ip(0 mram_addr(000000A8)) idx(0) write weight:168, but recv weight: 1212710724
[2024-12-17 15:39:20] [ERROR] [capacity_test] macro((0, 0)) ip(0 mram_addr(000000A9)) idx(0) write weight:169, but recv weight: 1210613572
[2024-12-17 15:39:20] [ERROR] [capacity_test] macro((0, 0)) ip(0 mram_addr(000000AA)) idx(0) write weight:170, but recv weight: 1208516420
[2024-12-17 15:39:20] [ERROR] [capacity_test] macro((0, 0)) ip(0 mram_addr(000000AB)) idx(0) write weight:171, but recv weight: 1206419268
[2024-12-17 15:39:20] [ERROR] [capacity_test] macro((0, 0)) ip(0 mram_addr(000000AC)) idx(0) write weight:172, but recv weight: 1204322116
[2024-12-17 15:39:20] [ERROR] [capacity_test] macro((0, 0)) ip(0 mram_addr(000000AD)) idx(0) write weight:173, but recv weight: 1216905028
[2024-12-17 15:39:20] [ERROR] [capacity_test] macro((0, 0)) ip(0 mram_addr(000000AE)) idx(0) write weight:174, but recv weight: 1214807876
[2024-12-17 15:39:20] [ERROR] [capacity_test] macro((0, 0)) ip(0 mram_addr(000000AF)) idx(0) write weight:175, but recv weight: 1212710724
[2024-12-17 15:39:20] [ERROR] [capacity_test] macro((0, 0)) ip(0 mram_addr(000000B0)) idx(0) write weight:176, but recv weight: 1210613572
[2024-12-17 15:39:20] [ERROR] [capacity_test] macro((0, 0)) ip(0 mram_addr(000000B1)) idx(0) write weight:177, but recv weight: 1208516420
[2024-12-17 15:39:20] [ERROR] [capacity_test] macro((0, 0)) ip(0 mram_addr(000000B2)) idx(0) write weight:178, but recv weight: 1206419268
[2024-12-17 15:39:20] [ERROR] [capacity_test] macro((0, 0)) ip(0 mram_addr(000000B3)) idx(0) write weight:179, but recv weight: 1204322116
[2024-12-17 15:39:20] [ERROR] [capacity_test] macro((0, 0)) ip(0 mram_addr(000000B4)) idx(0) write weight:180, but recv weight: 1216905028
[2024-12-17 15:39:20] [ERROR] [capacity_test] macro((0, 0)) ip(0 mram_addr(000000B5)) idx(0) write weight:181, but recv weight: 1214807876
[2024-12-17 15:39:20] [ERROR] [capacity_test] macro((0, 0)) ip(0 mram_addr(000000B6)) idx(0) write weight:182, but recv weight: 1212710724
[2024-12-17 15:39:20] [ERROR] [capacity_test] macro((0, 0)) ip(0 mram_addr(000000B7)) idx(0) write weight:183, but recv weight: 1210613572
[2024-12-17 15:39:20] [ERROR] [capacity_test] macro((0, 0)) ip(0 mram_addr(000000B8)) idx(0) write weight:184, but recv weight: 1208516420
[2024-12-17 15:39:20] [ERROR] [capacity_test] macro((0, 0)) ip(0 mram_addr(000000B9)) idx(0) write weight:185, but recv weight: 1206419268
[2024-12-17 15:39:20] [ERROR] [capacity_test] macro((0, 0)) ip(0 mram_addr(000000BA)) idx(0) write weight:186, but recv weight: 1204322116
[2024-12-17 15:39:20] [ERROR] [capacity_test] macro((0, 0)) ip(0 mram_addr(000000BB)) idx(0) write weight:187, but recv weight: 1217953604
[2024-12-17 15:39:20] [ERROR] [capacity_test] macro((0, 0)) ip(0 mram_addr(000000BC)) idx(0) write weight:188, but recv weight: 1215856452
[2024-12-17 15:39:20] [ERROR] [capacity_test] macro((0, 0)) ip(0 mram_addr(000000BD)) idx(0) write weight:189, but recv weight: 1213759300
[2024-12-17 15:39:20] [ERROR] [capacity_test] macro((0, 0)) ip(0 mram_addr(000000BE)) idx(0) write weight:190, but recv weight: 1211662148
[2024-12-17 15:39:20] [ERROR] [capacity_test] macro((0, 0)) ip(0 mram_addr(000000BF)) idx(0) write weight:191, but recv weight: 1209564996
[2024-12-17 15:39:20] [ERROR] [capacity_test] macro((0, 0)) ip(0 mram_addr(000000C0)) idx(0) write weight:192, but recv weight: 1207467844
[2024-12-17 15:39:20] [ERROR] [capacity_test] macro((0, 0)) ip(0 mram_addr(000000C1)) idx(0) write weight:193, but recv weight: 1205370692
[2024-12-17 15:39:20] [ERROR] [capacity_test] macro((0, 0)) ip(0 mram_addr(000000C2)) idx(0) write weight:194, but recv weight: 1217953604
[2024-12-17 15:39:20] [ERROR] [capacity_test] macro((0, 0)) ip(0 mram_addr(000000C3)) idx(0) write weight:195, but recv weight: 1215856452
[2024-12-17 15:39:20] [ERROR] [capacity_test] macro((0, 0)) ip(0 mram_addr(000000C4)) idx(0) write weight:196, but recv weight: 1213759300
[2024-12-17 15:39:20] [ERROR] [capacity_test] macro((0, 0)) ip(0 mram_addr(000000C5)) idx(0) write weight:197, but recv weight: 1211662148
[2024-12-17 15:39:20] [ERROR] [capacity_test] macro((0, 0)) ip(0 mram_addr(000000C6)) idx(0) write weight:198, but recv weight: 1209564996
[2024-12-17 15:39:20] [ERROR] [capacity_test] macro((0, 0)) ip(0 mram_addr(000000C7)) idx(0) write weight:199, but recv weight: 1207467844
[2024-12-17 15:39:20] [ERROR] [capacity_test] macro((0, 0)) ip(0 mram_addr(000000C8)) idx(0) write weight:200, but recv weight: 1205370692
[2024-12-17 15:39:20] [ERROR] [capacity_test] macro((0, 0)) ip(0 mram_addr(000000C9)) idx(0) write weight:201, but recv weight: 1219002180
[2024-12-17 15:39:20] [ERROR] [capacity_test] macro((0, 0)) ip(0 mram_addr(000000CA)) idx(0) write weight:202, but recv weight: 1216905028
[2024-12-17 15:39:20] [ERROR] [capacity_test] macro((0, 0)) ip(0 mram_addr(000000CB)) idx(0) write weight:203, but recv weight: 1214807876
[2024-12-17 15:39:20] [ERROR] [capacity_test] macro((0, 0)) ip(0 mram_addr(000000CC)) idx(0) write weight:204, but recv weight: 1212710724
[2024-12-17 15:39:20] [ERROR] [capacity_test] macro((0, 0)) ip(0 mram_addr(000000CD)) idx(0) write weight:205, but recv weight: 1210613572
[2024-12-17 15:39:20] [ERROR] [capacity_test] macro((0, 0)) ip(0 mram_addr(000000CE)) idx(0) write weight:206, but recv weight: 1208516420
[2024-12-17 15:39:20] [ERROR] [capacity_test] macro((0, 0)) ip(0 mram_addr(000000CF)) idx(0) write weight:207, but recv weight: 1206419268
[2024-12-17 15:39:20] [ERROR] [capacity_test] macro((0, 0)) ip(0 mram_addr(000000D0)) idx(0) write weight:208, but recv weight: 1204322116
[2024-12-17 15:39:20] [ERROR] [capacity_test] macro((0, 0)) ip(0 mram_addr(000000D1)) idx(0) write weight:209, but recv weight: 1219002180
[2024-12-17 15:39:20] [ERROR] [capacity_test] macro((0, 0)) ip(0 mram_addr(000000D2)) idx(0) write weight:210, but recv weight: 1216905028
[2024-12-17 15:39:20] [ERROR] [capacity_test] macro((0, 0)) ip(0 mram_addr(000000D3)) idx(0) write weight:211, but recv weight: 1214807876
[2024-12-17 15:39:20] [ERROR] [capacity_test] macro((0, 0)) ip(0 mram_addr(000000D4)) idx(0) write weight:212, but recv weight: 1212710724
[2024-12-17 15:39:20] [ERROR] [capacity_test] macro((0, 0)) ip(0 mram_addr(000000D5)) idx(0) write weight:213, but recv weight: 1210613572
[2024-12-17 15:39:20] [ERROR] [capacity_test] macro((0, 0)) ip(0 mram_addr(000000D6)) idx(0) write weight:214, but recv weight: 1208516420
[2024-12-17 15:39:20] [ERROR] [capacity_test] macro((0, 0)) ip(0 mram_addr(000000D7)) idx(0) write weight:215, but recv weight: 1206419268
[2024-12-17 15:39:20] [ERROR] [capacity_test] macro((0, 0)) ip(0 mram_addr(000000D8)) idx(0) write weight:216, but recv weight: 1204322116
[2024-12-17 15:39:20] [ERROR] [capacity_test] macro((0, 0)) ip(0 mram_addr(000000D9)) idx(0) write weight:217, but recv weight: 1219002180
[2024-12-17 15:39:20] [ERROR] [capacity_test] macro((0, 0)) ip(0 mram_addr(000000DA)) idx(0) write weight:218, but recv weight: 1216905028
[2024-12-17 15:39:20] [ERROR] [capacity_test] macro((0, 0)) ip(0 mram_addr(000000DB)) idx(0) write weight:219, but recv weight: 1214807876
[2024-12-17 15:39:20] [ERROR] [capacity_test] macro((0, 0)) ip(0 mram_addr(000000DC)) idx(0) write weight:220, but recv weight: 1212710724
[2024-12-17 15:39:20] [ERROR] [capacity_test] macro((0, 0)) ip(0 mram_addr(000000DD)) idx(0) write weight:221, but recv weight: 1210613572
[2024-12-17 15:39:20] [ERROR] [capacity_test] macro((0, 0)) ip(0 mram_addr(000000DE)) idx(0) write weight:222, but recv weight: 1208516420
[2024-12-17 15:39:20] [ERROR] [capacity_test] macro((0, 0)) ip(0 mram_addr(000000DF)) idx(0) write weight:223, but recv weight: 1206419268
[2024-12-17 15:39:20] [ERROR] [capacity_test] macro((0, 0)) ip(0 mram_addr(000000E0)) idx(0) write weight:224, but recv weight: 1204322116
[2024-12-17 15:39:20] [ERROR] [capacity_test] macro((0, 0)) ip(0 mram_addr(000000E1)) idx(0) write weight:225, but recv weight: 1219002180
[2024-12-17 15:39:20] [ERROR] [capacity_test] macro((0, 0)) ip(0 mram_addr(000000E2)) idx(0) write weight:226, but recv weight: 1216905028
[2024-12-17 15:39:20] [ERROR] [capacity_test] macro((0, 0)) ip(0 mram_addr(000000E3)) idx(0) write weight:227, but recv weight: 1214807876
[2024-12-17 15:39:20] [ERROR] [capacity_test] macro((0, 0)) ip(0 mram_addr(000000E4)) idx(0) write weight:228, but recv weight: 1212710724
[2024-12-17 15:39:20] [ERROR] [capacity_test] macro((0, 0)) ip(0 mram_addr(000000E5)) idx(0) write weight:229, but recv weight: 1210613572
[2024-12-17 15:39:20] [ERROR] [capacity_test] macro((0, 0)) ip(0 mram_addr(000000E6)) idx(0) write weight:230, but recv weight: 1208516420
[2024-12-17 15:39:20] [ERROR] [capacity_test] macro((0, 0)) ip(0 mram_addr(000000E7)) idx(0) write weight:231, but recv weight: 1206419268
[2024-12-17 15:39:20] [ERROR] [capacity_test] macro((0, 0)) ip(0 mram_addr(000000E8)) idx(0) write weight:232, but recv weight: 1204322116
[2024-12-17 15:39:20] [ERROR] [capacity_test] macro((0, 0)) ip(0 mram_addr(000000E9)) idx(0) write weight:233, but recv weight: 1220050756
[2024-12-17 15:39:20] [ERROR] [capacity_test] macro((0, 0)) ip(0 mram_addr(000000EA)) idx(0) write weight:234, but recv weight: 1217953604
[2024-12-17 15:39:20] [ERROR] [capacity_test] macro((0, 0)) ip(0 mram_addr(000000EB)) idx(0) write weight:235, but recv weight: 1215856452
[2024-12-17 15:39:20] [ERROR] [capacity_test] macro((0, 0)) ip(0 mram_addr(000000EC)) idx(0) write weight:236, but recv weight: 1213759300
[2024-12-17 15:39:20] [ERROR] [capacity_test] macro((0, 0)) ip(0 mram_addr(000000ED)) idx(0) write weight:237, but recv weight: 1211662148
[2024-12-17 15:39:20] [ERROR] [capacity_test] macro((0, 0)) ip(0 mram_addr(000000EE)) idx(0) write weight:238, but recv weight: 1209564996
[2024-12-17 15:39:20] [ERROR] [capacity_test] macro((0, 0)) ip(0 mram_addr(000000EF)) idx(0) write weight:239, but recv weight: 1207467844
[2024-12-17 15:39:20] [ERROR] [capacity_test] macro((0, 0)) ip(0 mram_addr(000000F0)) idx(0) write weight:240, but recv weight: 1205370692
[2024-12-17 15:39:20] [ERROR] [capacity_test] macro((0, 0)) ip(0 mram_addr(000000F1)) idx(0) write weight:241, but recv weight: 1220050756
[2024-12-17 15:39:20] [ERROR] [capacity_test] macro((0, 0)) ip(0 mram_addr(000000F2)) idx(0) write weight:242, but recv weight: 1217953604
[2024-12-17 15:39:20] [ERROR] [capacity_test] macro((0, 0)) ip(0 mram_addr(000000F3)) idx(0) write weight:243, but recv weight: 1215856452
[2024-12-17 15:39:20] [ERROR] [capacity_test] macro((0, 0)) ip(0 mram_addr(000000F4)) idx(0) write weight:244, but recv weight: 1213759300
[2024-12-17 15:39:20] [ERROR] [capacity_test] macro((0, 0)) ip(0 mram_addr(000000F5)) idx(0) write weight:245, but recv weight: 1211662148
[2024-12-17 15:39:20] [ERROR] [capacity_test] macro((0, 0)) ip(0 mram_addr(000000F6)) idx(0) write weight:246, but recv weight: 1209564996
[2024-12-17 15:39:20] [ERROR] [capacity_test] macro((0, 0)) ip(0 mram_addr(000000F7)) idx(0) write weight:247, but recv weight: 1207467844
[2024-12-17 15:39:20] [ERROR] [capacity_test] macro((0, 0)) ip(0 mram_addr(000000F8)) idx(0) write weight:248, but recv weight: 1205370692
[2024-12-17 15:39:20] [ERROR] [capacity_test] macro((0, 0)) ip(0 mram_addr(000000F9)) idx(0) write weight:249, but recv weight: 1220050756
[2024-12-17 15:39:20] [ERROR] [capacity_test] macro((0, 0)) ip(0 mram_addr(000000FA)) idx(0) write weight:250, but recv weight: 1217953604
[2024-12-17 15:39:20] [ERROR] [capacity_test] macro((0, 0)) ip(0 mram_addr(000000FB)) idx(0) write weight:251, but recv weight: 1215856452
[2024-12-17 15:39:20] [ERROR] [capacity_test] macro((0, 0)) ip(0 mram_addr(000000FC)) idx(0) write weight:252, but recv weight: 1213759300
[2024-12-17 15:39:20] [ERROR] [capacity_test] macro((0, 0)) ip(0 mram_addr(000000FD)) idx(0) write weight:253, but recv weight: 1211662148
[2024-12-17 15:39:20] [ERROR] [capacity_test] macro((0, 0)) ip(0 mram_addr(000000FE)) idx(0) write weight:254, but recv weight: 1209564996
[2024-12-17 15:39:20] [ERROR] [capacity_test] macro((0, 0)) ip(0 mram_addr(000000FF)) idx(0) write weight:255, but recv weight: 1207467844
[2024-12-17 15:39:20] [ERROR] [capacity_test] macro((0, 0)) ip(0 mram_addr(00000100)) idx(0) write weight:256, but recv weight: 1205370692
[2024-12-17 15:39:20] [ERROR] [capacity_test] macro((0, 0)) ip(0 mram_addr(00000101)) idx(0) write weight:257, but recv weight: 1220050756
[2024-12-17 15:39:20] [ERROR] [capacity_test] macro((0, 0)) ip(0 mram_addr(00000102)) idx(0) write weight:258, but recv weight: 1217953604
[2024-12-17 15:39:20] [ERROR] [capacity_test] macro((0, 0)) ip(0 mram_addr(00000103)) idx(0) write weight:259, but recv weight: 1215856452
[2024-12-17 15:39:20] [ERROR] [capacity_test] macro((0, 0)) ip(0 mram_addr(00000104)) idx(0) write weight:260, but recv weight: 1213759300
[2024-12-17 15:39:20] [ERROR] [capacity_test] macro((0, 0)) ip(0 mram_addr(00000105)) idx(0) write weight:261, but recv weight: 1211662148
[2024-12-17 15:39:20] [ERROR] [capacity_test] macro((0, 0)) ip(0 mram_addr(00000106)) idx(0) write weight:262, but recv weight: 1209564996
[2024-12-17 15:39:20] [ERROR] [capacity_test] macro((0, 0)) ip(0 mram_addr(00000107)) idx(0) write weight:263, but recv weight: 1207467844
[2024-12-17 15:39:20] [ERROR] [capacity_test] macro((0, 0)) ip(0 mram_addr(00000108)) idx(0) write weight:264, but recv weight: 1205370692
[2024-12-17 15:39:20] [ERROR] [capacity_test] macro((0, 0)) ip(0 mram_addr(00000109)) idx(0) write weight:265, but recv weight: 1221099332
[2024-12-17 15:39:20] [ERROR] [capacity_test] macro((0, 0)) ip(0 mram_addr(0000010A)) idx(0) write weight:266, but recv weight: 1219002180
[2024-12-17 15:39:20] [ERROR] [capacity_test] macro((0, 0)) ip(0 mram_addr(0000010B)) idx(0) write weight:267, but recv weight: 1216905028
[2024-12-17 15:39:20] [ERROR] [capacity_test] macro((0, 0)) ip(0 mram_addr(0000010C)) idx(0) write weight:268, but recv weight: 1214807876
[2024-12-17 15:39:20] [ERROR] [capacity_test] macro((0, 0)) ip(0 mram_addr(0000010D)) idx(0) write weight:269, but recv weight: 1212710724
[2024-12-17 15:39:20] [ERROR] [capacity_test] macro((0, 0)) ip(0 mram_addr(0000010E)) idx(0) write weight:270, but recv weight: 1210613572
[2024-12-17 15:39:20] [ERROR] [capacity_test] macro((0, 0)) ip(0 mram_addr(0000010F)) idx(0) write weight:271, but recv weight: 1208516420
[2024-12-17 15:39:20] [ERROR] [capacity_test] macro((0, 0)) ip(0 mram_addr(00000110)) idx(0) write weight:272, but recv weight: 1206419268
[2024-12-17 15:39:20] [ERROR] [capacity_test] macro((0, 0)) ip(0 mram_addr(00000111)) idx(0) write weight:273, but recv weight: 1204322116
[2024-12-17 15:39:20] [ERROR] [capacity_test] macro((0, 0)) ip(0 mram_addr(00000112)) idx(0) write weight:274, but recv weight: 1221099332
[2024-12-17 15:39:20] [ERROR] [capacity_test] macro((0, 0)) ip(0 mram_addr(00000113)) idx(0) write weight:275, but recv weight: 1219002180
[2024-12-17 15:39:20] [ERROR] [capacity_test] macro((0, 0)) ip(0 mram_addr(00000114)) idx(0) write weight:276, but recv weight: 1216905028
[2024-12-17 15:39:20] [ERROR] [capacity_test] macro((0, 0)) ip(0 mram_addr(00000115)) idx(0) write weight:277, but recv weight: 1214807876
[2024-12-17 15:39:20] [ERROR] [capacity_test] macro((0, 0)) ip(0 mram_addr(00000116)) idx(0) write weight:278, but recv weight: 1212710724
[2024-12-17 15:39:20] [ERROR] [capacity_test] macro((0, 0)) ip(0 mram_addr(00000117)) idx(0) write weight:279, but recv weight: 1210613572
[2024-12-17 15:39:20] [ERROR] [capacity_test] macro((0, 0)) ip(0 mram_addr(00000118)) idx(0) write weight:280, but recv weight: 1208516420
[2024-12-17 15:39:20] [ERROR] [capacity_test] macro((0, 0)) ip(0 mram_addr(00000119)) idx(0) write weight:281, but recv weight: 1206419268
[2024-12-17 15:39:20] [ERROR] [capacity_test] macro((0, 0)) ip(0 mram_addr(0000011A)) idx(0) write weight:282, but recv weight: 1204322116
[2024-12-17 15:39:20] [ERROR] [capacity_test] macro((0, 0)) ip(0 mram_addr(0000011B)) idx(0) write weight:283, but recv weight: 1221099332
[2024-12-17 15:39:20] [ERROR] [capacity_test] macro((0, 0)) ip(0 mram_addr(0000011C)) idx(0) write weight:284, but recv weight: 1219002180
[2024-12-17 15:39:20] [ERROR] [capacity_test] macro((0, 0)) ip(0 mram_addr(0000011D)) idx(0) write weight:285, but recv weight: 1216905028
[2024-12-17 15:39:20] [ERROR] [capacity_test] macro((0, 0)) ip(0 mram_addr(0000011E)) idx(0) write weight:286, but recv weight: 1214807876
[2024-12-17 15:39:20] [ERROR] [capacity_test] macro((0, 0)) ip(0 mram_addr(0000011F)) idx(0) write weight:287, but recv weight: 1212710724
[2024-12-17 15:39:20] [ERROR] [capacity_test] macro((0, 0)) ip(0 mram_addr(00000120)) idx(0) write weight:288, but recv weight: 1210613572
[2024-12-17 15:39:20] [ERROR] [capacity_test] macro((0, 0)) ip(0 mram_addr(00000121)) idx(0) write weight:289, but recv weight: 1208516420
[2024-12-17 15:39:20] [ERROR] [capacity_test] macro((0, 0)) ip(0 mram_addr(00000122)) idx(0) write weight:290, but recv weight: 1206419268
[2024-12-17 15:39:20] [ERROR] [capacity_test] macro((0, 0)) ip(0 mram_addr(00000123)) idx(0) write weight:291, but recv weight: 1204322116
[2024-12-17 15:39:20] [ERROR] [capacity_test] macro((0, 0)) ip(0 mram_addr(00000124)) idx(0) write weight:292, but recv weight: 1222147908
[2024-12-17 15:39:20] [ERROR] [capacity_test] macro((0, 0)) ip(0 mram_addr(00000125)) idx(0) write weight:293, but recv weight: 1220050756
[2024-12-17 15:39:20] [ERROR] [capacity_test] macro((0, 0)) ip(0 mram_addr(00000126)) idx(0) write weight:294, but recv weight: 1217953604
[2024-12-17 15:39:20] [ERROR] [capacity_test] macro((0, 0)) ip(0 mram_addr(00000127)) idx(0) write weight:295, but recv weight: 1215856452
[2024-12-17 15:39:20] [ERROR] [capacity_test] macro((0, 0)) ip(0 mram_addr(00000128)) idx(0) write weight:296, but recv weight: 1213759300
[2024-12-17 15:39:20] [ERROR] [capacity_test] macro((0, 0)) ip(0 mram_addr(00000129)) idx(0) write weight:297, but recv weight: 1211662148
[2024-12-17 15:39:20] [ERROR] [capacity_test] macro((0, 0)) ip(0 mram_addr(0000012A)) idx(0) write weight:298, but recv weight: 1209564996
[2024-12-17 15:39:20] [ERROR] [capacity_test] macro((0, 0)) ip(0 mram_addr(0000012B)) idx(0) write weight:299, but recv weight: 1207467844
[2024-12-17 15:39:20] [ERROR] [capacity_test] macro((0, 0)) ip(0 mram_addr(0000012C)) idx(0) write weight:300, but recv weight: 1205370692
[2024-12-17 15:39:20] [ERROR] [capacity_test] macro((0, 0)) ip(0 mram_addr(0000012D)) idx(0) write weight:301, but recv weight: 1224245060
[2024-12-17 15:39:20] [ERROR] [capacity_test] macro((0, 0)) ip(0 mram_addr(0000012E)) idx(0) write weight:302, but recv weight: 1222147908
[2024-12-17 15:39:20] [ERROR] [capacity_test] macro((0, 0)) ip(0 mram_addr(0000012F)) idx(0) write weight:303, but recv weight: 1220050756
[2024-12-17 15:39:20] [ERROR] [capacity_test] macro((0, 0)) ip(0 mram_addr(00000130)) idx(0) write weight:304, but recv weight: 1217953604
[2024-12-17 15:39:20] [ERROR] [capacity_test] macro((0, 0)) ip(0 mram_addr(00000131)) idx(0) write weight:305, but recv weight: 1215856452
[2024-12-17 15:39:20] [ERROR] [capacity_test] macro((0, 0)) ip(0 mram_addr(00000132)) idx(0) write weight:306, but recv weight: 1213759300
[2024-12-17 15:39:20] [ERROR] [capacity_test] macro((0, 0)) ip(0 mram_addr(00000133)) idx(0) write weight:307, but recv weight: 1211662148
[2024-12-17 15:39:20] [ERROR] [capacity_test] macro((0, 0)) ip(0 mram_addr(00000134)) idx(0) write weight:308, but recv weight: 1209564996
[2024-12-17 15:39:20] [ERROR] [capacity_test] macro((0, 0)) ip(0 mram_addr(00000135)) idx(0) write weight:309, but recv weight: 1207467844
[2024-12-17 15:39:20] [ERROR] [capacity_test] macro((0, 0)) ip(0 mram_addr(00000136)) idx(0) write weight:310, but recv weight: 1205370692
[2024-12-17 15:39:20] [ERROR] [capacity_test] macro((0, 0)) ip(0 mram_addr(00000137)) idx(0) write weight:311, but recv weight: 1225293636
[2024-12-17 15:39:20] [ERROR] [capacity_test] macro((0, 0)) ip(0 mram_addr(00000138)) idx(0) write weight:312, but recv weight: 1223196484
[2024-12-17 15:39:20] [ERROR] [capacity_test] macro((0, 0)) ip(0 mram_addr(00000139)) idx(0) write weight:313, but recv weight: 1221099332
[2024-12-17 15:39:20] [ERROR] [capacity_test] macro((0, 0)) ip(0 mram_addr(0000013A)) idx(0) write weight:314, but recv weight: 1219002180
[2024-12-17 15:39:20] [ERROR] [capacity_test] macro((0, 0)) ip(0 mram_addr(0000013B)) idx(0) write weight:315, but recv weight: 1216905028
[2024-12-17 15:39:20] [ERROR] [capacity_test] macro((0, 0)) ip(0 mram_addr(0000013C)) idx(0) write weight:316, but recv weight: 1214807876
[2024-12-17 15:39:20] [ERROR] [capacity_test] macro((0, 0)) ip(0 mram_addr(0000013D)) idx(0) write weight:317, but recv weight: 1212710724
[2024-12-17 15:39:20] [ERROR] [capacity_test] macro((0, 0)) ip(0 mram_addr(0000013E)) idx(0) write weight:318, but recv weight: 1210613572
[2024-12-17 15:39:20] [ERROR] [capacity_test] macro((0, 0)) ip(0 mram_addr(0000013F)) idx(0) write weight:319, but recv weight: 1208516420
[2024-12-17 15:39:20] [ERROR] [capacity_test] macro((0, 0)) ip(0 mram_addr(00000140)) idx(0) write weight:320, but recv weight: 1206419268
[2024-12-17 15:39:20] [ERROR] [capacity_test] macro((0, 0)) ip(0 mram_addr(00000141)) idx(0) write weight:321, but recv weight: 1204322116
[2024-12-17 15:39:20] [ERROR] [capacity_test] macro((0, 0)) ip(0 mram_addr(00000142)) idx(0) write weight:322, but recv weight: 1225293636
[2024-12-17 15:39:20] [ERROR] [capacity_test] macro((0, 0)) ip(0 mram_addr(00000143)) idx(0) write weight:323, but recv weight: 1223196484
[2024-12-17 15:39:20] [ERROR] [capacity_test] macro((0, 0)) ip(0 mram_addr(00000144)) idx(0) write weight:324, but recv weight: 1221099332
[2024-12-17 15:39:20] [ERROR] [capacity_test] macro((0, 0)) ip(0 mram_addr(00000145)) idx(0) write weight:325, but recv weight: 1219002180
[2024-12-17 15:39:20] [ERROR] [capacity_test] macro((0, 0)) ip(0 mram_addr(00000146)) idx(0) write weight:326, but recv weight: 1216905028
[2024-12-17 15:39:20] [ERROR] [capacity_test] macro((0, 0)) ip(0 mram_addr(00000147)) idx(0) write weight:327, but recv weight: 1214807876
[2024-12-17 15:39:20] [ERROR] [capacity_test] macro((0, 0)) ip(0 mram_addr(00000148)) idx(0) write weight:328, but recv weight: 1212710724
[2024-12-17 15:39:20] [ERROR] [capacity_test] macro((0, 0)) ip(0 mram_addr(00000149)) idx(0) write weight:329, but recv weight: 1210613572
[2024-12-17 15:39:20] [ERROR] [capacity_test] macro((0, 0)) ip(0 mram_addr(0000014A)) idx(0) write weight:330, but recv weight: 1208516420
[2024-12-17 15:39:20] [ERROR] [capacity_test] macro((0, 0)) ip(0 mram_addr(0000014B)) idx(0) write weight:331, but recv weight: 1206419268
[2024-12-17 15:39:20] [ERROR] [capacity_test] macro((0, 0)) ip(0 mram_addr(0000014C)) idx(0) write weight:332, but recv weight: 1204322116
[2024-12-17 15:39:20] [ERROR] [capacity_test] macro((0, 0)) ip(0 mram_addr(0000014D)) idx(0) write weight:333, but recv weight: 1225293636
[2024-12-17 15:39:20] [ERROR] [capacity_test] macro((0, 0)) ip(0 mram_addr(0000014E)) idx(0) write weight:334, but recv weight: 1223196484
[2024-12-17 15:39:20] [ERROR] [capacity_test] macro((0, 0)) ip(0 mram_addr(0000014F)) idx(0) write weight:335, but recv weight: 1221099332
[2024-12-17 15:39:20] [ERROR] [capacity_test] macro((0, 0)) ip(0 mram_addr(00000150)) idx(0) write weight:336, but recv weight: 1219002180
[2024-12-17 15:39:20] [ERROR] [capacity_test] macro((0, 0)) ip(0 mram_addr(00000151)) idx(0) write weight:337, but recv weight: 1216905028
[2024-12-17 15:39:20] [ERROR] [capacity_test] macro((0, 0)) ip(0 mram_addr(00000152)) idx(0) write weight:338, but recv weight: 1214807876
[2024-12-17 15:39:20] [ERROR] [capacity_test] macro((0, 0)) ip(0 mram_addr(00000153)) idx(0) write weight:339, but recv weight: 1212710724
[2024-12-17 15:39:20] [ERROR] [capacity_test] macro((0, 0)) ip(0 mram_addr(00000154)) idx(0) write weight:340, but recv weight: 1210613572
[2024-12-17 15:39:20] [ERROR] [capacity_test] macro((0, 0)) ip(0 mram_addr(00000155)) idx(0) write weight:341, but recv weight: 1208516420
[2024-12-17 15:39:20] [ERROR] [capacity_test] macro((0, 0)) ip(0 mram_addr(00000156)) idx(0) write weight:342, but recv weight: 1206419268
[2024-12-17 15:39:20] [ERROR] [capacity_test] macro((0, 0)) ip(0 mram_addr(00000157)) idx(0) write weight:343, but recv weight: 1204322116
[2024-12-17 15:39:20] [ERROR] [capacity_test] macro((0, 0)) ip(0 mram_addr(00000158)) idx(0) write weight:344, but recv weight: 1226342212
[2024-12-17 15:39:20] [ERROR] [capacity_test] macro((0, 0)) ip(0 mram_addr(00000159)) idx(0) write weight:345, but recv weight: 1224245060
[2024-12-17 15:39:20] [ERROR] [capacity_test] macro((0, 0)) ip(0 mram_addr(0000015A)) idx(0) write weight:346, but recv weight: 1222147908
[2024-12-17 15:39:20] [ERROR] [capacity_test] macro((0, 0)) ip(0 mram_addr(0000015B)) idx(0) write weight:347, but recv weight: 1220050756
[2024-12-17 15:39:20] [ERROR] [capacity_test] macro((0, 0)) ip(0 mram_addr(0000015C)) idx(0) write weight:348, but recv weight: 1217953604
[2024-12-17 15:39:20] [ERROR] [capacity_test] macro((0, 0)) ip(0 mram_addr(0000015D)) idx(0) write weight:349, but recv weight: 1215856452
[2024-12-17 15:39:20] [ERROR] [capacity_test] macro((0, 0)) ip(0 mram_addr(0000015E)) idx(0) write weight:350, but recv weight: 1213759300
[2024-12-17 15:39:20] [ERROR] [capacity_test] macro((0, 0)) ip(0 mram_addr(0000015F)) idx(0) write weight:351, but recv weight: 1211662148
[2024-12-17 15:39:20] [ERROR] [capacity_test] macro((0, 0)) ip(0 mram_addr(00000160)) idx(0) write weight:352, but recv weight: 1209564996
[2024-12-17 15:39:20] [ERROR] [capacity_test] macro((0, 0)) ip(0 mram_addr(00000161)) idx(0) write weight:353, but recv weight: 1207467844
[2024-12-17 15:39:20] [ERROR] [capacity_test] macro((0, 0)) ip(0 mram_addr(00000162)) idx(0) write weight:354, but recv weight: 1205370692
[2024-12-17 15:39:20] [ERROR] [capacity_test] macro((0, 0)) ip(0 mram_addr(00000163)) idx(0) write weight:355, but recv weight: 1227390788
[2024-12-17 15:39:20] [ERROR] [capacity_test] macro((0, 0)) ip(0 mram_addr(00000164)) idx(0) write weight:356, but recv weight: 1225293636
[2024-12-17 15:39:20] [ERROR] [capacity_test] macro((0, 0)) ip(0 mram_addr(00000165)) idx(0) write weight:357, but recv weight: 1223196484
[2024-12-17 15:39:20] [ERROR] [capacity_test] macro((0, 0)) ip(0 mram_addr(00000166)) idx(0) write weight:358, but recv weight: 1221099332
[2024-12-17 15:39:20] [ERROR] [capacity_test] macro((0, 0)) ip(0 mram_addr(00000167)) idx(0) write weight:359, but recv weight: 1219002180
[2024-12-17 15:39:20] [ERROR] [capacity_test] macro((0, 0)) ip(0 mram_addr(00000168)) idx(0) write weight:360, but recv weight: 1216905028
[2024-12-17 15:39:20] [ERROR] [capacity_test] macro((0, 0)) ip(0 mram_addr(00000169)) idx(0) write weight:361, but recv weight: 1214807876
[2024-12-17 15:39:20] [ERROR] [capacity_test] macro((0, 0)) ip(0 mram_addr(0000016A)) idx(0) write weight:362, but recv weight: 1212710724
[2024-12-17 15:39:20] [ERROR] [capacity_test] macro((0, 0)) ip(0 mram_addr(0000016B)) idx(0) write weight:363, but recv weight: 1210613572
[2024-12-17 15:39:20] [ERROR] [capacity_test] macro((0, 0)) ip(0 mram_addr(0000016C)) idx(0) write weight:364, but recv weight: 1208516420
[2024-12-17 15:39:20] [ERROR] [capacity_test] macro((0, 0)) ip(0 mram_addr(0000016D)) idx(0) write weight:365, but recv weight: 1206419268
[2024-12-17 15:39:20] [ERROR] [capacity_test] macro((0, 0)) ip(0 mram_addr(0000016E)) idx(0) write weight:366, but recv weight: 1204322116
[2024-12-17 15:39:20] [ERROR] [capacity_test] macro((0, 0)) ip(0 mram_addr(0000016F)) idx(0) write weight:367, but recv weight: 1227390788
[2024-12-17 15:39:20] [ERROR] [capacity_test] macro((0, 0)) ip(0 mram_addr(00000170)) idx(0) write weight:368, but recv weight: 1225293636
[2024-12-17 15:39:20] [ERROR] [capacity_test] macro((0, 0)) ip(0 mram_addr(00000171)) idx(0) write weight:369, but recv weight: 1223196484
[2024-12-17 15:39:20] [ERROR] [capacity_test] macro((0, 0)) ip(0 mram_addr(00000172)) idx(0) write weight:370, but recv weight: 1221099332
[2024-12-17 15:39:20] [ERROR] [capacity_test] macro((0, 0)) ip(0 mram_addr(00000173)) idx(0) write weight:371, but recv weight: 1219002180
[2024-12-17 15:39:20] [ERROR] [capacity_test] macro((0, 0)) ip(0 mram_addr(00000174)) idx(0) write weight:372, but recv weight: 1216905028
[2024-12-17 15:39:20] [ERROR] [capacity_test] macro((0, 0)) ip(0 mram_addr(00000175)) idx(0) write weight:373, but recv weight: 1214807876
[2024-12-17 15:39:20] [ERROR] [capacity_test] macro((0, 0)) ip(0 mram_addr(00000176)) idx(0) write weight:374, but recv weight: 1212710724
[2024-12-17 15:39:20] [ERROR] [capacity_test] macro((0, 0)) ip(0 mram_addr(00000177)) idx(0) write weight:375, but recv weight: 1210613572
[2024-12-17 15:39:20] [ERROR] [capacity_test] macro((0, 0)) ip(0 mram_addr(00000178)) idx(0) write weight:376, but recv weight: 1208516420
[2024-12-17 15:39:20] [ERROR] [capacity_test] macro((0, 0)) ip(0 mram_addr(00000179)) idx(0) write weight:377, but recv weight: 1206419268
[2024-12-17 15:39:20] [ERROR] [capacity_test] macro((0, 0)) ip(0 mram_addr(0000017A)) idx(0) write weight:378, but recv weight: 1204322116
[2024-12-17 15:39:20] [ERROR] [capacity_test] macro((0, 0)) ip(0 mram_addr(0000017B)) idx(0) write weight:379, but recv weight: 1228439364
[2024-12-17 15:39:20] [ERROR] [capacity_test] macro((0, 0)) ip(0 mram_addr(0000017C)) idx(0) write weight:380, but recv weight: 1226342212
[2024-12-17 15:39:20] [ERROR] [capacity_test] macro((0, 0)) ip(0 mram_addr(0000017D)) idx(0) write weight:381, but recv weight: 1224245060
[2024-12-17 15:39:20] [ERROR] [capacity_test] macro((0, 0)) ip(0 mram_addr(0000017E)) idx(0) write weight:382, but recv weight: 1222147908
[2024-12-17 15:39:20] [ERROR] [capacity_test] macro((0, 0)) ip(0 mram_addr(0000017F)) idx(0) write weight:383, but recv weight: 1220050756
[2024-12-17 15:39:20] [ERROR] [capacity_test] macro((0, 0)) ip(0 mram_addr(00000180)) idx(0) write weight:384, but recv weight: 1217953604
[2024-12-17 15:39:20] [ERROR] [capacity_test] macro((0, 0)) ip(0 mram_addr(00000181)) idx(0) write weight:385, but recv weight: 1215856452
[2024-12-17 15:39:20] [ERROR] [capacity_test] macro((0, 0)) ip(0 mram_addr(00000182)) idx(0) write weight:386, but recv weight: 1213759300
[2024-12-17 15:39:20] [ERROR] [capacity_test] macro((0, 0)) ip(0 mram_addr(00000183)) idx(0) write weight:387, but recv weight: 1211662148
[2024-12-17 15:39:20] [ERROR] [capacity_test] macro((0, 0)) ip(0 mram_addr(00000184)) idx(0) write weight:388, but recv weight: 1209564996
[2024-12-17 15:39:20] [ERROR] [capacity_test] macro((0, 0)) ip(0 mram_addr(00000185)) idx(0) write weight:389, but recv weight: 1207467844
[2024-12-17 15:39:20] [ERROR] [capacity_test] macro((0, 0)) ip(0 mram_addr(00000186)) idx(0) write weight:390, but recv weight: 1205370692
[2024-12-17 15:39:20] [ERROR] [capacity_test] macro((0, 0)) ip(0 mram_addr(00000187)) idx(0) write weight:391, but recv weight: 1228439364
[2024-12-17 15:39:20] [ERROR] [capacity_test] macro((0, 0)) ip(0 mram_addr(00000188)) idx(0) write weight:392, but recv weight: 1226342212
[2024-12-17 15:39:20] [ERROR] [capacity_test] macro((0, 0)) ip(0 mram_addr(00000189)) idx(0) write weight:393, but recv weight: 1224245060
[2024-12-17 15:39:20] [ERROR] [capacity_test] macro((0, 0)) ip(0 mram_addr(0000018A)) idx(0) write weight:394, but recv weight: 1222147908
[2024-12-17 15:39:20] [ERROR] [capacity_test] macro((0, 0)) ip(0 mram_addr(0000018B)) idx(0) write weight:395, but recv weight: 1220050756
[2024-12-17 15:39:20] [ERROR] [capacity_test] macro((0, 0)) ip(0 mram_addr(0000018C)) idx(0) write weight:396, but recv weight: 1217953604
[2024-12-17 15:39:20] [ERROR] [capacity_test] macro((0, 0)) ip(0 mram_addr(0000018D)) idx(0) write weight:397, but recv weight: 1215856452
[2024-12-17 15:39:20] [ERROR] [capacity_test] macro((0, 0)) ip(0 mram_addr(0000018E)) idx(0) write weight:398, but recv weight: 1213759300
[2024-12-17 15:39:20] [ERROR] [capacity_test] macro((0, 0)) ip(0 mram_addr(0000018F)) idx(0) write weight:399, but recv weight: 1211662148
[2024-12-17 15:39:20] [ERROR] [capacity_test] macro((0, 0)) ip(0 mram_addr(00000190)) idx(0) write weight:400, but recv weight: 1209564996
[2024-12-17 15:39:20] [ERROR] [capacity_test] macro((0, 0)) ip(0 mram_addr(00000191)) idx(0) write weight:401, but recv weight: 1207467844
[2024-12-17 15:39:20] [ERROR] [capacity_test] macro((0, 0)) ip(0 mram_addr(00000192)) idx(0) write weight:402, but recv weight: 1205370692
[2024-12-17 15:39:20] [ERROR] [capacity_test] macro((0, 0)) ip(0 mram_addr(00000193)) idx(0) write weight:403, but recv weight: 1229487940
[2024-12-17 15:39:20] [ERROR] [capacity_test] macro((0, 0)) ip(0 mram_addr(00000194)) idx(0) write weight:404, but recv weight: 1227390788
[2024-12-17 15:39:20] [ERROR] [capacity_test] macro((0, 0)) ip(0 mram_addr(00000195)) idx(0) write weight:405, but recv weight: 1225293636
[2024-12-17 15:39:20] [ERROR] [capacity_test] macro((0, 0)) ip(0 mram_addr(00000196)) idx(0) write weight:406, but recv weight: 1223196484
[2024-12-17 15:39:20] [ERROR] [capacity_test] macro((0, 0)) ip(0 mram_addr(00000197)) idx(0) write weight:407, but recv weight: 1221099332
[2024-12-17 15:39:20] [ERROR] [capacity_test] macro((0, 0)) ip(0 mram_addr(00000198)) idx(0) write weight:408, but recv weight: 1219002180
[2024-12-17 15:39:20] [ERROR] [capacity_test] macro((0, 0)) ip(0 mram_addr(00000199)) idx(0) write weight:409, but recv weight: 1216905028
[2024-12-17 15:39:20] [ERROR] [capacity_test] macro((0, 0)) ip(0 mram_addr(0000019A)) idx(0) write weight:410, but recv weight: 1214807876
[2024-12-17 15:39:20] [ERROR] [capacity_test] macro((0, 0)) ip(0 mram_addr(0000019B)) idx(0) write weight:411, but recv weight: 1212710724
[2024-12-17 15:39:20] [ERROR] [capacity_test] macro((0, 0)) ip(0 mram_addr(0000019C)) idx(0) write weight:412, but recv weight: 1210613572
[2024-12-17 15:39:20] [ERROR] [capacity_test] macro((0, 0)) ip(0 mram_addr(0000019D)) idx(0) write weight:413, but recv weight: 1208516420
[2024-12-17 15:39:20] [ERROR] [capacity_test] macro((0, 0)) ip(0 mram_addr(0000019E)) idx(0) write weight:414, but recv weight: 1206419268
[2024-12-17 15:39:20] [ERROR] [capacity_test] macro((0, 0)) ip(0 mram_addr(0000019F)) idx(0) write weight:415, but recv weight: 1204322116
[2024-12-17 15:39:20] [ERROR] [capacity_test] macro((0, 0)) ip(0 mram_addr(000001A0)) idx(0) write weight:416, but recv weight: 1230536516
[2024-12-17 15:39:20] [ERROR] [capacity_test] macro((0, 0)) ip(0 mram_addr(000001A1)) idx(0) write weight:417, but recv weight: 1228439364
[2024-12-17 15:39:20] [ERROR] [capacity_test] macro((0, 0)) ip(0 mram_addr(000001A2)) idx(0) write weight:418, but recv weight: 1226342212
[2024-12-17 15:39:20] [ERROR] [capacity_test] macro((0, 0)) ip(0 mram_addr(000001A3)) idx(0) write weight:419, but recv weight: 1224245060
[2024-12-17 15:39:20] [ERROR] [capacity_test] macro((0, 0)) ip(0 mram_addr(000001A4)) idx(0) write weight:420, but recv weight: 1222147908
[2024-12-17 15:39:20] [ERROR] [capacity_test] macro((0, 0)) ip(0 mram_addr(000001A5)) idx(0) write weight:421, but recv weight: 1220050756
[2024-12-17 15:39:20] [ERROR] [capacity_test] macro((0, 0)) ip(0 mram_addr(000001A6)) idx(0) write weight:422, but recv weight: 1217953604
[2024-12-17 15:39:20] [ERROR] [capacity_test] macro((0, 0)) ip(0 mram_addr(000001A7)) idx(0) write weight:423, but recv weight: 1215856452
[2024-12-17 15:39:20] [ERROR] [capacity_test] macro((0, 0)) ip(0 mram_addr(000001A8)) idx(0) write weight:424, but recv weight: 1213759300
[2024-12-17 15:39:20] [ERROR] [capacity_test] macro((0, 0)) ip(0 mram_addr(000001A9)) idx(0) write weight:425, but recv weight: 1211662148
[2024-12-17 15:39:20] [ERROR] [capacity_test] macro((0, 0)) ip(0 mram_addr(000001AA)) idx(0) write weight:426, but recv weight: 1209564996
[2024-12-17 15:39:20] [ERROR] [capacity_test] macro((0, 0)) ip(0 mram_addr(000001AB)) idx(0) write weight:427, but recv weight: 1207467844
[2024-12-17 15:39:20] [ERROR] [capacity_test] macro((0, 0)) ip(0 mram_addr(000001AC)) idx(0) write weight:428, but recv weight: 1205370692
[2024-12-17 15:39:20] [ERROR] [capacity_test] macro((0, 0)) ip(0 mram_addr(000001AD)) idx(0) write weight:429, but recv weight: 1230536516
[2024-12-17 15:39:20] [ERROR] [capacity_test] macro((0, 0)) ip(0 mram_addr(000001AE)) idx(0) write weight:430, but recv weight: 1228439364
[2024-12-17 15:39:20] [ERROR] [capacity_test] macro((0, 0)) ip(0 mram_addr(000001AF)) idx(0) write weight:431, but recv weight: 1226342212
[2024-12-17 15:39:20] [ERROR] [capacity_test] macro((0, 0)) ip(0 mram_addr(000001B0)) idx(0) write weight:432, but recv weight: 1224245060
[2024-12-17 15:39:20] [ERROR] [capacity_test] macro((0, 0)) ip(0 mram_addr(000001B1)) idx(0) write weight:433, but recv weight: 1222147908
[2024-12-17 15:39:20] [ERROR] [capacity_test] macro((0, 0)) ip(0 mram_addr(000001B2)) idx(0) write weight:434, but recv weight: 1220050756
[2024-12-17 15:39:20] [ERROR] [capacity_test] macro((0, 0)) ip(0 mram_addr(000001B3)) idx(0) write weight:435, but recv weight: 1217953604
[2024-12-17 15:39:20] [ERROR] [capacity_test] macro((0, 0)) ip(0 mram_addr(000001B4)) idx(0) write weight:436, but recv weight: 1215856452
[2024-12-17 15:39:20] [ERROR] [capacity_test] macro((0, 0)) ip(0 mram_addr(000001B5)) idx(0) write weight:437, but recv weight: 1213759300
[2024-12-17 15:39:20] [ERROR] [capacity_test] macro((0, 0)) ip(0 mram_addr(000001B6)) idx(0) write weight:438, but recv weight: 1211662148
[2024-12-17 15:39:20] [ERROR] [capacity_test] macro((0, 0)) ip(0 mram_addr(000001B7)) idx(0) write weight:439, but recv weight: 1209564996
[2024-12-17 15:39:20] [ERROR] [capacity_test] macro((0, 0)) ip(0 mram_addr(000001B8)) idx(0) write weight:440, but recv weight: 1207467844
[2024-12-17 15:39:20] [ERROR] [capacity_test] macro((0, 0)) ip(0 mram_addr(000001B9)) idx(0) write weight:441, but recv weight: 1205370692
[2024-12-17 15:39:20] [ERROR] [capacity_test] macro((0, 0)) ip(0 mram_addr(000001BA)) idx(0) write weight:442, but recv weight: 1230536516
[2024-12-17 15:39:20] [ERROR] [capacity_test] macro((0, 0)) ip(0 mram_addr(000001BB)) idx(0) write weight:443, but recv weight: 1228439364
[2024-12-17 15:39:20] [ERROR] [capacity_test] macro((0, 0)) ip(0 mram_addr(000001BC)) idx(0) write weight:444, but recv weight: 1226342212
[2024-12-17 15:39:20] [ERROR] [capacity_test] macro((0, 0)) ip(0 mram_addr(000001BD)) idx(0) write weight:445, but recv weight: 1224245060
[2024-12-17 15:39:20] [ERROR] [capacity_test] macro((0, 0)) ip(0 mram_addr(000001BE)) idx(0) write weight:446, but recv weight: 1222147908
[2024-12-17 15:39:20] [ERROR] [capacity_test] macro((0, 0)) ip(0 mram_addr(000001BF)) idx(0) write weight:447, but recv weight: 1220050756
[2024-12-17 15:39:20] [ERROR] [capacity_test] macro((0, 0)) ip(0 mram_addr(000001C0)) idx(0) write weight:448, but recv weight: 1217953604
[2024-12-17 15:39:20] [ERROR] [capacity_test] macro((0, 0)) ip(0 mram_addr(000001C1)) idx(0) write weight:449, but recv weight: 1215856452
[2024-12-17 15:39:20] [ERROR] [capacity_test] macro((0, 0)) ip(0 mram_addr(000001C2)) idx(0) write weight:450, but recv weight: 1213759300
[2024-12-17 15:39:20] [ERROR] [capacity_test] macro((0, 0)) ip(0 mram_addr(000001C3)) idx(0) write weight:451, but recv weight: 1211662148
[2024-12-17 15:39:20] [ERROR] [capacity_test] macro((0, 0)) ip(0 mram_addr(000001C4)) idx(0) write weight:452, but recv weight: 1209564996
[2024-12-17 15:39:20] [ERROR] [capacity_test] macro((0, 0)) ip(0 mram_addr(000001C5)) idx(0) write weight:453, but recv weight: 1207467844
[2024-12-17 15:39:20] [ERROR] [capacity_test] macro((0, 0)) ip(0 mram_addr(000001C6)) idx(0) write weight:454, but recv weight: 1205370692
[2024-12-17 15:39:20] [ERROR] [capacity_test] macro((0, 0)) ip(0 mram_addr(000001C7)) idx(0) write weight:455, but recv weight: 1231585092
[2024-12-17 15:39:20] [ERROR] [capacity_test] macro((0, 0)) ip(0 mram_addr(000001C8)) idx(0) write weight:456, but recv weight: 1229487940
[2024-12-17 15:39:20] [ERROR] [capacity_test] macro((0, 0)) ip(0 mram_addr(000001C9)) idx(0) write weight:457, but recv weight: 1227390788
[2024-12-17 15:39:20] [ERROR] [capacity_test] macro((0, 0)) ip(0 mram_addr(000001CA)) idx(0) write weight:458, but recv weight: 1225293636
[2024-12-17 15:39:20] [ERROR] [capacity_test] macro((0, 0)) ip(0 mram_addr(000001CB)) idx(0) write weight:459, but recv weight: 1223196484
[2024-12-17 15:39:20] [ERROR] [capacity_test] macro((0, 0)) ip(0 mram_addr(000001CC)) idx(0) write weight:460, but recv weight: 1221099332
[2024-12-17 15:39:20] [ERROR] [capacity_test] macro((0, 0)) ip(0 mram_addr(000001CD)) idx(0) write weight:461, but recv weight: 1219002180
[2024-12-17 15:39:20] [ERROR] [capacity_test] macro((0, 0)) ip(0 mram_addr(000001CE)) idx(0) write weight:462, but recv weight: 1216905028
[2024-12-17 15:39:20] [ERROR] [capacity_test] macro((0, 0)) ip(0 mram_addr(000001CF)) idx(0) write weight:463, but recv weight: 1214807876
[2024-12-17 15:39:20] [ERROR] [capacity_test] macro((0, 0)) ip(0 mram_addr(000001D0)) idx(0) write weight:464, but recv weight: 1212710724
[2024-12-17 15:39:20] [ERROR] [capacity_test] macro((0, 0)) ip(0 mram_addr(000001D1)) idx(0) write weight:465, but recv weight: 1210613572
[2024-12-17 15:39:20] [ERROR] [capacity_test] macro((0, 0)) ip(0 mram_addr(000001D2)) idx(0) write weight:466, but recv weight: 1208516420
[2024-12-17 15:39:20] [ERROR] [capacity_test] macro((0, 0)) ip(0 mram_addr(000001D3)) idx(0) write weight:467, but recv weight: 1206419268
[2024-12-17 15:39:20] [ERROR] [capacity_test] macro((0, 0)) ip(0 mram_addr(000001D4)) idx(0) write weight:468, but recv weight: 1204322116
[2024-12-17 15:39:20] [ERROR] [capacity_test] macro((0, 0)) ip(0 mram_addr(000001D5)) idx(0) write weight:469, but recv weight: 1232633668
[2024-12-17 15:39:20] [ERROR] [capacity_test] macro((0, 0)) ip(0 mram_addr(000001D6)) idx(0) write weight:470, but recv weight: 1230536516
[2024-12-17 15:39:20] [ERROR] [capacity_test] macro((0, 0)) ip(0 mram_addr(000001D7)) idx(0) write weight:471, but recv weight: 1228439364
[2024-12-17 15:39:20] [ERROR] [capacity_test] macro((0, 0)) ip(0 mram_addr(000001D8)) idx(0) write weight:472, but recv weight: 1226342212
[2024-12-17 15:39:20] [ERROR] [capacity_test] macro((0, 0)) ip(0 mram_addr(000001D9)) idx(0) write weight:473, but recv weight: 1224245060
[2024-12-17 15:39:20] [ERROR] [capacity_test] macro((0, 0)) ip(0 mram_addr(000001DA)) idx(0) write weight:474, but recv weight: 1222147908
[2024-12-17 15:39:20] [ERROR] [capacity_test] macro((0, 0)) ip(0 mram_addr(000001DB)) idx(0) write weight:475, but recv weight: 1220050756
[2024-12-17 15:39:20] [ERROR] [capacity_test] macro((0, 0)) ip(0 mram_addr(000001DC)) idx(0) write weight:476, but recv weight: 1217953604
[2024-12-17 15:39:20] [ERROR] [capacity_test] macro((0, 0)) ip(0 mram_addr(000001DD)) idx(0) write weight:477, but recv weight: 1215856452
[2024-12-17 15:39:20] [ERROR] [capacity_test] macro((0, 0)) ip(0 mram_addr(000001DE)) idx(0) write weight:478, but recv weight: 1213759300
[2024-12-17 15:39:20] [ERROR] [capacity_test] macro((0, 0)) ip(0 mram_addr(000001DF)) idx(0) write weight:479, but recv weight: 1211662148
[2024-12-17 15:39:20] [ERROR] [capacity_test] macro((0, 0)) ip(0 mram_addr(000001E0)) idx(0) write weight:480, but recv weight: 1209564996
[2024-12-17 15:39:20] [ERROR] [capacity_test] macro((0, 0)) ip(0 mram_addr(000001E1)) idx(0) write weight:481, but recv weight: 1207467844
[2024-12-17 15:39:20] [ERROR] [capacity_test] macro((0, 0)) ip(0 mram_addr(000001E2)) idx(0) write weight:482, but recv weight: 1205370692
[2024-12-17 15:39:20] [ERROR] [capacity_test] macro((0, 0)) ip(0 mram_addr(000001E3)) idx(0) write weight:483, but recv weight: 1232633668
[2024-12-17 15:39:20] [ERROR] [capacity_test] macro((0, 0)) ip(0 mram_addr(000001E4)) idx(0) write weight:484, but recv weight: 1230536516
[2024-12-17 15:39:20] [ERROR] [capacity_test] macro((0, 0)) ip(0 mram_addr(000001E5)) idx(0) write weight:485, but recv weight: 1228439364
[2024-12-17 15:39:20] [ERROR] [capacity_test] macro((0, 0)) ip(0 mram_addr(000001E6)) idx(0) write weight:486, but recv weight: 1226342212
[2024-12-17 15:39:20] [ERROR] [capacity_test] macro((0, 0)) ip(0 mram_addr(000001E7)) idx(0) write weight:487, but recv weight: 1224245060
[2024-12-17 15:39:20] [ERROR] [capacity_test] macro((0, 0)) ip(0 mram_addr(000001E8)) idx(0) write weight:488, but recv weight: 1222147908
[2024-12-17 15:39:20] [ERROR] [capacity_test] macro((0, 0)) ip(0 mram_addr(000001E9)) idx(0) write weight:489, but recv weight: 1220050756
[2024-12-17 15:39:20] [ERROR] [capacity_test] macro((0, 0)) ip(0 mram_addr(000001EA)) idx(0) write weight:490, but recv weight: 1217953604
[2024-12-17 15:39:20] [ERROR] [capacity_test] macro((0, 0)) ip(0 mram_addr(000001EB)) idx(0) write weight:491, but recv weight: 1215856452
[2024-12-17 15:39:20] [ERROR] [capacity_test] macro((0, 0)) ip(0 mram_addr(000001EC)) idx(0) write weight:492, but recv weight: 1213759300
[2024-12-17 15:39:20] [ERROR] [capacity_test] macro((0, 0)) ip(0 mram_addr(000001ED)) idx(0) write weight:493, but recv weight: 1211662148
[2024-12-17 15:39:20] [ERROR] [capacity_test] macro((0, 0)) ip(0 mram_addr(000001EE)) idx(0) write weight:494, but recv weight: 1209564996
[2024-12-17 15:39:20] [ERROR] [capacity_test] macro((0, 0)) ip(0 mram_addr(000001EF)) idx(0) write weight:495, but recv weight: 1207467844
[2024-12-17 15:39:20] [ERROR] [capacity_test] macro((0, 0)) ip(0 mram_addr(000001F0)) idx(0) write weight:496, but recv weight: 1205370692
[2024-12-17 15:39:20] [ERROR] [capacity_test] macro((0, 0)) ip(0 mram_addr(000001F1)) idx(0) write weight:497, but recv weight: 1233682244
[2024-12-17 15:39:20] [ERROR] [capacity_test] macro((0, 0)) ip(0 mram_addr(000001F2)) idx(0) write weight:498, but recv weight: 1231585092
[2024-12-17 15:39:20] [ERROR] [capacity_test] macro((0, 0)) ip(0 mram_addr(000001F3)) idx(0) write weight:499, but recv weight: 1229487940
[2024-12-17 15:39:20] [ERROR] [capacity_test] macro((0, 0)) ip(0 mram_addr(000001F4)) idx(0) write weight:500, but recv weight: 1227390788
[2024-12-17 15:39:20] [ERROR] [capacity_test] macro((0, 0)) ip(0 mram_addr(000001F5)) idx(0) write weight:501, but recv weight: 1225293636
[2024-12-17 15:39:20] [ERROR] [capacity_test] macro((0, 0)) ip(0 mram_addr(000001F6)) idx(0) write weight:502, but recv weight: 1223196484
[2024-12-17 15:39:20] [ERROR] [capacity_test] macro((0, 0)) ip(0 mram_addr(000001F7)) idx(0) write weight:503, but recv weight: 1221099332
[2024-12-17 15:39:20] [ERROR] [capacity_test] macro((0, 0)) ip(0 mram_addr(000001F8)) idx(0) write weight:504, but recv weight: 1219002180
[2024-12-17 15:39:20] [ERROR] [capacity_test] macro((0, 0)) ip(0 mram_addr(000001F9)) idx(0) write weight:505, but recv weight: 1216905028
[2024-12-17 15:39:20] [ERROR] [capacity_test] macro((0, 0)) ip(0 mram_addr(000001FA)) idx(0) write weight:506, but recv weight: 1214807876
[2024-12-17 15:39:20] [ERROR] [capacity_test] macro((0, 0)) ip(0 mram_addr(000001FB)) idx(0) write weight:507, but recv weight: 1212710724
[2024-12-17 15:39:20] [ERROR] [capacity_test] macro((0, 0)) ip(0 mram_addr(000001FC)) idx(0) write weight:508, but recv weight: 1210613572
[2024-12-17 15:39:20] [ERROR] [capacity_test] macro((0, 0)) ip(0 mram_addr(000001FD)) idx(0) write weight:509, but recv weight: 1208516420
[2024-12-17 15:39:20] [ERROR] [capacity_test] macro((0, 0)) ip(0 mram_addr(000001FE)) idx(0) write weight:510, but recv weight: 1206419268
[2024-12-17 15:39:20] [ERROR] [capacity_test] macro((0, 0)) ip(0 mram_addr(000001FF)) idx(0) write weight:511, but recv weight: 1204322116
[2024-12-17 15:39:20] [ERROR] [capacity_test] macro((0, 0)) ip(0 mram_addr(00000200)) idx(0) write weight:512, but recv weight: 1234730820
[2024-12-17 15:39:20] [ERROR] [capacity_test] macro((0, 0)) ip(0 mram_addr(00000201)) idx(0) write weight:513, but recv weight: 1232633668
[2024-12-17 15:39:20] [ERROR] [capacity_test] macro((0, 0)) ip(0 mram_addr(00000202)) idx(0) write weight:514, but recv weight: 1230536516
[2024-12-17 15:39:20] [ERROR] [capacity_test] macro((0, 0)) ip(0 mram_addr(00000203)) idx(0) write weight:515, but recv weight: 1228439364
[2024-12-17 15:39:20] [ERROR] [capacity_test] macro((0, 0)) ip(0 mram_addr(00000204)) idx(0) write weight:516, but recv weight: 1226342212
[2024-12-17 15:39:20] [ERROR] [capacity_test] macro((0, 0)) ip(0 mram_addr(00000205)) idx(0) write weight:517, but recv weight: 1224245060
[2024-12-17 15:39:20] [ERROR] [capacity_test] macro((0, 0)) ip(0 mram_addr(00000206)) idx(0) write weight:518, but recv weight: 1222147908
[2024-12-17 15:39:20] [ERROR] [capacity_test] macro((0, 0)) ip(0 mram_addr(00000207)) idx(0) write weight:519, but recv weight: 1220050756
[2024-12-17 15:39:20] [ERROR] [capacity_test] macro((0, 0)) ip(0 mram_addr(00000208)) idx(0) write weight:520, but recv weight: 1217953604
[2024-12-17 15:39:20] [ERROR] [capacity_test] macro((0, 0)) ip(0 mram_addr(00000209)) idx(0) write weight:521, but recv weight: 1215856452
[2024-12-17 15:39:20] [ERROR] [capacity_test] macro((0, 0)) ip(0 mram_addr(0000020A)) idx(0) write weight:522, but recv weight: 1213759300
[2024-12-17 15:39:20] [ERROR] [capacity_test] macro((0, 0)) ip(0 mram_addr(0000020B)) idx(0) write weight:523, but recv weight: 1211662148
[2024-12-17 15:39:20] [ERROR] [capacity_test] macro((0, 0)) ip(0 mram_addr(0000020C)) idx(0) write weight:524, but recv weight: 1209564996
[2024-12-17 15:39:20] [ERROR] [capacity_test] macro((0, 0)) ip(0 mram_addr(0000020D)) idx(0) write weight:525, but recv weight: 1207467844
[2024-12-17 15:39:20] [ERROR] [capacity_test] macro((0, 0)) ip(0 mram_addr(0000020E)) idx(0) write weight:526, but recv weight: 1205370692
[2024-12-17 15:39:20] [ERROR] [capacity_test] macro((0, 0)) ip(0 mram_addr(0000020F)) idx(0) write weight:527, but recv weight: 1235779396
[2024-12-17 15:39:20] [ERROR] [capacity_test] macro((0, 0)) ip(0 mram_addr(00000210)) idx(0) write weight:528, but recv weight: 1233682244
[2024-12-17 15:39:20] [ERROR] [capacity_test] macro((0, 0)) ip(0 mram_addr(00000211)) idx(0) write weight:529, but recv weight: 1231585092
[2024-12-17 15:39:20] [ERROR] [capacity_test] macro((0, 0)) ip(0 mram_addr(00000212)) idx(0) write weight:530, but recv weight: 1229487940
[2024-12-17 15:39:20] [ERROR] [capacity_test] macro((0, 0)) ip(0 mram_addr(00000213)) idx(0) write weight:531, but recv weight: 1227390788
[2024-12-17 15:39:20] [ERROR] [capacity_test] macro((0, 0)) ip(0 mram_addr(00000214)) idx(0) write weight:532, but recv weight: 1225293636
[2024-12-17 15:39:20] [ERROR] [capacity_test] macro((0, 0)) ip(0 mram_addr(00000215)) idx(0) write weight:533, but recv weight: 1223196484
[2024-12-17 15:39:20] [ERROR] [capacity_test] macro((0, 0)) ip(0 mram_addr(00000216)) idx(0) write weight:534, but recv weight: 1221099332
[2024-12-17 15:39:20] [ERROR] [capacity_test] macro((0, 0)) ip(0 mram_addr(00000217)) idx(0) write weight:535, but recv weight: 1219002180
[2024-12-17 15:39:20] [ERROR] [capacity_test] macro((0, 0)) ip(0 mram_addr(00000218)) idx(0) write weight:536, but recv weight: 1216905028
[2024-12-17 15:39:20] [ERROR] [capacity_test] macro((0, 0)) ip(0 mram_addr(00000219)) idx(0) write weight:537, but recv weight: 1214807876
[2024-12-17 15:39:20] [ERROR] [capacity_test] macro((0, 0)) ip(0 mram_addr(0000021A)) idx(0) write weight:538, but recv weight: 1212710724
[2024-12-17 15:39:20] [ERROR] [capacity_test] macro((0, 0)) ip(0 mram_addr(0000021B)) idx(0) write weight:539, but recv weight: 1210613572
[2024-12-17 15:39:20] [ERROR] [capacity_test] macro((0, 0)) ip(0 mram_addr(0000021C)) idx(0) write weight:540, but recv weight: 1208516420
[2024-12-17 15:39:20] [ERROR] [capacity_test] macro((0, 0)) ip(0 mram_addr(0000021D)) idx(0) write weight:541, but recv weight: 1206419268
[2024-12-17 15:39:20] [ERROR] [capacity_test] macro((0, 0)) ip(0 mram_addr(0000021E)) idx(0) write weight:542, but recv weight: 1204322116
[2024-12-17 15:39:20] [ERROR] [capacity_test] macro((0, 0)) ip(0 mram_addr(0000021F)) idx(0) write weight:543, but recv weight: 1235779396
[2024-12-17 15:39:20] [ERROR] [capacity_test] macro((0, 0)) ip(0 mram_addr(00000220)) idx(0) write weight:544, but recv weight: 1233682244
[2024-12-17 15:39:20] [ERROR] [capacity_test] macro((0, 0)) ip(0 mram_addr(00000221)) idx(0) write weight:545, but recv weight: 1231585092
[2024-12-17 15:39:20] [ERROR] [capacity_test] macro((0, 0)) ip(0 mram_addr(00000222)) idx(0) write weight:546, but recv weight: 1229487940
[2024-12-17 15:39:20] [ERROR] [capacity_test] macro((0, 0)) ip(0 mram_addr(00000223)) idx(0) write weight:547, but recv weight: 1227390788
[2024-12-17 15:39:20] [ERROR] [capacity_test] macro((0, 0)) ip(0 mram_addr(00000224)) idx(0) write weight:548, but recv weight: 1225293636
[2024-12-17 15:39:21] [ERROR] [capacity_test] macro((0, 0)) ip(0 mram_addr(00000225)) idx(0) write weight:549, but recv weight: 1223196484
[2024-12-17 15:39:21] [ERROR] [capacity_test] macro((0, 0)) ip(0 mram_addr(00000226)) idx(0) write weight:550, but recv weight: 1221099332
[2024-12-17 15:39:21] [ERROR] [capacity_test] macro((0, 0)) ip(0 mram_addr(00000227)) idx(0) write weight:551, but recv weight: 1219002180
[2024-12-17 15:39:21] [ERROR] [capacity_test] macro((0, 0)) ip(0 mram_addr(00000228)) idx(0) write weight:552, but recv weight: 1216905028
[2024-12-17 15:39:21] [ERROR] [capacity_test] macro((0, 0)) ip(0 mram_addr(00000229)) idx(0) write weight:553, but recv weight: 1214807876
[2024-12-17 15:39:21] [ERROR] [capacity_test] macro((0, 0)) ip(0 mram_addr(0000022A)) idx(0) write weight:554, but recv weight: 1212710724
[2024-12-17 15:39:21] [ERROR] [capacity_test] macro((0, 0)) ip(0 mram_addr(0000022B)) idx(0) write weight:555, but recv weight: 1210613572
[2024-12-17 15:39:21] [ERROR] [capacity_test] macro((0, 0)) ip(0 mram_addr(0000022C)) idx(0) write weight:556, but recv weight: 1208516420
[2024-12-17 15:39:21] [ERROR] [capacity_test] macro((0, 0)) ip(0 mram_addr(0000022D)) idx(0) write weight:557, but recv weight: 1206419268
[2024-12-17 15:39:21] [ERROR] [capacity_test] macro((0, 0)) ip(0 mram_addr(0000022E)) idx(0) write weight:558, but recv weight: 1204322116
[2024-12-17 15:39:21] [ERROR] [capacity_test] macro((0, 0)) ip(0 mram_addr(0000022F)) idx(0) write weight:559, but recv weight: 1252556612
[2024-12-17 15:39:21] [ERROR] [capacity_test] macro((0, 0)) ip(0 mram_addr(00000230)) idx(0) write weight:560, but recv weight: 1250459460
[2024-12-17 15:39:21] [ERROR] [capacity_test] macro((0, 0)) ip(0 mram_addr(00000231)) idx(0) write weight:561, but recv weight: 1248362308
[2024-12-17 15:39:21] [ERROR] [capacity_test] macro((0, 0)) ip(0 mram_addr(00000232)) idx(0) write weight:562, but recv weight: 1246265156
[2024-12-17 15:39:21] [ERROR] [capacity_test] macro((0, 0)) ip(0 mram_addr(00000233)) idx(0) write weight:563, but recv weight: 1244168004
[2024-12-17 15:39:21] [ERROR] [capacity_test] macro((0, 0)) ip(0 mram_addr(00000234)) idx(0) write weight:564, but recv weight: 1242070852
[2024-12-17 15:39:21] [ERROR] [capacity_test] macro((0, 0)) ip(0 mram_addr(00000235)) idx(0) write weight:565, but recv weight: 1239973700
[2024-12-17 15:39:21] [ERROR] [capacity_test] macro((0, 0)) ip(0 mram_addr(00000236)) idx(0) write weight:566, but recv weight: 1237876548
[2024-12-17 15:39:21] [ERROR] [capacity_test] macro((0, 0)) ip(0 mram_addr(00000237)) idx(0) write weight:567, but recv weight: 1235779396
[2024-12-17 15:39:21] [ERROR] [capacity_test] macro((0, 0)) ip(0 mram_addr(00000238)) idx(0) write weight:568, but recv weight: 1233682244
[2024-12-17 15:39:21] [ERROR] [capacity_test] macro((0, 0)) ip(0 mram_addr(00000239)) idx(0) write weight:569, but recv weight: 1231585092
[2024-12-17 15:39:21] [ERROR] [capacity_test] macro((0, 0)) ip(0 mram_addr(0000023A)) idx(0) write weight:570, but recv weight: 1229487940
[2024-12-17 15:39:21] [ERROR] [capacity_test] macro((0, 0)) ip(0 mram_addr(0000023B)) idx(0) write weight:571, but recv weight: 1227390788
[2024-12-17 15:39:21] [ERROR] [capacity_test] macro((0, 0)) ip(0 mram_addr(0000023C)) idx(0) write weight:572, but recv weight: 1225293636
[2024-12-17 15:39:21] [ERROR] [capacity_test] macro((0, 0)) ip(0 mram_addr(0000023D)) idx(0) write weight:573, but recv weight: 1223196484
[2024-12-17 15:39:21] [ERROR] [capacity_test] macro((0, 0)) ip(0 mram_addr(0000023E)) idx(0) write weight:574, but recv weight: 1221099332
[2024-12-17 15:39:21] [ERROR] [capacity_test] macro((0, 0)) ip(0 mram_addr(0000023F)) idx(0) write weight:575, but recv weight: 1219002180
[2024-12-17 15:39:21] [ERROR] [capacity_test] macro((0, 0)) ip(0 mram_addr(00000240)) idx(0) write weight:576, but recv weight: 1216905028
[2024-12-17 15:39:21] [ERROR] [capacity_test] macro((0, 0)) ip(0 mram_addr(00000241)) idx(0) write weight:577, but recv weight: 1214807876
[2024-12-17 15:39:21] [ERROR] [capacity_test] macro((0, 0)) ip(0 mram_addr(00000242)) idx(0) write weight:578, but recv weight: 1212710724
[2024-12-17 15:39:21] [ERROR] [capacity_test] macro((0, 0)) ip(0 mram_addr(00000243)) idx(0) write weight:579, but recv weight: 1210613572
[2024-12-17 15:39:21] [ERROR] [capacity_test] macro((0, 0)) ip(0 mram_addr(00000244)) idx(0) write weight:580, but recv weight: 1208516420
[2024-12-17 15:39:21] [ERROR] [capacity_test] macro((0, 0)) ip(0 mram_addr(00000245)) idx(0) write weight:581, but recv weight: 1206419268
[2024-12-17 15:39:21] [ERROR] [capacity_test] macro((0, 0)) ip(0 mram_addr(00000246)) idx(0) write weight:582, but recv weight: 1204322116
[2024-12-17 15:39:21] [ERROR] [capacity_test] macro((0, 0)) ip(0 mram_addr(00000247)) idx(0) write weight:583, but recv weight: 1258848068
[2024-12-17 15:39:21] [ERROR] [capacity_test] macro((0, 0)) ip(0 mram_addr(00000248)) idx(0) write weight:584, but recv weight: 1256750916
[2024-12-17 15:39:21] [ERROR] [capacity_test] macro((0, 0)) ip(0 mram_addr(00000249)) idx(0) write weight:585, but recv weight: 1254653764
[2024-12-17 15:39:21] [ERROR] [capacity_test] macro((0, 0)) ip(0 mram_addr(0000024A)) idx(0) write weight:586, but recv weight: 1252556612
[2024-12-17 15:39:21] [ERROR] [capacity_test] macro((0, 0)) ip(0 mram_addr(0000024B)) idx(0) write weight:587, but recv weight: 1250459460
[2024-12-17 15:39:21] [ERROR] [capacity_test] macro((0, 0)) ip(0 mram_addr(0000024C)) idx(0) write weight:588, but recv weight: 1248362308
[2024-12-17 15:39:21] [ERROR] [capacity_test] macro((0, 0)) ip(0 mram_addr(0000024D)) idx(0) write weight:589, but recv weight: 1246265156
[2024-12-17 15:39:21] [ERROR] [capacity_test] macro((0, 0)) ip(0 mram_addr(0000024E)) idx(0) write weight:590, but recv weight: 1244168004
[2024-12-17 15:39:21] [ERROR] [capacity_test] macro((0, 0)) ip(0 mram_addr(0000024F)) idx(0) write weight:591, but recv weight: 1242070852
[2024-12-17 15:39:21] [ERROR] [capacity_test] macro((0, 0)) ip(0 mram_addr(00000250)) idx(0) write weight:592, but recv weight: 1239973700
[2024-12-17 15:39:21] [ERROR] [capacity_test] macro((0, 0)) ip(0 mram_addr(00000251)) idx(0) write weight:593, but recv weight: 1237876548
[2024-12-17 15:39:21] [ERROR] [capacity_test] macro((0, 0)) ip(0 mram_addr(00000252)) idx(0) write weight:594, but recv weight: 1235779396
[2024-12-17 15:39:21] [ERROR] [capacity_test] macro((0, 0)) ip(0 mram_addr(00000253)) idx(0) write weight:595, but recv weight: 1233682244
[2024-12-17 15:39:21] [ERROR] [capacity_test] macro((0, 0)) ip(0 mram_addr(00000254)) idx(0) write weight:596, but recv weight: 1231585092
[2024-12-17 15:39:21] [ERROR] [capacity_test] macro((0, 0)) ip(0 mram_addr(00000255)) idx(0) write weight:597, but recv weight: 1229487940
[2024-12-17 15:39:21] [ERROR] [capacity_test] macro((0, 0)) ip(0 mram_addr(00000256)) idx(0) write weight:598, but recv weight: 1227390788
[2024-12-17 15:39:21] [ERROR] [capacity_test] macro((0, 0)) ip(0 mram_addr(00000257)) idx(0) write weight:599, but recv weight: 1225293636
[2024-12-17 15:39:21] [ERROR] [capacity_test] macro((0, 0)) ip(0 mram_addr(00000258)) idx(0) write weight:600, but recv weight: 1223196484
[2024-12-17 15:39:21] [ERROR] [capacity_test] macro((0, 0)) ip(0 mram_addr(00000259)) idx(0) write weight:601, but recv weight: 1221099332
[2024-12-17 15:39:21] [ERROR] [capacity_test] macro((0, 0)) ip(0 mram_addr(0000025A)) idx(0) write weight:602, but recv weight: 1219002180
[2024-12-17 15:39:21] [ERROR] [capacity_test] macro((0, 0)) ip(0 mram_addr(0000025B)) idx(0) write weight:603, but recv weight: 1216905028
[2024-12-17 15:39:21] [ERROR] [capacity_test] macro((0, 0)) ip(0 mram_addr(0000025C)) idx(0) write weight:604, but recv weight: 1214807876
[2024-12-17 15:39:21] [ERROR] [capacity_test] macro((0, 0)) ip(0 mram_addr(0000025D)) idx(0) write weight:605, but recv weight: 1212710724
[2024-12-17 15:39:21] [ERROR] [capacity_test] macro((0, 0)) ip(0 mram_addr(0000025E)) idx(0) write weight:606, but recv weight: 1210613572
[2024-12-17 15:39:21] [ERROR] [capacity_test] macro((0, 0)) ip(0 mram_addr(0000025F)) idx(0) write weight:607, but recv weight: 1208516420
[2024-12-17 15:39:21] [ERROR] [capacity_test] macro((0, 0)) ip(0 mram_addr(00000260)) idx(0) write weight:608, but recv weight: 1206419268
[2024-12-17 15:39:21] [ERROR] [capacity_test] macro((0, 0)) ip(0 mram_addr(00000261)) idx(0) write weight:609, but recv weight: 1204322116
[2024-12-17 15:39:21] [ERROR] [capacity_test] macro((0, 0)) ip(0 mram_addr(00000262)) idx(0) write weight:610, but recv weight: 1259896644
[2024-12-17 15:39:21] [ERROR] [capacity_test] macro((0, 0)) ip(0 mram_addr(00000263)) idx(0) write weight:611, but recv weight: 1257799492
[2024-12-17 15:39:21] [ERROR] [capacity_test] macro((0, 0)) ip(0 mram_addr(00000264)) idx(0) write weight:612, but recv weight: 1255702340
[2024-12-17 15:39:21] [ERROR] [capacity_test] macro((0, 0)) ip(0 mram_addr(00000265)) idx(0) write weight:613, but recv weight: 1253605188
[2024-12-17 15:39:21] [ERROR] [capacity_test] macro((0, 0)) ip(0 mram_addr(00000266)) idx(0) write weight:614, but recv weight: 1251508036
[2024-12-17 15:39:21] [ERROR] [capacity_test] macro((0, 0)) ip(0 mram_addr(00000267)) idx(0) write weight:615, but recv weight: 1249410884
[2024-12-17 15:39:21] [ERROR] [capacity_test] macro((0, 0)) ip(0 mram_addr(00000268)) idx(0) write weight:616, but recv weight: 1247313732
[2024-12-17 15:39:21] [ERROR] [capacity_test] macro((0, 0)) ip(0 mram_addr(00000269)) idx(0) write weight:617, but recv weight: 1245216580
[2024-12-17 15:39:21] [ERROR] [capacity_test] macro((0, 0)) ip(0 mram_addr(0000026A)) idx(0) write weight:618, but recv weight: 1243119428
[2024-12-17 15:39:21] [ERROR] [capacity_test] macro((0, 0)) ip(0 mram_addr(0000026B)) idx(0) write weight:619, but recv weight: 1241022276
[2024-12-17 15:39:21] [ERROR] [capacity_test] macro((0, 0)) ip(0 mram_addr(0000026C)) idx(0) write weight:620, but recv weight: 1238925124
[2024-12-17 15:39:21] [ERROR] [capacity_test] macro((0, 0)) ip(0 mram_addr(0000026D)) idx(0) write weight:621, but recv weight: 1236827972
[2024-12-17 15:39:21] [ERROR] [capacity_test] macro((0, 0)) ip(0 mram_addr(0000026E)) idx(0) write weight:622, but recv weight: 1234730820
[2024-12-17 15:39:21] [ERROR] [capacity_test] macro((0, 0)) ip(0 mram_addr(0000026F)) idx(0) write weight:623, but recv weight: 1232633668
[2024-12-17 15:39:21] [ERROR] [capacity_test] macro((0, 0)) ip(0 mram_addr(00000270)) idx(0) write weight:624, but recv weight: 1230536516
[2024-12-17 15:39:21] [ERROR] [capacity_test] macro((0, 0)) ip(0 mram_addr(00000271)) idx(0) write weight:625, but recv weight: 1228439364
[2024-12-17 15:39:21] [ERROR] [capacity_test] macro((0, 0)) ip(0 mram_addr(00000272)) idx(0) write weight:626, but recv weight: 1226342212
[2024-12-17 15:39:21] [ERROR] [capacity_test] macro((0, 0)) ip(0 mram_addr(00000273)) idx(0) write weight:627, but recv weight: 1224245060
[2024-12-17 15:39:21] [ERROR] [capacity_test] macro((0, 0)) ip(0 mram_addr(00000274)) idx(0) write weight:628, but recv weight: 1222147908
[2024-12-17 15:39:21] [ERROR] [capacity_test] macro((0, 0)) ip(0 mram_addr(00000275)) idx(0) write weight:629, but recv weight: 1220050756
[2024-12-17 15:39:21] [ERROR] [capacity_test] macro((0, 0)) ip(0 mram_addr(00000276)) idx(0) write weight:630, but recv weight: 1217953604
[2024-12-17 15:39:21] [ERROR] [capacity_test] macro((0, 0)) ip(0 mram_addr(00000277)) idx(0) write weight:631, but recv weight: 1215856452
[2024-12-17 15:39:21] [ERROR] [capacity_test] macro((0, 0)) ip(0 mram_addr(00000278)) idx(0) write weight:632, but recv weight: 1213759300
[2024-12-17 15:39:21] [ERROR] [capacity_test] macro((0, 0)) ip(0 mram_addr(00000279)) idx(0) write weight:633, but recv weight: 1211662148
[2024-12-17 15:39:21] [ERROR] [capacity_test] macro((0, 0)) ip(0 mram_addr(0000027A)) idx(0) write weight:634, but recv weight: 1209564996
[2024-12-17 15:39:21] [ERROR] [capacity_test] macro((0, 0)) ip(0 mram_addr(0000027B)) idx(0) write weight:635, but recv weight: 1207467844
[2024-12-17 15:39:21] [ERROR] [capacity_test] macro((0, 0)) ip(0 mram_addr(0000027C)) idx(0) write weight:636, but recv weight: 1205370692
[2024-12-17 15:39:21] [ERROR] [capacity_test] macro((0, 0)) ip(0 mram_addr(0000027D)) idx(0) write weight:637, but recv weight: 1281916740
[2024-12-17 15:39:21] [ERROR] [capacity_test] macro((0, 0)) ip(0 mram_addr(0000027E)) idx(0) write weight:638, but recv weight: 1280868164
[2024-12-17 15:39:21] [ERROR] [capacity_test] macro((0, 0)) ip(0 mram_addr(0000027F)) idx(0) write weight:639, but recv weight: 1280868164
[2024-12-17 15:39:21] [ERROR] [capacity_test] macro((0, 0)) ip(0 mram_addr(00000280)) idx(0) write weight:640, but recv weight: 1279819588
[2024-12-17 15:39:21] [ERROR] [capacity_test] macro((0, 0)) ip(0 mram_addr(00000281)) idx(0) write weight:641, but recv weight: 1279819588
[2024-12-17 15:39:21] [ERROR] [capacity_test] macro((0, 0)) ip(0 mram_addr(00000282)) idx(0) write weight:642, but recv weight: 1278771012
[2024-12-17 15:39:21] [ERROR] [capacity_test] macro((0, 0)) ip(0 mram_addr(00000283)) idx(0) write weight:643, but recv weight: 1278771012
[2024-12-17 15:39:21] [ERROR] [capacity_test] macro((0, 0)) ip(0 mram_addr(00000284)) idx(0) write weight:644, but recv weight: 1277722436
[2024-12-17 15:39:21] [ERROR] [capacity_test] macro((0, 0)) ip(0 mram_addr(00000285)) idx(0) write weight:645, but recv weight: 1277722436
[2024-12-17 15:39:21] [ERROR] [capacity_test] macro((0, 0)) ip(0 mram_addr(00000286)) idx(0) write weight:646, but recv weight: 1276673860
[2024-12-17 15:39:21] [ERROR] [capacity_test] macro((0, 0)) ip(0 mram_addr(00000287)) idx(0) write weight:647, but recv weight: 1276673860
[2024-12-17 15:39:21] [ERROR] [capacity_test] macro((0, 0)) ip(0 mram_addr(00000288)) idx(0) write weight:648, but recv weight: 1275625284
[2024-12-17 15:39:21] [ERROR] [capacity_test] macro((0, 0)) ip(0 mram_addr(00000289)) idx(0) write weight:649, but recv weight: 1275625284
[2024-12-17 15:39:21] [ERROR] [capacity_test] macro((0, 0)) ip(0 mram_addr(0000028A)) idx(0) write weight:650, but recv weight: 1274576708
[2024-12-17 15:39:21] [ERROR] [capacity_test] macro((0, 0)) ip(0 mram_addr(0000028B)) idx(0) write weight:651, but recv weight: 1274576708
[2024-12-17 15:39:21] [ERROR] [capacity_test] macro((0, 0)) ip(0 mram_addr(0000028C)) idx(0) write weight:652, but recv weight: 1273528132
[2024-12-17 15:39:21] [ERROR] [capacity_test] macro((0, 0)) ip(0 mram_addr(0000028D)) idx(0) write weight:653, but recv weight: 1273528132
[2024-12-17 15:39:21] [ERROR] [capacity_test] macro((0, 0)) ip(0 mram_addr(0000028E)) idx(0) write weight:654, but recv weight: 1272479556
[2024-12-17 15:39:21] [ERROR] [capacity_test] macro((0, 0)) ip(0 mram_addr(0000028F)) idx(0) write weight:655, but recv weight: 1272479556
[2024-12-17 15:39:21] [ERROR] [capacity_test] macro((0, 0)) ip(0 mram_addr(00000290)) idx(0) write weight:656, but recv weight: 1271430980
[2024-12-17 15:39:21] [ERROR] [capacity_test] macro((0, 0)) ip(0 mram_addr(00000291)) idx(0) write weight:657, but recv weight: 1271430980
[2024-12-17 15:39:21] [ERROR] [capacity_test] macro((0, 0)) ip(0 mram_addr(00000292)) idx(0) write weight:658, but recv weight: 1270382404
[2024-12-17 15:39:21] [ERROR] [capacity_test] macro((0, 0)) ip(0 mram_addr(00000293)) idx(0) write weight:659, but recv weight: 1270382404
[2024-12-17 15:39:21] [ERROR] [capacity_test] macro((0, 0)) ip(0 mram_addr(00000294)) idx(0) write weight:660, but recv weight: 1269333828
[2024-12-17 15:39:21] [ERROR] [capacity_test] macro((0, 0)) ip(0 mram_addr(00000295)) idx(0) write weight:661, but recv weight: 1269333828
[2024-12-17 15:39:21] [ERROR] [capacity_test] macro((0, 0)) ip(0 mram_addr(00000296)) idx(0) write weight:662, but recv weight: 1267236676
[2024-12-17 15:39:21] [ERROR] [capacity_test] macro((0, 0)) ip(0 mram_addr(00000297)) idx(0) write weight:663, but recv weight: 1265139524
[2024-12-17 15:39:21] [ERROR] [capacity_test] macro((0, 0)) ip(0 mram_addr(00000298)) idx(0) write weight:664, but recv weight: 1263042372
[2024-12-17 15:39:21] [ERROR] [capacity_test] macro((0, 0)) ip(0 mram_addr(00000299)) idx(0) write weight:665, but recv weight: 1260945220
[2024-12-17 15:39:21] [ERROR] [capacity_test] macro((0, 0)) ip(0 mram_addr(0000029A)) idx(0) write weight:666, but recv weight: 1258848068
[2024-12-17 15:39:21] [ERROR] [capacity_test] macro((0, 0)) ip(0 mram_addr(0000029B)) idx(0) write weight:667, but recv weight: 1256750916
[2024-12-17 15:39:21] [ERROR] [capacity_test] macro((0, 0)) ip(0 mram_addr(0000029C)) idx(0) write weight:668, but recv weight: 1254653764
[2024-12-17 15:39:21] [ERROR] [capacity_test] macro((0, 0)) ip(0 mram_addr(0000029D)) idx(0) write weight:669, but recv weight: 1252556612
[2024-12-17 15:39:21] [ERROR] [capacity_test] macro((0, 0)) ip(0 mram_addr(0000029E)) idx(0) write weight:670, but recv weight: 1250459460
[2024-12-17 15:39:21] [ERROR] [capacity_test] macro((0, 0)) ip(0 mram_addr(0000029F)) idx(0) write weight:671, but recv weight: 1248362308
[2024-12-17 15:39:21] [ERROR] [capacity_test] macro((0, 0)) ip(0 mram_addr(000002A0)) idx(0) write weight:672, but recv weight: 1246265156
[2024-12-17 15:39:21] [ERROR] [capacity_test] macro((0, 0)) ip(0 mram_addr(000002A1)) idx(0) write weight:673, but recv weight: 1244168004
[2024-12-17 15:39:21] [ERROR] [capacity_test] macro((0, 0)) ip(0 mram_addr(000002A2)) idx(0) write weight:674, but recv weight: 1242070852
[2024-12-17 15:39:21] [ERROR] [capacity_test] macro((0, 0)) ip(0 mram_addr(000002A3)) idx(0) write weight:675, but recv weight: 1239973700
[2024-12-17 15:39:21] [ERROR] [capacity_test] macro((0, 0)) ip(0 mram_addr(000002A4)) idx(0) write weight:676, but recv weight: 1237876548
[2024-12-17 15:39:21] [ERROR] [capacity_test] macro((0, 0)) ip(0 mram_addr(000002A5)) idx(0) write weight:677, but recv weight: 1235779396
[2024-12-17 15:39:21] [ERROR] [capacity_test] macro((0, 0)) ip(0 mram_addr(000002A6)) idx(0) write weight:678, but recv weight: 1233682244
[2024-12-17 15:39:21] [ERROR] [capacity_test] macro((0, 0)) ip(0 mram_addr(000002A7)) idx(0) write weight:679, but recv weight: 1231585092
[2024-12-17 15:39:21] [ERROR] [capacity_test] macro((0, 0)) ip(0 mram_addr(000002A8)) idx(0) write weight:680, but recv weight: 1229487940
[2024-12-17 15:39:21] [ERROR] [capacity_test] macro((0, 0)) ip(0 mram_addr(000002A9)) idx(0) write weight:681, but recv weight: 1227390788
[2024-12-17 15:39:21] [ERROR] [capacity_test] macro((0, 0)) ip(0 mram_addr(000002AA)) idx(0) write weight:682, but recv weight: 1225293636
[2024-12-17 15:39:21] [ERROR] [capacity_test] macro((0, 0)) ip(0 mram_addr(000002AB)) idx(0) write weight:683, but recv weight: 1223196484
[2024-12-17 15:39:21] [ERROR] [capacity_test] macro((0, 0)) ip(0 mram_addr(000002AC)) idx(0) write weight:684, but recv weight: 1221099332
[2024-12-17 15:39:21] [ERROR] [capacity_test] macro((0, 0)) ip(0 mram_addr(000002AD)) idx(0) write weight:685, but recv weight: 1219002180
[2024-12-17 15:39:21] [ERROR] [capacity_test] macro((0, 0)) ip(0 mram_addr(000002AE)) idx(0) write weight:686, but recv weight: 1216905028
[2024-12-17 15:39:21] [ERROR] [capacity_test] macro((0, 0)) ip(0 mram_addr(000002AF)) idx(0) write weight:687, but recv weight: 1214807876
[2024-12-17 15:39:21] [ERROR] [capacity_test] macro((0, 0)) ip(0 mram_addr(000002B0)) idx(0) write weight:688, but recv weight: 1212710724
[2024-12-17 15:39:21] [ERROR] [capacity_test] macro((0, 0)) ip(0 mram_addr(000002B1)) idx(0) write weight:689, but recv weight: 1320714052
[2024-12-17 15:39:21] [ERROR] [capacity_test] macro((0, 0)) ip(0 mram_addr(000002B2)) idx(0) write weight:690, but recv weight: 1304985412
[2024-12-17 15:39:21] [ERROR] [capacity_test] macro((0, 0)) ip(0 mram_addr(000002B3)) idx(0) write weight:691, but recv weight: 1304985412
[2024-12-17 15:39:21] [ERROR] [capacity_test] macro((0, 0)) ip(0 mram_addr(000002B4)) idx(0) write weight:692, but recv weight: 1304985412
[2024-12-17 15:39:21] [ERROR] [capacity_test] macro((0, 0)) ip(0 mram_addr(000002B5)) idx(0) write weight:693, but recv weight: 1304985412
[2024-12-17 15:39:21] [ERROR] [capacity_test] macro((0, 0)) ip(0 mram_addr(000002B6)) idx(0) write weight:694, but recv weight: 1304985412
[2024-12-17 15:39:21] [ERROR] [capacity_test] macro((0, 0)) ip(0 mram_addr(000002B7)) idx(0) write weight:695, but recv weight: 1304985412
[2024-12-17 15:39:21] [ERROR] [capacity_test] macro((0, 0)) ip(0 mram_addr(000002B8)) idx(0) write weight:696, but recv weight: 1304985412
[2024-12-17 15:39:21] [ERROR] [capacity_test] macro((0, 0)) ip(0 mram_addr(000002B9)) idx(0) write weight:697, but recv weight: 1304985412
[2024-12-17 15:39:21] [ERROR] [capacity_test] macro((0, 0)) ip(0 mram_addr(000002BA)) idx(0) write weight:698, but recv weight: 1304985412
[2024-12-17 15:39:21] [ERROR] [capacity_test] macro((0, 0)) ip(0 mram_addr(000002BB)) idx(0) write weight:699, but recv weight: 1304985412
[2024-12-17 15:39:21] [ERROR] [capacity_test] macro((0, 0)) ip(0 mram_addr(000002BC)) idx(0) write weight:700, but recv weight: 1304985412
[2024-12-17 15:39:21] [ERROR] [capacity_test] macro((0, 0)) ip(0 mram_addr(000002BD)) idx(0) write weight:701, but recv weight: 1304985412
[2024-12-17 15:39:21] [ERROR] [capacity_test] macro((0, 0)) ip(0 mram_addr(000002BE)) idx(0) write weight:702, but recv weight: 1304985412
[2024-12-17 15:39:21] [ERROR] [capacity_test] macro((0, 0)) ip(0 mram_addr(000002BF)) idx(0) write weight:703, but recv weight: 1304985412
[2024-12-17 15:39:21] [ERROR] [capacity_test] macro((0, 0)) ip(0 mram_addr(000002C0)) idx(0) write weight:704, but recv weight: 1304985412
[2024-12-17 15:39:21] [ERROR] [capacity_test] macro((0, 0)) ip(0 mram_addr(000002C1)) idx(0) write weight:705, but recv weight: 1303936836
[2024-12-17 15:39:21] [ERROR] [capacity_test] macro((0, 0)) ip(0 mram_addr(000002C2)) idx(0) write weight:706, but recv weight: 1303936836
[2024-12-17 15:39:21] [ERROR] [capacity_test] macro((0, 0)) ip(0 mram_addr(000002C3)) idx(0) write weight:707, but recv weight: 1303936836
[2024-12-17 15:39:21] [ERROR] [capacity_test] macro((0, 0)) ip(0 mram_addr(000002C4)) idx(0) write weight:708, but recv weight: 1303936836
[2024-12-17 15:39:21] [ERROR] [capacity_test] macro((0, 0)) ip(0 mram_addr(000002C5)) idx(0) write weight:709, but recv weight: 1303936836
[2024-12-17 15:39:21] [ERROR] [capacity_test] macro((0, 0)) ip(0 mram_addr(000002C6)) idx(0) write weight:710, but recv weight: 1303936836
[2024-12-17 15:39:21] [ERROR] [capacity_test] macro((0, 0)) ip(0 mram_addr(000002C7)) idx(0) write weight:711, but recv weight: 1303936836
[2024-12-17 15:39:21] [ERROR] [capacity_test] macro((0, 0)) ip(0 mram_addr(000002C8)) idx(0) write weight:712, but recv weight: 1303936836
[2024-12-17 15:39:21] [ERROR] [capacity_test] macro((0, 0)) ip(0 mram_addr(000002C9)) idx(0) write weight:713, but recv weight: 1303936836
[2024-12-17 15:39:21] [ERROR] [capacity_test] macro((0, 0)) ip(0 mram_addr(000002CA)) idx(0) write weight:714, but recv weight: 1303936836
[2024-12-17 15:39:21] [ERROR] [capacity_test] macro((0, 0)) ip(0 mram_addr(000002CB)) idx(0) write weight:715, but recv weight: 1303936836
[2024-12-17 15:39:21] [ERROR] [capacity_test] macro((0, 0)) ip(0 mram_addr(000002CC)) idx(0) write weight:716, but recv weight: 1303936836
[2024-12-17 15:39:21] [ERROR] [capacity_test] macro((0, 0)) ip(0 mram_addr(000002CD)) idx(0) write weight:717, but recv weight: 1303936836
[2024-12-17 15:39:21] [ERROR] [capacity_test] macro((0, 0)) ip(0 mram_addr(000002CE)) idx(0) write weight:718, but recv weight: 1303936836
[2024-12-17 15:39:21] [ERROR] [capacity_test] macro((0, 0)) ip(0 mram_addr(000002CF)) idx(0) write weight:719, but recv weight: 1302888260
[2024-12-17 15:39:21] [ERROR] [capacity_test] macro((0, 0)) ip(0 mram_addr(000002D0)) idx(0) write weight:720, but recv weight: 1302888260
[2024-12-17 15:39:21] [ERROR] [capacity_test] macro((0, 0)) ip(0 mram_addr(000002D1)) idx(0) write weight:721, but recv weight: 1301839684
[2024-12-17 15:39:21] [ERROR] [capacity_test] macro((0, 0)) ip(0 mram_addr(000002D2)) idx(0) write weight:722, but recv weight: 1301839684
[2024-12-17 15:39:21] [ERROR] [capacity_test] macro((0, 0)) ip(0 mram_addr(000002D3)) idx(0) write weight:723, but recv weight: 1300791108
[2024-12-17 15:39:21] [ERROR] [capacity_test] macro((0, 0)) ip(0 mram_addr(000002D4)) idx(0) write weight:724, but recv weight: 1300791108
[2024-12-17 15:39:21] [ERROR] [capacity_test] macro((0, 0)) ip(0 mram_addr(000002D5)) idx(0) write weight:725, but recv weight: 1299742532
[2024-12-17 15:39:21] [ERROR] [capacity_test] macro((0, 0)) ip(0 mram_addr(000002D6)) idx(0) write weight:726, but recv weight: 1299742532
[2024-12-17 15:39:21] [ERROR] [capacity_test] macro((0, 0)) ip(0 mram_addr(000002D7)) idx(0) write weight:727, but recv weight: 1298693956
[2024-12-17 15:39:21] [ERROR] [capacity_test] macro((0, 0)) ip(0 mram_addr(000002D8)) idx(0) write weight:728, but recv weight: 1298693956
[2024-12-17 15:39:21] [ERROR] [capacity_test] macro((0, 0)) ip(0 mram_addr(000002D9)) idx(0) write weight:729, but recv weight: 1297645380
[2024-12-17 15:39:21] [ERROR] [capacity_test] macro((0, 0)) ip(0 mram_addr(000002DA)) idx(0) write weight:730, but recv weight: 1297645380
[2024-12-17 15:39:21] [ERROR] [capacity_test] macro((0, 0)) ip(0 mram_addr(000002DB)) idx(0) write weight:731, but recv weight: 1296596804
[2024-12-17 15:39:21] [ERROR] [capacity_test] macro((0, 0)) ip(0 mram_addr(000002DC)) idx(0) write weight:732, but recv weight: 1296596804
[2024-12-17 15:39:21] [ERROR] [capacity_test] macro((0, 0)) ip(0 mram_addr(000002DD)) idx(0) write weight:733, but recv weight: 1295548228
[2024-12-17 15:39:21] [ERROR] [capacity_test] macro((0, 0)) ip(0 mram_addr(000002DE)) idx(0) write weight:734, but recv weight: 1295548228
[2024-12-17 15:39:21] [ERROR] [capacity_test] macro((0, 0)) ip(0 mram_addr(000002DF)) idx(0) write weight:735, but recv weight: 1294499652
[2024-12-17 15:39:21] [ERROR] [capacity_test] macro((0, 0)) ip(0 mram_addr(000002E0)) idx(0) write weight:736, but recv weight: 1294499652
[2024-12-17 15:39:21] [ERROR] [capacity_test] macro((0, 0)) ip(0 mram_addr(000002E1)) idx(0) write weight:737, but recv weight: 1293451076
[2024-12-17 15:39:21] [ERROR] [capacity_test] macro((0, 0)) ip(0 mram_addr(000002E2)) idx(0) write weight:738, but recv weight: 1293451076
[2024-12-17 15:39:21] [ERROR] [capacity_test] macro((0, 0)) ip(0 mram_addr(000002E3)) idx(0) write weight:739, but recv weight: 1292402500
[2024-12-17 15:39:21] [ERROR] [capacity_test] macro((0, 0)) ip(0 mram_addr(000002E4)) idx(0) write weight:740, but recv weight: 1292402500
[2024-12-17 15:39:21] [ERROR] [capacity_test] macro((0, 0)) ip(0 mram_addr(000002E5)) idx(0) write weight:741, but recv weight: 1291353924
[2024-12-17 15:39:21] [ERROR] [capacity_test] macro((0, 0)) ip(0 mram_addr(000002E6)) idx(0) write weight:742, but recv weight: 1291353924
[2024-12-17 15:39:21] [ERROR] [capacity_test] macro((0, 0)) ip(0 mram_addr(000002E7)) idx(0) write weight:743, but recv weight: 1290305348
[2024-12-17 15:39:21] [ERROR] [capacity_test] macro((0, 0)) ip(0 mram_addr(000002E8)) idx(0) write weight:744, but recv weight: 1290305348
[2024-12-17 15:39:21] [ERROR] [capacity_test] macro((0, 0)) ip(0 mram_addr(000002E9)) idx(0) write weight:745, but recv weight: 1289256772
[2024-12-17 15:39:21] [ERROR] [capacity_test] macro((0, 0)) ip(0 mram_addr(000002EA)) idx(0) write weight:746, but recv weight: 1289256772
[2024-12-17 15:39:21] [ERROR] [capacity_test] macro((0, 0)) ip(0 mram_addr(000002EB)) idx(0) write weight:747, but recv weight: 1288208196
[2024-12-17 15:39:21] [ERROR] [capacity_test] macro((0, 0)) ip(0 mram_addr(000002EC)) idx(0) write weight:748, but recv weight: 1288208196
[2024-12-17 15:39:21] [ERROR] [capacity_test] macro((0, 0)) ip(0 mram_addr(000002ED)) idx(0) write weight:749, but recv weight: 1287159620
[2024-12-17 15:39:21] [ERROR] [capacity_test] macro((0, 0)) ip(0 mram_addr(000002EE)) idx(0) write weight:750, but recv weight: 1287159620
[2024-12-17 15:39:21] [ERROR] [capacity_test] macro((0, 0)) ip(0 mram_addr(000002EF)) idx(0) write weight:751, but recv weight: 1286111044
[2024-12-17 15:39:21] [ERROR] [capacity_test] macro((0, 0)) ip(0 mram_addr(000002F0)) idx(0) write weight:752, but recv weight: 1286111044
[2024-12-17 15:39:21] [ERROR] [capacity_test] macro((0, 0)) ip(0 mram_addr(000002F1)) idx(0) write weight:753, but recv weight: 1285062468
[2024-12-17 15:39:21] [ERROR] [capacity_test] macro((0, 0)) ip(0 mram_addr(000002F2)) idx(0) write weight:754, but recv weight: 1285062468
[2024-12-17 15:39:21] [ERROR] [capacity_test] macro((0, 0)) ip(0 mram_addr(000002F3)) idx(0) write weight:755, but recv weight: 1284013892
[2024-12-17 15:39:21] [ERROR] [capacity_test] macro((0, 0)) ip(0 mram_addr(000002F4)) idx(0) write weight:756, but recv weight: 1284013892
[2024-12-17 15:39:21] [ERROR] [capacity_test] macro((0, 0)) ip(0 mram_addr(000002F5)) idx(0) write weight:757, but recv weight: 1282965316
[2024-12-17 15:39:21] [ERROR] [capacity_test] macro((0, 0)) ip(0 mram_addr(000002F6)) idx(0) write weight:758, but recv weight: 1282965316
[2024-12-17 15:39:21] [ERROR] [capacity_test] macro((0, 0)) ip(0 mram_addr(000002F7)) idx(0) write weight:759, but recv weight: 1281916740
[2024-12-17 15:39:21] [ERROR] [capacity_test] macro((0, 0)) ip(0 mram_addr(000002F8)) idx(0) write weight:760, but recv weight: 1281916740
[2024-12-17 15:39:21] [ERROR] [capacity_test] macro((0, 0)) ip(0 mram_addr(000002F9)) idx(0) write weight:761, but recv weight: 1280868164
[2024-12-17 15:39:21] [ERROR] [capacity_test] macro((0, 0)) ip(0 mram_addr(000002FA)) idx(0) write weight:762, but recv weight: 1280868164
[2024-12-17 15:39:21] [ERROR] [capacity_test] macro((0, 0)) ip(0 mram_addr(000002FB)) idx(0) write weight:763, but recv weight: 1279819588
[2024-12-17 15:39:21] [ERROR] [capacity_test] macro((0, 0)) ip(0 mram_addr(000002FC)) idx(0) write weight:764, but recv weight: 1279819588
[2024-12-17 15:39:21] [ERROR] [capacity_test] macro((0, 0)) ip(0 mram_addr(000002FD)) idx(0) write weight:765, but recv weight: 1278771012
[2024-12-17 15:39:21] [ERROR] [capacity_test] macro((0, 0)) ip(0 mram_addr(000002FE)) idx(0) write weight:766, but recv weight: 1278771012
[2024-12-17 15:39:21] [ERROR] [capacity_test] macro((0, 0)) ip(0 mram_addr(000002FF)) idx(0) write weight:767, but recv weight: 1277722436
[2024-12-17 15:39:21] [ERROR] [capacity_test] macro((0, 0)) ip(0 mram_addr(00000300)) idx(0) write weight:768, but recv weight: 1277722436
[2024-12-17 15:39:21] [ERROR] [capacity_test] macro((0, 0)) ip(0 mram_addr(00000301)) idx(0) write weight:769, but recv weight: 1276673860
[2024-12-17 15:39:21] [ERROR] [capacity_test] macro((0, 0)) ip(0 mram_addr(00000302)) idx(0) write weight:770, but recv weight: 1276673860
[2024-12-17 15:39:21] [ERROR] [capacity_test] macro((0, 0)) ip(0 mram_addr(00000303)) idx(0) write weight:771, but recv weight: 1275625284
[2024-12-17 15:39:21] [ERROR] [capacity_test] macro((0, 0)) ip(0 mram_addr(00000304)) idx(0) write weight:772, but recv weight: 1275625284
[2024-12-17 15:39:21] [ERROR] [capacity_test] macro((0, 0)) ip(0 mram_addr(00000305)) idx(0) write weight:773, but recv weight: 1274576708
[2024-12-17 15:39:21] [ERROR] [capacity_test] macro((0, 0)) ip(0 mram_addr(00000306)) idx(0) write weight:774, but recv weight: 1274576708
[2024-12-17 15:39:21] [ERROR] [capacity_test] macro((0, 0)) ip(0 mram_addr(00000307)) idx(0) write weight:775, but recv weight: 1273528132
[2024-12-17 15:39:21] [ERROR] [capacity_test] macro((0, 0)) ip(0 mram_addr(00000308)) idx(0) write weight:776, but recv weight: 1273528132
[2024-12-17 15:39:21] [ERROR] [capacity_test] macro((0, 0)) ip(0 mram_addr(00000309)) idx(0) write weight:777, but recv weight: 1272479556
[2024-12-17 15:39:21] [ERROR] [capacity_test] macro((0, 0)) ip(0 mram_addr(0000030A)) idx(0) write weight:778, but recv weight: 1272479556
[2024-12-17 15:39:21] [ERROR] [capacity_test] macro((0, 0)) ip(0 mram_addr(0000030B)) idx(0) write weight:779, but recv weight: 1271430980
[2024-12-17 15:39:21] [ERROR] [capacity_test] macro((0, 0)) ip(0 mram_addr(0000030C)) idx(0) write weight:780, but recv weight: 1271430980
[2024-12-17 15:39:21] [ERROR] [capacity_test] macro((0, 0)) ip(0 mram_addr(0000030D)) idx(0) write weight:781, but recv weight: 1270382404
[2024-12-17 15:39:21] [ERROR] [capacity_test] macro((0, 0)) ip(0 mram_addr(0000030E)) idx(0) write weight:782, but recv weight: 1270382404
[2024-12-17 15:39:21] [ERROR] [capacity_test] macro((0, 0)) ip(0 mram_addr(0000030F)) idx(0) write weight:783, but recv weight: 1269333828
[2024-12-17 15:39:21] [ERROR] [capacity_test] macro((0, 0)) ip(0 mram_addr(00000310)) idx(0) write weight:784, but recv weight: 1269333828
[2024-12-17 15:39:21] [ERROR] [capacity_test] macro((0, 0)) ip(0 mram_addr(00000311)) idx(0) write weight:785, but recv weight: 1268285252
[2024-12-17 15:39:21] [ERROR] [capacity_test] macro((0, 0)) ip(0 mram_addr(00000312)) idx(0) write weight:786, but recv weight: 1266188100
[2024-12-17 15:39:21] [ERROR] [capacity_test] macro((0, 0)) ip(0 mram_addr(00000313)) idx(0) write weight:787, but recv weight: 1264090948
[2024-12-17 15:39:21] [ERROR] [capacity_test] macro((0, 0)) ip(0 mram_addr(00000314)) idx(0) write weight:788, but recv weight: 1261993796
[2024-12-17 15:39:21] [ERROR] [capacity_test] macro((0, 0)) ip(0 mram_addr(00000315)) idx(0) write weight:789, but recv weight: 1259896644
[2024-12-17 15:39:21] [ERROR] [capacity_test] macro((0, 0)) ip(0 mram_addr(00000316)) idx(0) write weight:790, but recv weight: 1257799492
[2024-12-17 15:39:21] [ERROR] [capacity_test] macro((0, 0)) ip(0 mram_addr(00000317)) idx(0) write weight:791, but recv weight: 1255702340
[2024-12-17 15:39:21] [ERROR] [capacity_test] macro((0, 0)) ip(0 mram_addr(00000318)) idx(0) write weight:792, but recv weight: 1253605188
[2024-12-17 15:39:21] [ERROR] [capacity_test] macro((0, 0)) ip(0 mram_addr(00000319)) idx(0) write weight:793, but recv weight: 1251508036
[2024-12-17 15:39:21] [ERROR] [capacity_test] macro((0, 0)) ip(0 mram_addr(0000031A)) idx(0) write weight:794, but recv weight: 1249410884
[2024-12-17 15:39:21] [ERROR] [capacity_test] macro((0, 0)) ip(0 mram_addr(0000031B)) idx(0) write weight:795, but recv weight: 1247313732
[2024-12-17 15:39:21] [ERROR] [capacity_test] macro((0, 0)) ip(0 mram_addr(0000031C)) idx(0) write weight:796, but recv weight: 1245216580
[2024-12-17 15:39:21] [ERROR] [capacity_test] macro((0, 0)) ip(0 mram_addr(0000031D)) idx(0) write weight:797, but recv weight: 1243119428
[2024-12-17 15:39:21] [ERROR] [capacity_test] macro((0, 0)) ip(0 mram_addr(0000031E)) idx(0) write weight:798, but recv weight: 1241022276
[2024-12-17 15:39:21] [ERROR] [capacity_test] macro((0, 0)) ip(0 mram_addr(0000031F)) idx(0) write weight:799, but recv weight: 1238925124
[2024-12-17 15:39:21] [ERROR] [capacity_test] macro((0, 0)) ip(0 mram_addr(00000320)) idx(0) write weight:800, but recv weight: 1236827972
[2024-12-17 15:39:21] [ERROR] [capacity_test] macro((0, 0)) ip(0 mram_addr(00000321)) idx(0) write weight:801, but recv weight: 1234730820
[2024-12-17 15:39:21] [ERROR] [capacity_test] macro((0, 0)) ip(0 mram_addr(00000322)) idx(0) write weight:802, but recv weight: 1232633668
[2024-12-17 15:39:21] [ERROR] [capacity_test] macro((0, 0)) ip(0 mram_addr(00000323)) idx(0) write weight:803, but recv weight: 1230536516
[2024-12-17 15:39:21] [ERROR] [capacity_test] macro((0, 0)) ip(0 mram_addr(00000324)) idx(0) write weight:804, but recv weight: 1228439364
[2024-12-17 15:39:21] [ERROR] [capacity_test] macro((0, 0)) ip(0 mram_addr(00000325)) idx(0) write weight:805, but recv weight: 1226342212
[2024-12-17 15:39:21] [ERROR] [capacity_test] macro((0, 0)) ip(0 mram_addr(00000326)) idx(0) write weight:806, but recv weight: 1224245060
[2024-12-17 15:39:21] [ERROR] [capacity_test] macro((0, 0)) ip(0 mram_addr(00000327)) idx(0) write weight:807, but recv weight: 1222147908
[2024-12-17 15:39:21] [ERROR] [capacity_test] macro((0, 0)) ip(0 mram_addr(00000328)) idx(0) write weight:808, but recv weight: 1220050756
[2024-12-17 15:39:21] [ERROR] [capacity_test] macro((0, 0)) ip(0 mram_addr(00000329)) idx(0) write weight:809, but recv weight: 1217953604
[2024-12-17 15:39:21] [ERROR] [capacity_test] macro((0, 0)) ip(0 mram_addr(0000032A)) idx(0) write weight:810, but recv weight: 1215856452
[2024-12-17 15:39:21] [ERROR] [capacity_test] macro((0, 0)) ip(0 mram_addr(0000032B)) idx(0) write weight:811, but recv weight: 1213759300
[2024-12-17 15:39:21] [ERROR] [capacity_test] macro((0, 0)) ip(0 mram_addr(0000032C)) idx(0) write weight:812, but recv weight: 1211662148
[2024-12-17 15:39:21] [ERROR] [capacity_test] macro((0, 0)) ip(0 mram_addr(0000032D)) idx(0) write weight:813, but recv weight: 1306033988
[2024-12-17 15:39:21] [ERROR] [capacity_test] macro((0, 0)) ip(0 mram_addr(0000032E)) idx(0) write weight:814, but recv weight: 1306033988
[2024-12-17 15:39:21] [ERROR] [capacity_test] macro((0, 0)) ip(0 mram_addr(0000032F)) idx(0) write weight:815, but recv weight: 1306033988
[2024-12-17 15:39:21] [ERROR] [capacity_test] macro((0, 0)) ip(0 mram_addr(00000330)) idx(0) write weight:816, but recv weight: 1306033988
[2024-12-17 15:39:21] [ERROR] [capacity_test] macro((0, 0)) ip(0 mram_addr(00000331)) idx(0) write weight:817, but recv weight: 1306033988
[2024-12-17 15:39:21] [ERROR] [capacity_test] macro((0, 0)) ip(0 mram_addr(00000332)) idx(0) write weight:818, but recv weight: 1304985412
[2024-12-17 15:39:21] [ERROR] [capacity_test] macro((0, 0)) ip(0 mram_addr(00000333)) idx(0) write weight:819, but recv weight: 1304985412
[2024-12-17 15:39:21] [ERROR] [capacity_test] macro((0, 0)) ip(0 mram_addr(00000334)) idx(0) write weight:820, but recv weight: 1304985412
[2024-12-17 15:39:21] [ERROR] [capacity_test] macro((0, 0)) ip(0 mram_addr(00000335)) idx(0) write weight:821, but recv weight: 1304985412
[2024-12-17 15:39:21] [ERROR] [capacity_test] macro((0, 0)) ip(0 mram_addr(00000336)) idx(0) write weight:822, but recv weight: 1304985412
[2024-12-17 15:39:21] [ERROR] [capacity_test] macro((0, 0)) ip(0 mram_addr(00000337)) idx(0) write weight:823, but recv weight: 1304985412
[2024-12-17 15:39:21] [ERROR] [capacity_test] macro((0, 0)) ip(0 mram_addr(00000338)) idx(0) write weight:824, but recv weight: 1304985412
[2024-12-17 15:39:21] [ERROR] [capacity_test] macro((0, 0)) ip(0 mram_addr(00000339)) idx(0) write weight:825, but recv weight: 1304985412
[2024-12-17 15:39:21] [ERROR] [capacity_test] macro((0, 0)) ip(0 mram_addr(0000033A)) idx(0) write weight:826, but recv weight: 1304985412
[2024-12-17 15:39:21] [ERROR] [capacity_test] macro((0, 0)) ip(0 mram_addr(0000033B)) idx(0) write weight:827, but recv weight: 1304985412
[2024-12-17 15:39:21] [ERROR] [capacity_test] macro((0, 0)) ip(0 mram_addr(0000033C)) idx(0) write weight:828, but recv weight: 1304985412
[2024-12-17 15:39:21] [ERROR] [capacity_test] macro((0, 0)) ip(0 mram_addr(0000033D)) idx(0) write weight:829, but recv weight: 1304985412
[2024-12-17 15:39:21] [ERROR] [capacity_test] macro((0, 0)) ip(0 mram_addr(0000033E)) idx(0) write weight:830, but recv weight: 1304985412
[2024-12-17 15:39:21] [ERROR] [capacity_test] macro((0, 0)) ip(0 mram_addr(0000033F)) idx(0) write weight:831, but recv weight: 1304985412
[2024-12-17 15:39:21] [ERROR] [capacity_test] macro((0, 0)) ip(0 mram_addr(00000340)) idx(0) write weight:832, but recv weight: 1304985412
[2024-12-17 15:39:21] [ERROR] [capacity_test] macro((0, 0)) ip(0 mram_addr(00000341)) idx(0) write weight:833, but recv weight: 1304985412
[2024-12-17 15:39:21] [ERROR] [capacity_test] macro((0, 0)) ip(0 mram_addr(00000342)) idx(0) write weight:834, but recv weight: 1303936836
[2024-12-17 15:39:21] [ERROR] [capacity_test] macro((0, 0)) ip(0 mram_addr(00000343)) idx(0) write weight:835, but recv weight: 1303936836
[2024-12-17 15:39:21] [ERROR] [capacity_test] macro((0, 0)) ip(0 mram_addr(00000344)) idx(0) write weight:836, but recv weight: 1303936836
[2024-12-17 15:39:21] [ERROR] [capacity_test] macro((0, 0)) ip(0 mram_addr(00000345)) idx(0) write weight:837, but recv weight: 1303936836
[2024-12-17 15:39:21] [ERROR] [capacity_test] macro((0, 0)) ip(0 mram_addr(00000346)) idx(0) write weight:838, but recv weight: 1303936836
[2024-12-17 15:39:21] [ERROR] [capacity_test] macro((0, 0)) ip(0 mram_addr(00000347)) idx(0) write weight:839, but recv weight: 1303936836
[2024-12-17 15:39:21] [ERROR] [capacity_test] macro((0, 0)) ip(0 mram_addr(00000348)) idx(0) write weight:840, but recv weight: 1303936836
[2024-12-17 15:39:21] [ERROR] [capacity_test] macro((0, 0)) ip(0 mram_addr(00000349)) idx(0) write weight:841, but recv weight: 1303936836
[2024-12-17 15:39:21] [ERROR] [capacity_test] macro((0, 0)) ip(0 mram_addr(0000034A)) idx(0) write weight:842, but recv weight: 1303936836
[2024-12-17 15:39:21] [ERROR] [capacity_test] macro((0, 0)) ip(0 mram_addr(0000034B)) idx(0) write weight:843, but recv weight: 1303936836
[2024-12-17 15:39:21] [ERROR] [capacity_test] macro((0, 0)) ip(0 mram_addr(0000034C)) idx(0) write weight:844, but recv weight: 1303936836
[2024-12-17 15:39:21] [ERROR] [capacity_test] macro((0, 0)) ip(0 mram_addr(0000034D)) idx(0) write weight:845, but recv weight: 1303936836
[2024-12-17 15:39:21] [ERROR] [capacity_test] macro((0, 0)) ip(0 mram_addr(0000034E)) idx(0) write weight:846, but recv weight: 1303936836
[2024-12-17 15:39:21] [ERROR] [capacity_test] macro((0, 0)) ip(0 mram_addr(0000034F)) idx(0) write weight:847, but recv weight: 1303936836
[2024-12-17 15:39:21] [ERROR] [capacity_test] macro((0, 0)) ip(0 mram_addr(00000350)) idx(0) write weight:848, but recv weight: 1302888260
[2024-12-17 15:39:21] [ERROR] [capacity_test] macro((0, 0)) ip(0 mram_addr(00000351)) idx(0) write weight:849, but recv weight: 1302888260
[2024-12-17 15:39:21] [ERROR] [capacity_test] macro((0, 0)) ip(0 mram_addr(00000352)) idx(0) write weight:850, but recv weight: 1301839684
[2024-12-17 15:39:21] [ERROR] [capacity_test] macro((0, 0)) ip(0 mram_addr(00000353)) idx(0) write weight:851, but recv weight: 1301839684
[2024-12-17 15:39:21] [ERROR] [capacity_test] macro((0, 0)) ip(0 mram_addr(00000354)) idx(0) write weight:852, but recv weight: 1300791108
[2024-12-17 15:39:21] [ERROR] [capacity_test] macro((0, 0)) ip(0 mram_addr(00000355)) idx(0) write weight:853, but recv weight: 1300791108
[2024-12-17 15:39:21] [ERROR] [capacity_test] macro((0, 0)) ip(0 mram_addr(00000356)) idx(0) write weight:854, but recv weight: 1299742532
[2024-12-17 15:39:21] [ERROR] [capacity_test] macro((0, 0)) ip(0 mram_addr(00000357)) idx(0) write weight:855, but recv weight: 1299742532
[2024-12-17 15:39:21] [ERROR] [capacity_test] macro((0, 0)) ip(0 mram_addr(00000358)) idx(0) write weight:856, but recv weight: 1298693956
[2024-12-17 15:39:21] [ERROR] [capacity_test] macro((0, 0)) ip(0 mram_addr(00000359)) idx(0) write weight:857, but recv weight: 1298693956
[2024-12-17 15:39:21] [ERROR] [capacity_test] macro((0, 0)) ip(0 mram_addr(0000035A)) idx(0) write weight:858, but recv weight: 1297645380
[2024-12-17 15:39:21] [ERROR] [capacity_test] macro((0, 0)) ip(0 mram_addr(0000035B)) idx(0) write weight:859, but recv weight: 1297645380
[2024-12-17 15:39:21] [ERROR] [capacity_test] macro((0, 0)) ip(0 mram_addr(0000035C)) idx(0) write weight:860, but recv weight: 1296596804
[2024-12-17 15:39:21] [ERROR] [capacity_test] macro((0, 0)) ip(0 mram_addr(0000035D)) idx(0) write weight:861, but recv weight: 1296596804
[2024-12-17 15:39:21] [ERROR] [capacity_test] macro((0, 0)) ip(0 mram_addr(0000035E)) idx(0) write weight:862, but recv weight: 1295548228
[2024-12-17 15:39:21] [ERROR] [capacity_test] macro((0, 0)) ip(0 mram_addr(0000035F)) idx(0) write weight:863, but recv weight: 1295548228
[2024-12-17 15:39:21] [ERROR] [capacity_test] macro((0, 0)) ip(0 mram_addr(00000360)) idx(0) write weight:864, but recv weight: 1294499652
[2024-12-17 15:39:21] [ERROR] [capacity_test] macro((0, 0)) ip(0 mram_addr(00000361)) idx(0) write weight:865, but recv weight: 1294499652
[2024-12-17 15:39:21] [ERROR] [capacity_test] macro((0, 0)) ip(0 mram_addr(00000362)) idx(0) write weight:866, but recv weight: 1293451076
[2024-12-17 15:39:21] [ERROR] [capacity_test] macro((0, 0)) ip(0 mram_addr(00000363)) idx(0) write weight:867, but recv weight: 1293451076
[2024-12-17 15:39:21] [ERROR] [capacity_test] macro((0, 0)) ip(0 mram_addr(00000364)) idx(0) write weight:868, but recv weight: 1292402500
[2024-12-17 15:39:21] [ERROR] [capacity_test] macro((0, 0)) ip(0 mram_addr(00000365)) idx(0) write weight:869, but recv weight: 1292402500
[2024-12-17 15:39:21] [ERROR] [capacity_test] macro((0, 0)) ip(0 mram_addr(00000366)) idx(0) write weight:870, but recv weight: 1291353924
[2024-12-17 15:39:21] [ERROR] [capacity_test] macro((0, 0)) ip(0 mram_addr(00000367)) idx(0) write weight:871, but recv weight: 1291353924
[2024-12-17 15:39:21] [ERROR] [capacity_test] macro((0, 0)) ip(0 mram_addr(00000368)) idx(0) write weight:872, but recv weight: 1290305348
[2024-12-17 15:39:21] [ERROR] [capacity_test] macro((0, 0)) ip(0 mram_addr(00000369)) idx(0) write weight:873, but recv weight: 1290305348
[2024-12-17 15:39:21] [ERROR] [capacity_test] macro((0, 0)) ip(0 mram_addr(0000036A)) idx(0) write weight:874, but recv weight: 1289256772
[2024-12-17 15:39:21] [ERROR] [capacity_test] macro((0, 0)) ip(0 mram_addr(0000036B)) idx(0) write weight:875, but recv weight: 1289256772
[2024-12-17 15:39:21] [ERROR] [capacity_test] macro((0, 0)) ip(0 mram_addr(0000036C)) idx(0) write weight:876, but recv weight: 1288208196
[2024-12-17 15:39:21] [ERROR] [capacity_test] macro((0, 0)) ip(0 mram_addr(0000036D)) idx(0) write weight:877, but recv weight: 1288208196
[2024-12-17 15:39:21] [ERROR] [capacity_test] macro((0, 0)) ip(0 mram_addr(0000036E)) idx(0) write weight:878, but recv weight: 1287159620
[2024-12-17 15:39:21] [ERROR] [capacity_test] macro((0, 0)) ip(0 mram_addr(0000036F)) idx(0) write weight:879, but recv weight: 1287159620
[2024-12-17 15:39:21] [ERROR] [capacity_test] macro((0, 0)) ip(0 mram_addr(00000370)) idx(0) write weight:880, but recv weight: 1286111044
[2024-12-17 15:39:21] [ERROR] [capacity_test] macro((0, 0)) ip(0 mram_addr(00000371)) idx(0) write weight:881, but recv weight: 1286111044
[2024-12-17 15:39:21] [ERROR] [capacity_test] macro((0, 0)) ip(0 mram_addr(00000372)) idx(0) write weight:882, but recv weight: 1285062468
[2024-12-17 15:39:21] [ERROR] [capacity_test] macro((0, 0)) ip(0 mram_addr(00000373)) idx(0) write weight:883, but recv weight: 1285062468
[2024-12-17 15:39:21] [ERROR] [capacity_test] macro((0, 0)) ip(0 mram_addr(00000374)) idx(0) write weight:884, but recv weight: 1284013892
[2024-12-17 15:39:21] [ERROR] [capacity_test] macro((0, 0)) ip(0 mram_addr(00000375)) idx(0) write weight:885, but recv weight: 1284013892
[2024-12-17 15:39:21] [ERROR] [capacity_test] macro((0, 0)) ip(0 mram_addr(00000376)) idx(0) write weight:886, but recv weight: 1282965316
[2024-12-17 15:39:21] [ERROR] [capacity_test] macro((0, 0)) ip(0 mram_addr(00000377)) idx(0) write weight:887, but recv weight: 1282965316
[2024-12-17 15:39:21] [ERROR] [capacity_test] macro((0, 0)) ip(0 mram_addr(00000378)) idx(0) write weight:888, but recv weight: 1281916740
[2024-12-17 15:39:21] [ERROR] [capacity_test] macro((0, 0)) ip(0 mram_addr(00000379)) idx(0) write weight:889, but recv weight: 1281916740
[2024-12-17 15:39:21] [ERROR] [capacity_test] macro((0, 0)) ip(0 mram_addr(0000037A)) idx(0) write weight:890, but recv weight: 1280868164
[2024-12-17 15:39:21] [ERROR] [capacity_test] macro((0, 0)) ip(0 mram_addr(0000037B)) idx(0) write weight:891, but recv weight: 1280868164
[2024-12-17 15:39:21] [ERROR] [capacity_test] macro((0, 0)) ip(0 mram_addr(0000037C)) idx(0) write weight:892, but recv weight: 1279819588
[2024-12-17 15:39:21] [ERROR] [capacity_test] macro((0, 0)) ip(0 mram_addr(0000037D)) idx(0) write weight:893, but recv weight: 1279819588
[2024-12-17 15:39:21] [ERROR] [capacity_test] macro((0, 0)) ip(0 mram_addr(0000037E)) idx(0) write weight:894, but recv weight: 1278771012
[2024-12-17 15:39:21] [ERROR] [capacity_test] macro((0, 0)) ip(0 mram_addr(0000037F)) idx(0) write weight:895, but recv weight: 1278771012
[2024-12-17 15:39:21] [ERROR] [capacity_test] macro((0, 0)) ip(0 mram_addr(00000380)) idx(0) write weight:896, but recv weight: 1277722436
[2024-12-17 15:39:21] [ERROR] [capacity_test] macro((0, 0)) ip(0 mram_addr(00000381)) idx(0) write weight:897, but recv weight: 1277722436
[2024-12-17 15:39:21] [ERROR] [capacity_test] macro((0, 0)) ip(0 mram_addr(00000382)) idx(0) write weight:898, but recv weight: 1276673860
[2024-12-17 15:39:21] [ERROR] [capacity_test] macro((0, 0)) ip(0 mram_addr(00000383)) idx(0) write weight:899, but recv weight: 1276673860
[2024-12-17 15:39:21] [ERROR] [capacity_test] macro((0, 0)) ip(0 mram_addr(00000384)) idx(0) write weight:900, but recv weight: 1275625284
[2024-12-17 15:39:21] [ERROR] [capacity_test] macro((0, 0)) ip(0 mram_addr(00000385)) idx(0) write weight:901, but recv weight: 1275625284
[2024-12-17 15:39:21] [ERROR] [capacity_test] macro((0, 0)) ip(0 mram_addr(00000386)) idx(0) write weight:902, but recv weight: 1274576708
[2024-12-17 15:39:21] [ERROR] [capacity_test] macro((0, 0)) ip(0 mram_addr(00000387)) idx(0) write weight:903, but recv weight: 1274576708
[2024-12-17 15:39:21] [ERROR] [capacity_test] macro((0, 0)) ip(0 mram_addr(00000388)) idx(0) write weight:904, but recv weight: 1273528132
[2024-12-17 15:39:21] [ERROR] [capacity_test] macro((0, 0)) ip(0 mram_addr(00000389)) idx(0) write weight:905, but recv weight: 1273528132
[2024-12-17 15:39:21] [ERROR] [capacity_test] macro((0, 0)) ip(0 mram_addr(0000038A)) idx(0) write weight:906, but recv weight: 1272479556
[2024-12-17 15:39:21] [ERROR] [capacity_test] macro((0, 0)) ip(0 mram_addr(0000038B)) idx(0) write weight:907, but recv weight: 1272479556
[2024-12-17 15:39:21] [ERROR] [capacity_test] macro((0, 0)) ip(0 mram_addr(0000038C)) idx(0) write weight:908, but recv weight: 1271430980
[2024-12-17 15:39:21] [ERROR] [capacity_test] macro((0, 0)) ip(0 mram_addr(0000038D)) idx(0) write weight:909, but recv weight: 1271430980
[2024-12-17 15:39:21] [ERROR] [capacity_test] macro((0, 0)) ip(0 mram_addr(0000038E)) idx(0) write weight:910, but recv weight: 1270382404
[2024-12-17 15:39:21] [ERROR] [capacity_test] macro((0, 0)) ip(0 mram_addr(0000038F)) idx(0) write weight:911, but recv weight: 1270382404
[2024-12-17 15:39:21] [ERROR] [capacity_test] macro((0, 0)) ip(0 mram_addr(00000390)) idx(0) write weight:912, but recv weight: 1269333828
[2024-12-17 15:39:21] [ERROR] [capacity_test] macro((0, 0)) ip(0 mram_addr(00000391)) idx(0) write weight:913, but recv weight: 1269333828
[2024-12-17 15:39:21] [ERROR] [capacity_test] macro((0, 0)) ip(0 mram_addr(00000392)) idx(0) write weight:914, but recv weight: 1268285252
[2024-12-17 15:39:21] [ERROR] [capacity_test] macro((0, 0)) ip(0 mram_addr(00000393)) idx(0) write weight:915, but recv weight: 1266188100
[2024-12-17 15:39:21] [ERROR] [capacity_test] macro((0, 0)) ip(0 mram_addr(00000394)) idx(0) write weight:916, but recv weight: 1264090948
[2024-12-17 15:39:21] [ERROR] [capacity_test] macro((0, 0)) ip(0 mram_addr(00000395)) idx(0) write weight:917, but recv weight: 1261993796
[2024-12-17 15:39:21] [ERROR] [capacity_test] macro((0, 0)) ip(0 mram_addr(00000396)) idx(0) write weight:918, but recv weight: 1259896644
[2024-12-17 15:39:21] [ERROR] [capacity_test] macro((0, 0)) ip(0 mram_addr(00000397)) idx(0) write weight:919, but recv weight: 1257799492
[2024-12-17 15:39:21] [ERROR] [capacity_test] macro((0, 0)) ip(0 mram_addr(00000398)) idx(0) write weight:920, but recv weight: 1255702340
[2024-12-17 15:39:21] [ERROR] [capacity_test] macro((0, 0)) ip(0 mram_addr(00000399)) idx(0) write weight:921, but recv weight: 1253605188
[2024-12-17 15:39:21] [ERROR] [capacity_test] macro((0, 0)) ip(0 mram_addr(0000039A)) idx(0) write weight:922, but recv weight: 1251508036
[2024-12-17 15:39:21] [ERROR] [capacity_test] macro((0, 0)) ip(0 mram_addr(0000039B)) idx(0) write weight:923, but recv weight: 1249410884
[2024-12-17 15:39:21] [ERROR] [capacity_test] macro((0, 0)) ip(0 mram_addr(0000039C)) idx(0) write weight:924, but recv weight: 1247313732
[2024-12-17 15:39:21] [ERROR] [capacity_test] macro((0, 0)) ip(0 mram_addr(0000039D)) idx(0) write weight:925, but recv weight: 1245216580
[2024-12-17 15:39:21] [ERROR] [capacity_test] macro((0, 0)) ip(0 mram_addr(0000039E)) idx(0) write weight:926, but recv weight: 1243119428
[2024-12-17 15:39:21] [ERROR] [capacity_test] macro((0, 0)) ip(0 mram_addr(0000039F)) idx(0) write weight:927, but recv weight: 1241022276
[2024-12-17 15:39:21] [ERROR] [capacity_test] macro((0, 0)) ip(0 mram_addr(000003A0)) idx(0) write weight:928, but recv weight: 1238925124
[2024-12-17 15:39:21] [ERROR] [capacity_test] macro((0, 0)) ip(0 mram_addr(000003A1)) idx(0) write weight:929, but recv weight: 1236827972
[2024-12-17 15:39:21] [ERROR] [capacity_test] macro((0, 0)) ip(0 mram_addr(000003A2)) idx(0) write weight:930, but recv weight: 1234730820
[2024-12-17 15:39:21] [ERROR] [capacity_test] macro((0, 0)) ip(0 mram_addr(000003A3)) idx(0) write weight:931, but recv weight: 1232633668
[2024-12-17 15:39:21] [ERROR] [capacity_test] macro((0, 0)) ip(0 mram_addr(000003A4)) idx(0) write weight:932, but recv weight: 1230536516
[2024-12-17 15:39:21] [ERROR] [capacity_test] macro((0, 0)) ip(0 mram_addr(000003A5)) idx(0) write weight:933, but recv weight: 1228439364
[2024-12-17 15:39:21] [ERROR] [capacity_test] macro((0, 0)) ip(0 mram_addr(000003A6)) idx(0) write weight:934, but recv weight: 1226342212
[2024-12-17 15:39:21] [ERROR] [capacity_test] macro((0, 0)) ip(0 mram_addr(000003A7)) idx(0) write weight:935, but recv weight: 1224245060
[2024-12-17 15:39:21] [ERROR] [capacity_test] macro((0, 0)) ip(0 mram_addr(000003A8)) idx(0) write weight:936, but recv weight: 1222147908
[2024-12-17 15:39:21] [ERROR] [capacity_test] macro((0, 0)) ip(0 mram_addr(000003A9)) idx(0) write weight:937, but recv weight: 1220050756
[2024-12-17 15:39:21] [ERROR] [capacity_test] macro((0, 0)) ip(0 mram_addr(000003AA)) idx(0) write weight:938, but recv weight: 1217953604
[2024-12-17 15:39:21] [ERROR] [capacity_test] macro((0, 0)) ip(0 mram_addr(000003AB)) idx(0) write weight:939, but recv weight: 1215856452
[2024-12-17 15:39:21] [ERROR] [capacity_test] macro((0, 0)) ip(0 mram_addr(000003AC)) idx(0) write weight:940, but recv weight: 1213759300
[2024-12-17 15:39:21] [ERROR] [capacity_test] macro((0, 0)) ip(0 mram_addr(000003AD)) idx(0) write weight:941, but recv weight: 1211662148
[2024-12-17 15:39:21] [ERROR] [capacity_test] macro((0, 0)) ip(0 mram_addr(000003AE)) idx(0) write weight:942, but recv weight: 1209564996
[2024-12-17 15:39:21] [ERROR] [capacity_test] macro((0, 0)) ip(0 mram_addr(000003AF)) idx(0) write weight:943, but recv weight: 1207467844
[2024-12-17 15:39:21] [ERROR] [capacity_test] macro((0, 0)) ip(0 mram_addr(000003B0)) idx(0) write weight:944, but recv weight: 1205370692
[2024-12-17 15:39:21] [ERROR] [capacity_test] macro((0, 0)) ip(0 mram_addr(000003B1)) idx(0) write weight:945, but recv weight: 1311276868
[2024-12-17 15:39:21] [ERROR] [capacity_test] macro((0, 0)) ip(0 mram_addr(000003B2)) idx(0) write weight:946, but recv weight: 1284013892
[2024-12-17 15:39:21] [ERROR] [capacity_test] macro((0, 0)) ip(0 mram_addr(000003B3)) idx(0) write weight:947, but recv weight: 1284013892
[2024-12-17 15:39:21] [ERROR] [capacity_test] macro((0, 0)) ip(0 mram_addr(000003B4)) idx(0) write weight:948, but recv weight: 1282965316
[2024-12-17 15:39:21] [ERROR] [capacity_test] macro((0, 0)) ip(0 mram_addr(000003B5)) idx(0) write weight:949, but recv weight: 1282965316
[2024-12-17 15:39:21] [ERROR] [capacity_test] macro((0, 0)) ip(0 mram_addr(000003B6)) idx(0) write weight:950, but recv weight: 1281916740
[2024-12-17 15:39:21] [ERROR] [capacity_test] macro((0, 0)) ip(0 mram_addr(000003B7)) idx(0) write weight:951, but recv weight: 1281916740
[2024-12-17 15:39:21] [ERROR] [capacity_test] macro((0, 0)) ip(0 mram_addr(000003B8)) idx(0) write weight:952, but recv weight: 1280868164
[2024-12-17 15:39:21] [ERROR] [capacity_test] macro((0, 0)) ip(0 mram_addr(000003B9)) idx(0) write weight:953, but recv weight: 1280868164
[2024-12-17 15:39:21] [ERROR] [capacity_test] macro((0, 0)) ip(0 mram_addr(000003BA)) idx(0) write weight:954, but recv weight: 1279819588
[2024-12-17 15:39:21] [ERROR] [capacity_test] macro((0, 0)) ip(0 mram_addr(000003BB)) idx(0) write weight:955, but recv weight: 1279819588
[2024-12-17 15:39:21] [ERROR] [capacity_test] macro((0, 0)) ip(0 mram_addr(000003BC)) idx(0) write weight:956, but recv weight: 1278771012
[2024-12-17 15:39:21] [ERROR] [capacity_test] macro((0, 0)) ip(0 mram_addr(000003BD)) idx(0) write weight:957, but recv weight: 1278771012
[2024-12-17 15:39:21] [ERROR] [capacity_test] macro((0, 0)) ip(0 mram_addr(000003BE)) idx(0) write weight:958, but recv weight: 1277722436
[2024-12-17 15:39:21] [ERROR] [capacity_test] macro((0, 0)) ip(0 mram_addr(000003BF)) idx(0) write weight:959, but recv weight: 1277722436
[2024-12-17 15:39:21] [ERROR] [capacity_test] macro((0, 0)) ip(0 mram_addr(000003C0)) idx(0) write weight:960, but recv weight: 1276673860
[2024-12-17 15:39:21] [ERROR] [capacity_test] macro((0, 0)) ip(0 mram_addr(000003C1)) idx(0) write weight:961, but recv weight: 1276673860
[2024-12-17 15:39:21] [ERROR] [capacity_test] macro((0, 0)) ip(0 mram_addr(000003C2)) idx(0) write weight:962, but recv weight: 1275625284
[2024-12-17 15:39:21] [ERROR] [capacity_test] macro((0, 0)) ip(0 mram_addr(000003C3)) idx(0) write weight:963, but recv weight: 1275625284
[2024-12-17 15:39:21] [ERROR] [capacity_test] macro((0, 0)) ip(0 mram_addr(000003C4)) idx(0) write weight:964, but recv weight: 1274576708
[2024-12-17 15:39:21] [ERROR] [capacity_test] macro((0, 0)) ip(0 mram_addr(000003C5)) idx(0) write weight:965, but recv weight: 1274576708
[2024-12-17 15:39:21] [ERROR] [capacity_test] macro((0, 0)) ip(0 mram_addr(000003C6)) idx(0) write weight:966, but recv weight: 1273528132
[2024-12-17 15:39:21] [ERROR] [capacity_test] macro((0, 0)) ip(0 mram_addr(000003C7)) idx(0) write weight:967, but recv weight: 1273528132
[2024-12-17 15:39:21] [ERROR] [capacity_test] macro((0, 0)) ip(0 mram_addr(000003C8)) idx(0) write weight:968, but recv weight: 1272479556
[2024-12-17 15:39:21] [ERROR] [capacity_test] macro((0, 0)) ip(0 mram_addr(000003C9)) idx(0) write weight:969, but recv weight: 1272479556
[2024-12-17 15:39:21] [ERROR] [capacity_test] macro((0, 0)) ip(0 mram_addr(000003CA)) idx(0) write weight:970, but recv weight: 1271430980
[2024-12-17 15:39:21] [ERROR] [capacity_test] macro((0, 0)) ip(0 mram_addr(000003CB)) idx(0) write weight:971, but recv weight: 1271430980
[2024-12-17 15:39:21] [ERROR] [capacity_test] macro((0, 0)) ip(0 mram_addr(000003CC)) idx(0) write weight:972, but recv weight: 1270382404
[2024-12-17 15:39:21] [ERROR] [capacity_test] macro((0, 0)) ip(0 mram_addr(000003CD)) idx(0) write weight:973, but recv weight: 1270382404
[2024-12-17 15:39:21] [ERROR] [capacity_test] macro((0, 0)) ip(0 mram_addr(000003CE)) idx(0) write weight:974, but recv weight: 1269333828
[2024-12-17 15:39:21] [ERROR] [capacity_test] macro((0, 0)) ip(0 mram_addr(000003CF)) idx(0) write weight:975, but recv weight: 1269333828
[2024-12-17 15:39:21] [ERROR] [capacity_test] macro((0, 0)) ip(0 mram_addr(000003D0)) idx(0) write weight:976, but recv weight: 1268285252
[2024-12-17 15:39:21] [ERROR] [capacity_test] macro((0, 0)) ip(0 mram_addr(000003D1)) idx(0) write weight:977, but recv weight: 1266188100
[2024-12-17 15:39:21] [ERROR] [capacity_test] macro((0, 0)) ip(0 mram_addr(000003D2)) idx(0) write weight:978, but recv weight: 1264090948
[2024-12-17 15:39:21] [ERROR] [capacity_test] macro((0, 0)) ip(0 mram_addr(000003D3)) idx(0) write weight:979, but recv weight: 1261993796
[2024-12-17 15:39:21] [ERROR] [capacity_test] macro((0, 0)) ip(0 mram_addr(000003D4)) idx(0) write weight:980, but recv weight: 1259896644
[2024-12-17 15:39:21] [ERROR] [capacity_test] macro((0, 0)) ip(0 mram_addr(000003D5)) idx(0) write weight:981, but recv weight: 1257799492
[2024-12-17 15:39:21] [ERROR] [capacity_test] macro((0, 0)) ip(0 mram_addr(000003D6)) idx(0) write weight:982, but recv weight: 1255702340
[2024-12-17 15:39:21] [ERROR] [capacity_test] macro((0, 0)) ip(0 mram_addr(000003D7)) idx(0) write weight:983, but recv weight: 1253605188
[2024-12-17 15:39:21] [ERROR] [capacity_test] macro((0, 0)) ip(0 mram_addr(000003D8)) idx(0) write weight:984, but recv weight: 1251508036
[2024-12-17 15:39:21] [ERROR] [capacity_test] macro((0, 0)) ip(0 mram_addr(000003D9)) idx(0) write weight:985, but recv weight: 1249410884
[2024-12-17 15:39:21] [ERROR] [capacity_test] macro((0, 0)) ip(0 mram_addr(000003DA)) idx(0) write weight:986, but recv weight: 1247313732
[2024-12-17 15:39:21] [ERROR] [capacity_test] macro((0, 0)) ip(0 mram_addr(000003DB)) idx(0) write weight:987, but recv weight: 1245216580
[2024-12-17 15:39:21] [ERROR] [capacity_test] macro((0, 0)) ip(0 mram_addr(000003DC)) idx(0) write weight:988, but recv weight: 1243119428
[2024-12-17 15:39:21] [ERROR] [capacity_test] macro((0, 0)) ip(0 mram_addr(000003DD)) idx(0) write weight:989, but recv weight: 1241022276
[2024-12-17 15:39:21] [ERROR] [capacity_test] macro((0, 0)) ip(0 mram_addr(000003DE)) idx(0) write weight:990, but recv weight: 1238925124
[2024-12-17 15:39:21] [ERROR] [capacity_test] macro((0, 0)) ip(0 mram_addr(000003DF)) idx(0) write weight:991, but recv weight: 1236827972
[2024-12-17 15:39:21] [ERROR] [capacity_test] macro((0, 0)) ip(0 mram_addr(000003E0)) idx(0) write weight:992, but recv weight: 1234730820
[2024-12-17 15:39:21] [ERROR] [capacity_test] macro((0, 0)) ip(0 mram_addr(000003E1)) idx(0) write weight:993, but recv weight: 1232633668
[2024-12-17 15:39:21] [ERROR] [capacity_test] macro((0, 0)) ip(0 mram_addr(000003E2)) idx(0) write weight:994, but recv weight: 1230536516
[2024-12-17 15:39:21] [ERROR] [capacity_test] macro((0, 0)) ip(0 mram_addr(000003E3)) idx(0) write weight:995, but recv weight: 1228439364
[2024-12-17 15:39:21] [ERROR] [capacity_test] macro((0, 0)) ip(0 mram_addr(000003E4)) idx(0) write weight:996, but recv weight: 1226342212
[2024-12-17 15:39:21] [ERROR] [capacity_test] macro((0, 0)) ip(0 mram_addr(000003E5)) idx(0) write weight:997, but recv weight: 1224245060
[2024-12-17 15:39:21] [ERROR] [capacity_test] macro((0, 0)) ip(0 mram_addr(000003E6)) idx(0) write weight:998, but recv weight: 1222147908
[2024-12-17 15:39:21] [ERROR] [capacity_test] macro((0, 0)) ip(0 mram_addr(000003E7)) idx(0) write weight:999, but recv weight: 1220050756
[2024-12-17 15:39:21] [ERROR] [capacity_test] macro((0, 0)) ip(0 mram_addr(000003E8)) idx(0) write weight:1000, but recv weight: 1217953604
[2024-12-17 15:39:21] [ERROR] [capacity_test] macro((0, 0)) ip(0 mram_addr(000003E9)) idx(0) write weight:1001, but recv weight: 1215856452
[2024-12-17 15:39:21] [ERROR] [capacity_test] macro((0, 0)) ip(0 mram_addr(000003EA)) idx(0) write weight:1002, but recv weight: 1213759300
[2024-12-17 15:39:21] [ERROR] [capacity_test] macro((0, 0)) ip(0 mram_addr(000003EB)) idx(0) write weight:1003, but recv weight: 1211662148
[2024-12-17 15:39:21] [ERROR] [capacity_test] macro((0, 0)) ip(0 mram_addr(000003EC)) idx(0) write weight:1004, but recv weight: 1209564996
[2024-12-17 15:39:21] [ERROR] [capacity_test] macro((0, 0)) ip(0 mram_addr(000003ED)) idx(0) write weight:1005, but recv weight: 1207467844
[2024-12-17 15:39:21] [ERROR] [capacity_test] macro((0, 0)) ip(0 mram_addr(000003EE)) idx(0) write weight:1006, but recv weight: 1205370692
[2024-12-17 15:39:21] [ERROR] [capacity_test] macro((0, 0)) ip(0 mram_addr(000003EF)) idx(0) write weight:1007, but recv weight: 1306033988
[2024-12-17 15:39:21] [ERROR] [capacity_test] macro((0, 0)) ip(0 mram_addr(000003F0)) idx(0) write weight:1008, but recv weight: 1306033988
[2024-12-17 15:39:21] [ERROR] [capacity_test] macro((0, 0)) ip(0 mram_addr(000003F1)) idx(0) write weight:1009, but recv weight: 1306033988
[2024-12-17 15:39:21] [ERROR] [capacity_test] macro((0, 0)) ip(0 mram_addr(000003F2)) idx(0) write weight:1010, but recv weight: 1306033988
[2024-12-17 15:39:21] [ERROR] [capacity_test] macro((0, 0)) ip(0 mram_addr(000003F3)) idx(0) write weight:1011, but recv weight: 1306033988
[2024-12-17 15:39:21] [ERROR] [capacity_test] macro((0, 0)) ip(0 mram_addr(000003F4)) idx(0) write weight:1012, but recv weight: 1304985412
[2024-12-17 15:39:21] [ERROR] [capacity_test] macro((0, 0)) ip(0 mram_addr(000003F5)) idx(0) write weight:1013, but recv weight: 1304985412
[2024-12-17 15:39:21] [ERROR] [capacity_test] macro((0, 0)) ip(0 mram_addr(000003F6)) idx(0) write weight:1014, but recv weight: 1304985412
[2024-12-17 15:39:21] [ERROR] [capacity_test] macro((0, 0)) ip(0 mram_addr(000003F7)) idx(0) write weight:1015, but recv weight: 1304985412
[2024-12-17 15:39:21] [ERROR] [capacity_test] macro((0, 0)) ip(0 mram_addr(000003F8)) idx(0) write weight:1016, but recv weight: 1304985412
[2024-12-17 15:39:21] [ERROR] [capacity_test] macro((0, 0)) ip(0 mram_addr(000003F9)) idx(0) write weight:1017, but recv weight: 1304985412
[2024-12-17 15:39:21] [ERROR] [capacity_test] macro((0, 0)) ip(0 mram_addr(000003FA)) idx(0) write weight:1018, but recv weight: 1304985412
[2024-12-17 15:39:21] [ERROR] [capacity_test] macro((0, 0)) ip(0 mram_addr(000003FB)) idx(0) write weight:1019, but recv weight: 1304985412
[2024-12-17 15:39:21] [ERROR] [capacity_test] macro((0, 0)) ip(0 mram_addr(000003FC)) idx(0) write weight:1020, but recv weight: 1304985412
[2024-12-17 15:39:21] [ERROR] [capacity_test] macro((0, 0)) ip(0 mram_addr(000003FD)) idx(0) write weight:1021, but recv weight: 1304985412
[2024-12-17 15:39:21] [ERROR] [capacity_test] macro((0, 0)) ip(0 mram_addr(000003FE)) idx(0) write weight:1022, but recv weight: 1304985412
[2024-12-17 15:39:21] [ERROR] [capacity_test] macro((0, 0)) ip(0 mram_addr(000003FF)) idx(0) write weight:1023, but recv weight: 1304985412
[2024-12-17 15:39:21] [ERROR] [capacity_test] macro((0, 0)) ip(0 mram_addr(00000400)) idx(0) write weight:1024, but recv weight: 1304985412
[2024-12-17 15:39:21] [ERROR] [capacity_test] macro((0, 0)) ip(0 mram_addr(00000401)) idx(0) write weight:1025, but recv weight: 1304985412
[2024-12-17 15:39:21] [ERROR] [capacity_test] macro((0, 0)) ip(0 mram_addr(00000402)) idx(0) write weight:1026, but recv weight: 1304985412
[2024-12-17 15:39:21] [ERROR] [capacity_test] macro((0, 0)) ip(0 mram_addr(00000403)) idx(0) write weight:1027, but recv weight: 1304985412
[2024-12-17 15:39:21] [ERROR] [capacity_test] macro((0, 0)) ip(0 mram_addr(00000404)) idx(0) write weight:1028, but recv weight: 1303936836
[2024-12-17 15:39:21] [ERROR] [capacity_test] macro((0, 0)) ip(0 mram_addr(00000405)) idx(0) write weight:1029, but recv weight: 1303936836
[2024-12-17 15:39:21] [ERROR] [capacity_test] macro((0, 0)) ip(0 mram_addr(00000406)) idx(0) write weight:1030, but recv weight: 1303936836
[2024-12-17 15:39:21] [ERROR] [capacity_test] macro((0, 0)) ip(0 mram_addr(00000407)) idx(0) write weight:1031, but recv weight: 1303936836
[2024-12-17 15:39:21] [ERROR] [capacity_test] macro((0, 0)) ip(0 mram_addr(00000408)) idx(0) write weight:1032, but recv weight: 1303936836
[2024-12-17 15:39:21] [ERROR] [capacity_test] macro((0, 0)) ip(0 mram_addr(00000409)) idx(0) write weight:1033, but recv weight: 1303936836
[2024-12-17 15:39:21] [ERROR] [capacity_test] macro((0, 0)) ip(0 mram_addr(0000040A)) idx(0) write weight:1034, but recv weight: 1303936836
[2024-12-17 15:39:21] [ERROR] [capacity_test] macro((0, 0)) ip(0 mram_addr(0000040B)) idx(0) write weight:1035, but recv weight: 1303936836
[2024-12-17 15:39:21] [ERROR] [capacity_test] macro((0, 0)) ip(0 mram_addr(0000040C)) idx(0) write weight:1036, but recv weight: 1303936836
[2024-12-17 15:39:21] [ERROR] [capacity_test] macro((0, 0)) ip(0 mram_addr(0000040D)) idx(0) write weight:1037, but recv weight: 1303936836
[2024-12-17 15:39:21] [ERROR] [capacity_test] macro((0, 0)) ip(0 mram_addr(0000040E)) idx(0) write weight:1038, but recv weight: 1303936836
[2024-12-17 15:39:21] [ERROR] [capacity_test] macro((0, 0)) ip(0 mram_addr(0000040F)) idx(0) write weight:1039, but recv weight: 1303936836
[2024-12-17 15:39:21] [ERROR] [capacity_test] macro((0, 0)) ip(0 mram_addr(00000410)) idx(0) write weight:1040, but recv weight: 1303936836
[2024-12-17 15:39:21] [ERROR] [capacity_test] macro((0, 0)) ip(0 mram_addr(00000411)) idx(0) write weight:1041, but recv weight: 1303936836
[2024-12-17 15:39:21] [ERROR] [capacity_test] macro((0, 0)) ip(0 mram_addr(00000412)) idx(0) write weight:1042, but recv weight: 1302888260
[2024-12-17 15:39:21] [ERROR] [capacity_test] macro((0, 0)) ip(0 mram_addr(00000413)) idx(0) write weight:1043, but recv weight: 1302888260
[2024-12-17 15:39:21] [ERROR] [capacity_test] macro((0, 0)) ip(0 mram_addr(00000414)) idx(0) write weight:1044, but recv weight: 1301839684
[2024-12-17 15:39:21] [ERROR] [capacity_test] macro((0, 0)) ip(0 mram_addr(00000415)) idx(0) write weight:1045, but recv weight: 1301839684
[2024-12-17 15:39:21] [ERROR] [capacity_test] macro((0, 0)) ip(0 mram_addr(00000416)) idx(0) write weight:1046, but recv weight: 1300791108
[2024-12-17 15:39:21] [ERROR] [capacity_test] macro((0, 0)) ip(0 mram_addr(00000417)) idx(0) write weight:1047, but recv weight: 1300791108
[2024-12-17 15:39:21] [ERROR] [capacity_test] macro((0, 0)) ip(0 mram_addr(00000418)) idx(0) write weight:1048, but recv weight: 1299742532
[2024-12-17 15:39:21] [ERROR] [capacity_test] macro((0, 0)) ip(0 mram_addr(00000419)) idx(0) write weight:1049, but recv weight: 1299742532
[2024-12-17 15:39:21] [ERROR] [capacity_test] macro((0, 0)) ip(0 mram_addr(0000041A)) idx(0) write weight:1050, but recv weight: 1298693956
[2024-12-17 15:39:21] [ERROR] [capacity_test] macro((0, 0)) ip(0 mram_addr(0000041B)) idx(0) write weight:1051, but recv weight: 1298693956
[2024-12-17 15:39:21] [ERROR] [capacity_test] macro((0, 0)) ip(0 mram_addr(0000041C)) idx(0) write weight:1052, but recv weight: 1297645380
[2024-12-17 15:39:21] [ERROR] [capacity_test] macro((0, 0)) ip(0 mram_addr(0000041D)) idx(0) write weight:1053, but recv weight: 1297645380
[2024-12-17 15:39:21] [ERROR] [capacity_test] macro((0, 0)) ip(0 mram_addr(0000041E)) idx(0) write weight:1054, but recv weight: 1296596804
[2024-12-17 15:39:21] [ERROR] [capacity_test] macro((0, 0)) ip(0 mram_addr(0000041F)) idx(0) write weight:1055, but recv weight: 1296596804
[2024-12-17 15:39:21] [ERROR] [capacity_test] macro((0, 0)) ip(0 mram_addr(00000420)) idx(0) write weight:1056, but recv weight: 1295548228
[2024-12-17 15:39:21] [ERROR] [capacity_test] macro((0, 0)) ip(0 mram_addr(00000421)) idx(0) write weight:1057, but recv weight: 1295548228
[2024-12-17 15:39:21] [ERROR] [capacity_test] macro((0, 0)) ip(0 mram_addr(00000422)) idx(0) write weight:1058, but recv weight: 1294499652
[2024-12-17 15:39:21] [ERROR] [capacity_test] macro((0, 0)) ip(0 mram_addr(00000423)) idx(0) write weight:1059, but recv weight: 1294499652
[2024-12-17 15:39:21] [ERROR] [capacity_test] macro((0, 0)) ip(0 mram_addr(00000424)) idx(0) write weight:1060, but recv weight: 1293451076
[2024-12-17 15:39:21] [ERROR] [capacity_test] macro((0, 0)) ip(0 mram_addr(00000425)) idx(0) write weight:1061, but recv weight: 1293451076
[2024-12-17 15:39:21] [ERROR] [capacity_test] macro((0, 0)) ip(0 mram_addr(00000426)) idx(0) write weight:1062, but recv weight: 1292402500
[2024-12-17 15:39:21] [ERROR] [capacity_test] macro((0, 0)) ip(0 mram_addr(00000427)) idx(0) write weight:1063, but recv weight: 1292402500
[2024-12-17 15:39:21] [ERROR] [capacity_test] macro((0, 0)) ip(0 mram_addr(00000428)) idx(0) write weight:1064, but recv weight: 1291353924
[2024-12-17 15:39:21] [ERROR] [capacity_test] macro((0, 0)) ip(0 mram_addr(00000429)) idx(0) write weight:1065, but recv weight: 1291353924
[2024-12-17 15:39:21] [ERROR] [capacity_test] macro((0, 0)) ip(0 mram_addr(0000042A)) idx(0) write weight:1066, but recv weight: 1290305348
[2024-12-17 15:39:21] [ERROR] [capacity_test] macro((0, 0)) ip(0 mram_addr(0000042B)) idx(0) write weight:1067, but recv weight: 1290305348
[2024-12-17 15:39:21] [ERROR] [capacity_test] macro((0, 0)) ip(0 mram_addr(0000042C)) idx(0) write weight:1068, but recv weight: 1289256772
[2024-12-17 15:39:21] [ERROR] [capacity_test] macro((0, 0)) ip(0 mram_addr(0000042D)) idx(0) write weight:1069, but recv weight: 1289256772
[2024-12-17 15:39:21] [ERROR] [capacity_test] macro((0, 0)) ip(0 mram_addr(0000042E)) idx(0) write weight:1070, but recv weight: 1288208196
[2024-12-17 15:39:21] [ERROR] [capacity_test] macro((0, 0)) ip(0 mram_addr(0000042F)) idx(0) write weight:1071, but recv weight: 1288208196
[2024-12-17 15:39:21] [ERROR] [capacity_test] macro((0, 0)) ip(0 mram_addr(00000430)) idx(0) write weight:1072, but recv weight: 1287159620
[2024-12-17 15:39:21] [ERROR] [capacity_test] macro((0, 0)) ip(0 mram_addr(00000431)) idx(0) write weight:1073, but recv weight: 1287159620
[2024-12-17 15:39:21] [ERROR] [capacity_test] macro((0, 0)) ip(0 mram_addr(00000432)) idx(0) write weight:1074, but recv weight: 1286111044
[2024-12-17 15:39:21] [ERROR] [capacity_test] macro((0, 0)) ip(0 mram_addr(00000433)) idx(0) write weight:1075, but recv weight: 1286111044
[2024-12-17 15:39:21] [ERROR] [capacity_test] macro((0, 0)) ip(0 mram_addr(00000434)) idx(0) write weight:1076, but recv weight: 1285062468
[2024-12-17 15:39:21] [ERROR] [capacity_test] macro((0, 0)) ip(0 mram_addr(00000435)) idx(0) write weight:1077, but recv weight: 1285062468
[2024-12-17 15:39:21] [ERROR] [capacity_test] macro((0, 0)) ip(0 mram_addr(00000436)) idx(0) write weight:1078, but recv weight: 1284013892
[2024-12-17 15:39:21] [ERROR] [capacity_test] macro((0, 0)) ip(0 mram_addr(00000437)) idx(0) write weight:1079, but recv weight: 1284013892
[2024-12-17 15:39:21] [ERROR] [capacity_test] macro((0, 0)) ip(0 mram_addr(00000438)) idx(0) write weight:1080, but recv weight: 1282965316
[2024-12-17 15:39:21] [ERROR] [capacity_test] macro((0, 0)) ip(0 mram_addr(00000439)) idx(0) write weight:1081, but recv weight: 1282965316
[2024-12-17 15:39:21] [ERROR] [capacity_test] macro((0, 0)) ip(0 mram_addr(0000043A)) idx(0) write weight:1082, but recv weight: 1281916740
[2024-12-17 15:39:21] [ERROR] [capacity_test] macro((0, 0)) ip(0 mram_addr(0000043B)) idx(0) write weight:1083, but recv weight: 1281916740
[2024-12-17 15:39:21] [ERROR] [capacity_test] macro((0, 0)) ip(0 mram_addr(0000043C)) idx(0) write weight:1084, but recv weight: 1280868164
[2024-12-17 15:39:21] [ERROR] [capacity_test] macro((0, 0)) ip(0 mram_addr(0000043D)) idx(0) write weight:1085, but recv weight: 1280868164
[2024-12-17 15:39:21] [ERROR] [capacity_test] macro((0, 0)) ip(0 mram_addr(0000043E)) idx(0) write weight:1086, but recv weight: 1279819588
[2024-12-17 15:39:21] [ERROR] [capacity_test] macro((0, 0)) ip(0 mram_addr(0000043F)) idx(0) write weight:1087, but recv weight: 1279819588
[2024-12-17 15:39:21] [ERROR] [capacity_test] macro((0, 0)) ip(0 mram_addr(00000440)) idx(0) write weight:1088, but recv weight: 1278771012
[2024-12-17 15:39:21] [ERROR] [capacity_test] macro((0, 0)) ip(0 mram_addr(00000441)) idx(0) write weight:1089, but recv weight: 1278771012
[2024-12-17 15:39:21] [ERROR] [capacity_test] macro((0, 0)) ip(0 mram_addr(00000442)) idx(0) write weight:1090, but recv weight: 1277722436
[2024-12-17 15:39:21] [ERROR] [capacity_test] macro((0, 0)) ip(0 mram_addr(00000443)) idx(0) write weight:1091, but recv weight: 1277722436
[2024-12-17 15:39:21] [ERROR] [capacity_test] macro((0, 0)) ip(0 mram_addr(00000444)) idx(0) write weight:1092, but recv weight: 1276673860
[2024-12-17 15:39:21] [ERROR] [capacity_test] macro((0, 0)) ip(0 mram_addr(00000445)) idx(0) write weight:1093, but recv weight: 1276673860
[2024-12-17 15:39:21] [ERROR] [capacity_test] macro((0, 0)) ip(0 mram_addr(00000446)) idx(0) write weight:1094, but recv weight: 1275625284
[2024-12-17 15:39:21] [ERROR] [capacity_test] macro((0, 0)) ip(0 mram_addr(00000447)) idx(0) write weight:1095, but recv weight: 1275625284
[2024-12-17 15:39:21] [ERROR] [capacity_test] macro((0, 0)) ip(0 mram_addr(00000448)) idx(0) write weight:1096, but recv weight: 1274576708
[2024-12-17 15:39:21] [ERROR] [capacity_test] macro((0, 0)) ip(0 mram_addr(00000449)) idx(0) write weight:1097, but recv weight: 1274576708
[2024-12-17 15:39:21] [ERROR] [capacity_test] macro((0, 0)) ip(0 mram_addr(0000044A)) idx(0) write weight:1098, but recv weight: 1273528132
[2024-12-17 15:39:21] [ERROR] [capacity_test] macro((0, 0)) ip(0 mram_addr(0000044B)) idx(0) write weight:1099, but recv weight: 1273528132
[2024-12-17 15:39:21] [ERROR] [capacity_test] macro((0, 0)) ip(0 mram_addr(0000044C)) idx(0) write weight:1100, but recv weight: 1272479556
[2024-12-17 15:39:21] [ERROR] [capacity_test] macro((0, 0)) ip(0 mram_addr(0000044D)) idx(0) write weight:1101, but recv weight: 1272479556
[2024-12-17 15:39:21] [ERROR] [capacity_test] macro((0, 0)) ip(0 mram_addr(0000044E)) idx(0) write weight:1102, but recv weight: 1271430980
[2024-12-17 15:39:21] [ERROR] [capacity_test] macro((0, 0)) ip(0 mram_addr(0000044F)) idx(0) write weight:1103, but recv weight: 1271430980
[2024-12-17 15:39:21] [ERROR] [capacity_test] macro((0, 0)) ip(0 mram_addr(00000450)) idx(0) write weight:1104, but recv weight: 1270382404
[2024-12-17 15:39:21] [ERROR] [capacity_test] macro((0, 0)) ip(0 mram_addr(00000451)) idx(0) write weight:1105, but recv weight: 1270382404
[2024-12-17 15:39:21] [ERROR] [capacity_test] macro((0, 0)) ip(0 mram_addr(00000452)) idx(0) write weight:1106, but recv weight: 1269333828
[2024-12-17 15:39:21] [ERROR] [capacity_test] macro((0, 0)) ip(0 mram_addr(00000453)) idx(0) write weight:1107, but recv weight: 1269333828
[2024-12-17 15:39:21] [ERROR] [capacity_test] macro((0, 0)) ip(0 mram_addr(00000454)) idx(0) write weight:1108, but recv weight: 1267236676
[2024-12-17 15:39:21] [ERROR] [capacity_test] macro((0, 0)) ip(0 mram_addr(00000455)) idx(0) write weight:1109, but recv weight: 1265139524
[2024-12-17 15:39:21] [ERROR] [capacity_test] macro((0, 0)) ip(0 mram_addr(00000456)) idx(0) write weight:1110, but recv weight: 1263042372
[2024-12-17 15:39:21] [ERROR] [capacity_test] macro((0, 0)) ip(0 mram_addr(00000457)) idx(0) write weight:1111, but recv weight: 1260945220
[2024-12-17 15:39:21] [ERROR] [capacity_test] macro((0, 0)) ip(0 mram_addr(00000458)) idx(0) write weight:1112, but recv weight: 1258848068
[2024-12-17 15:39:21] [ERROR] [capacity_test] macro((0, 0)) ip(0 mram_addr(00000459)) idx(0) write weight:1113, but recv weight: 1256750916
[2024-12-17 15:39:21] [ERROR] [capacity_test] macro((0, 0)) ip(0 mram_addr(0000045A)) idx(0) write weight:1114, but recv weight: 1254653764
[2024-12-17 15:39:21] [ERROR] [capacity_test] macro((0, 0)) ip(0 mram_addr(0000045B)) idx(0) write weight:1115, but recv weight: 1252556612
[2024-12-17 15:39:21] [ERROR] [capacity_test] macro((0, 0)) ip(0 mram_addr(0000045C)) idx(0) write weight:1116, but recv weight: 1250459460
[2024-12-17 15:39:21] [ERROR] [capacity_test] macro((0, 0)) ip(0 mram_addr(0000045D)) idx(0) write weight:1117, but recv weight: 1248362308
[2024-12-17 15:39:21] [ERROR] [capacity_test] macro((0, 0)) ip(0 mram_addr(0000045E)) idx(0) write weight:1118, but recv weight: 1246265156
[2024-12-17 15:39:21] [ERROR] [capacity_test] macro((0, 0)) ip(0 mram_addr(0000045F)) idx(0) write weight:1119, but recv weight: 1244168004
[2024-12-17 15:39:21] [ERROR] [capacity_test] macro((0, 0)) ip(0 mram_addr(00000460)) idx(0) write weight:1120, but recv weight: 1242070852
[2024-12-17 15:39:21] [ERROR] [capacity_test] macro((0, 0)) ip(0 mram_addr(00000461)) idx(0) write weight:1121, but recv weight: 1239973700
[2024-12-17 15:39:21] [ERROR] [capacity_test] macro((0, 0)) ip(0 mram_addr(00000462)) idx(0) write weight:1122, but recv weight: 1237876548
[2024-12-17 15:39:21] [ERROR] [capacity_test] macro((0, 0)) ip(0 mram_addr(00000463)) idx(0) write weight:1123, but recv weight: 1235779396
[2024-12-17 15:39:21] [ERROR] [capacity_test] macro((0, 0)) ip(0 mram_addr(00000464)) idx(0) write weight:1124, but recv weight: 1233682244
[2024-12-17 15:39:21] [ERROR] [capacity_test] macro((0, 0)) ip(0 mram_addr(00000465)) idx(0) write weight:1125, but recv weight: 1231585092
[2024-12-17 15:39:21] [ERROR] [capacity_test] macro((0, 0)) ip(0 mram_addr(00000466)) idx(0) write weight:1126, but recv weight: 1229487940
[2024-12-17 15:39:21] [ERROR] [capacity_test] macro((0, 0)) ip(0 mram_addr(00000467)) idx(0) write weight:1127, but recv weight: 1227390788
[2024-12-17 15:39:21] [ERROR] [capacity_test] macro((0, 0)) ip(0 mram_addr(00000468)) idx(0) write weight:1128, but recv weight: 1225293636
[2024-12-17 15:39:21] [ERROR] [capacity_test] macro((0, 0)) ip(0 mram_addr(00000469)) idx(0) write weight:1129, but recv weight: 1223196484
[2024-12-17 15:39:21] [ERROR] [capacity_test] macro((0, 0)) ip(0 mram_addr(0000046A)) idx(0) write weight:1130, but recv weight: 1221099332
[2024-12-17 15:39:21] [ERROR] [capacity_test] macro((0, 0)) ip(0 mram_addr(0000046B)) idx(0) write weight:1131, but recv weight: 1219002180
[2024-12-17 15:39:21] [ERROR] [capacity_test] macro((0, 0)) ip(0 mram_addr(0000046C)) idx(0) write weight:1132, but recv weight: 1216905028
[2024-12-17 15:39:21] [ERROR] [capacity_test] macro((0, 0)) ip(0 mram_addr(0000046D)) idx(0) write weight:1133, but recv weight: 1214807876
[2024-12-17 15:39:21] [ERROR] [capacity_test] macro((0, 0)) ip(0 mram_addr(0000046E)) idx(0) write weight:1134, but recv weight: 1212710724
[2024-12-17 15:39:21] [ERROR] [capacity_test] macro((0, 0)) ip(0 mram_addr(0000046F)) idx(0) write weight:1135, but recv weight: 1210613572
[2024-12-17 15:39:21] [ERROR] [capacity_test] macro((0, 0)) ip(0 mram_addr(00000470)) idx(0) write weight:1136, but recv weight: 1208516420
[2024-12-17 15:39:21] [ERROR] [capacity_test] macro((0, 0)) ip(0 mram_addr(00000471)) idx(0) write weight:1137, but recv weight: 1206419268
[2024-12-17 15:39:21] [ERROR] [capacity_test] macro((0, 0)) ip(0 mram_addr(00000472)) idx(0) write weight:1138, but recv weight: 1204322116
[2024-12-17 15:39:21] [ERROR] [capacity_test] macro((0, 0)) ip(0 mram_addr(00000473)) idx(0) write weight:1139, but recv weight: 1311276868
[2024-12-17 15:39:21] [ERROR] [capacity_test] macro((0, 0)) ip(0 mram_addr(00000474)) idx(0) write weight:1140, but recv weight: 1311276868
[2024-12-17 15:39:21] [ERROR] [capacity_test] macro((0, 0)) ip(0 mram_addr(00000475)) idx(0) write weight:1141, but recv weight: 1311276868
[2024-12-17 15:39:21] [ERROR] [capacity_test] macro((0, 0)) ip(0 mram_addr(00000476)) idx(0) write weight:1142, but recv weight: 1311276868
[2024-12-17 15:39:21] [ERROR] [capacity_test] macro((0, 0)) ip(0 mram_addr(00000477)) idx(0) write weight:1143, but recv weight: 1311276868
[2024-12-17 15:39:21] [ERROR] [capacity_test] macro((0, 0)) ip(0 mram_addr(00000478)) idx(0) write weight:1144, but recv weight: 1311276868
[2024-12-17 15:39:21] [ERROR] [capacity_test] macro((0, 0)) ip(0 mram_addr(00000479)) idx(0) write weight:1145, but recv weight: 1311276868
[2024-12-17 15:39:21] [ERROR] [capacity_test] macro((0, 0)) ip(0 mram_addr(0000047A)) idx(0) write weight:1146, but recv weight: 1310228292
[2024-12-17 15:39:21] [ERROR] [capacity_test] macro((0, 0)) ip(0 mram_addr(0000047B)) idx(0) write weight:1147, but recv weight: 1310228292
[2024-12-17 15:39:21] [ERROR] [capacity_test] macro((0, 0)) ip(0 mram_addr(0000047C)) idx(0) write weight:1148, but recv weight: 1310228292
[2024-12-17 15:39:21] [ERROR] [capacity_test] macro((0, 0)) ip(0 mram_addr(0000047D)) idx(0) write weight:1149, but recv weight: 1310228292
[2024-12-17 15:39:21] [ERROR] [capacity_test] macro((0, 0)) ip(0 mram_addr(0000047E)) idx(0) write weight:1150, but recv weight: 1310228292
[2024-12-17 15:39:21] [ERROR] [capacity_test] macro((0, 0)) ip(0 mram_addr(0000047F)) idx(0) write weight:1151, but recv weight: 1310228292
[2024-12-17 15:39:21] [ERROR] [capacity_test] macro((0, 0)) ip(0 mram_addr(00000480)) idx(0) write weight:1152, but recv weight: 1310228292
[2024-12-17 15:39:21] [ERROR] [capacity_test] macro((0, 0)) ip(0 mram_addr(00000481)) idx(0) write weight:1153, but recv weight: 1310228292
[2024-12-17 15:39:21] [ERROR] [capacity_test] macro((0, 0)) ip(0 mram_addr(00000482)) idx(0) write weight:1154, but recv weight: 1310228292
[2024-12-17 15:39:21] [ERROR] [capacity_test] macro((0, 0)) ip(0 mram_addr(00000483)) idx(0) write weight:1155, but recv weight: 1310228292
[2024-12-17 15:39:21] [ERROR] [capacity_test] macro((0, 0)) ip(0 mram_addr(00000484)) idx(0) write weight:1156, but recv weight: 1310228292
[2024-12-17 15:39:21] [ERROR] [capacity_test] macro((0, 0)) ip(0 mram_addr(00000485)) idx(0) write weight:1157, but recv weight: 1310228292
[2024-12-17 15:39:21] [ERROR] [capacity_test] macro((0, 0)) ip(0 mram_addr(00000486)) idx(0) write weight:1158, but recv weight: 1310228292
[2024-12-17 15:39:21] [ERROR] [capacity_test] macro((0, 0)) ip(0 mram_addr(00000487)) idx(0) write weight:1159, but recv weight: 1310228292
[2024-12-17 15:39:21] [ERROR] [capacity_test] macro((0, 0)) ip(0 mram_addr(00000488)) idx(0) write weight:1160, but recv weight: 1310228292
[2024-12-17 15:39:21] [ERROR] [capacity_test] macro((0, 0)) ip(0 mram_addr(00000489)) idx(0) write weight:1161, but recv weight: 1310228292
[2024-12-17 15:39:21] [ERROR] [capacity_test] macro((0, 0)) ip(0 mram_addr(0000048A)) idx(0) write weight:1162, but recv weight: 1309179716
[2024-12-17 15:39:21] [ERROR] [capacity_test] macro((0, 0)) ip(0 mram_addr(0000048B)) idx(0) write weight:1163, but recv weight: 1309179716
[2024-12-17 15:39:21] [ERROR] [capacity_test] macro((0, 0)) ip(0 mram_addr(0000048C)) idx(0) write weight:1164, but recv weight: 1309179716
[2024-12-17 15:39:21] [ERROR] [capacity_test] macro((0, 0)) ip(0 mram_addr(0000048D)) idx(0) write weight:1165, but recv weight: 1309179716
[2024-12-17 15:39:21] [ERROR] [capacity_test] macro((0, 0)) ip(0 mram_addr(0000048E)) idx(0) write weight:1166, but recv weight: 1309179716
[2024-12-17 15:39:21] [ERROR] [capacity_test] macro((0, 0)) ip(0 mram_addr(0000048F)) idx(0) write weight:1167, but recv weight: 1309179716
[2024-12-17 15:39:21] [ERROR] [capacity_test] macro((0, 0)) ip(0 mram_addr(00000490)) idx(0) write weight:1168, but recv weight: 1309179716
[2024-12-17 15:39:21] [ERROR] [capacity_test] macro((0, 0)) ip(0 mram_addr(00000491)) idx(0) write weight:1169, but recv weight: 1309179716
[2024-12-17 15:39:21] [ERROR] [capacity_test] macro((0, 0)) ip(0 mram_addr(00000492)) idx(0) write weight:1170, but recv weight: 1309179716
[2024-12-17 15:39:21] [ERROR] [capacity_test] macro((0, 0)) ip(0 mram_addr(00000493)) idx(0) write weight:1171, but recv weight: 1309179716
[2024-12-17 15:39:21] [ERROR] [capacity_test] macro((0, 0)) ip(0 mram_addr(00000494)) idx(0) write weight:1172, but recv weight: 1309179716
[2024-12-17 15:39:21] [ERROR] [capacity_test] macro((0, 0)) ip(0 mram_addr(00000495)) idx(0) write weight:1173, but recv weight: 1309179716
[2024-12-17 15:39:21] [ERROR] [capacity_test] macro((0, 0)) ip(0 mram_addr(00000496)) idx(0) write weight:1174, but recv weight: 1309179716
[2024-12-17 15:39:21] [ERROR] [capacity_test] macro((0, 0)) ip(0 mram_addr(00000497)) idx(0) write weight:1175, but recv weight: 1309179716
[2024-12-17 15:39:21] [ERROR] [capacity_test] macro((0, 0)) ip(0 mram_addr(00000498)) idx(0) write weight:1176, but recv weight: 1309179716
[2024-12-17 15:39:21] [ERROR] [capacity_test] macro((0, 0)) ip(0 mram_addr(00000499)) idx(0) write weight:1177, but recv weight: 1309179716
[2024-12-17 15:39:21] [ERROR] [capacity_test] macro((0, 0)) ip(0 mram_addr(0000049A)) idx(0) write weight:1178, but recv weight: 1308131140
[2024-12-17 15:39:21] [ERROR] [capacity_test] macro((0, 0)) ip(0 mram_addr(0000049B)) idx(0) write weight:1179, but recv weight: 1308131140
[2024-12-17 15:39:21] [ERROR] [capacity_test] macro((0, 0)) ip(0 mram_addr(0000049C)) idx(0) write weight:1180, but recv weight: 1308131140
[2024-12-17 15:39:21] [ERROR] [capacity_test] macro((0, 0)) ip(0 mram_addr(0000049D)) idx(0) write weight:1181, but recv weight: 1308131140
[2024-12-17 15:39:21] [ERROR] [capacity_test] macro((0, 0)) ip(0 mram_addr(0000049E)) idx(0) write weight:1182, but recv weight: 1308131140
[2024-12-17 15:39:21] [ERROR] [capacity_test] macro((0, 0)) ip(0 mram_addr(0000049F)) idx(0) write weight:1183, but recv weight: 1308131140
[2024-12-17 15:39:21] [ERROR] [capacity_test] macro((0, 0)) ip(0 mram_addr(000004A0)) idx(0) write weight:1184, but recv weight: 1308131140
[2024-12-17 15:39:21] [ERROR] [capacity_test] macro((0, 0)) ip(0 mram_addr(000004A1)) idx(0) write weight:1185, but recv weight: 1308131140
[2024-12-17 15:39:21] [ERROR] [capacity_test] macro((0, 0)) ip(0 mram_addr(000004A2)) idx(0) write weight:1186, but recv weight: 1308131140
[2024-12-17 15:39:21] [ERROR] [capacity_test] macro((0, 0)) ip(0 mram_addr(000004A3)) idx(0) write weight:1187, but recv weight: 1308131140
[2024-12-17 15:39:21] [ERROR] [capacity_test] macro((0, 0)) ip(0 mram_addr(000004A4)) idx(0) write weight:1188, but recv weight: 1308131140
[2024-12-17 15:39:21] [ERROR] [capacity_test] macro((0, 0)) ip(0 mram_addr(000004A5)) idx(0) write weight:1189, but recv weight: 1308131140
[2024-12-17 15:39:21] [ERROR] [capacity_test] macro((0, 0)) ip(0 mram_addr(000004A6)) idx(0) write weight:1190, but recv weight: 1308131140
[2024-12-17 15:39:21] [ERROR] [capacity_test] macro((0, 0)) ip(0 mram_addr(000004A7)) idx(0) write weight:1191, but recv weight: 1308131140
[2024-12-17 15:39:21] [ERROR] [capacity_test] macro((0, 0)) ip(0 mram_addr(000004A8)) idx(0) write weight:1192, but recv weight: 1308131140
[2024-12-17 15:39:21] [ERROR] [capacity_test] macro((0, 0)) ip(0 mram_addr(000004A9)) idx(0) write weight:1193, but recv weight: 1308131140
[2024-12-17 15:39:21] [ERROR] [capacity_test] macro((0, 0)) ip(0 mram_addr(000004AA)) idx(0) write weight:1194, but recv weight: 1307082564
[2024-12-17 15:39:21] [ERROR] [capacity_test] macro((0, 0)) ip(0 mram_addr(000004AB)) idx(0) write weight:1195, but recv weight: 1307082564
[2024-12-17 15:39:21] [ERROR] [capacity_test] macro((0, 0)) ip(0 mram_addr(000004AC)) idx(0) write weight:1196, but recv weight: 1307082564
[2024-12-17 15:39:21] [ERROR] [capacity_test] macro((0, 0)) ip(0 mram_addr(000004AD)) idx(0) write weight:1197, but recv weight: 1307082564
[2024-12-17 15:39:21] [ERROR] [capacity_test] macro((0, 0)) ip(0 mram_addr(000004AE)) idx(0) write weight:1198, but recv weight: 1307082564
[2024-12-17 15:39:21] [ERROR] [capacity_test] macro((0, 0)) ip(0 mram_addr(000004AF)) idx(0) write weight:1199, but recv weight: 1307082564
[2024-12-17 15:39:21] [ERROR] [capacity_test] macro((0, 0)) ip(0 mram_addr(000004B0)) idx(0) write weight:1200, but recv weight: 1307082564
[2024-12-17 15:39:21] [ERROR] [capacity_test] macro((0, 0)) ip(0 mram_addr(000004B1)) idx(0) write weight:1201, but recv weight: 1307082564
[2024-12-17 15:39:21] [ERROR] [capacity_test] macro((0, 0)) ip(0 mram_addr(000004B2)) idx(0) write weight:1202, but recv weight: 1307082564
[2024-12-17 15:39:21] [ERROR] [capacity_test] macro((0, 0)) ip(0 mram_addr(000004B3)) idx(0) write weight:1203, but recv weight: 1307082564
[2024-12-17 15:39:21] [ERROR] [capacity_test] macro((0, 0)) ip(0 mram_addr(000004B4)) idx(0) write weight:1204, but recv weight: 1307082564
[2024-12-17 15:39:21] [ERROR] [capacity_test] macro((0, 0)) ip(0 mram_addr(000004B5)) idx(0) write weight:1205, but recv weight: 1307082564
[2024-12-17 15:39:21] [ERROR] [capacity_test] macro((0, 0)) ip(0 mram_addr(000004B6)) idx(0) write weight:1206, but recv weight: 1307082564
[2024-12-17 15:39:21] [ERROR] [capacity_test] macro((0, 0)) ip(0 mram_addr(000004B7)) idx(0) write weight:1207, but recv weight: 1307082564
[2024-12-17 15:39:21] [ERROR] [capacity_test] macro((0, 0)) ip(0 mram_addr(000004B8)) idx(0) write weight:1208, but recv weight: 1307082564
[2024-12-17 15:39:21] [ERROR] [capacity_test] macro((0, 0)) ip(0 mram_addr(000004B9)) idx(0) write weight:1209, but recv weight: 1307082564
[2024-12-17 15:39:21] [ERROR] [capacity_test] macro((0, 0)) ip(0 mram_addr(000004BA)) idx(0) write weight:1210, but recv weight: 1306033988
[2024-12-17 15:39:21] [ERROR] [capacity_test] macro((0, 0)) ip(0 mram_addr(000004BB)) idx(0) write weight:1211, but recv weight: 1306033988
[2024-12-17 15:39:21] [ERROR] [capacity_test] macro((0, 0)) ip(0 mram_addr(000004BC)) idx(0) write weight:1212, but recv weight: 1306033988
[2024-12-17 15:39:21] [ERROR] [capacity_test] macro((0, 0)) ip(0 mram_addr(000004BD)) idx(0) write weight:1213, but recv weight: 1306033988
[2024-12-17 15:39:21] [ERROR] [capacity_test] macro((0, 0)) ip(0 mram_addr(000004BE)) idx(0) write weight:1214, but recv weight: 1306033988
[2024-12-17 15:39:21] [ERROR] [capacity_test] macro((0, 0)) ip(0 mram_addr(000004BF)) idx(0) write weight:1215, but recv weight: 1306033988
[2024-12-17 15:39:21] [ERROR] [capacity_test] macro((0, 0)) ip(0 mram_addr(000004C0)) idx(0) write weight:1216, but recv weight: 1306033988
[2024-12-17 15:39:21] [ERROR] [capacity_test] macro((0, 0)) ip(0 mram_addr(000004C1)) idx(0) write weight:1217, but recv weight: 1306033988
[2024-12-17 15:39:21] [ERROR] [capacity_test] macro((0, 0)) ip(0 mram_addr(000004C2)) idx(0) write weight:1218, but recv weight: 1306033988
[2024-12-17 15:39:21] [ERROR] [capacity_test] macro((0, 0)) ip(0 mram_addr(000004C3)) idx(0) write weight:1219, but recv weight: 1306033988
[2024-12-17 15:39:21] [ERROR] [capacity_test] macro((0, 0)) ip(0 mram_addr(000004C4)) idx(0) write weight:1220, but recv weight: 1306033988
[2024-12-17 15:39:21] [ERROR] [capacity_test] macro((0, 0)) ip(0 mram_addr(000004C5)) idx(0) write weight:1221, but recv weight: 1306033988
[2024-12-17 15:39:21] [ERROR] [capacity_test] macro((0, 0)) ip(0 mram_addr(000004C6)) idx(0) write weight:1222, but recv weight: 1306033988
[2024-12-17 15:39:21] [ERROR] [capacity_test] macro((0, 0)) ip(0 mram_addr(000004C7)) idx(0) write weight:1223, but recv weight: 1306033988
[2024-12-17 15:39:21] [ERROR] [capacity_test] macro((0, 0)) ip(0 mram_addr(000004C8)) idx(0) write weight:1224, but recv weight: 1306033988
[2024-12-17 15:39:21] [ERROR] [capacity_test] macro((0, 0)) ip(0 mram_addr(000004C9)) idx(0) write weight:1225, but recv weight: 1306033988
[2024-12-17 15:39:21] [ERROR] [capacity_test] macro((0, 0)) ip(0 mram_addr(000004CA)) idx(0) write weight:1226, but recv weight: 1304985412
[2024-12-17 15:39:21] [ERROR] [capacity_test] macro((0, 0)) ip(0 mram_addr(000004CB)) idx(0) write weight:1227, but recv weight: 1304985412
[2024-12-17 15:39:21] [ERROR] [capacity_test] macro((0, 0)) ip(0 mram_addr(000004CC)) idx(0) write weight:1228, but recv weight: 1304985412
[2024-12-17 15:39:21] [ERROR] [capacity_test] macro((0, 0)) ip(0 mram_addr(000004CD)) idx(0) write weight:1229, but recv weight: 1304985412
[2024-12-17 15:39:21] [ERROR] [capacity_test] macro((0, 0)) ip(0 mram_addr(000004CE)) idx(0) write weight:1230, but recv weight: 1304985412
[2024-12-17 15:39:21] [ERROR] [capacity_test] macro((0, 0)) ip(0 mram_addr(000004CF)) idx(0) write weight:1231, but recv weight: 1304985412
[2024-12-17 15:39:21] [ERROR] [capacity_test] macro((0, 0)) ip(0 mram_addr(000004D0)) idx(0) write weight:1232, but recv weight: 1304985412
[2024-12-17 15:39:21] [ERROR] [capacity_test] macro((0, 0)) ip(0 mram_addr(000004D1)) idx(0) write weight:1233, but recv weight: 1304985412
[2024-12-17 15:39:21] [ERROR] [capacity_test] macro((0, 0)) ip(0 mram_addr(000004D2)) idx(0) write weight:1234, but recv weight: 1304985412
[2024-12-17 15:39:21] [ERROR] [capacity_test] macro((0, 0)) ip(0 mram_addr(000004D3)) idx(0) write weight:1235, but recv weight: 1304985412
[2024-12-17 15:39:21] [ERROR] [capacity_test] macro((0, 0)) ip(0 mram_addr(000004D4)) idx(0) write weight:1236, but recv weight: 1304985412
[2024-12-17 15:39:21] [ERROR] [capacity_test] macro((0, 0)) ip(0 mram_addr(000004D5)) idx(0) write weight:1237, but recv weight: 1304985412
[2024-12-17 15:39:21] [ERROR] [capacity_test] macro((0, 0)) ip(0 mram_addr(000004D6)) idx(0) write weight:1238, but recv weight: 1304985412
[2024-12-17 15:39:21] [ERROR] [capacity_test] macro((0, 0)) ip(0 mram_addr(000004D7)) idx(0) write weight:1239, but recv weight: 1304985412
[2024-12-17 15:39:21] [ERROR] [capacity_test] macro((0, 0)) ip(0 mram_addr(000004D8)) idx(0) write weight:1240, but recv weight: 1304985412
[2024-12-17 15:39:21] [ERROR] [capacity_test] macro((0, 0)) ip(0 mram_addr(000004D9)) idx(0) write weight:1241, but recv weight: 1304985412
[2024-12-17 15:39:21] [ERROR] [capacity_test] macro((0, 0)) ip(0 mram_addr(000004DA)) idx(0) write weight:1242, but recv weight: 1303936836
[2024-12-17 15:39:21] [ERROR] [capacity_test] macro((0, 0)) ip(0 mram_addr(000004DB)) idx(0) write weight:1243, but recv weight: 1303936836
[2024-12-17 15:39:21] [ERROR] [capacity_test] macro((0, 0)) ip(0 mram_addr(000004DC)) idx(0) write weight:1244, but recv weight: 1303936836
[2024-12-17 15:39:21] [ERROR] [capacity_test] macro((0, 0)) ip(0 mram_addr(000004DD)) idx(0) write weight:1245, but recv weight: 1303936836
[2024-12-17 15:39:21] [ERROR] [capacity_test] macro((0, 0)) ip(0 mram_addr(000004DE)) idx(0) write weight:1246, but recv weight: 1303936836
[2024-12-17 15:39:21] [ERROR] [capacity_test] macro((0, 0)) ip(0 mram_addr(000004DF)) idx(0) write weight:1247, but recv weight: 1303936836
[2024-12-17 15:39:21] [ERROR] [capacity_test] macro((0, 0)) ip(0 mram_addr(000004E0)) idx(0) write weight:1248, but recv weight: 1303936836
[2024-12-17 15:39:21] [ERROR] [capacity_test] macro((0, 0)) ip(0 mram_addr(000004E1)) idx(0) write weight:1249, but recv weight: 1303936836
[2024-12-17 15:39:21] [ERROR] [capacity_test] macro((0, 0)) ip(0 mram_addr(000004E2)) idx(0) write weight:1250, but recv weight: 1303936836
[2024-12-17 15:39:21] [ERROR] [capacity_test] macro((0, 0)) ip(0 mram_addr(000004E3)) idx(0) write weight:1251, but recv weight: 1303936836
[2024-12-17 15:39:21] [ERROR] [capacity_test] macro((0, 0)) ip(0 mram_addr(000004E4)) idx(0) write weight:1252, but recv weight: 1303936836
[2024-12-17 15:39:21] [ERROR] [capacity_test] macro((0, 0)) ip(0 mram_addr(000004E5)) idx(0) write weight:1253, but recv weight: 1303936836
[2024-12-17 15:39:21] [ERROR] [capacity_test] macro((0, 0)) ip(0 mram_addr(000004E6)) idx(0) write weight:1254, but recv weight: 1303936836
[2024-12-17 15:39:21] [ERROR] [capacity_test] macro((0, 0)) ip(0 mram_addr(000004E7)) idx(0) write weight:1255, but recv weight: 1303936836
[2024-12-17 15:39:21] [ERROR] [capacity_test] macro((0, 0)) ip(0 mram_addr(000004E8)) idx(0) write weight:1256, but recv weight: 1302888260
[2024-12-17 15:39:21] [ERROR] [capacity_test] macro((0, 0)) ip(0 mram_addr(000004E9)) idx(0) write weight:1257, but recv weight: 1302888260
[2024-12-17 15:39:21] [ERROR] [capacity_test] macro((0, 0)) ip(0 mram_addr(000004EA)) idx(0) write weight:1258, but recv weight: 1301839684
[2024-12-17 15:39:21] [ERROR] [capacity_test] macro((0, 0)) ip(0 mram_addr(000004EB)) idx(0) write weight:1259, but recv weight: 1301839684
[2024-12-17 15:39:21] [ERROR] [capacity_test] macro((0, 0)) ip(0 mram_addr(000004EC)) idx(0) write weight:1260, but recv weight: 1300791108
[2024-12-17 15:39:21] [ERROR] [capacity_test] macro((0, 0)) ip(0 mram_addr(000004ED)) idx(0) write weight:1261, but recv weight: 1300791108
[2024-12-17 15:39:21] [ERROR] [capacity_test] macro((0, 0)) ip(0 mram_addr(000004EE)) idx(0) write weight:1262, but recv weight: 1299742532
[2024-12-17 15:39:21] [ERROR] [capacity_test] macro((0, 0)) ip(0 mram_addr(000004EF)) idx(0) write weight:1263, but recv weight: 1299742532
[2024-12-17 15:39:21] [ERROR] [capacity_test] macro((0, 0)) ip(0 mram_addr(000004F0)) idx(0) write weight:1264, but recv weight: 1298693956
[2024-12-17 15:39:21] [ERROR] [capacity_test] macro((0, 0)) ip(0 mram_addr(000004F1)) idx(0) write weight:1265, but recv weight: 1298693956
[2024-12-17 15:39:21] [ERROR] [capacity_test] macro((0, 0)) ip(0 mram_addr(000004F2)) idx(0) write weight:1266, but recv weight: 1297645380
[2024-12-17 15:39:21] [ERROR] [capacity_test] macro((0, 0)) ip(0 mram_addr(000004F3)) idx(0) write weight:1267, but recv weight: 1297645380
[2024-12-17 15:39:21] [ERROR] [capacity_test] macro((0, 0)) ip(0 mram_addr(000004F4)) idx(0) write weight:1268, but recv weight: 1296596804
[2024-12-17 15:39:21] [ERROR] [capacity_test] macro((0, 0)) ip(0 mram_addr(000004F5)) idx(0) write weight:1269, but recv weight: 1296596804
[2024-12-17 15:39:21] [ERROR] [capacity_test] macro((0, 0)) ip(0 mram_addr(000004F6)) idx(0) write weight:1270, but recv weight: 1295548228
[2024-12-17 15:39:21] [ERROR] [capacity_test] macro((0, 0)) ip(0 mram_addr(000004F7)) idx(0) write weight:1271, but recv weight: 1295548228
[2024-12-17 15:39:21] [ERROR] [capacity_test] macro((0, 0)) ip(0 mram_addr(000004F8)) idx(0) write weight:1272, but recv weight: 1294499652
[2024-12-17 15:39:21] [ERROR] [capacity_test] macro((0, 0)) ip(0 mram_addr(000004F9)) idx(0) write weight:1273, but recv weight: 1294499652
[2024-12-17 15:39:21] [ERROR] [capacity_test] macro((0, 0)) ip(0 mram_addr(000004FA)) idx(0) write weight:1274, but recv weight: 1293451076
[2024-12-17 15:39:21] [ERROR] [capacity_test] macro((0, 0)) ip(0 mram_addr(000004FB)) idx(0) write weight:1275, but recv weight: 1293451076
[2024-12-17 15:39:21] [ERROR] [capacity_test] macro((0, 0)) ip(0 mram_addr(000004FC)) idx(0) write weight:1276, but recv weight: 1292402500
[2024-12-17 15:39:21] [ERROR] [capacity_test] macro((0, 0)) ip(0 mram_addr(000004FD)) idx(0) write weight:1277, but recv weight: 1292402500
[2024-12-17 15:39:21] [ERROR] [capacity_test] macro((0, 0)) ip(0 mram_addr(000004FE)) idx(0) write weight:1278, but recv weight: 1291353924
[2024-12-17 15:39:21] [ERROR] [capacity_test] macro((0, 0)) ip(0 mram_addr(000004FF)) idx(0) write weight:1279, but recv weight: 1291353924
[2024-12-17 15:39:21] [ERROR] [capacity_test] macro((0, 0)) ip(0 mram_addr(00000500)) idx(0) write weight:1280, but recv weight: 1290305348
[2024-12-17 15:39:21] [ERROR] [capacity_test] macro((0, 0)) ip(0 mram_addr(00000501)) idx(0) write weight:1281, but recv weight: 1290305348
[2024-12-17 15:39:21] [ERROR] [capacity_test] macro((0, 0)) ip(0 mram_addr(00000502)) idx(0) write weight:1282, but recv weight: 1289256772
[2024-12-17 15:39:21] [ERROR] [capacity_test] macro((0, 0)) ip(0 mram_addr(00000503)) idx(0) write weight:1283, but recv weight: 1289256772
[2024-12-17 15:39:21] [ERROR] [capacity_test] macro((0, 0)) ip(0 mram_addr(00000504)) idx(0) write weight:1284, but recv weight: 1288208196
[2024-12-17 15:39:21] [ERROR] [capacity_test] macro((0, 0)) ip(0 mram_addr(00000505)) idx(0) write weight:1285, but recv weight: 1288208196
[2024-12-17 15:39:21] [ERROR] [capacity_test] macro((0, 0)) ip(0 mram_addr(00000506)) idx(0) write weight:1286, but recv weight: 1287159620
[2024-12-17 15:39:21] [ERROR] [capacity_test] macro((0, 0)) ip(0 mram_addr(00000507)) idx(0) write weight:1287, but recv weight: 1287159620
[2024-12-17 15:39:21] [ERROR] [capacity_test] macro((0, 0)) ip(0 mram_addr(00000508)) idx(0) write weight:1288, but recv weight: 1286111044
[2024-12-17 15:39:21] [ERROR] [capacity_test] macro((0, 0)) ip(0 mram_addr(00000509)) idx(0) write weight:1289, but recv weight: 1286111044
[2024-12-17 15:39:21] [ERROR] [capacity_test] macro((0, 0)) ip(0 mram_addr(0000050A)) idx(0) write weight:1290, but recv weight: 1285062468
[2024-12-17 15:39:21] [ERROR] [capacity_test] macro((0, 0)) ip(0 mram_addr(0000050B)) idx(0) write weight:1291, but recv weight: 1285062468
[2024-12-17 15:39:21] [ERROR] [capacity_test] macro((0, 0)) ip(0 mram_addr(0000050C)) idx(0) write weight:1292, but recv weight: 1284013892
[2024-12-17 15:39:21] [ERROR] [capacity_test] macro((0, 0)) ip(0 mram_addr(0000050D)) idx(0) write weight:1293, but recv weight: 1284013892
[2024-12-17 15:39:21] [ERROR] [capacity_test] macro((0, 0)) ip(0 mram_addr(0000050E)) idx(0) write weight:1294, but recv weight: 1282965316
[2024-12-17 15:39:21] [ERROR] [capacity_test] macro((0, 0)) ip(0 mram_addr(0000050F)) idx(0) write weight:1295, but recv weight: 1282965316
[2024-12-17 15:39:21] [ERROR] [capacity_test] macro((0, 0)) ip(0 mram_addr(00000510)) idx(0) write weight:1296, but recv weight: 1281916740
[2024-12-17 15:39:21] [ERROR] [capacity_test] macro((0, 0)) ip(0 mram_addr(00000511)) idx(0) write weight:1297, but recv weight: 1281916740
[2024-12-17 15:39:21] [ERROR] [capacity_test] macro((0, 0)) ip(0 mram_addr(00000512)) idx(0) write weight:1298, but recv weight: 1280868164
[2024-12-17 15:39:21] [ERROR] [capacity_test] macro((0, 0)) ip(0 mram_addr(00000513)) idx(0) write weight:1299, but recv weight: 1280868164
[2024-12-17 15:39:21] [ERROR] [capacity_test] macro((0, 0)) ip(0 mram_addr(00000514)) idx(0) write weight:1300, but recv weight: 1279819588
[2024-12-17 15:39:21] [ERROR] [capacity_test] macro((0, 0)) ip(0 mram_addr(00000515)) idx(0) write weight:1301, but recv weight: 1279819588
[2024-12-17 15:39:21] [ERROR] [capacity_test] macro((0, 0)) ip(0 mram_addr(00000516)) idx(0) write weight:1302, but recv weight: 1278771012
[2024-12-17 15:39:21] [ERROR] [capacity_test] macro((0, 0)) ip(0 mram_addr(00000517)) idx(0) write weight:1303, but recv weight: 1278771012
[2024-12-17 15:39:21] [ERROR] [capacity_test] macro((0, 0)) ip(0 mram_addr(00000518)) idx(0) write weight:1304, but recv weight: 1277722436
[2024-12-17 15:39:21] [ERROR] [capacity_test] macro((0, 0)) ip(0 mram_addr(00000519)) idx(0) write weight:1305, but recv weight: 1277722436
[2024-12-17 15:39:21] [ERROR] [capacity_test] macro((0, 0)) ip(0 mram_addr(0000051A)) idx(0) write weight:1306, but recv weight: 1276673860
[2024-12-17 15:39:21] [ERROR] [capacity_test] macro((0, 0)) ip(0 mram_addr(0000051B)) idx(0) write weight:1307, but recv weight: 1276673860
[2024-12-17 15:39:21] [ERROR] [capacity_test] macro((0, 0)) ip(0 mram_addr(0000051C)) idx(0) write weight:1308, but recv weight: 1275625284
[2024-12-17 15:39:21] [ERROR] [capacity_test] macro((0, 0)) ip(0 mram_addr(0000051D)) idx(0) write weight:1309, but recv weight: 1275625284
[2024-12-17 15:39:21] [ERROR] [capacity_test] macro((0, 0)) ip(0 mram_addr(0000051E)) idx(0) write weight:1310, but recv weight: 1274576708
[2024-12-17 15:39:21] [ERROR] [capacity_test] macro((0, 0)) ip(0 mram_addr(0000051F)) idx(0) write weight:1311, but recv weight: 1274576708
[2024-12-17 15:39:21] [ERROR] [capacity_test] macro((0, 0)) ip(0 mram_addr(00000520)) idx(0) write weight:1312, but recv weight: 1273528132
[2024-12-17 15:39:21] [ERROR] [capacity_test] macro((0, 0)) ip(0 mram_addr(00000521)) idx(0) write weight:1313, but recv weight: 1273528132
[2024-12-17 15:39:21] [ERROR] [capacity_test] macro((0, 0)) ip(0 mram_addr(00000522)) idx(0) write weight:1314, but recv weight: 1272479556
[2024-12-17 15:39:21] [ERROR] [capacity_test] macro((0, 0)) ip(0 mram_addr(00000523)) idx(0) write weight:1315, but recv weight: 1272479556
[2024-12-17 15:39:21] [ERROR] [capacity_test] macro((0, 0)) ip(0 mram_addr(00000524)) idx(0) write weight:1316, but recv weight: 1271430980
[2024-12-17 15:39:21] [ERROR] [capacity_test] macro((0, 0)) ip(0 mram_addr(00000525)) idx(0) write weight:1317, but recv weight: 1271430980
[2024-12-17 15:39:21] [ERROR] [capacity_test] macro((0, 0)) ip(0 mram_addr(00000526)) idx(0) write weight:1318, but recv weight: 1270382404
[2024-12-17 15:39:21] [ERROR] [capacity_test] macro((0, 0)) ip(0 mram_addr(00000527)) idx(0) write weight:1319, but recv weight: 1270382404
[2024-12-17 15:39:21] [ERROR] [capacity_test] macro((0, 0)) ip(0 mram_addr(00000528)) idx(0) write weight:1320, but recv weight: 1269333828
[2024-12-17 15:39:21] [ERROR] [capacity_test] macro((0, 0)) ip(0 mram_addr(00000529)) idx(0) write weight:1321, but recv weight: 1269333828
[2024-12-17 15:39:21] [ERROR] [capacity_test] macro((0, 0)) ip(0 mram_addr(0000052A)) idx(0) write weight:1322, but recv weight: 1268285252
[2024-12-17 15:39:21] [ERROR] [capacity_test] macro((0, 0)) ip(0 mram_addr(0000052B)) idx(0) write weight:1323, but recv weight: 1266188100
[2024-12-17 15:39:21] [ERROR] [capacity_test] macro((0, 0)) ip(0 mram_addr(0000052C)) idx(0) write weight:1324, but recv weight: 1264090948
[2024-12-17 15:39:21] [ERROR] [capacity_test] macro((0, 0)) ip(0 mram_addr(0000052D)) idx(0) write weight:1325, but recv weight: 1261993796
[2024-12-17 15:39:21] [ERROR] [capacity_test] macro((0, 0)) ip(0 mram_addr(0000052E)) idx(0) write weight:1326, but recv weight: 1259896644
[2024-12-17 15:39:21] [ERROR] [capacity_test] macro((0, 0)) ip(0 mram_addr(0000052F)) idx(0) write weight:1327, but recv weight: 1257799492
[2024-12-17 15:39:21] [ERROR] [capacity_test] macro((0, 0)) ip(0 mram_addr(00000530)) idx(0) write weight:1328, but recv weight: 1255702340
[2024-12-17 15:39:21] [ERROR] [capacity_test] macro((0, 0)) ip(0 mram_addr(00000531)) idx(0) write weight:1329, but recv weight: 1253605188
[2024-12-17 15:39:21] [ERROR] [capacity_test] macro((0, 0)) ip(0 mram_addr(00000532)) idx(0) write weight:1330, but recv weight: 1251508036
[2024-12-17 15:39:21] [ERROR] [capacity_test] macro((0, 0)) ip(0 mram_addr(00000533)) idx(0) write weight:1331, but recv weight: 1249410884
[2024-12-17 15:39:21] [ERROR] [capacity_test] macro((0, 0)) ip(0 mram_addr(00000534)) idx(0) write weight:1332, but recv weight: 1247313732
[2024-12-17 15:39:21] [ERROR] [capacity_test] macro((0, 0)) ip(0 mram_addr(00000535)) idx(0) write weight:1333, but recv weight: 1245216580
[2024-12-17 15:39:21] [ERROR] [capacity_test] macro((0, 0)) ip(0 mram_addr(00000536)) idx(0) write weight:1334, but recv weight: 1243119428
[2024-12-17 15:39:21] [ERROR] [capacity_test] macro((0, 0)) ip(0 mram_addr(00000537)) idx(0) write weight:1335, but recv weight: 1241022276
[2024-12-17 15:39:21] [ERROR] [capacity_test] macro((0, 0)) ip(0 mram_addr(00000538)) idx(0) write weight:1336, but recv weight: 1238925124
[2024-12-17 15:39:21] [ERROR] [capacity_test] macro((0, 0)) ip(0 mram_addr(00000539)) idx(0) write weight:1337, but recv weight: 1236827972
[2024-12-17 15:39:21] [ERROR] [capacity_test] macro((0, 0)) ip(0 mram_addr(0000053A)) idx(0) write weight:1338, but recv weight: 1234730820
[2024-12-17 15:39:21] [ERROR] [capacity_test] macro((0, 0)) ip(0 mram_addr(0000053B)) idx(0) write weight:1339, but recv weight: 1232633668
[2024-12-17 15:39:21] [ERROR] [capacity_test] macro((0, 0)) ip(0 mram_addr(0000053C)) idx(0) write weight:1340, but recv weight: 1230536516
[2024-12-17 15:39:21] [ERROR] [capacity_test] macro((0, 0)) ip(0 mram_addr(0000053D)) idx(0) write weight:1341, but recv weight: 1228439364
[2024-12-17 15:39:21] [ERROR] [capacity_test] macro((0, 0)) ip(0 mram_addr(0000053E)) idx(0) write weight:1342, but recv weight: 1226342212
[2024-12-17 15:39:21] [ERROR] [capacity_test] macro((0, 0)) ip(0 mram_addr(0000053F)) idx(0) write weight:1343, but recv weight: 1224245060
[2024-12-17 15:39:21] [ERROR] [capacity_test] macro((0, 0)) ip(0 mram_addr(00000540)) idx(0) write weight:1344, but recv weight: 1222147908
[2024-12-17 15:39:21] [ERROR] [capacity_test] macro((0, 0)) ip(0 mram_addr(00000541)) idx(0) write weight:1345, but recv weight: 1220050756
[2024-12-17 15:39:21] [ERROR] [capacity_test] macro((0, 0)) ip(0 mram_addr(00000542)) idx(0) write weight:1346, but recv weight: 1217953604
[2024-12-17 15:39:21] [ERROR] [capacity_test] macro((0, 0)) ip(0 mram_addr(00000543)) idx(0) write weight:1347, but recv weight: 1215856452
[2024-12-17 15:39:21] [ERROR] [capacity_test] macro((0, 0)) ip(0 mram_addr(00000544)) idx(0) write weight:1348, but recv weight: 1213759300
[2024-12-17 15:39:21] [ERROR] [capacity_test] macro((0, 0)) ip(0 mram_addr(00000545)) idx(0) write weight:1349, but recv weight: 1211662148
[2024-12-17 15:39:21] [ERROR] [capacity_test] macro((0, 0)) ip(0 mram_addr(00000546)) idx(0) write weight:1350, but recv weight: 1209564996
[2024-12-17 15:39:21] [ERROR] [capacity_test] macro((0, 0)) ip(0 mram_addr(00000547)) idx(0) write weight:1351, but recv weight: 1207467844
[2024-12-17 15:39:21] [ERROR] [capacity_test] macro((0, 0)) ip(0 mram_addr(00000548)) idx(0) write weight:1352, but recv weight: 1205370692
[2024-12-17 15:39:21] [ERROR] [capacity_test] macro((0, 0)) ip(0 mram_addr(00000549)) idx(0) write weight:1353, but recv weight: 0
[2024-12-17 15:39:21] [ERROR] [capacity_test] macro((0, 0)) ip(0 mram_addr(0000054A)) idx(0) write weight:1354, but recv weight: 1304985412
[2024-12-17 15:39:21] [ERROR] [capacity_test] macro((0, 0)) ip(0 mram_addr(0000054B)) idx(0) write weight:1355, but recv weight: 1304985412
[2024-12-17 15:39:21] [ERROR] [capacity_test] macro((0, 0)) ip(0 mram_addr(0000054C)) idx(0) write weight:1356, but recv weight: 1304985412
[2024-12-17 15:39:21] [ERROR] [capacity_test] macro((0, 0)) ip(0 mram_addr(0000054D)) idx(0) write weight:1357, but recv weight: 1304985412
[2024-12-17 15:39:21] [ERROR] [capacity_test] macro((0, 0)) ip(0 mram_addr(0000054E)) idx(0) write weight:1358, but recv weight: 1304985412
[2024-12-17 15:39:21] [ERROR] [capacity_test] macro((0, 0)) ip(0 mram_addr(0000054F)) idx(0) write weight:1359, but recv weight: 1304985412
[2024-12-17 15:39:21] [ERROR] [capacity_test] macro((0, 0)) ip(0 mram_addr(00000550)) idx(0) write weight:1360, but recv weight: 1304985412
[2024-12-17 15:39:21] [ERROR] [capacity_test] macro((0, 0)) ip(0 mram_addr(00000551)) idx(0) write weight:1361, but recv weight: 1304985412
[2024-12-17 15:39:21] [ERROR] [capacity_test] macro((0, 0)) ip(0 mram_addr(00000552)) idx(0) write weight:1362, but recv weight: 1304985412
[2024-12-17 15:39:21] [ERROR] [capacity_test] macro((0, 0)) ip(0 mram_addr(00000553)) idx(0) write weight:1363, but recv weight: 1304985412
[2024-12-17 15:39:21] [ERROR] [capacity_test] macro((0, 0)) ip(0 mram_addr(00000554)) idx(0) write weight:1364, but recv weight: 1304985412
[2024-12-17 15:39:21] [ERROR] [capacity_test] macro((0, 0)) ip(0 mram_addr(00000555)) idx(0) write weight:1365, but recv weight: 1304985412
[2024-12-17 15:39:21] [ERROR] [capacity_test] macro((0, 0)) ip(0 mram_addr(00000556)) idx(0) write weight:1366, but recv weight: 1304985412
[2024-12-17 15:39:21] [ERROR] [capacity_test] macro((0, 0)) ip(0 mram_addr(00000557)) idx(0) write weight:1367, but recv weight: 1304985412
[2024-12-17 15:39:21] [ERROR] [capacity_test] macro((0, 0)) ip(0 mram_addr(00000558)) idx(0) write weight:1368, but recv weight: 1304985412
[2024-12-17 15:39:21] [ERROR] [capacity_test] macro((0, 0)) ip(0 mram_addr(00000559)) idx(0) write weight:1369, but recv weight: 1303936836
[2024-12-17 15:39:21] [ERROR] [capacity_test] macro((0, 0)) ip(0 mram_addr(0000055A)) idx(0) write weight:1370, but recv weight: 1303936836
[2024-12-17 15:39:21] [ERROR] [capacity_test] macro((0, 0)) ip(0 mram_addr(0000055B)) idx(0) write weight:1371, but recv weight: 1303936836
[2024-12-17 15:39:21] [ERROR] [capacity_test] macro((0, 0)) ip(0 mram_addr(0000055C)) idx(0) write weight:1372, but recv weight: 1303936836
[2024-12-17 15:39:21] [ERROR] [capacity_test] macro((0, 0)) ip(0 mram_addr(0000055D)) idx(0) write weight:1373, but recv weight: 1303936836
[2024-12-17 15:39:21] [ERROR] [capacity_test] macro((0, 0)) ip(0 mram_addr(0000055E)) idx(0) write weight:1374, but recv weight: 1303936836
[2024-12-17 15:39:21] [ERROR] [capacity_test] macro((0, 0)) ip(0 mram_addr(0000055F)) idx(0) write weight:1375, but recv weight: 1303936836
[2024-12-17 15:39:21] [ERROR] [capacity_test] macro((0, 0)) ip(0 mram_addr(00000560)) idx(0) write weight:1376, but recv weight: 1303936836
[2024-12-17 15:39:21] [ERROR] [capacity_test] macro((0, 0)) ip(0 mram_addr(00000561)) idx(0) write weight:1377, but recv weight: 1303936836
[2024-12-17 15:39:21] [ERROR] [capacity_test] macro((0, 0)) ip(0 mram_addr(00000562)) idx(0) write weight:1378, but recv weight: 1303936836
[2024-12-17 15:39:21] [ERROR] [capacity_test] macro((0, 0)) ip(0 mram_addr(00000563)) idx(0) write weight:1379, but recv weight: 1303936836
[2024-12-17 15:39:21] [ERROR] [capacity_test] macro((0, 0)) ip(0 mram_addr(00000564)) idx(0) write weight:1380, but recv weight: 1303936836
[2024-12-17 15:39:21] [ERROR] [capacity_test] macro((0, 0)) ip(0 mram_addr(00000565)) idx(0) write weight:1381, but recv weight: 1303936836
[2024-12-17 15:39:21] [ERROR] [capacity_test] macro((0, 0)) ip(0 mram_addr(00000566)) idx(0) write weight:1382, but recv weight: 1303936836
[2024-12-17 15:39:21] [ERROR] [capacity_test] macro((0, 0)) ip(0 mram_addr(00000567)) idx(0) write weight:1383, but recv weight: 1302888260
[2024-12-17 15:39:21] [ERROR] [capacity_test] macro((0, 0)) ip(0 mram_addr(00000568)) idx(0) write weight:1384, but recv weight: 1302888260
[2024-12-17 15:39:21] [ERROR] [capacity_test] macro((0, 0)) ip(0 mram_addr(00000569)) idx(0) write weight:1385, but recv weight: 1301839684
[2024-12-17 15:39:21] [ERROR] [capacity_test] macro((0, 0)) ip(0 mram_addr(0000056A)) idx(0) write weight:1386, but recv weight: 1301839684
[2024-12-17 15:39:21] [ERROR] [capacity_test] macro((0, 0)) ip(0 mram_addr(0000056B)) idx(0) write weight:1387, but recv weight: 1300791108
[2024-12-17 15:39:21] [ERROR] [capacity_test] macro((0, 0)) ip(0 mram_addr(0000056C)) idx(0) write weight:1388, but recv weight: 1300791108
[2024-12-17 15:39:21] [ERROR] [capacity_test] macro((0, 0)) ip(0 mram_addr(0000056D)) idx(0) write weight:1389, but recv weight: 1299742532
[2024-12-17 15:39:21] [ERROR] [capacity_test] macro((0, 0)) ip(0 mram_addr(0000056E)) idx(0) write weight:1390, but recv weight: 1299742532
[2024-12-17 15:39:21] [ERROR] [capacity_test] macro((0, 0)) ip(0 mram_addr(0000056F)) idx(0) write weight:1391, but recv weight: 1298693956
[2024-12-17 15:39:21] [ERROR] [capacity_test] macro((0, 0)) ip(0 mram_addr(00000570)) idx(0) write weight:1392, but recv weight: 1298693956
[2024-12-17 15:39:21] [ERROR] [capacity_test] macro((0, 0)) ip(0 mram_addr(00000571)) idx(0) write weight:1393, but recv weight: 1297645380
[2024-12-17 15:39:21] [ERROR] [capacity_test] macro((0, 0)) ip(0 mram_addr(00000572)) idx(0) write weight:1394, but recv weight: 1297645380
[2024-12-17 15:39:21] [ERROR] [capacity_test] macro((0, 0)) ip(0 mram_addr(00000573)) idx(0) write weight:1395, but recv weight: 1296596804
[2024-12-17 15:39:21] [ERROR] [capacity_test] macro((0, 0)) ip(0 mram_addr(00000574)) idx(0) write weight:1396, but recv weight: 1296596804
[2024-12-17 15:39:21] [ERROR] [capacity_test] macro((0, 0)) ip(0 mram_addr(00000575)) idx(0) write weight:1397, but recv weight: 1295548228
[2024-12-17 15:39:21] [ERROR] [capacity_test] macro((0, 0)) ip(0 mram_addr(00000576)) idx(0) write weight:1398, but recv weight: 1295548228
[2024-12-17 15:39:21] [ERROR] [capacity_test] macro((0, 0)) ip(0 mram_addr(00000577)) idx(0) write weight:1399, but recv weight: 1294499652
[2024-12-17 15:39:21] [ERROR] [capacity_test] macro((0, 0)) ip(0 mram_addr(00000578)) idx(0) write weight:1400, but recv weight: 1294499652
[2024-12-17 15:39:21] [ERROR] [capacity_test] macro((0, 0)) ip(0 mram_addr(00000579)) idx(0) write weight:1401, but recv weight: 1293451076
[2024-12-17 15:39:21] [ERROR] [capacity_test] macro((0, 0)) ip(0 mram_addr(0000057A)) idx(0) write weight:1402, but recv weight: 1293451076
[2024-12-17 15:39:21] [ERROR] [capacity_test] macro((0, 0)) ip(0 mram_addr(0000057B)) idx(0) write weight:1403, but recv weight: 1292402500
[2024-12-17 15:39:21] [ERROR] [capacity_test] macro((0, 0)) ip(0 mram_addr(0000057C)) idx(0) write weight:1404, but recv weight: 1292402500
[2024-12-17 15:39:21] [ERROR] [capacity_test] macro((0, 0)) ip(0 mram_addr(0000057D)) idx(0) write weight:1405, but recv weight: 1291353924
[2024-12-17 15:39:21] [ERROR] [capacity_test] macro((0, 0)) ip(0 mram_addr(0000057E)) idx(0) write weight:1406, but recv weight: 1291353924
[2024-12-17 15:39:21] [ERROR] [capacity_test] macro((0, 0)) ip(0 mram_addr(0000057F)) idx(0) write weight:1407, but recv weight: 1290305348
[2024-12-17 15:39:21] [ERROR] [capacity_test] macro((0, 0)) ip(0 mram_addr(00000580)) idx(0) write weight:1408, but recv weight: 1290305348
[2024-12-17 15:39:21] [ERROR] [capacity_test] macro((0, 0)) ip(0 mram_addr(00000581)) idx(0) write weight:1409, but recv weight: 1289256772
[2024-12-17 15:39:21] [ERROR] [capacity_test] macro((0, 0)) ip(0 mram_addr(00000582)) idx(0) write weight:1410, but recv weight: 1289256772
[2024-12-17 15:39:21] [ERROR] [capacity_test] macro((0, 0)) ip(0 mram_addr(00000583)) idx(0) write weight:1411, but recv weight: 1288208196
[2024-12-17 15:39:21] [ERROR] [capacity_test] macro((0, 0)) ip(0 mram_addr(00000584)) idx(0) write weight:1412, but recv weight: 1288208196
[2024-12-17 15:39:21] [ERROR] [capacity_test] macro((0, 0)) ip(0 mram_addr(00000585)) idx(0) write weight:1413, but recv weight: 1287159620
[2024-12-17 15:39:21] [ERROR] [capacity_test] macro((0, 0)) ip(0 mram_addr(00000586)) idx(0) write weight:1414, but recv weight: 1287159620
[2024-12-17 15:39:21] [ERROR] [capacity_test] macro((0, 0)) ip(0 mram_addr(00000587)) idx(0) write weight:1415, but recv weight: 1286111044
[2024-12-17 15:39:21] [ERROR] [capacity_test] macro((0, 0)) ip(0 mram_addr(00000588)) idx(0) write weight:1416, but recv weight: 1286111044
[2024-12-17 15:39:21] [ERROR] [capacity_test] macro((0, 0)) ip(0 mram_addr(00000589)) idx(0) write weight:1417, but recv weight: 1285062468
[2024-12-17 15:39:21] [ERROR] [capacity_test] macro((0, 0)) ip(0 mram_addr(0000058A)) idx(0) write weight:1418, but recv weight: 1285062468
[2024-12-17 15:39:21] [ERROR] [capacity_test] macro((0, 0)) ip(0 mram_addr(0000058B)) idx(0) write weight:1419, but recv weight: 1284013892
[2024-12-17 15:39:21] [ERROR] [capacity_test] macro((0, 0)) ip(0 mram_addr(0000058C)) idx(0) write weight:1420, but recv weight: 1284013892
[2024-12-17 15:39:21] [ERROR] [capacity_test] macro((0, 0)) ip(0 mram_addr(0000058D)) idx(0) write weight:1421, but recv weight: 1282965316
[2024-12-17 15:39:21] [ERROR] [capacity_test] macro((0, 0)) ip(0 mram_addr(0000058E)) idx(0) write weight:1422, but recv weight: 1282965316
[2024-12-17 15:39:21] [ERROR] [capacity_test] macro((0, 0)) ip(0 mram_addr(0000058F)) idx(0) write weight:1423, but recv weight: 1281916740
[2024-12-17 15:39:21] [ERROR] [capacity_test] macro((0, 0)) ip(0 mram_addr(00000590)) idx(0) write weight:1424, but recv weight: 1281916740
[2024-12-17 15:39:21] [ERROR] [capacity_test] macro((0, 0)) ip(0 mram_addr(00000591)) idx(0) write weight:1425, but recv weight: 1280868164
[2024-12-17 15:39:21] [ERROR] [capacity_test] macro((0, 0)) ip(0 mram_addr(00000592)) idx(0) write weight:1426, but recv weight: 1280868164
[2024-12-17 15:39:21] [ERROR] [capacity_test] macro((0, 0)) ip(0 mram_addr(00000593)) idx(0) write weight:1427, but recv weight: 1279819588
[2024-12-17 15:39:21] [ERROR] [capacity_test] macro((0, 0)) ip(0 mram_addr(00000594)) idx(0) write weight:1428, but recv weight: 1279819588
[2024-12-17 15:39:21] [ERROR] [capacity_test] macro((0, 0)) ip(0 mram_addr(00000595)) idx(0) write weight:1429, but recv weight: 1278771012
[2024-12-17 15:39:21] [ERROR] [capacity_test] macro((0, 0)) ip(0 mram_addr(00000596)) idx(0) write weight:1430, but recv weight: 1278771012
[2024-12-17 15:39:21] [ERROR] [capacity_test] macro((0, 0)) ip(0 mram_addr(00000597)) idx(0) write weight:1431, but recv weight: 1277722436
[2024-12-17 15:39:21] [ERROR] [capacity_test] macro((0, 0)) ip(0 mram_addr(00000598)) idx(0) write weight:1432, but recv weight: 1277722436
[2024-12-17 15:39:21] [ERROR] [capacity_test] macro((0, 0)) ip(0 mram_addr(00000599)) idx(0) write weight:1433, but recv weight: 1276673860
[2024-12-17 15:39:21] [ERROR] [capacity_test] macro((0, 0)) ip(0 mram_addr(0000059A)) idx(0) write weight:1434, but recv weight: 1276673860
[2024-12-17 15:39:21] [ERROR] [capacity_test] macro((0, 0)) ip(0 mram_addr(0000059B)) idx(0) write weight:1435, but recv weight: 1275625284
[2024-12-17 15:39:21] [ERROR] [capacity_test] macro((0, 0)) ip(0 mram_addr(0000059C)) idx(0) write weight:1436, but recv weight: 1275625284
[2024-12-17 15:39:21] [ERROR] [capacity_test] macro((0, 0)) ip(0 mram_addr(0000059D)) idx(0) write weight:1437, but recv weight: 1274576708
[2024-12-17 15:39:21] [ERROR] [capacity_test] macro((0, 0)) ip(0 mram_addr(0000059E)) idx(0) write weight:1438, but recv weight: 1274576708
[2024-12-17 15:39:21] [ERROR] [capacity_test] macro((0, 0)) ip(0 mram_addr(0000059F)) idx(0) write weight:1439, but recv weight: 1273528132
[2024-12-17 15:39:21] [ERROR] [capacity_test] macro((0, 0)) ip(0 mram_addr(000005A0)) idx(0) write weight:1440, but recv weight: 1273528132
[2024-12-17 15:39:21] [ERROR] [capacity_test] macro((0, 0)) ip(0 mram_addr(000005A1)) idx(0) write weight:1441, but recv weight: 1272479556
[2024-12-17 15:39:21] [ERROR] [capacity_test] macro((0, 0)) ip(0 mram_addr(000005A2)) idx(0) write weight:1442, but recv weight: 1272479556
[2024-12-17 15:39:21] [ERROR] [capacity_test] macro((0, 0)) ip(0 mram_addr(000005A3)) idx(0) write weight:1443, but recv weight: 1271430980
[2024-12-17 15:39:21] [ERROR] [capacity_test] macro((0, 0)) ip(0 mram_addr(000005A4)) idx(0) write weight:1444, but recv weight: 1271430980
[2024-12-17 15:39:21] [ERROR] [capacity_test] macro((0, 0)) ip(0 mram_addr(000005A5)) idx(0) write weight:1445, but recv weight: 1270382404
[2024-12-17 15:39:21] [ERROR] [capacity_test] macro((0, 0)) ip(0 mram_addr(000005A6)) idx(0) write weight:1446, but recv weight: 1270382404
[2024-12-17 15:39:21] [ERROR] [capacity_test] macro((0, 0)) ip(0 mram_addr(000005A7)) idx(0) write weight:1447, but recv weight: 1269333828
[2024-12-17 15:39:21] [ERROR] [capacity_test] macro((0, 0)) ip(0 mram_addr(000005A8)) idx(0) write weight:1448, but recv weight: 1269333828
[2024-12-17 15:39:21] [ERROR] [capacity_test] macro((0, 0)) ip(0 mram_addr(000005A9)) idx(0) write weight:1449, but recv weight: 1268285252
[2024-12-17 15:39:21] [ERROR] [capacity_test] macro((0, 0)) ip(0 mram_addr(000005AA)) idx(0) write weight:1450, but recv weight: 1266188100
[2024-12-17 15:39:21] [ERROR] [capacity_test] macro((0, 0)) ip(0 mram_addr(000005AB)) idx(0) write weight:1451, but recv weight: 1264090948
[2024-12-17 15:39:21] [ERROR] [capacity_test] macro((0, 0)) ip(0 mram_addr(000005AC)) idx(0) write weight:1452, but recv weight: 1261993796
[2024-12-17 15:39:21] [ERROR] [capacity_test] macro((0, 0)) ip(0 mram_addr(000005AD)) idx(0) write weight:1453, but recv weight: 1259896644
[2024-12-17 15:39:21] [ERROR] [capacity_test] macro((0, 0)) ip(0 mram_addr(000005AE)) idx(0) write weight:1454, but recv weight: 1257799492
[2024-12-17 15:39:21] [ERROR] [capacity_test] macro((0, 0)) ip(0 mram_addr(000005AF)) idx(0) write weight:1455, but recv weight: 1255702340
[2024-12-17 15:39:21] [ERROR] [capacity_test] macro((0, 0)) ip(0 mram_addr(000005B0)) idx(0) write weight:1456, but recv weight: 1253605188
[2024-12-17 15:39:21] [ERROR] [capacity_test] macro((0, 0)) ip(0 mram_addr(000005B1)) idx(0) write weight:1457, but recv weight: 1251508036
[2024-12-17 15:39:21] [ERROR] [capacity_test] macro((0, 0)) ip(0 mram_addr(000005B2)) idx(0) write weight:1458, but recv weight: 1249410884
[2024-12-17 15:39:21] [ERROR] [capacity_test] macro((0, 0)) ip(0 mram_addr(000005B3)) idx(0) write weight:1459, but recv weight: 1247313732
[2024-12-17 15:39:21] [ERROR] [capacity_test] macro((0, 0)) ip(0 mram_addr(000005B4)) idx(0) write weight:1460, but recv weight: 1245216580
[2024-12-17 15:39:21] [ERROR] [capacity_test] macro((0, 0)) ip(0 mram_addr(000005B5)) idx(0) write weight:1461, but recv weight: 1243119428
[2024-12-17 15:39:21] [ERROR] [capacity_test] macro((0, 0)) ip(0 mram_addr(000005B6)) idx(0) write weight:1462, but recv weight: 1241022276
[2024-12-17 15:39:21] [ERROR] [capacity_test] macro((0, 0)) ip(0 mram_addr(000005B7)) idx(0) write weight:1463, but recv weight: 1238925124
[2024-12-17 15:39:21] [ERROR] [capacity_test] macro((0, 0)) ip(0 mram_addr(000005B8)) idx(0) write weight:1464, but recv weight: 1236827972
[2024-12-17 15:39:21] [ERROR] [capacity_test] macro((0, 0)) ip(0 mram_addr(000005B9)) idx(0) write weight:1465, but recv weight: 1234730820
[2024-12-17 15:39:21] [ERROR] [capacity_test] macro((0, 0)) ip(0 mram_addr(000005BA)) idx(0) write weight:1466, but recv weight: 1232633668
[2024-12-17 15:39:21] [ERROR] [capacity_test] macro((0, 0)) ip(0 mram_addr(000005BB)) idx(0) write weight:1467, but recv weight: 1230536516
[2024-12-17 15:39:21] [ERROR] [capacity_test] macro((0, 0)) ip(0 mram_addr(000005BC)) idx(0) write weight:1468, but recv weight: 1228439364
[2024-12-17 15:39:21] [ERROR] [capacity_test] macro((0, 0)) ip(0 mram_addr(000005BD)) idx(0) write weight:1469, but recv weight: 1226342212
[2024-12-17 15:39:21] [ERROR] [capacity_test] macro((0, 0)) ip(0 mram_addr(000005BE)) idx(0) write weight:1470, but recv weight: 1224245060
[2024-12-17 15:39:21] [ERROR] [capacity_test] macro((0, 0)) ip(0 mram_addr(000005BF)) idx(0) write weight:1471, but recv weight: 1222147908
[2024-12-17 15:39:21] [ERROR] [capacity_test] macro((0, 0)) ip(0 mram_addr(000005C0)) idx(0) write weight:1472, but recv weight: 1220050756
[2024-12-17 15:39:21] [ERROR] [capacity_test] macro((0, 0)) ip(0 mram_addr(000005C1)) idx(0) write weight:1473, but recv weight: 1217953604
[2024-12-17 15:39:21] [ERROR] [capacity_test] macro((0, 0)) ip(0 mram_addr(000005C2)) idx(0) write weight:1474, but recv weight: 1215856452
[2024-12-17 15:39:21] [ERROR] [capacity_test] macro((0, 0)) ip(0 mram_addr(000005C3)) idx(0) write weight:1475, but recv weight: 1213759300
[2024-12-17 15:39:21] [ERROR] [capacity_test] macro((0, 0)) ip(0 mram_addr(000005C4)) idx(0) write weight:1476, but recv weight: 1211662148
[2024-12-17 15:39:21] [ERROR] [capacity_test] macro((0, 0)) ip(0 mram_addr(000005C5)) idx(0) write weight:1477, but recv weight: 1209564996
[2024-12-17 15:39:21] [ERROR] [capacity_test] macro((0, 0)) ip(0 mram_addr(000005C6)) idx(0) write weight:1478, but recv weight: 1207467844
[2024-12-17 15:39:21] [ERROR] [capacity_test] macro((0, 0)) ip(0 mram_addr(000005C7)) idx(0) write weight:1479, but recv weight: 1205370692
[2024-12-17 15:39:21] [ERROR] [capacity_test] macro((0, 0)) ip(0 mram_addr(000005C8)) idx(0) write weight:1480, but recv weight: 1306033988
[2024-12-17 15:39:21] [ERROR] [capacity_test] macro((0, 0)) ip(0 mram_addr(000005C9)) idx(0) write weight:1481, but recv weight: 1304985412
[2024-12-17 15:39:21] [ERROR] [capacity_test] macro((0, 0)) ip(0 mram_addr(000005CA)) idx(0) write weight:1482, but recv weight: 1304985412
[2024-12-17 15:39:21] [ERROR] [capacity_test] macro((0, 0)) ip(0 mram_addr(000005CB)) idx(0) write weight:1483, but recv weight: 1304985412
[2024-12-17 15:39:21] [ERROR] [capacity_test] macro((0, 0)) ip(0 mram_addr(000005CC)) idx(0) write weight:1484, but recv weight: 1304985412
[2024-12-17 15:39:21] [ERROR] [capacity_test] macro((0, 0)) ip(0 mram_addr(000005CD)) idx(0) write weight:1485, but recv weight: 1304985412
[2024-12-17 15:39:21] [ERROR] [capacity_test] macro((0, 0)) ip(0 mram_addr(000005CE)) idx(0) write weight:1486, but recv weight: 1304985412
[2024-12-17 15:39:21] [ERROR] [capacity_test] macro((0, 0)) ip(0 mram_addr(000005CF)) idx(0) write weight:1487, but recv weight: 1304985412
[2024-12-17 15:39:21] [ERROR] [capacity_test] macro((0, 0)) ip(0 mram_addr(000005D0)) idx(0) write weight:1488, but recv weight: 1304985412
[2024-12-17 15:39:21] [ERROR] [capacity_test] macro((0, 0)) ip(0 mram_addr(000005D1)) idx(0) write weight:1489, but recv weight: 1304985412
[2024-12-17 15:39:21] [ERROR] [capacity_test] macro((0, 0)) ip(0 mram_addr(000005D2)) idx(0) write weight:1490, but recv weight: 1304985412
[2024-12-17 15:39:21] [ERROR] [capacity_test] macro((0, 0)) ip(0 mram_addr(000005D3)) idx(0) write weight:1491, but recv weight: 1304985412
[2024-12-17 15:39:21] [ERROR] [capacity_test] macro((0, 0)) ip(0 mram_addr(000005D4)) idx(0) write weight:1492, but recv weight: 1304985412
[2024-12-17 15:39:21] [ERROR] [capacity_test] macro((0, 0)) ip(0 mram_addr(000005D5)) idx(0) write weight:1493, but recv weight: 1304985412
[2024-12-17 15:39:21] [ERROR] [capacity_test] macro((0, 0)) ip(0 mram_addr(000005D6)) idx(0) write weight:1494, but recv weight: 1304985412
[2024-12-17 15:39:21] [ERROR] [capacity_test] macro((0, 0)) ip(0 mram_addr(000005D7)) idx(0) write weight:1495, but recv weight: 1304985412
[2024-12-17 15:39:21] [ERROR] [capacity_test] macro((0, 0)) ip(0 mram_addr(000005D8)) idx(0) write weight:1496, but recv weight: 1304985412
[2024-12-17 15:39:21] [ERROR] [capacity_test] macro((0, 0)) ip(0 mram_addr(000005D9)) idx(0) write weight:1497, but recv weight: 1303936836
[2024-12-17 15:39:21] [ERROR] [capacity_test] macro((0, 0)) ip(0 mram_addr(000005DA)) idx(0) write weight:1498, but recv weight: 1303936836
[2024-12-17 15:39:21] [ERROR] [capacity_test] macro((0, 0)) ip(0 mram_addr(000005DB)) idx(0) write weight:1499, but recv weight: 1303936836
[2024-12-17 15:39:21] [ERROR] [capacity_test] macro((0, 0)) ip(0 mram_addr(000005DC)) idx(0) write weight:1500, but recv weight: 1303936836
[2024-12-17 15:39:21] [ERROR] [capacity_test] macro((0, 0)) ip(0 mram_addr(000005DD)) idx(0) write weight:1501, but recv weight: 1303936836
[2024-12-17 15:39:21] [ERROR] [capacity_test] macro((0, 0)) ip(0 mram_addr(000005DE)) idx(0) write weight:1502, but recv weight: 1303936836
[2024-12-17 15:39:21] [ERROR] [capacity_test] macro((0, 0)) ip(0 mram_addr(000005DF)) idx(0) write weight:1503, but recv weight: 1303936836
[2024-12-17 15:39:21] [ERROR] [capacity_test] macro((0, 0)) ip(0 mram_addr(000005E0)) idx(0) write weight:1504, but recv weight: 1303936836
[2024-12-17 15:39:21] [ERROR] [capacity_test] macro((0, 0)) ip(0 mram_addr(000005E1)) idx(0) write weight:1505, but recv weight: 1303936836
[2024-12-17 15:39:21] [ERROR] [capacity_test] macro((0, 0)) ip(0 mram_addr(000005E2)) idx(0) write weight:1506, but recv weight: 1303936836
[2024-12-17 15:39:21] [ERROR] [capacity_test] macro((0, 0)) ip(0 mram_addr(000005E3)) idx(0) write weight:1507, but recv weight: 1303936836
[2024-12-17 15:39:21] [ERROR] [capacity_test] macro((0, 0)) ip(0 mram_addr(000005E4)) idx(0) write weight:1508, but recv weight: 1303936836
[2024-12-17 15:39:21] [ERROR] [capacity_test] macro((0, 0)) ip(0 mram_addr(000005E5)) idx(0) write weight:1509, but recv weight: 1303936836
[2024-12-17 15:39:21] [ERROR] [capacity_test] macro((0, 0)) ip(0 mram_addr(000005E6)) idx(0) write weight:1510, but recv weight: 1303936836
[2024-12-17 15:39:21] [ERROR] [capacity_test] macro((0, 0)) ip(0 mram_addr(000005E7)) idx(0) write weight:1511, but recv weight: 1302888260
[2024-12-17 15:39:21] [ERROR] [capacity_test] macro((0, 0)) ip(0 mram_addr(000005E8)) idx(0) write weight:1512, but recv weight: 1302888260
[2024-12-17 15:39:21] [ERROR] [capacity_test] macro((0, 0)) ip(0 mram_addr(000005E9)) idx(0) write weight:1513, but recv weight: 1301839684
[2024-12-17 15:39:21] [ERROR] [capacity_test] macro((0, 0)) ip(0 mram_addr(000005EA)) idx(0) write weight:1514, but recv weight: 1301839684
[2024-12-17 15:39:21] [ERROR] [capacity_test] macro((0, 0)) ip(0 mram_addr(000005EB)) idx(0) write weight:1515, but recv weight: 1300791108
[2024-12-17 15:39:21] [ERROR] [capacity_test] macro((0, 0)) ip(0 mram_addr(000005EC)) idx(0) write weight:1516, but recv weight: 1300791108
[2024-12-17 15:39:21] [ERROR] [capacity_test] macro((0, 0)) ip(0 mram_addr(000005ED)) idx(0) write weight:1517, but recv weight: 1299742532
[2024-12-17 15:39:21] [ERROR] [capacity_test] macro((0, 0)) ip(0 mram_addr(000005EE)) idx(0) write weight:1518, but recv weight: 1299742532
[2024-12-17 15:39:21] [ERROR] [capacity_test] macro((0, 0)) ip(0 mram_addr(000005EF)) idx(0) write weight:1519, but recv weight: 1298693956
[2024-12-17 15:39:21] [ERROR] [capacity_test] macro((0, 0)) ip(0 mram_addr(000005F0)) idx(0) write weight:1520, but recv weight: 1298693956
[2024-12-17 15:39:21] [ERROR] [capacity_test] macro((0, 0)) ip(0 mram_addr(000005F1)) idx(0) write weight:1521, but recv weight: 1297645380
[2024-12-17 15:39:21] [ERROR] [capacity_test] macro((0, 0)) ip(0 mram_addr(000005F2)) idx(0) write weight:1522, but recv weight: 1297645380
[2024-12-17 15:39:21] [ERROR] [capacity_test] macro((0, 0)) ip(0 mram_addr(000005F3)) idx(0) write weight:1523, but recv weight: 1296596804
[2024-12-17 15:39:21] [ERROR] [capacity_test] macro((0, 0)) ip(0 mram_addr(000005F4)) idx(0) write weight:1524, but recv weight: 1296596804
[2024-12-17 15:39:21] [ERROR] [capacity_test] macro((0, 0)) ip(0 mram_addr(000005F5)) idx(0) write weight:1525, but recv weight: 1295548228
[2024-12-17 15:39:21] [ERROR] [capacity_test] macro((0, 0)) ip(0 mram_addr(000005F6)) idx(0) write weight:1526, but recv weight: 1295548228
[2024-12-17 15:39:21] [ERROR] [capacity_test] macro((0, 0)) ip(0 mram_addr(000005F7)) idx(0) write weight:1527, but recv weight: 1294499652
[2024-12-17 15:39:21] [ERROR] [capacity_test] macro((0, 0)) ip(0 mram_addr(000005F8)) idx(0) write weight:1528, but recv weight: 1294499652
[2024-12-17 15:39:21] [ERROR] [capacity_test] macro((0, 0)) ip(0 mram_addr(000005F9)) idx(0) write weight:1529, but recv weight: 1293451076
[2024-12-17 15:39:21] [ERROR] [capacity_test] macro((0, 0)) ip(0 mram_addr(000005FA)) idx(0) write weight:1530, but recv weight: 1293451076
[2024-12-17 15:39:21] [ERROR] [capacity_test] macro((0, 0)) ip(0 mram_addr(000005FB)) idx(0) write weight:1531, but recv weight: 1292402500
[2024-12-17 15:39:21] [ERROR] [capacity_test] macro((0, 0)) ip(0 mram_addr(000005FC)) idx(0) write weight:1532, but recv weight: 1292402500
[2024-12-17 15:39:21] [ERROR] [capacity_test] macro((0, 0)) ip(0 mram_addr(000005FD)) idx(0) write weight:1533, but recv weight: 1291353924
[2024-12-17 15:39:21] [ERROR] [capacity_test] macro((0, 0)) ip(0 mram_addr(000005FE)) idx(0) write weight:1534, but recv weight: 1291353924
[2024-12-17 15:39:21] [ERROR] [capacity_test] macro((0, 0)) ip(0 mram_addr(000005FF)) idx(0) write weight:1535, but recv weight: 1290305348
[2024-12-17 15:39:21] [ERROR] [capacity_test] macro((0, 0)) ip(0 mram_addr(00000600)) idx(0) write weight:1536, but recv weight: 1290305348
[2024-12-17 15:39:21] [ERROR] [capacity_test] macro((0, 0)) ip(0 mram_addr(00000601)) idx(0) write weight:1537, but recv weight: 1289256772
[2024-12-17 15:39:21] [ERROR] [capacity_test] macro((0, 0)) ip(0 mram_addr(00000602)) idx(0) write weight:1538, but recv weight: 1289256772
[2024-12-17 15:39:21] [ERROR] [capacity_test] macro((0, 0)) ip(0 mram_addr(00000603)) idx(0) write weight:1539, but recv weight: 1288208196
[2024-12-17 15:39:21] [ERROR] [capacity_test] macro((0, 0)) ip(0 mram_addr(00000604)) idx(0) write weight:1540, but recv weight: 1288208196
[2024-12-17 15:39:21] [ERROR] [capacity_test] macro((0, 0)) ip(0 mram_addr(00000605)) idx(0) write weight:1541, but recv weight: 1287159620
[2024-12-17 15:39:21] [ERROR] [capacity_test] macro((0, 0)) ip(0 mram_addr(00000606)) idx(0) write weight:1542, but recv weight: 1287159620
[2024-12-17 15:39:21] [ERROR] [capacity_test] macro((0, 0)) ip(0 mram_addr(00000607)) idx(0) write weight:1543, but recv weight: 1286111044
[2024-12-17 15:39:21] [ERROR] [capacity_test] macro((0, 0)) ip(0 mram_addr(00000608)) idx(0) write weight:1544, but recv weight: 1286111044
[2024-12-17 15:39:21] [ERROR] [capacity_test] macro((0, 0)) ip(0 mram_addr(00000609)) idx(0) write weight:1545, but recv weight: 1285062468
[2024-12-17 15:39:21] [ERROR] [capacity_test] macro((0, 0)) ip(0 mram_addr(0000060A)) idx(0) write weight:1546, but recv weight: 1285062468
[2024-12-17 15:39:21] [ERROR] [capacity_test] macro((0, 0)) ip(0 mram_addr(0000060B)) idx(0) write weight:1547, but recv weight: 1284013892
[2024-12-17 15:39:21] [ERROR] [capacity_test] macro((0, 0)) ip(0 mram_addr(0000060C)) idx(0) write weight:1548, but recv weight: 1284013892
[2024-12-17 15:39:21] [ERROR] [capacity_test] macro((0, 0)) ip(0 mram_addr(0000060D)) idx(0) write weight:1549, but recv weight: 1282965316
[2024-12-17 15:39:21] [ERROR] [capacity_test] macro((0, 0)) ip(0 mram_addr(0000060E)) idx(0) write weight:1550, but recv weight: 1282965316
[2024-12-17 15:39:21] [ERROR] [capacity_test] macro((0, 0)) ip(0 mram_addr(0000060F)) idx(0) write weight:1551, but recv weight: 1281916740
[2024-12-17 15:39:21] [ERROR] [capacity_test] macro((0, 0)) ip(0 mram_addr(00000610)) idx(0) write weight:1552, but recv weight: 1281916740
[2024-12-17 15:39:21] [ERROR] [capacity_test] macro((0, 0)) ip(0 mram_addr(00000611)) idx(0) write weight:1553, but recv weight: 1280868164
[2024-12-17 15:39:21] [ERROR] [capacity_test] macro((0, 0)) ip(0 mram_addr(00000612)) idx(0) write weight:1554, but recv weight: 1280868164
[2024-12-17 15:39:21] [ERROR] [capacity_test] macro((0, 0)) ip(0 mram_addr(00000613)) idx(0) write weight:1555, but recv weight: 1279819588
[2024-12-17 15:39:21] [ERROR] [capacity_test] macro((0, 0)) ip(0 mram_addr(00000614)) idx(0) write weight:1556, but recv weight: 1279819588
[2024-12-17 15:39:21] [ERROR] [capacity_test] macro((0, 0)) ip(0 mram_addr(00000615)) idx(0) write weight:1557, but recv weight: 1278771012
[2024-12-17 15:39:21] [ERROR] [capacity_test] macro((0, 0)) ip(0 mram_addr(00000616)) idx(0) write weight:1558, but recv weight: 1278771012
[2024-12-17 15:39:21] [ERROR] [capacity_test] macro((0, 0)) ip(0 mram_addr(00000617)) idx(0) write weight:1559, but recv weight: 1277722436
[2024-12-17 15:39:21] [ERROR] [capacity_test] macro((0, 0)) ip(0 mram_addr(00000618)) idx(0) write weight:1560, but recv weight: 1277722436
[2024-12-17 15:39:21] [ERROR] [capacity_test] macro((0, 0)) ip(0 mram_addr(00000619)) idx(0) write weight:1561, but recv weight: 1276673860
[2024-12-17 15:39:21] [ERROR] [capacity_test] macro((0, 0)) ip(0 mram_addr(0000061A)) idx(0) write weight:1562, but recv weight: 1276673860
[2024-12-17 15:39:21] [ERROR] [capacity_test] macro((0, 0)) ip(0 mram_addr(0000061B)) idx(0) write weight:1563, but recv weight: 1275625284
[2024-12-17 15:39:21] [ERROR] [capacity_test] macro((0, 0)) ip(0 mram_addr(0000061C)) idx(0) write weight:1564, but recv weight: 1275625284
[2024-12-17 15:39:21] [ERROR] [capacity_test] macro((0, 0)) ip(0 mram_addr(0000061D)) idx(0) write weight:1565, but recv weight: 1274576708
[2024-12-17 15:39:21] [ERROR] [capacity_test] macro((0, 0)) ip(0 mram_addr(0000061E)) idx(0) write weight:1566, but recv weight: 1274576708
[2024-12-17 15:39:21] [ERROR] [capacity_test] macro((0, 0)) ip(0 mram_addr(0000061F)) idx(0) write weight:1567, but recv weight: 1273528132
[2024-12-17 15:39:21] [ERROR] [capacity_test] macro((0, 0)) ip(0 mram_addr(00000620)) idx(0) write weight:1568, but recv weight: 1273528132
[2024-12-17 15:39:21] [ERROR] [capacity_test] macro((0, 0)) ip(0 mram_addr(00000621)) idx(0) write weight:1569, but recv weight: 1272479556
[2024-12-17 15:39:21] [ERROR] [capacity_test] macro((0, 0)) ip(0 mram_addr(00000622)) idx(0) write weight:1570, but recv weight: 1272479556
[2024-12-17 15:39:21] [ERROR] [capacity_test] macro((0, 0)) ip(0 mram_addr(00000623)) idx(0) write weight:1571, but recv weight: 1271430980
[2024-12-17 15:39:21] [ERROR] [capacity_test] macro((0, 0)) ip(0 mram_addr(00000624)) idx(0) write weight:1572, but recv weight: 1271430980
[2024-12-17 15:39:21] [ERROR] [capacity_test] macro((0, 0)) ip(0 mram_addr(00000625)) idx(0) write weight:1573, but recv weight: 1270382404
[2024-12-17 15:39:21] [ERROR] [capacity_test] macro((0, 0)) ip(0 mram_addr(00000626)) idx(0) write weight:1574, but recv weight: 1270382404
[2024-12-17 15:39:21] [ERROR] [capacity_test] macro((0, 0)) ip(0 mram_addr(00000627)) idx(0) write weight:1575, but recv weight: 1269333828
[2024-12-17 15:39:21] [ERROR] [capacity_test] macro((0, 0)) ip(0 mram_addr(00000628)) idx(0) write weight:1576, but recv weight: 1269333828
[2024-12-17 15:39:21] [ERROR] [capacity_test] macro((0, 0)) ip(0 mram_addr(00000629)) idx(0) write weight:1577, but recv weight: 1268285252
[2024-12-17 15:39:21] [ERROR] [capacity_test] macro((0, 0)) ip(0 mram_addr(0000062A)) idx(0) write weight:1578, but recv weight: 1266188100
[2024-12-17 15:39:21] [ERROR] [capacity_test] macro((0, 0)) ip(0 mram_addr(0000062B)) idx(0) write weight:1579, but recv weight: 1264090948
[2024-12-17 15:39:21] [ERROR] [capacity_test] macro((0, 0)) ip(0 mram_addr(0000062C)) idx(0) write weight:1580, but recv weight: 1261993796
[2024-12-17 15:39:21] [ERROR] [capacity_test] macro((0, 0)) ip(0 mram_addr(0000062D)) idx(0) write weight:1581, but recv weight: 1259896644
[2024-12-17 15:39:21] [ERROR] [capacity_test] macro((0, 0)) ip(0 mram_addr(0000062E)) idx(0) write weight:1582, but recv weight: 1257799492
[2024-12-17 15:39:21] [ERROR] [capacity_test] macro((0, 0)) ip(0 mram_addr(0000062F)) idx(0) write weight:1583, but recv weight: 1255702340
[2024-12-17 15:39:21] [ERROR] [capacity_test] macro((0, 0)) ip(0 mram_addr(00000630)) idx(0) write weight:1584, but recv weight: 1253605188
[2024-12-17 15:39:21] [ERROR] [capacity_test] macro((0, 0)) ip(0 mram_addr(00000631)) idx(0) write weight:1585, but recv weight: 1251508036
[2024-12-17 15:39:21] [ERROR] [capacity_test] macro((0, 0)) ip(0 mram_addr(00000632)) idx(0) write weight:1586, but recv weight: 1249410884
[2024-12-17 15:39:21] [ERROR] [capacity_test] macro((0, 0)) ip(0 mram_addr(00000633)) idx(0) write weight:1587, but recv weight: 1247313732
[2024-12-17 15:39:21] [ERROR] [capacity_test] macro((0, 0)) ip(0 mram_addr(00000634)) idx(0) write weight:1588, but recv weight: 1245216580
[2024-12-17 15:39:21] [ERROR] [capacity_test] macro((0, 0)) ip(0 mram_addr(00000635)) idx(0) write weight:1589, but recv weight: 1243119428
[2024-12-17 15:39:21] [ERROR] [capacity_test] macro((0, 0)) ip(0 mram_addr(00000636)) idx(0) write weight:1590, but recv weight: 1241022276
[2024-12-17 15:39:21] [ERROR] [capacity_test] macro((0, 0)) ip(0 mram_addr(00000637)) idx(0) write weight:1591, but recv weight: 1238925124
[2024-12-17 15:39:22] [ERROR] [capacity_test] macro((0, 0)) ip(0 mram_addr(00000638)) idx(0) write weight:1592, but recv weight: 1236827972
[2024-12-17 15:39:22] [ERROR] [capacity_test] macro((0, 0)) ip(0 mram_addr(00000639)) idx(0) write weight:1593, but recv weight: 1234730820
[2024-12-17 15:39:22] [ERROR] [capacity_test] macro((0, 0)) ip(0 mram_addr(0000063A)) idx(0) write weight:1594, but recv weight: 1232633668
[2024-12-17 15:39:22] [ERROR] [capacity_test] macro((0, 0)) ip(0 mram_addr(0000063B)) idx(0) write weight:1595, but recv weight: 1230536516
[2024-12-17 15:39:22] [ERROR] [capacity_test] macro((0, 0)) ip(0 mram_addr(0000063C)) idx(0) write weight:1596, but recv weight: 1228439364
[2024-12-17 15:39:22] [ERROR] [capacity_test] macro((0, 0)) ip(0 mram_addr(0000063D)) idx(0) write weight:1597, but recv weight: 1226342212
[2024-12-17 15:39:22] [ERROR] [capacity_test] macro((0, 0)) ip(0 mram_addr(0000063E)) idx(0) write weight:1598, but recv weight: 1224245060
[2024-12-17 15:39:22] [ERROR] [capacity_test] macro((0, 0)) ip(0 mram_addr(0000063F)) idx(0) write weight:1599, but recv weight: 1222147908
[2024-12-17 15:39:22] [ERROR] [capacity_test] macro((0, 0)) ip(0 mram_addr(00000640)) idx(0) write weight:1600, but recv weight: 1220050756
[2024-12-17 15:39:22] [ERROR] [capacity_test] macro((0, 0)) ip(0 mram_addr(00000641)) idx(0) write weight:1601, but recv weight: 1217953604
[2024-12-17 15:39:22] [ERROR] [capacity_test] macro((0, 0)) ip(0 mram_addr(00000642)) idx(0) write weight:1602, but recv weight: 1215856452
[2024-12-17 15:39:22] [ERROR] [capacity_test] macro((0, 0)) ip(0 mram_addr(00000643)) idx(0) write weight:1603, but recv weight: 1213759300
[2024-12-17 15:39:22] [ERROR] [capacity_test] macro((0, 0)) ip(0 mram_addr(00000644)) idx(0) write weight:1604, but recv weight: 1211662148
[2024-12-17 15:39:22] [ERROR] [capacity_test] macro((0, 0)) ip(0 mram_addr(00000645)) idx(0) write weight:1605, but recv weight: 1209564996
[2024-12-17 15:39:22] [ERROR] [capacity_test] macro((0, 0)) ip(0 mram_addr(00000646)) idx(0) write weight:1606, but recv weight: 1207467844
[2024-12-17 15:39:22] [ERROR] [capacity_test] macro((0, 0)) ip(0 mram_addr(00000647)) idx(0) write weight:1607, but recv weight: 1205370692
[2024-12-17 15:39:22] [ERROR] [capacity_test] macro((0, 0)) ip(0 mram_addr(00000648)) idx(0) write weight:1608, but recv weight: 0
[2024-12-17 15:39:22] [ERROR] [capacity_test] macro((0, 0)) ip(0 mram_addr(00000649)) idx(0) write weight:1609, but recv weight: 1304985412
[2024-12-17 15:39:22] [ERROR] [capacity_test] macro((0, 0)) ip(0 mram_addr(0000064A)) idx(0) write weight:1610, but recv weight: 1304985412
[2024-12-17 15:39:22] [ERROR] [capacity_test] macro((0, 0)) ip(0 mram_addr(0000064B)) idx(0) write weight:1611, but recv weight: 1304985412
[2024-12-17 15:39:22] [ERROR] [capacity_test] macro((0, 0)) ip(0 mram_addr(0000064C)) idx(0) write weight:1612, but recv weight: 1304985412
[2024-12-17 15:39:22] [ERROR] [capacity_test] macro((0, 0)) ip(0 mram_addr(0000064D)) idx(0) write weight:1613, but recv weight: 1304985412
[2024-12-17 15:39:22] [ERROR] [capacity_test] macro((0, 0)) ip(0 mram_addr(0000064E)) idx(0) write weight:1614, but recv weight: 1304985412
[2024-12-17 15:39:22] [ERROR] [capacity_test] macro((0, 0)) ip(0 mram_addr(0000064F)) idx(0) write weight:1615, but recv weight: 1304985412
[2024-12-17 15:39:22] [ERROR] [capacity_test] macro((0, 0)) ip(0 mram_addr(00000650)) idx(0) write weight:1616, but recv weight: 1304985412
[2024-12-17 15:39:22] [ERROR] [capacity_test] macro((0, 0)) ip(0 mram_addr(00000651)) idx(0) write weight:1617, but recv weight: 1304985412
[2024-12-17 15:39:22] [ERROR] [capacity_test] macro((0, 0)) ip(0 mram_addr(00000652)) idx(0) write weight:1618, but recv weight: 1304985412
[2024-12-17 15:39:22] [ERROR] [capacity_test] macro((0, 0)) ip(0 mram_addr(00000653)) idx(0) write weight:1619, but recv weight: 1304985412
[2024-12-17 15:39:22] [ERROR] [capacity_test] macro((0, 0)) ip(0 mram_addr(00000654)) idx(0) write weight:1620, but recv weight: 1304985412
[2024-12-17 15:39:22] [ERROR] [capacity_test] macro((0, 0)) ip(0 mram_addr(00000655)) idx(0) write weight:1621, but recv weight: 1304985412
[2024-12-17 15:39:22] [ERROR] [capacity_test] macro((0, 0)) ip(0 mram_addr(00000656)) idx(0) write weight:1622, but recv weight: 1304985412
[2024-12-17 15:39:22] [ERROR] [capacity_test] macro((0, 0)) ip(0 mram_addr(00000657)) idx(0) write weight:1623, but recv weight: 1304985412
[2024-12-17 15:39:22] [ERROR] [capacity_test] macro((0, 0)) ip(0 mram_addr(00000658)) idx(0) write weight:1624, but recv weight: 1303936836
[2024-12-17 15:39:22] [ERROR] [capacity_test] macro((0, 0)) ip(0 mram_addr(00000659)) idx(0) write weight:1625, but recv weight: 1303936836
[2024-12-17 15:39:22] [ERROR] [capacity_test] macro((0, 0)) ip(0 mram_addr(0000065A)) idx(0) write weight:1626, but recv weight: 1303936836
[2024-12-17 15:39:22] [ERROR] [capacity_test] macro((0, 0)) ip(0 mram_addr(0000065B)) idx(0) write weight:1627, but recv weight: 1303936836
[2024-12-17 15:39:22] [ERROR] [capacity_test] macro((0, 0)) ip(0 mram_addr(0000065C)) idx(0) write weight:1628, but recv weight: 1303936836
[2024-12-17 15:39:22] [ERROR] [capacity_test] macro((0, 0)) ip(0 mram_addr(0000065D)) idx(0) write weight:1629, but recv weight: 1303936836
[2024-12-17 15:39:22] [ERROR] [capacity_test] macro((0, 0)) ip(0 mram_addr(0000065E)) idx(0) write weight:1630, but recv weight: 1303936836
[2024-12-17 15:39:22] [ERROR] [capacity_test] macro((0, 0)) ip(0 mram_addr(0000065F)) idx(0) write weight:1631, but recv weight: 1303936836
[2024-12-17 15:39:22] [ERROR] [capacity_test] macro((0, 0)) ip(0 mram_addr(00000660)) idx(0) write weight:1632, but recv weight: 1303936836
[2024-12-17 15:39:22] [ERROR] [capacity_test] macro((0, 0)) ip(0 mram_addr(00000661)) idx(0) write weight:1633, but recv weight: 1303936836
[2024-12-17 15:39:22] [ERROR] [capacity_test] macro((0, 0)) ip(0 mram_addr(00000662)) idx(0) write weight:1634, but recv weight: 1303936836
[2024-12-17 15:39:22] [ERROR] [capacity_test] macro((0, 0)) ip(0 mram_addr(00000663)) idx(0) write weight:1635, but recv weight: 1303936836
[2024-12-17 15:39:22] [ERROR] [capacity_test] macro((0, 0)) ip(0 mram_addr(00000664)) idx(0) write weight:1636, but recv weight: 1303936836
[2024-12-17 15:39:22] [ERROR] [capacity_test] macro((0, 0)) ip(0 mram_addr(00000665)) idx(0) write weight:1637, but recv weight: 1303936836
[2024-12-17 15:39:22] [ERROR] [capacity_test] macro((0, 0)) ip(0 mram_addr(00000666)) idx(0) write weight:1638, but recv weight: 1302888260
[2024-12-17 15:39:22] [ERROR] [capacity_test] macro((0, 0)) ip(0 mram_addr(00000667)) idx(0) write weight:1639, but recv weight: 1302888260
[2024-12-17 15:39:22] [ERROR] [capacity_test] macro((0, 0)) ip(0 mram_addr(00000668)) idx(0) write weight:1640, but recv weight: 1301839684
[2024-12-17 15:39:22] [ERROR] [capacity_test] macro((0, 0)) ip(0 mram_addr(00000669)) idx(0) write weight:1641, but recv weight: 1301839684
[2024-12-17 15:39:22] [ERROR] [capacity_test] macro((0, 0)) ip(0 mram_addr(0000066A)) idx(0) write weight:1642, but recv weight: 1300791108
[2024-12-17 15:39:22] [ERROR] [capacity_test] macro((0, 0)) ip(0 mram_addr(0000066B)) idx(0) write weight:1643, but recv weight: 1300791108
[2024-12-17 15:39:22] [ERROR] [capacity_test] macro((0, 0)) ip(0 mram_addr(0000066C)) idx(0) write weight:1644, but recv weight: 1299742532
[2024-12-17 15:39:22] [ERROR] [capacity_test] macro((0, 0)) ip(0 mram_addr(0000066D)) idx(0) write weight:1645, but recv weight: 1299742532
[2024-12-17 15:39:22] [ERROR] [capacity_test] macro((0, 0)) ip(0 mram_addr(0000066E)) idx(0) write weight:1646, but recv weight: 1298693956
[2024-12-17 15:39:22] [ERROR] [capacity_test] macro((0, 0)) ip(0 mram_addr(0000066F)) idx(0) write weight:1647, but recv weight: 1298693956
[2024-12-17 15:39:22] [ERROR] [capacity_test] macro((0, 0)) ip(0 mram_addr(00000670)) idx(0) write weight:1648, but recv weight: 1297645380
[2024-12-17 15:39:22] [ERROR] [capacity_test] macro((0, 0)) ip(0 mram_addr(00000671)) idx(0) write weight:1649, but recv weight: 1297645380
[2024-12-17 15:39:22] [ERROR] [capacity_test] macro((0, 0)) ip(0 mram_addr(00000672)) idx(0) write weight:1650, but recv weight: 1296596804
[2024-12-17 15:39:22] [ERROR] [capacity_test] macro((0, 0)) ip(0 mram_addr(00000673)) idx(0) write weight:1651, but recv weight: 1296596804
[2024-12-17 15:39:22] [ERROR] [capacity_test] macro((0, 0)) ip(0 mram_addr(00000674)) idx(0) write weight:1652, but recv weight: 1295548228
[2024-12-17 15:39:22] [ERROR] [capacity_test] macro((0, 0)) ip(0 mram_addr(00000675)) idx(0) write weight:1653, but recv weight: 1295548228
[2024-12-17 15:39:22] [ERROR] [capacity_test] macro((0, 0)) ip(0 mram_addr(00000676)) idx(0) write weight:1654, but recv weight: 1294499652
[2024-12-17 15:39:22] [ERROR] [capacity_test] macro((0, 0)) ip(0 mram_addr(00000677)) idx(0) write weight:1655, but recv weight: 1294499652
[2024-12-17 15:39:22] [ERROR] [capacity_test] macro((0, 0)) ip(0 mram_addr(00000678)) idx(0) write weight:1656, but recv weight: 1293451076
[2024-12-17 15:39:22] [ERROR] [capacity_test] macro((0, 0)) ip(0 mram_addr(00000679)) idx(0) write weight:1657, but recv weight: 1293451076
[2024-12-17 15:39:22] [ERROR] [capacity_test] macro((0, 0)) ip(0 mram_addr(0000067A)) idx(0) write weight:1658, but recv weight: 1292402500
[2024-12-17 15:39:22] [ERROR] [capacity_test] macro((0, 0)) ip(0 mram_addr(0000067B)) idx(0) write weight:1659, but recv weight: 1292402500
[2024-12-17 15:39:22] [ERROR] [capacity_test] macro((0, 0)) ip(0 mram_addr(0000067C)) idx(0) write weight:1660, but recv weight: 1291353924
[2024-12-17 15:39:22] [ERROR] [capacity_test] macro((0, 0)) ip(0 mram_addr(0000067D)) idx(0) write weight:1661, but recv weight: 1291353924
[2024-12-17 15:39:22] [ERROR] [capacity_test] macro((0, 0)) ip(0 mram_addr(0000067E)) idx(0) write weight:1662, but recv weight: 1290305348
[2024-12-17 15:39:22] [ERROR] [capacity_test] macro((0, 0)) ip(0 mram_addr(0000067F)) idx(0) write weight:1663, but recv weight: 1290305348
[2024-12-17 15:39:22] [ERROR] [capacity_test] macro((0, 0)) ip(0 mram_addr(00000680)) idx(0) write weight:1664, but recv weight: 1289256772
[2024-12-17 15:39:22] [ERROR] [capacity_test] macro((0, 0)) ip(0 mram_addr(00000681)) idx(0) write weight:1665, but recv weight: 1289256772
[2024-12-17 15:39:22] [ERROR] [capacity_test] macro((0, 0)) ip(0 mram_addr(00000682)) idx(0) write weight:1666, but recv weight: 1288208196
[2024-12-17 15:39:22] [ERROR] [capacity_test] macro((0, 0)) ip(0 mram_addr(00000683)) idx(0) write weight:1667, but recv weight: 1288208196
[2024-12-17 15:39:22] [ERROR] [capacity_test] macro((0, 0)) ip(0 mram_addr(00000684)) idx(0) write weight:1668, but recv weight: 1287159620
[2024-12-17 15:39:22] [ERROR] [capacity_test] macro((0, 0)) ip(0 mram_addr(00000685)) idx(0) write weight:1669, but recv weight: 1287159620
[2024-12-17 15:39:22] [ERROR] [capacity_test] macro((0, 0)) ip(0 mram_addr(00000686)) idx(0) write weight:1670, but recv weight: 1286111044
[2024-12-17 15:39:22] [ERROR] [capacity_test] macro((0, 0)) ip(0 mram_addr(00000687)) idx(0) write weight:1671, but recv weight: 1286111044
[2024-12-17 15:39:22] [ERROR] [capacity_test] macro((0, 0)) ip(0 mram_addr(00000688)) idx(0) write weight:1672, but recv weight: 1285062468
[2024-12-17 15:39:22] [ERROR] [capacity_test] macro((0, 0)) ip(0 mram_addr(00000689)) idx(0) write weight:1673, but recv weight: 1285062468
[2024-12-17 15:39:22] [ERROR] [capacity_test] macro((0, 0)) ip(0 mram_addr(0000068A)) idx(0) write weight:1674, but recv weight: 1284013892
[2024-12-17 15:39:22] [ERROR] [capacity_test] macro((0, 0)) ip(0 mram_addr(0000068B)) idx(0) write weight:1675, but recv weight: 1284013892
[2024-12-17 15:39:22] [ERROR] [capacity_test] macro((0, 0)) ip(0 mram_addr(0000068C)) idx(0) write weight:1676, but recv weight: 1282965316
[2024-12-17 15:39:22] [ERROR] [capacity_test] macro((0, 0)) ip(0 mram_addr(0000068D)) idx(0) write weight:1677, but recv weight: 1282965316
[2024-12-17 15:39:22] [ERROR] [capacity_test] macro((0, 0)) ip(0 mram_addr(0000068E)) idx(0) write weight:1678, but recv weight: 1281916740
[2024-12-17 15:39:22] [ERROR] [capacity_test] macro((0, 0)) ip(0 mram_addr(0000068F)) idx(0) write weight:1679, but recv weight: 1281916740
[2024-12-17 15:39:22] [ERROR] [capacity_test] macro((0, 0)) ip(0 mram_addr(00000690)) idx(0) write weight:1680, but recv weight: 1280868164
[2024-12-17 15:39:22] [ERROR] [capacity_test] macro((0, 0)) ip(0 mram_addr(00000691)) idx(0) write weight:1681, but recv weight: 1280868164
[2024-12-17 15:39:22] [ERROR] [capacity_test] macro((0, 0)) ip(0 mram_addr(00000692)) idx(0) write weight:1682, but recv weight: 1279819588
[2024-12-17 15:39:22] [ERROR] [capacity_test] macro((0, 0)) ip(0 mram_addr(00000693)) idx(0) write weight:1683, but recv weight: 1279819588
[2024-12-17 15:39:22] [ERROR] [capacity_test] macro((0, 0)) ip(0 mram_addr(00000694)) idx(0) write weight:1684, but recv weight: 1278771012
[2024-12-17 15:39:22] [ERROR] [capacity_test] macro((0, 0)) ip(0 mram_addr(00000695)) idx(0) write weight:1685, but recv weight: 1278771012
[2024-12-17 15:39:22] [ERROR] [capacity_test] macro((0, 0)) ip(0 mram_addr(00000696)) idx(0) write weight:1686, but recv weight: 1277722436
[2024-12-17 15:39:22] [ERROR] [capacity_test] macro((0, 0)) ip(0 mram_addr(00000697)) idx(0) write weight:1687, but recv weight: 1277722436
[2024-12-17 15:39:22] [ERROR] [capacity_test] macro((0, 0)) ip(0 mram_addr(00000698)) idx(0) write weight:1688, but recv weight: 1276673860
[2024-12-17 15:39:22] [ERROR] [capacity_test] macro((0, 0)) ip(0 mram_addr(00000699)) idx(0) write weight:1689, but recv weight: 1276673860
[2024-12-17 15:39:22] [ERROR] [capacity_test] macro((0, 0)) ip(0 mram_addr(0000069A)) idx(0) write weight:1690, but recv weight: 1275625284
[2024-12-17 15:39:22] [ERROR] [capacity_test] macro((0, 0)) ip(0 mram_addr(0000069B)) idx(0) write weight:1691, but recv weight: 1275625284
[2024-12-17 15:39:22] [ERROR] [capacity_test] macro((0, 0)) ip(0 mram_addr(0000069C)) idx(0) write weight:1692, but recv weight: 1274576708
[2024-12-17 15:39:22] [ERROR] [capacity_test] macro((0, 0)) ip(0 mram_addr(0000069D)) idx(0) write weight:1693, but recv weight: 1274576708
[2024-12-17 15:39:22] [ERROR] [capacity_test] macro((0, 0)) ip(0 mram_addr(0000069E)) idx(0) write weight:1694, but recv weight: 1273528132
[2024-12-17 15:39:22] [ERROR] [capacity_test] macro((0, 0)) ip(0 mram_addr(0000069F)) idx(0) write weight:1695, but recv weight: 1273528132
[2024-12-17 15:39:22] [ERROR] [capacity_test] macro((0, 0)) ip(0 mram_addr(000006A0)) idx(0) write weight:1696, but recv weight: 1272479556
[2024-12-17 15:39:22] [ERROR] [capacity_test] macro((0, 0)) ip(0 mram_addr(000006A1)) idx(0) write weight:1697, but recv weight: 1272479556
[2024-12-17 15:39:22] [ERROR] [capacity_test] macro((0, 0)) ip(0 mram_addr(000006A2)) idx(0) write weight:1698, but recv weight: 1271430980
[2024-12-17 15:39:22] [ERROR] [capacity_test] macro((0, 0)) ip(0 mram_addr(000006A3)) idx(0) write weight:1699, but recv weight: 1271430980
[2024-12-17 15:39:22] [ERROR] [capacity_test] macro((0, 0)) ip(0 mram_addr(000006A4)) idx(0) write weight:1700, but recv weight: 1270382404
[2024-12-17 15:39:22] [ERROR] [capacity_test] macro((0, 0)) ip(0 mram_addr(000006A5)) idx(0) write weight:1701, but recv weight: 1270382404
[2024-12-17 15:39:22] [ERROR] [capacity_test] macro((0, 0)) ip(0 mram_addr(000006A6)) idx(0) write weight:1702, but recv weight: 1269333828
[2024-12-17 15:39:22] [ERROR] [capacity_test] macro((0, 0)) ip(0 mram_addr(000006A7)) idx(0) write weight:1703, but recv weight: 1269333828
[2024-12-17 15:39:22] [ERROR] [capacity_test] macro((0, 0)) ip(0 mram_addr(000006A8)) idx(0) write weight:1704, but recv weight: 1268285252
[2024-12-17 15:39:22] [ERROR] [capacity_test] macro((0, 0)) ip(0 mram_addr(000006A9)) idx(0) write weight:1705, but recv weight: 1266188100
[2024-12-17 15:39:22] [ERROR] [capacity_test] macro((0, 0)) ip(0 mram_addr(000006AA)) idx(0) write weight:1706, but recv weight: 1264090948
[2024-12-17 15:39:22] [ERROR] [capacity_test] macro((0, 0)) ip(0 mram_addr(000006AB)) idx(0) write weight:1707, but recv weight: 1261993796
[2024-12-17 15:39:22] [ERROR] [capacity_test] macro((0, 0)) ip(0 mram_addr(000006AC)) idx(0) write weight:1708, but recv weight: 1259896644
[2024-12-17 15:39:22] [ERROR] [capacity_test] macro((0, 0)) ip(0 mram_addr(000006AD)) idx(0) write weight:1709, but recv weight: 1257799492
[2024-12-17 15:39:22] [ERROR] [capacity_test] macro((0, 0)) ip(0 mram_addr(000006AE)) idx(0) write weight:1710, but recv weight: 1255702340
[2024-12-17 15:39:22] [ERROR] [capacity_test] macro((0, 0)) ip(0 mram_addr(000006AF)) idx(0) write weight:1711, but recv weight: 1253605188
[2024-12-17 15:39:22] [ERROR] [capacity_test] macro((0, 0)) ip(0 mram_addr(000006B0)) idx(0) write weight:1712, but recv weight: 1251508036
[2024-12-17 15:39:22] [ERROR] [capacity_test] macro((0, 0)) ip(0 mram_addr(000006B1)) idx(0) write weight:1713, but recv weight: 1249410884
[2024-12-17 15:39:22] [ERROR] [capacity_test] macro((0, 0)) ip(0 mram_addr(000006B2)) idx(0) write weight:1714, but recv weight: 1247313732
[2024-12-17 15:39:22] [ERROR] [capacity_test] macro((0, 0)) ip(0 mram_addr(000006B3)) idx(0) write weight:1715, but recv weight: 1245216580
[2024-12-17 15:39:22] [ERROR] [capacity_test] macro((0, 0)) ip(0 mram_addr(000006B4)) idx(0) write weight:1716, but recv weight: 1243119428
[2024-12-17 15:39:22] [ERROR] [capacity_test] macro((0, 0)) ip(0 mram_addr(000006B5)) idx(0) write weight:1717, but recv weight: 1241022276
[2024-12-17 15:39:22] [ERROR] [capacity_test] macro((0, 0)) ip(0 mram_addr(000006B6)) idx(0) write weight:1718, but recv weight: 1238925124
[2024-12-17 15:39:22] [ERROR] [capacity_test] macro((0, 0)) ip(0 mram_addr(000006B7)) idx(0) write weight:1719, but recv weight: 1236827972
[2024-12-17 15:39:22] [ERROR] [capacity_test] macro((0, 0)) ip(0 mram_addr(000006B8)) idx(0) write weight:1720, but recv weight: 1234730820
[2024-12-17 15:39:22] [ERROR] [capacity_test] macro((0, 0)) ip(0 mram_addr(000006B9)) idx(0) write weight:1721, but recv weight: 1232633668
[2024-12-17 15:39:22] [ERROR] [capacity_test] macro((0, 0)) ip(0 mram_addr(000006BA)) idx(0) write weight:1722, but recv weight: 1230536516
[2024-12-17 15:39:22] [ERROR] [capacity_test] macro((0, 0)) ip(0 mram_addr(000006BB)) idx(0) write weight:1723, but recv weight: 1228439364
[2024-12-17 15:39:22] [ERROR] [capacity_test] macro((0, 0)) ip(0 mram_addr(000006BC)) idx(0) write weight:1724, but recv weight: 1226342212
[2024-12-17 15:39:22] [ERROR] [capacity_test] macro((0, 0)) ip(0 mram_addr(000006BD)) idx(0) write weight:1725, but recv weight: 1224245060
[2024-12-17 15:39:22] [ERROR] [capacity_test] macro((0, 0)) ip(0 mram_addr(000006BE)) idx(0) write weight:1726, but recv weight: 1222147908
[2024-12-17 15:39:22] [ERROR] [capacity_test] macro((0, 0)) ip(0 mram_addr(000006BF)) idx(0) write weight:1727, but recv weight: 1220050756
[2024-12-17 15:39:22] [ERROR] [capacity_test] macro((0, 0)) ip(0 mram_addr(000006C0)) idx(0) write weight:1728, but recv weight: 1217953604
[2024-12-17 15:39:22] [ERROR] [capacity_test] macro((0, 0)) ip(0 mram_addr(000006C1)) idx(0) write weight:1729, but recv weight: 1215856452
[2024-12-17 15:39:22] [ERROR] [capacity_test] macro((0, 0)) ip(0 mram_addr(000006C2)) idx(0) write weight:1730, but recv weight: 1213759300
[2024-12-17 15:39:22] [ERROR] [capacity_test] macro((0, 0)) ip(0 mram_addr(000006C3)) idx(0) write weight:1731, but recv weight: 1211662148
[2024-12-17 15:39:22] [ERROR] [capacity_test] macro((0, 0)) ip(0 mram_addr(000006C4)) idx(0) write weight:1732, but recv weight: 1209564996
[2024-12-17 15:39:22] [ERROR] [capacity_test] macro((0, 0)) ip(0 mram_addr(000006C5)) idx(0) write weight:1733, but recv weight: 1207467844
[2024-12-17 15:39:22] [ERROR] [capacity_test] macro((0, 0)) ip(0 mram_addr(000006C6)) idx(0) write weight:1734, but recv weight: 1205370692
[2024-12-17 15:39:22] [ERROR] [capacity_test] macro((0, 0)) ip(0 mram_addr(000006C7)) idx(0) write weight:1735, but recv weight: 1306033988
[2024-12-17 15:39:22] [ERROR] [capacity_test] macro((0, 0)) ip(0 mram_addr(000006C8)) idx(0) write weight:1736, but recv weight: 1304985412
[2024-12-17 15:39:22] [ERROR] [capacity_test] macro((0, 0)) ip(0 mram_addr(000006C9)) idx(0) write weight:1737, but recv weight: 1304985412
[2024-12-17 15:39:22] [ERROR] [capacity_test] macro((0, 0)) ip(0 mram_addr(000006CA)) idx(0) write weight:1738, but recv weight: 1304985412
[2024-12-17 15:39:22] [ERROR] [capacity_test] macro((0, 0)) ip(0 mram_addr(000006CB)) idx(0) write weight:1739, but recv weight: 1304985412
[2024-12-17 15:39:22] [ERROR] [capacity_test] macro((0, 0)) ip(0 mram_addr(000006CC)) idx(0) write weight:1740, but recv weight: 1304985412
[2024-12-17 15:39:22] [ERROR] [capacity_test] macro((0, 0)) ip(0 mram_addr(000006CD)) idx(0) write weight:1741, but recv weight: 1304985412
[2024-12-17 15:39:22] [ERROR] [capacity_test] macro((0, 0)) ip(0 mram_addr(000006CE)) idx(0) write weight:1742, but recv weight: 1304985412
[2024-12-17 15:39:22] [ERROR] [capacity_test] macro((0, 0)) ip(0 mram_addr(000006CF)) idx(0) write weight:1743, but recv weight: 1304985412
[2024-12-17 15:39:22] [ERROR] [capacity_test] macro((0, 0)) ip(0 mram_addr(000006D0)) idx(0) write weight:1744, but recv weight: 1304985412
[2024-12-17 15:39:22] [ERROR] [capacity_test] macro((0, 0)) ip(0 mram_addr(000006D1)) idx(0) write weight:1745, but recv weight: 1304985412
[2024-12-17 15:39:22] [ERROR] [capacity_test] macro((0, 0)) ip(0 mram_addr(000006D2)) idx(0) write weight:1746, but recv weight: 1304985412
[2024-12-17 15:39:22] [ERROR] [capacity_test] macro((0, 0)) ip(0 mram_addr(000006D3)) idx(0) write weight:1747, but recv weight: 1304985412
[2024-12-17 15:39:22] [ERROR] [capacity_test] macro((0, 0)) ip(0 mram_addr(000006D4)) idx(0) write weight:1748, but recv weight: 1304985412
[2024-12-17 15:39:22] [ERROR] [capacity_test] macro((0, 0)) ip(0 mram_addr(000006D5)) idx(0) write weight:1749, but recv weight: 1304985412
[2024-12-17 15:39:22] [ERROR] [capacity_test] macro((0, 0)) ip(0 mram_addr(000006D6)) idx(0) write weight:1750, but recv weight: 1304985412
[2024-12-17 15:39:22] [ERROR] [capacity_test] macro((0, 0)) ip(0 mram_addr(000006D7)) idx(0) write weight:1751, but recv weight: 1304985412
[2024-12-17 15:39:22] [ERROR] [capacity_test] macro((0, 0)) ip(0 mram_addr(000006D8)) idx(0) write weight:1752, but recv weight: 1303936836
[2024-12-17 15:39:22] [ERROR] [capacity_test] macro((0, 0)) ip(0 mram_addr(000006D9)) idx(0) write weight:1753, but recv weight: 1303936836
[2024-12-17 15:39:22] [ERROR] [capacity_test] macro((0, 0)) ip(0 mram_addr(000006DA)) idx(0) write weight:1754, but recv weight: 1303936836
[2024-12-17 15:39:22] [ERROR] [capacity_test] macro((0, 0)) ip(0 mram_addr(000006DB)) idx(0) write weight:1755, but recv weight: 1303936836
[2024-12-17 15:39:22] [ERROR] [capacity_test] macro((0, 0)) ip(0 mram_addr(000006DC)) idx(0) write weight:1756, but recv weight: 1303936836
[2024-12-17 15:39:22] [ERROR] [capacity_test] macro((0, 0)) ip(0 mram_addr(000006DD)) idx(0) write weight:1757, but recv weight: 1303936836
[2024-12-17 15:39:22] [ERROR] [capacity_test] macro((0, 0)) ip(0 mram_addr(000006DE)) idx(0) write weight:1758, but recv weight: 1303936836
[2024-12-17 15:39:22] [ERROR] [capacity_test] macro((0, 0)) ip(0 mram_addr(000006DF)) idx(0) write weight:1759, but recv weight: 1303936836
[2024-12-17 15:39:22] [ERROR] [capacity_test] macro((0, 0)) ip(0 mram_addr(000006E0)) idx(0) write weight:1760, but recv weight: 1303936836
[2024-12-17 15:39:22] [ERROR] [capacity_test] macro((0, 0)) ip(0 mram_addr(000006E1)) idx(0) write weight:1761, but recv weight: 1303936836
[2024-12-17 15:39:22] [ERROR] [capacity_test] macro((0, 0)) ip(0 mram_addr(000006E2)) idx(0) write weight:1762, but recv weight: 1303936836
[2024-12-17 15:39:22] [ERROR] [capacity_test] macro((0, 0)) ip(0 mram_addr(000006E3)) idx(0) write weight:1763, but recv weight: 1303936836
[2024-12-17 15:39:22] [ERROR] [capacity_test] macro((0, 0)) ip(0 mram_addr(000006E4)) idx(0) write weight:1764, but recv weight: 1303936836
[2024-12-17 15:39:22] [ERROR] [capacity_test] macro((0, 0)) ip(0 mram_addr(000006E5)) idx(0) write weight:1765, but recv weight: 1303936836
[2024-12-17 15:39:22] [ERROR] [capacity_test] macro((0, 0)) ip(0 mram_addr(000006E6)) idx(0) write weight:1766, but recv weight: 1302888260
[2024-12-17 15:39:22] [ERROR] [capacity_test] macro((0, 0)) ip(0 mram_addr(000006E7)) idx(0) write weight:1767, but recv weight: 1302888260
[2024-12-17 15:39:22] [ERROR] [capacity_test] macro((0, 0)) ip(0 mram_addr(000006E8)) idx(0) write weight:1768, but recv weight: 1301839684
[2024-12-17 15:39:22] [ERROR] [capacity_test] macro((0, 0)) ip(0 mram_addr(000006E9)) idx(0) write weight:1769, but recv weight: 1301839684
[2024-12-17 15:39:22] [ERROR] [capacity_test] macro((0, 0)) ip(0 mram_addr(000006EA)) idx(0) write weight:1770, but recv weight: 1300791108
[2024-12-17 15:39:22] [ERROR] [capacity_test] macro((0, 0)) ip(0 mram_addr(000006EB)) idx(0) write weight:1771, but recv weight: 1300791108
[2024-12-17 15:39:22] [ERROR] [capacity_test] macro((0, 0)) ip(0 mram_addr(000006EC)) idx(0) write weight:1772, but recv weight: 1299742532
[2024-12-17 15:39:22] [ERROR] [capacity_test] macro((0, 0)) ip(0 mram_addr(000006ED)) idx(0) write weight:1773, but recv weight: 1299742532
[2024-12-17 15:39:22] [ERROR] [capacity_test] macro((0, 0)) ip(0 mram_addr(000006EE)) idx(0) write weight:1774, but recv weight: 1298693956
[2024-12-17 15:39:22] [ERROR] [capacity_test] macro((0, 0)) ip(0 mram_addr(000006EF)) idx(0) write weight:1775, but recv weight: 1298693956
[2024-12-17 15:39:22] [ERROR] [capacity_test] macro((0, 0)) ip(0 mram_addr(000006F0)) idx(0) write weight:1776, but recv weight: 1297645380
[2024-12-17 15:39:22] [ERROR] [capacity_test] macro((0, 0)) ip(0 mram_addr(000006F1)) idx(0) write weight:1777, but recv weight: 1297645380
[2024-12-17 15:39:22] [ERROR] [capacity_test] macro((0, 0)) ip(0 mram_addr(000006F2)) idx(0) write weight:1778, but recv weight: 1296596804
[2024-12-17 15:39:22] [ERROR] [capacity_test] macro((0, 0)) ip(0 mram_addr(000006F3)) idx(0) write weight:1779, but recv weight: 1296596804
[2024-12-17 15:39:22] [ERROR] [capacity_test] macro((0, 0)) ip(0 mram_addr(000006F4)) idx(0) write weight:1780, but recv weight: 1295548228
[2024-12-17 15:39:22] [ERROR] [capacity_test] macro((0, 0)) ip(0 mram_addr(000006F5)) idx(0) write weight:1781, but recv weight: 1295548228
[2024-12-17 15:39:22] [ERROR] [capacity_test] macro((0, 0)) ip(0 mram_addr(000006F6)) idx(0) write weight:1782, but recv weight: 1294499652
[2024-12-17 15:39:22] [ERROR] [capacity_test] macro((0, 0)) ip(0 mram_addr(000006F7)) idx(0) write weight:1783, but recv weight: 1294499652
[2024-12-17 15:39:22] [ERROR] [capacity_test] macro((0, 0)) ip(0 mram_addr(000006F8)) idx(0) write weight:1784, but recv weight: 1293451076
[2024-12-17 15:39:22] [ERROR] [capacity_test] macro((0, 0)) ip(0 mram_addr(000006F9)) idx(0) write weight:1785, but recv weight: 1293451076
[2024-12-17 15:39:22] [ERROR] [capacity_test] macro((0, 0)) ip(0 mram_addr(000006FA)) idx(0) write weight:1786, but recv weight: 1292402500
[2024-12-17 15:39:22] [ERROR] [capacity_test] macro((0, 0)) ip(0 mram_addr(000006FB)) idx(0) write weight:1787, but recv weight: 1292402500
[2024-12-17 15:39:22] [ERROR] [capacity_test] macro((0, 0)) ip(0 mram_addr(000006FC)) idx(0) write weight:1788, but recv weight: 1291353924
[2024-12-17 15:39:22] [ERROR] [capacity_test] macro((0, 0)) ip(0 mram_addr(000006FD)) idx(0) write weight:1789, but recv weight: 1291353924
[2024-12-17 15:39:22] [ERROR] [capacity_test] macro((0, 0)) ip(0 mram_addr(000006FE)) idx(0) write weight:1790, but recv weight: 1290305348
[2024-12-17 15:39:22] [ERROR] [capacity_test] macro((0, 0)) ip(0 mram_addr(000006FF)) idx(0) write weight:1791, but recv weight: 1290305348
[2024-12-17 15:39:22] [ERROR] [capacity_test] macro((0, 0)) ip(0 mram_addr(00000700)) idx(0) write weight:1792, but recv weight: 1289256772
[2024-12-17 15:39:22] [ERROR] [capacity_test] macro((0, 0)) ip(0 mram_addr(00000701)) idx(0) write weight:1793, but recv weight: 1289256772
[2024-12-17 15:39:22] [ERROR] [capacity_test] macro((0, 0)) ip(0 mram_addr(00000702)) idx(0) write weight:1794, but recv weight: 1288208196
[2024-12-17 15:39:22] [ERROR] [capacity_test] macro((0, 0)) ip(0 mram_addr(00000703)) idx(0) write weight:1795, but recv weight: 1288208196
[2024-12-17 15:39:22] [ERROR] [capacity_test] macro((0, 0)) ip(0 mram_addr(00000704)) idx(0) write weight:1796, but recv weight: 1287159620
[2024-12-17 15:39:22] [ERROR] [capacity_test] macro((0, 0)) ip(0 mram_addr(00000705)) idx(0) write weight:1797, but recv weight: 1287159620
[2024-12-17 15:39:22] [ERROR] [capacity_test] macro((0, 0)) ip(0 mram_addr(00000706)) idx(0) write weight:1798, but recv weight: 1286111044
[2024-12-17 15:39:22] [ERROR] [capacity_test] macro((0, 0)) ip(0 mram_addr(00000707)) idx(0) write weight:1799, but recv weight: 1286111044
[2024-12-17 15:39:22] [ERROR] [capacity_test] macro((0, 0)) ip(0 mram_addr(00000708)) idx(0) write weight:1800, but recv weight: 1285062468
[2024-12-17 15:39:22] [ERROR] [capacity_test] macro((0, 0)) ip(0 mram_addr(00000709)) idx(0) write weight:1801, but recv weight: 1285062468
[2024-12-17 15:39:22] [ERROR] [capacity_test] macro((0, 0)) ip(0 mram_addr(0000070A)) idx(0) write weight:1802, but recv weight: 1284013892
[2024-12-17 15:39:22] [ERROR] [capacity_test] macro((0, 0)) ip(0 mram_addr(0000070B)) idx(0) write weight:1803, but recv weight: 1284013892
[2024-12-17 15:39:22] [ERROR] [capacity_test] macro((0, 0)) ip(0 mram_addr(0000070C)) idx(0) write weight:1804, but recv weight: 1282965316
[2024-12-17 15:39:22] [ERROR] [capacity_test] macro((0, 0)) ip(0 mram_addr(0000070D)) idx(0) write weight:1805, but recv weight: 1282965316
[2024-12-17 15:39:22] [ERROR] [capacity_test] macro((0, 0)) ip(0 mram_addr(0000070E)) idx(0) write weight:1806, but recv weight: 1281916740
[2024-12-17 15:39:22] [ERROR] [capacity_test] macro((0, 0)) ip(0 mram_addr(0000070F)) idx(0) write weight:1807, but recv weight: 1281916740
[2024-12-17 15:39:22] [ERROR] [capacity_test] macro((0, 0)) ip(0 mram_addr(00000710)) idx(0) write weight:1808, but recv weight: 1280868164
[2024-12-17 15:39:22] [ERROR] [capacity_test] macro((0, 0)) ip(0 mram_addr(00000711)) idx(0) write weight:1809, but recv weight: 1280868164
[2024-12-17 15:39:22] [ERROR] [capacity_test] macro((0, 0)) ip(0 mram_addr(00000712)) idx(0) write weight:1810, but recv weight: 1279819588
[2024-12-17 15:39:22] [ERROR] [capacity_test] macro((0, 0)) ip(0 mram_addr(00000713)) idx(0) write weight:1811, but recv weight: 1279819588
[2024-12-17 15:39:22] [ERROR] [capacity_test] macro((0, 0)) ip(0 mram_addr(00000714)) idx(0) write weight:1812, but recv weight: 1278771012
[2024-12-17 15:39:22] [ERROR] [capacity_test] macro((0, 0)) ip(0 mram_addr(00000715)) idx(0) write weight:1813, but recv weight: 1278771012
[2024-12-17 15:39:22] [ERROR] [capacity_test] macro((0, 0)) ip(0 mram_addr(00000716)) idx(0) write weight:1814, but recv weight: 1277722436
[2024-12-17 15:39:22] [ERROR] [capacity_test] macro((0, 0)) ip(0 mram_addr(00000717)) idx(0) write weight:1815, but recv weight: 1277722436
[2024-12-17 15:39:22] [ERROR] [capacity_test] macro((0, 0)) ip(0 mram_addr(00000718)) idx(0) write weight:1816, but recv weight: 1276673860
[2024-12-17 15:39:22] [ERROR] [capacity_test] macro((0, 0)) ip(0 mram_addr(00000719)) idx(0) write weight:1817, but recv weight: 1276673860
[2024-12-17 15:39:22] [ERROR] [capacity_test] macro((0, 0)) ip(0 mram_addr(0000071A)) idx(0) write weight:1818, but recv weight: 1275625284
[2024-12-17 15:39:22] [ERROR] [capacity_test] macro((0, 0)) ip(0 mram_addr(0000071B)) idx(0) write weight:1819, but recv weight: 1275625284
[2024-12-17 15:39:22] [ERROR] [capacity_test] macro((0, 0)) ip(0 mram_addr(0000071C)) idx(0) write weight:1820, but recv weight: 1274576708
[2024-12-17 15:39:22] [ERROR] [capacity_test] macro((0, 0)) ip(0 mram_addr(0000071D)) idx(0) write weight:1821, but recv weight: 1274576708
[2024-12-17 15:39:22] [ERROR] [capacity_test] macro((0, 0)) ip(0 mram_addr(0000071E)) idx(0) write weight:1822, but recv weight: 1273528132
[2024-12-17 15:39:22] [ERROR] [capacity_test] macro((0, 0)) ip(0 mram_addr(0000071F)) idx(0) write weight:1823, but recv weight: 1273528132
[2024-12-17 15:39:22] [ERROR] [capacity_test] macro((0, 0)) ip(0 mram_addr(00000720)) idx(0) write weight:1824, but recv weight: 1272479556
[2024-12-17 15:39:22] [ERROR] [capacity_test] macro((0, 0)) ip(0 mram_addr(00000721)) idx(0) write weight:1825, but recv weight: 1272479556
[2024-12-17 15:39:22] [ERROR] [capacity_test] macro((0, 0)) ip(0 mram_addr(00000722)) idx(0) write weight:1826, but recv weight: 1271430980
[2024-12-17 15:39:22] [ERROR] [capacity_test] macro((0, 0)) ip(0 mram_addr(00000723)) idx(0) write weight:1827, but recv weight: 1271430980
[2024-12-17 15:39:22] [ERROR] [capacity_test] macro((0, 0)) ip(0 mram_addr(00000724)) idx(0) write weight:1828, but recv weight: 1270382404
[2024-12-17 15:39:22] [ERROR] [capacity_test] macro((0, 0)) ip(0 mram_addr(00000725)) idx(0) write weight:1829, but recv weight: 1270382404
[2024-12-17 15:39:22] [ERROR] [capacity_test] macro((0, 0)) ip(0 mram_addr(00000726)) idx(0) write weight:1830, but recv weight: 1269333828
[2024-12-17 15:39:22] [ERROR] [capacity_test] macro((0, 0)) ip(0 mram_addr(00000727)) idx(0) write weight:1831, but recv weight: 1269333828
[2024-12-17 15:39:22] [ERROR] [capacity_test] macro((0, 0)) ip(0 mram_addr(00000728)) idx(0) write weight:1832, but recv weight: 1268285252
[2024-12-17 15:39:22] [ERROR] [capacity_test] macro((0, 0)) ip(0 mram_addr(00000729)) idx(0) write weight:1833, but recv weight: 1266188100
[2024-12-17 15:39:22] [ERROR] [capacity_test] macro((0, 0)) ip(0 mram_addr(0000072A)) idx(0) write weight:1834, but recv weight: 1264090948
[2024-12-17 15:39:22] [ERROR] [capacity_test] macro((0, 0)) ip(0 mram_addr(0000072B)) idx(0) write weight:1835, but recv weight: 1261993796
[2024-12-17 15:39:22] [ERROR] [capacity_test] macro((0, 0)) ip(0 mram_addr(0000072C)) idx(0) write weight:1836, but recv weight: 1259896644
[2024-12-17 15:39:22] [ERROR] [capacity_test] macro((0, 0)) ip(0 mram_addr(0000072D)) idx(0) write weight:1837, but recv weight: 1257799492
[2024-12-17 15:39:22] [ERROR] [capacity_test] macro((0, 0)) ip(0 mram_addr(0000072E)) idx(0) write weight:1838, but recv weight: 1255702340
[2024-12-17 15:39:22] [ERROR] [capacity_test] macro((0, 0)) ip(0 mram_addr(0000072F)) idx(0) write weight:1839, but recv weight: 1253605188
[2024-12-17 15:39:22] [ERROR] [capacity_test] macro((0, 0)) ip(0 mram_addr(00000730)) idx(0) write weight:1840, but recv weight: 1251508036
[2024-12-17 15:39:22] [ERROR] [capacity_test] macro((0, 0)) ip(0 mram_addr(00000731)) idx(0) write weight:1841, but recv weight: 1249410884
[2024-12-17 15:39:22] [ERROR] [capacity_test] macro((0, 0)) ip(0 mram_addr(00000732)) idx(0) write weight:1842, but recv weight: 1247313732
[2024-12-17 15:39:22] [ERROR] [capacity_test] macro((0, 0)) ip(0 mram_addr(00000733)) idx(0) write weight:1843, but recv weight: 1245216580
[2024-12-17 15:39:22] [ERROR] [capacity_test] macro((0, 0)) ip(0 mram_addr(00000734)) idx(0) write weight:1844, but recv weight: 1243119428
[2024-12-17 15:39:22] [ERROR] [capacity_test] macro((0, 0)) ip(0 mram_addr(00000735)) idx(0) write weight:1845, but recv weight: 1241022276
[2024-12-17 15:39:22] [ERROR] [capacity_test] macro((0, 0)) ip(0 mram_addr(00000736)) idx(0) write weight:1846, but recv weight: 1238925124
[2024-12-17 15:39:22] [ERROR] [capacity_test] macro((0, 0)) ip(0 mram_addr(00000737)) idx(0) write weight:1847, but recv weight: 1236827972
[2024-12-17 15:39:22] [ERROR] [capacity_test] macro((0, 0)) ip(0 mram_addr(00000738)) idx(0) write weight:1848, but recv weight: 1234730820
[2024-12-17 15:39:22] [ERROR] [capacity_test] macro((0, 0)) ip(0 mram_addr(00000739)) idx(0) write weight:1849, but recv weight: 1232633668
[2024-12-17 15:39:22] [ERROR] [capacity_test] macro((0, 0)) ip(0 mram_addr(0000073A)) idx(0) write weight:1850, but recv weight: 1230536516
[2024-12-17 15:39:22] [ERROR] [capacity_test] macro((0, 0)) ip(0 mram_addr(0000073B)) idx(0) write weight:1851, but recv weight: 1228439364
[2024-12-17 15:39:22] [ERROR] [capacity_test] macro((0, 0)) ip(0 mram_addr(0000073C)) idx(0) write weight:1852, but recv weight: 1226342212
[2024-12-17 15:39:22] [ERROR] [capacity_test] macro((0, 0)) ip(0 mram_addr(0000073D)) idx(0) write weight:1853, but recv weight: 1224245060
[2024-12-17 15:39:22] [ERROR] [capacity_test] macro((0, 0)) ip(0 mram_addr(0000073E)) idx(0) write weight:1854, but recv weight: 1222147908
[2024-12-17 15:39:22] [ERROR] [capacity_test] macro((0, 0)) ip(0 mram_addr(0000073F)) idx(0) write weight:1855, but recv weight: 1220050756
[2024-12-17 15:39:22] [ERROR] [capacity_test] macro((0, 0)) ip(0 mram_addr(00000740)) idx(0) write weight:1856, but recv weight: 1217953604
[2024-12-17 15:39:22] [ERROR] [capacity_test] macro((0, 0)) ip(0 mram_addr(00000741)) idx(0) write weight:1857, but recv weight: 1215856452
[2024-12-17 15:39:22] [ERROR] [capacity_test] macro((0, 0)) ip(0 mram_addr(00000742)) idx(0) write weight:1858, but recv weight: 1213759300
[2024-12-17 15:39:22] [ERROR] [capacity_test] macro((0, 0)) ip(0 mram_addr(00000743)) idx(0) write weight:1859, but recv weight: 1211662148
[2024-12-17 15:39:22] [ERROR] [capacity_test] macro((0, 0)) ip(0 mram_addr(00000744)) idx(0) write weight:1860, but recv weight: 1209564996
[2024-12-17 15:39:22] [ERROR] [capacity_test] macro((0, 0)) ip(0 mram_addr(00000745)) idx(0) write weight:1861, but recv weight: 1207467844
[2024-12-17 15:39:22] [ERROR] [capacity_test] macro((0, 0)) ip(0 mram_addr(00000746)) idx(0) write weight:1862, but recv weight: 1205370692
[2024-12-17 15:39:22] [ERROR] [capacity_test] macro((0, 0)) ip(0 mram_addr(00000747)) idx(0) write weight:1863, but recv weight: 0
[2024-12-17 15:39:22] [ERROR] [capacity_test] macro((0, 0)) ip(0 mram_addr(00000748)) idx(0) write weight:1864, but recv weight: 1304985412
[2024-12-17 15:39:22] [ERROR] [capacity_test] macro((0, 0)) ip(0 mram_addr(00000749)) idx(0) write weight:1865, but recv weight: 1304985412
[2024-12-17 15:39:22] [ERROR] [capacity_test] macro((0, 0)) ip(0 mram_addr(0000074A)) idx(0) write weight:1866, but recv weight: 1304985412
[2024-12-17 15:39:22] [ERROR] [capacity_test] macro((0, 0)) ip(0 mram_addr(0000074B)) idx(0) write weight:1867, but recv weight: 1304985412
[2024-12-17 15:39:22] [ERROR] [capacity_test] macro((0, 0)) ip(0 mram_addr(0000074C)) idx(0) write weight:1868, but recv weight: 1304985412
[2024-12-17 15:39:22] [ERROR] [capacity_test] macro((0, 0)) ip(0 mram_addr(0000074D)) idx(0) write weight:1869, but recv weight: 1304985412
[2024-12-17 15:39:22] [ERROR] [capacity_test] macro((0, 0)) ip(0 mram_addr(0000074E)) idx(0) write weight:1870, but recv weight: 1304985412
[2024-12-17 15:39:22] [ERROR] [capacity_test] macro((0, 0)) ip(0 mram_addr(0000074F)) idx(0) write weight:1871, but recv weight: 1304985412
[2024-12-17 15:39:22] [ERROR] [capacity_test] macro((0, 0)) ip(0 mram_addr(00000750)) idx(0) write weight:1872, but recv weight: 1304985412
[2024-12-17 15:39:22] [ERROR] [capacity_test] macro((0, 0)) ip(0 mram_addr(00000751)) idx(0) write weight:1873, but recv weight: 1304985412
[2024-12-17 15:39:22] [ERROR] [capacity_test] macro((0, 0)) ip(0 mram_addr(00000752)) idx(0) write weight:1874, but recv weight: 1304985412
[2024-12-17 15:39:22] [ERROR] [capacity_test] macro((0, 0)) ip(0 mram_addr(00000753)) idx(0) write weight:1875, but recv weight: 1304985412
[2024-12-17 15:39:22] [ERROR] [capacity_test] macro((0, 0)) ip(0 mram_addr(00000754)) idx(0) write weight:1876, but recv weight: 1304985412
[2024-12-17 15:39:22] [ERROR] [capacity_test] macro((0, 0)) ip(0 mram_addr(00000755)) idx(0) write weight:1877, but recv weight: 1304985412
[2024-12-17 15:39:22] [ERROR] [capacity_test] macro((0, 0)) ip(0 mram_addr(00000756)) idx(0) write weight:1878, but recv weight: 1304985412
[2024-12-17 15:39:22] [ERROR] [capacity_test] macro((0, 0)) ip(0 mram_addr(00000757)) idx(0) write weight:1879, but recv weight: 1303936836
[2024-12-17 15:39:22] [ERROR] [capacity_test] macro((0, 0)) ip(0 mram_addr(00000758)) idx(0) write weight:1880, but recv weight: 1303936836
[2024-12-17 15:39:22] [ERROR] [capacity_test] macro((0, 0)) ip(0 mram_addr(00000759)) idx(0) write weight:1881, but recv weight: 1303936836
[2024-12-17 15:39:22] [ERROR] [capacity_test] macro((0, 0)) ip(0 mram_addr(0000075A)) idx(0) write weight:1882, but recv weight: 1303936836
[2024-12-17 15:39:22] [ERROR] [capacity_test] macro((0, 0)) ip(0 mram_addr(0000075B)) idx(0) write weight:1883, but recv weight: 1303936836
[2024-12-17 15:39:22] [ERROR] [capacity_test] macro((0, 0)) ip(0 mram_addr(0000075C)) idx(0) write weight:1884, but recv weight: 1303936836
[2024-12-17 15:39:22] [ERROR] [capacity_test] macro((0, 0)) ip(0 mram_addr(0000075D)) idx(0) write weight:1885, but recv weight: 1303936836
[2024-12-17 15:39:22] [ERROR] [capacity_test] macro((0, 0)) ip(0 mram_addr(0000075E)) idx(0) write weight:1886, but recv weight: 1303936836
[2024-12-17 15:39:22] [ERROR] [capacity_test] macro((0, 0)) ip(0 mram_addr(0000075F)) idx(0) write weight:1887, but recv weight: 1303936836
[2024-12-17 15:39:22] [ERROR] [capacity_test] macro((0, 0)) ip(0 mram_addr(00000760)) idx(0) write weight:1888, but recv weight: 1303936836
[2024-12-17 15:39:22] [ERROR] [capacity_test] macro((0, 0)) ip(0 mram_addr(00000761)) idx(0) write weight:1889, but recv weight: 1303936836
[2024-12-17 15:39:22] [ERROR] [capacity_test] macro((0, 0)) ip(0 mram_addr(00000762)) idx(0) write weight:1890, but recv weight: 1303936836
[2024-12-17 15:39:22] [ERROR] [capacity_test] macro((0, 0)) ip(0 mram_addr(00000763)) idx(0) write weight:1891, but recv weight: 1303936836
[2024-12-17 15:39:22] [ERROR] [capacity_test] macro((0, 0)) ip(0 mram_addr(00000764)) idx(0) write weight:1892, but recv weight: 1303936836
[2024-12-17 15:39:22] [ERROR] [capacity_test] macro((0, 0)) ip(0 mram_addr(00000765)) idx(0) write weight:1893, but recv weight: 1302888260
[2024-12-17 15:39:22] [ERROR] [capacity_test] macro((0, 0)) ip(0 mram_addr(00000766)) idx(0) write weight:1894, but recv weight: 1302888260
[2024-12-17 15:39:22] [ERROR] [capacity_test] macro((0, 0)) ip(0 mram_addr(00000767)) idx(0) write weight:1895, but recv weight: 1301839684
[2024-12-17 15:39:22] [ERROR] [capacity_test] macro((0, 0)) ip(0 mram_addr(00000768)) idx(0) write weight:1896, but recv weight: 1301839684
[2024-12-17 15:39:22] [ERROR] [capacity_test] macro((0, 0)) ip(0 mram_addr(00000769)) idx(0) write weight:1897, but recv weight: 1300791108
[2024-12-17 15:39:22] [ERROR] [capacity_test] macro((0, 0)) ip(0 mram_addr(0000076A)) idx(0) write weight:1898, but recv weight: 1300791108
[2024-12-17 15:39:22] [ERROR] [capacity_test] macro((0, 0)) ip(0 mram_addr(0000076B)) idx(0) write weight:1899, but recv weight: 1299742532
[2024-12-17 15:39:22] [ERROR] [capacity_test] macro((0, 0)) ip(0 mram_addr(0000076C)) idx(0) write weight:1900, but recv weight: 1299742532
[2024-12-17 15:39:22] [ERROR] [capacity_test] macro((0, 0)) ip(0 mram_addr(0000076D)) idx(0) write weight:1901, but recv weight: 1298693956
[2024-12-17 15:39:22] [ERROR] [capacity_test] macro((0, 0)) ip(0 mram_addr(0000076E)) idx(0) write weight:1902, but recv weight: 1298693956
[2024-12-17 15:39:22] [ERROR] [capacity_test] macro((0, 0)) ip(0 mram_addr(0000076F)) idx(0) write weight:1903, but recv weight: 1297645380
[2024-12-17 15:39:22] [ERROR] [capacity_test] macro((0, 0)) ip(0 mram_addr(00000770)) idx(0) write weight:1904, but recv weight: 1297645380
[2024-12-17 15:39:22] [ERROR] [capacity_test] macro((0, 0)) ip(0 mram_addr(00000771)) idx(0) write weight:1905, but recv weight: 1296596804
[2024-12-17 15:39:22] [ERROR] [capacity_test] macro((0, 0)) ip(0 mram_addr(00000772)) idx(0) write weight:1906, but recv weight: 1296596804
[2024-12-17 15:39:22] [ERROR] [capacity_test] macro((0, 0)) ip(0 mram_addr(00000773)) idx(0) write weight:1907, but recv weight: 1295548228
[2024-12-17 15:39:22] [ERROR] [capacity_test] macro((0, 0)) ip(0 mram_addr(00000774)) idx(0) write weight:1908, but recv weight: 1295548228
[2024-12-17 15:39:22] [ERROR] [capacity_test] macro((0, 0)) ip(0 mram_addr(00000775)) idx(0) write weight:1909, but recv weight: 1294499652
[2024-12-17 15:39:22] [ERROR] [capacity_test] macro((0, 0)) ip(0 mram_addr(00000776)) idx(0) write weight:1910, but recv weight: 1294499652
[2024-12-17 15:39:22] [ERROR] [capacity_test] macro((0, 0)) ip(0 mram_addr(00000777)) idx(0) write weight:1911, but recv weight: 1293451076
[2024-12-17 15:39:22] [ERROR] [capacity_test] macro((0, 0)) ip(0 mram_addr(00000778)) idx(0) write weight:1912, but recv weight: 1293451076
[2024-12-17 15:39:22] [ERROR] [capacity_test] macro((0, 0)) ip(0 mram_addr(00000779)) idx(0) write weight:1913, but recv weight: 1292402500
[2024-12-17 15:39:22] [ERROR] [capacity_test] macro((0, 0)) ip(0 mram_addr(0000077A)) idx(0) write weight:1914, but recv weight: 1292402500
[2024-12-17 15:39:22] [ERROR] [capacity_test] macro((0, 0)) ip(0 mram_addr(0000077B)) idx(0) write weight:1915, but recv weight: 1291353924
[2024-12-17 15:39:22] [ERROR] [capacity_test] macro((0, 0)) ip(0 mram_addr(0000077C)) idx(0) write weight:1916, but recv weight: 1291353924
[2024-12-17 15:39:22] [ERROR] [capacity_test] macro((0, 0)) ip(0 mram_addr(0000077D)) idx(0) write weight:1917, but recv weight: 1290305348
[2024-12-17 15:39:22] [ERROR] [capacity_test] macro((0, 0)) ip(0 mram_addr(0000077E)) idx(0) write weight:1918, but recv weight: 1290305348
[2024-12-17 15:39:22] [ERROR] [capacity_test] macro((0, 0)) ip(0 mram_addr(0000077F)) idx(0) write weight:1919, but recv weight: 1289256772
[2024-12-17 15:39:22] [ERROR] [capacity_test] macro((0, 0)) ip(0 mram_addr(00000780)) idx(0) write weight:1920, but recv weight: 1289256772
[2024-12-17 15:39:22] [ERROR] [capacity_test] macro((0, 0)) ip(0 mram_addr(00000781)) idx(0) write weight:1921, but recv weight: 1288208196
[2024-12-17 15:39:22] [ERROR] [capacity_test] macro((0, 0)) ip(0 mram_addr(00000782)) idx(0) write weight:1922, but recv weight: 1288208196
[2024-12-17 15:39:22] [ERROR] [capacity_test] macro((0, 0)) ip(0 mram_addr(00000783)) idx(0) write weight:1923, but recv weight: 1287159620
[2024-12-17 15:39:22] [ERROR] [capacity_test] macro((0, 0)) ip(0 mram_addr(00000784)) idx(0) write weight:1924, but recv weight: 1287159620
[2024-12-17 15:39:22] [ERROR] [capacity_test] macro((0, 0)) ip(0 mram_addr(00000785)) idx(0) write weight:1925, but recv weight: 1286111044
[2024-12-17 15:39:22] [ERROR] [capacity_test] macro((0, 0)) ip(0 mram_addr(00000786)) idx(0) write weight:1926, but recv weight: 1286111044
[2024-12-17 15:39:22] [ERROR] [capacity_test] macro((0, 0)) ip(0 mram_addr(00000787)) idx(0) write weight:1927, but recv weight: 1285062468
[2024-12-17 15:39:22] [ERROR] [capacity_test] macro((0, 0)) ip(0 mram_addr(00000788)) idx(0) write weight:1928, but recv weight: 1285062468
[2024-12-17 15:39:22] [ERROR] [capacity_test] macro((0, 0)) ip(0 mram_addr(00000789)) idx(0) write weight:1929, but recv weight: 1284013892
[2024-12-17 15:39:22] [ERROR] [capacity_test] macro((0, 0)) ip(0 mram_addr(0000078A)) idx(0) write weight:1930, but recv weight: 1284013892
[2024-12-17 15:39:22] [ERROR] [capacity_test] macro((0, 0)) ip(0 mram_addr(0000078B)) idx(0) write weight:1931, but recv weight: 1282965316
[2024-12-17 15:39:22] [ERROR] [capacity_test] macro((0, 0)) ip(0 mram_addr(0000078C)) idx(0) write weight:1932, but recv weight: 1282965316
[2024-12-17 15:39:22] [ERROR] [capacity_test] macro((0, 0)) ip(0 mram_addr(0000078D)) idx(0) write weight:1933, but recv weight: 1281916740
[2024-12-17 15:39:22] [ERROR] [capacity_test] macro((0, 0)) ip(0 mram_addr(0000078E)) idx(0) write weight:1934, but recv weight: 1281916740
[2024-12-17 15:39:22] [ERROR] [capacity_test] macro((0, 0)) ip(0 mram_addr(0000078F)) idx(0) write weight:1935, but recv weight: 1280868164
[2024-12-17 15:39:22] [ERROR] [capacity_test] macro((0, 0)) ip(0 mram_addr(00000790)) idx(0) write weight:1936, but recv weight: 1280868164
[2024-12-17 15:39:22] [ERROR] [capacity_test] macro((0, 0)) ip(0 mram_addr(00000791)) idx(0) write weight:1937, but recv weight: 1279819588
[2024-12-17 15:39:22] [ERROR] [capacity_test] macro((0, 0)) ip(0 mram_addr(00000792)) idx(0) write weight:1938, but recv weight: 1279819588
[2024-12-17 15:39:22] [ERROR] [capacity_test] macro((0, 0)) ip(0 mram_addr(00000793)) idx(0) write weight:1939, but recv weight: 1278771012
[2024-12-17 15:39:22] [ERROR] [capacity_test] macro((0, 0)) ip(0 mram_addr(00000794)) idx(0) write weight:1940, but recv weight: 1278771012
[2024-12-17 15:39:22] [ERROR] [capacity_test] macro((0, 0)) ip(0 mram_addr(00000795)) idx(0) write weight:1941, but recv weight: 1277722436
[2024-12-17 15:39:22] [ERROR] [capacity_test] macro((0, 0)) ip(0 mram_addr(00000796)) idx(0) write weight:1942, but recv weight: 1277722436
[2024-12-17 15:39:22] [ERROR] [capacity_test] macro((0, 0)) ip(0 mram_addr(00000797)) idx(0) write weight:1943, but recv weight: 1276673860
[2024-12-17 15:39:22] [ERROR] [capacity_test] macro((0, 0)) ip(0 mram_addr(00000798)) idx(0) write weight:1944, but recv weight: 1276673860
[2024-12-17 15:39:22] [ERROR] [capacity_test] macro((0, 0)) ip(0 mram_addr(00000799)) idx(0) write weight:1945, but recv weight: 1275625284
[2024-12-17 15:39:22] [ERROR] [capacity_test] macro((0, 0)) ip(0 mram_addr(0000079A)) idx(0) write weight:1946, but recv weight: 1275625284
[2024-12-17 15:39:22] [ERROR] [capacity_test] macro((0, 0)) ip(0 mram_addr(0000079B)) idx(0) write weight:1947, but recv weight: 1274576708
[2024-12-17 15:39:22] [ERROR] [capacity_test] macro((0, 0)) ip(0 mram_addr(0000079C)) idx(0) write weight:1948, but recv weight: 1274576708
[2024-12-17 15:39:22] [ERROR] [capacity_test] macro((0, 0)) ip(0 mram_addr(0000079D)) idx(0) write weight:1949, but recv weight: 1273528132
[2024-12-17 15:39:22] [ERROR] [capacity_test] macro((0, 0)) ip(0 mram_addr(0000079E)) idx(0) write weight:1950, but recv weight: 1273528132
[2024-12-17 15:39:22] [ERROR] [capacity_test] macro((0, 0)) ip(0 mram_addr(0000079F)) idx(0) write weight:1951, but recv weight: 1272479556
[2024-12-17 15:39:22] [ERROR] [capacity_test] macro((0, 0)) ip(0 mram_addr(000007A0)) idx(0) write weight:1952, but recv weight: 1272479556
[2024-12-17 15:39:22] [ERROR] [capacity_test] macro((0, 0)) ip(0 mram_addr(000007A1)) idx(0) write weight:1953, but recv weight: 1271430980
[2024-12-17 15:39:22] [ERROR] [capacity_test] macro((0, 0)) ip(0 mram_addr(000007A2)) idx(0) write weight:1954, but recv weight: 1271430980
[2024-12-17 15:39:22] [ERROR] [capacity_test] macro((0, 0)) ip(0 mram_addr(000007A3)) idx(0) write weight:1955, but recv weight: 1270382404
[2024-12-17 15:39:22] [ERROR] [capacity_test] macro((0, 0)) ip(0 mram_addr(000007A4)) idx(0) write weight:1956, but recv weight: 1270382404
[2024-12-17 15:39:22] [ERROR] [capacity_test] macro((0, 0)) ip(0 mram_addr(000007A5)) idx(0) write weight:1957, but recv weight: 1269333828
[2024-12-17 15:39:22] [ERROR] [capacity_test] macro((0, 0)) ip(0 mram_addr(000007A6)) idx(0) write weight:1958, but recv weight: 1269333828
[2024-12-17 15:39:22] [ERROR] [capacity_test] macro((0, 0)) ip(0 mram_addr(000007A7)) idx(0) write weight:1959, but recv weight: 1268285252
[2024-12-17 15:39:22] [ERROR] [capacity_test] macro((0, 0)) ip(0 mram_addr(000007A8)) idx(0) write weight:1960, but recv weight: 1266188100
[2024-12-17 15:39:22] [ERROR] [capacity_test] macro((0, 0)) ip(0 mram_addr(000007A9)) idx(0) write weight:1961, but recv weight: 1264090948
[2024-12-17 15:39:22] [ERROR] [capacity_test] macro((0, 0)) ip(0 mram_addr(000007AA)) idx(0) write weight:1962, but recv weight: 1261993796
[2024-12-17 15:39:22] [ERROR] [capacity_test] macro((0, 0)) ip(0 mram_addr(000007AB)) idx(0) write weight:1963, but recv weight: 1259896644
[2024-12-17 15:39:22] [ERROR] [capacity_test] macro((0, 0)) ip(0 mram_addr(000007AC)) idx(0) write weight:1964, but recv weight: 1257799492
[2024-12-17 15:39:22] [ERROR] [capacity_test] macro((0, 0)) ip(0 mram_addr(000007AD)) idx(0) write weight:1965, but recv weight: 1255702340
[2024-12-17 15:39:22] [ERROR] [capacity_test] macro((0, 0)) ip(0 mram_addr(000007AE)) idx(0) write weight:1966, but recv weight: 1253605188
[2024-12-17 15:39:22] [ERROR] [capacity_test] macro((0, 0)) ip(0 mram_addr(000007AF)) idx(0) write weight:1967, but recv weight: 1251508036
[2024-12-17 15:39:22] [ERROR] [capacity_test] macro((0, 0)) ip(0 mram_addr(000007B0)) idx(0) write weight:1968, but recv weight: 1249410884
[2024-12-17 15:39:22] [ERROR] [capacity_test] macro((0, 0)) ip(0 mram_addr(000007B1)) idx(0) write weight:1969, but recv weight: 1247313732
[2024-12-17 15:39:22] [ERROR] [capacity_test] macro((0, 0)) ip(0 mram_addr(000007B2)) idx(0) write weight:1970, but recv weight: 1245216580
[2024-12-17 15:39:22] [ERROR] [capacity_test] macro((0, 0)) ip(0 mram_addr(000007B3)) idx(0) write weight:1971, but recv weight: 1243119428
[2024-12-17 15:39:22] [ERROR] [capacity_test] macro((0, 0)) ip(0 mram_addr(000007B4)) idx(0) write weight:1972, but recv weight: 1241022276
[2024-12-17 15:39:22] [ERROR] [capacity_test] macro((0, 0)) ip(0 mram_addr(000007B5)) idx(0) write weight:1973, but recv weight: 1238925124
[2024-12-17 15:39:22] [ERROR] [capacity_test] macro((0, 0)) ip(0 mram_addr(000007B6)) idx(0) write weight:1974, but recv weight: 1236827972
[2024-12-17 15:39:22] [ERROR] [capacity_test] macro((0, 0)) ip(0 mram_addr(000007B7)) idx(0) write weight:1975, but recv weight: 1234730820
[2024-12-17 15:39:22] [ERROR] [capacity_test] macro((0, 0)) ip(0 mram_addr(000007B8)) idx(0) write weight:1976, but recv weight: 1232633668
[2024-12-17 15:39:22] [ERROR] [capacity_test] macro((0, 0)) ip(0 mram_addr(000007B9)) idx(0) write weight:1977, but recv weight: 1230536516
[2024-12-17 15:39:22] [ERROR] [capacity_test] macro((0, 0)) ip(0 mram_addr(000007BA)) idx(0) write weight:1978, but recv weight: 1228439364
[2024-12-17 15:39:22] [ERROR] [capacity_test] macro((0, 0)) ip(0 mram_addr(000007BB)) idx(0) write weight:1979, but recv weight: 1226342212
[2024-12-17 15:39:22] [ERROR] [capacity_test] macro((0, 0)) ip(0 mram_addr(000007BC)) idx(0) write weight:1980, but recv weight: 1224245060
[2024-12-17 15:39:22] [ERROR] [capacity_test] macro((0, 0)) ip(0 mram_addr(000007BD)) idx(0) write weight:1981, but recv weight: 1222147908
[2024-12-17 15:39:22] [ERROR] [capacity_test] macro((0, 0)) ip(0 mram_addr(000007BE)) idx(0) write weight:1982, but recv weight: 1220050756
[2024-12-17 15:39:22] [ERROR] [capacity_test] macro((0, 0)) ip(0 mram_addr(000007BF)) idx(0) write weight:1983, but recv weight: 1217953604
[2024-12-17 15:39:22] [ERROR] [capacity_test] macro((0, 0)) ip(0 mram_addr(000007C0)) idx(0) write weight:1984, but recv weight: 1215856452
[2024-12-17 15:39:22] [ERROR] [capacity_test] macro((0, 0)) ip(0 mram_addr(000007C1)) idx(0) write weight:1985, but recv weight: 1213759300
[2024-12-17 15:39:22] [ERROR] [capacity_test] macro((0, 0)) ip(0 mram_addr(000007C2)) idx(0) write weight:1986, but recv weight: 1211662148
[2024-12-17 15:39:22] [ERROR] [capacity_test] macro((0, 0)) ip(0 mram_addr(000007C3)) idx(0) write weight:1987, but recv weight: 1306033988
[2024-12-17 15:39:22] [ERROR] [capacity_test] macro((0, 0)) ip(0 mram_addr(000007C4)) idx(0) write weight:1988, but recv weight: 1304985412
[2024-12-17 15:39:22] [ERROR] [capacity_test] macro((0, 0)) ip(0 mram_addr(000007C5)) idx(0) write weight:1989, but recv weight: 1304985412
[2024-12-17 15:39:22] [ERROR] [capacity_test] macro((0, 0)) ip(0 mram_addr(000007C6)) idx(0) write weight:1990, but recv weight: 1304985412
[2024-12-17 15:39:22] [ERROR] [capacity_test] macro((0, 0)) ip(0 mram_addr(000007C7)) idx(0) write weight:1991, but recv weight: 1304985412
[2024-12-17 15:39:22] [ERROR] [capacity_test] macro((0, 0)) ip(0 mram_addr(000007C8)) idx(0) write weight:1992, but recv weight: 1304985412
[2024-12-17 15:39:22] [ERROR] [capacity_test] macro((0, 0)) ip(0 mram_addr(000007C9)) idx(0) write weight:1993, but recv weight: 1304985412
[2024-12-17 15:39:22] [ERROR] [capacity_test] macro((0, 0)) ip(0 mram_addr(000007CA)) idx(0) write weight:1994, but recv weight: 1304985412
[2024-12-17 15:39:22] [ERROR] [capacity_test] macro((0, 0)) ip(0 mram_addr(000007CB)) idx(0) write weight:1995, but recv weight: 1304985412
[2024-12-17 15:39:22] [ERROR] [capacity_test] macro((0, 0)) ip(0 mram_addr(000007CC)) idx(0) write weight:1996, but recv weight: 1304985412
[2024-12-17 15:39:22] [ERROR] [capacity_test] macro((0, 0)) ip(0 mram_addr(000007CD)) idx(0) write weight:1997, but recv weight: 1304985412
[2024-12-17 15:39:22] [ERROR] [capacity_test] macro((0, 0)) ip(0 mram_addr(000007CE)) idx(0) write weight:1998, but recv weight: 1304985412
[2024-12-17 15:39:22] [ERROR] [capacity_test] macro((0, 0)) ip(0 mram_addr(000007CF)) idx(0) write weight:1999, but recv weight: 1304985412
[2024-12-17 15:39:22] [ERROR] [capacity_test] macro((0, 0)) ip(0 mram_addr(000007D0)) idx(0) write weight:2000, but recv weight: 1304985412
[2024-12-17 15:39:22] [ERROR] [capacity_test] macro((0, 0)) ip(0 mram_addr(000007D1)) idx(0) write weight:2001, but recv weight: 1304985412
[2024-12-17 15:39:22] [ERROR] [capacity_test] macro((0, 0)) ip(0 mram_addr(000007D2)) idx(0) write weight:2002, but recv weight: 1304985412
[2024-12-17 15:39:22] [ERROR] [capacity_test] macro((0, 0)) ip(0 mram_addr(000007D3)) idx(0) write weight:2003, but recv weight: 1304985412
[2024-12-17 15:39:22] [ERROR] [capacity_test] macro((0, 0)) ip(0 mram_addr(000007D4)) idx(0) write weight:2004, but recv weight: 1303936836
[2024-12-17 15:39:22] [ERROR] [capacity_test] macro((0, 0)) ip(0 mram_addr(000007D5)) idx(0) write weight:2005, but recv weight: 1303936836
[2024-12-17 15:39:22] [ERROR] [capacity_test] macro((0, 0)) ip(0 mram_addr(000007D6)) idx(0) write weight:2006, but recv weight: 1303936836
[2024-12-17 15:39:22] [ERROR] [capacity_test] macro((0, 0)) ip(0 mram_addr(000007D7)) idx(0) write weight:2007, but recv weight: 1303936836
[2024-12-17 15:39:22] [ERROR] [capacity_test] macro((0, 0)) ip(0 mram_addr(000007D8)) idx(0) write weight:2008, but recv weight: 1303936836
[2024-12-17 15:39:22] [ERROR] [capacity_test] macro((0, 0)) ip(0 mram_addr(000007D9)) idx(0) write weight:2009, but recv weight: 1303936836
[2024-12-17 15:39:22] [ERROR] [capacity_test] macro((0, 0)) ip(0 mram_addr(000007DA)) idx(0) write weight:2010, but recv weight: 1303936836
[2024-12-17 15:39:22] [ERROR] [capacity_test] macro((0, 0)) ip(0 mram_addr(000007DB)) idx(0) write weight:2011, but recv weight: 1303936836
[2024-12-17 15:39:22] [ERROR] [capacity_test] macro((0, 0)) ip(0 mram_addr(000007DC)) idx(0) write weight:2012, but recv weight: 1303936836
[2024-12-17 15:39:22] [ERROR] [capacity_test] macro((0, 0)) ip(0 mram_addr(000007DD)) idx(0) write weight:2013, but recv weight: 1303936836
[2024-12-17 15:39:22] [ERROR] [capacity_test] macro((0, 0)) ip(0 mram_addr(000007DE)) idx(0) write weight:2014, but recv weight: 1303936836
[2024-12-17 15:39:22] [ERROR] [capacity_test] macro((0, 0)) ip(0 mram_addr(000007DF)) idx(0) write weight:2015, but recv weight: 1303936836
[2024-12-17 15:39:22] [ERROR] [capacity_test] macro((0, 0)) ip(0 mram_addr(000007E0)) idx(0) write weight:2016, but recv weight: 1303936836
[2024-12-17 15:39:22] [ERROR] [capacity_test] macro((0, 0)) ip(0 mram_addr(000007E1)) idx(0) write weight:2017, but recv weight: 1303936836
[2024-12-17 15:39:22] [ERROR] [capacity_test] macro((0, 0)) ip(0 mram_addr(000007E2)) idx(0) write weight:2018, but recv weight: 1302888260
[2024-12-17 15:39:22] [ERROR] [capacity_test] macro((0, 0)) ip(0 mram_addr(000007E3)) idx(0) write weight:2019, but recv weight: 1302888260
[2024-12-17 15:39:22] [ERROR] [capacity_test] macro((0, 0)) ip(0 mram_addr(000007E4)) idx(0) write weight:2020, but recv weight: 1301839684
[2024-12-17 15:39:22] [ERROR] [capacity_test] macro((0, 0)) ip(0 mram_addr(000007E5)) idx(0) write weight:2021, but recv weight: 1301839684
[2024-12-17 15:39:22] [ERROR] [capacity_test] macro((0, 0)) ip(0 mram_addr(000007E6)) idx(0) write weight:2022, but recv weight: 1300791108
[2024-12-17 15:39:22] [ERROR] [capacity_test] macro((0, 0)) ip(0 mram_addr(000007E7)) idx(0) write weight:2023, but recv weight: 1300791108
[2024-12-17 15:39:22] [ERROR] [capacity_test] macro((0, 0)) ip(0 mram_addr(000007E8)) idx(0) write weight:2024, but recv weight: 1299742532
[2024-12-17 15:39:22] [ERROR] [capacity_test] macro((0, 0)) ip(0 mram_addr(000007E9)) idx(0) write weight:2025, but recv weight: 1299742532
[2024-12-17 15:39:22] [ERROR] [capacity_test] macro((0, 0)) ip(0 mram_addr(000007EA)) idx(0) write weight:2026, but recv weight: 1298693956
[2024-12-17 15:39:22] [ERROR] [capacity_test] macro((0, 0)) ip(0 mram_addr(000007EB)) idx(0) write weight:2027, but recv weight: 1298693956
[2024-12-17 15:39:22] [ERROR] [capacity_test] macro((0, 0)) ip(0 mram_addr(000007EC)) idx(0) write weight:2028, but recv weight: 1297645380
[2024-12-17 15:39:22] [ERROR] [capacity_test] macro((0, 0)) ip(0 mram_addr(000007ED)) idx(0) write weight:2029, but recv weight: 1297645380
[2024-12-17 15:39:22] [ERROR] [capacity_test] macro((0, 0)) ip(0 mram_addr(000007EE)) idx(0) write weight:2030, but recv weight: 1296596804
[2024-12-17 15:39:22] [ERROR] [capacity_test] macro((0, 0)) ip(0 mram_addr(000007EF)) idx(0) write weight:2031, but recv weight: 1296596804
[2024-12-17 15:39:22] [ERROR] [capacity_test] macro((0, 0)) ip(0 mram_addr(000007F0)) idx(0) write weight:2032, but recv weight: 1295548228
[2024-12-17 15:39:22] [ERROR] [capacity_test] macro((0, 0)) ip(0 mram_addr(000007F1)) idx(0) write weight:2033, but recv weight: 1295548228
[2024-12-17 15:39:22] [ERROR] [capacity_test] macro((0, 0)) ip(0 mram_addr(000007F2)) idx(0) write weight:2034, but recv weight: 1294499652
[2024-12-17 15:39:22] [ERROR] [capacity_test] macro((0, 0)) ip(0 mram_addr(000007F3)) idx(0) write weight:2035, but recv weight: 1294499652
[2024-12-17 15:39:22] [ERROR] [capacity_test] macro((0, 0)) ip(0 mram_addr(000007F4)) idx(0) write weight:2036, but recv weight: 1293451076
[2024-12-17 15:39:22] [ERROR] [capacity_test] macro((0, 0)) ip(0 mram_addr(000007F5)) idx(0) write weight:2037, but recv weight: 1293451076
[2024-12-17 15:39:22] [ERROR] [capacity_test] macro((0, 0)) ip(0 mram_addr(000007F6)) idx(0) write weight:2038, but recv weight: 1292402500
[2024-12-17 15:39:22] [ERROR] [capacity_test] macro((0, 0)) ip(0 mram_addr(000007F7)) idx(0) write weight:2039, but recv weight: 1292402500
[2024-12-17 15:39:22] [ERROR] [capacity_test] macro((0, 0)) ip(0 mram_addr(000007F8)) idx(0) write weight:2040, but recv weight: 1291353924
[2024-12-17 15:39:22] [ERROR] [capacity_test] macro((0, 0)) ip(0 mram_addr(000007F9)) idx(0) write weight:2041, but recv weight: 1291353924
[2024-12-17 15:39:22] [ERROR] [capacity_test] macro((0, 0)) ip(0 mram_addr(000007FA)) idx(0) write weight:2042, but recv weight: 1290305348
[2024-12-17 15:39:22] [ERROR] [capacity_test] macro((0, 0)) ip(0 mram_addr(000007FB)) idx(0) write weight:2043, but recv weight: 1290305348
[2024-12-17 15:39:22] [ERROR] [capacity_test] macro((0, 0)) ip(0 mram_addr(000007FC)) idx(0) write weight:2044, but recv weight: 1289256772
[2024-12-17 15:39:22] [ERROR] [capacity_test] macro((0, 0)) ip(0 mram_addr(000007FD)) idx(0) write weight:2045, but recv weight: 1289256772
[2024-12-17 15:39:22] [ERROR] [capacity_test] macro((0, 0)) ip(0 mram_addr(000007FE)) idx(0) write weight:2046, but recv weight: 1288208196
[2024-12-17 15:39:22] [ERROR] [capacity_test] macro((0, 0)) ip(0 mram_addr(000007FF)) idx(0) write weight:2047, but recv weight: 1288208196
[2024-12-17 15:39:22] [ERROR] [capacity_test] macro((0, 0)) ip(0 mram_addr(00000800)) idx(0) write weight:2048, but recv weight: 1287159620
[2024-12-17 15:39:22] [ERROR] [capacity_test] macro((0, 0)) ip(0 mram_addr(00000801)) idx(0) write weight:2049, but recv weight: 1287159620
[2024-12-17 15:39:22] [ERROR] [capacity_test] macro((0, 0)) ip(0 mram_addr(00000802)) idx(0) write weight:2050, but recv weight: 1286111044
[2024-12-17 15:39:22] [ERROR] [capacity_test] macro((0, 0)) ip(0 mram_addr(00000803)) idx(0) write weight:2051, but recv weight: 1286111044
[2024-12-17 15:39:22] [ERROR] [capacity_test] macro((0, 0)) ip(0 mram_addr(00000804)) idx(0) write weight:2052, but recv weight: 1285062468
[2024-12-17 15:39:22] [ERROR] [capacity_test] macro((0, 0)) ip(0 mram_addr(00000805)) idx(0) write weight:2053, but recv weight: 1285062468
[2024-12-17 15:39:22] [ERROR] [capacity_test] macro((0, 0)) ip(0 mram_addr(00000806)) idx(0) write weight:2054, but recv weight: 1284013892
[2024-12-17 15:39:22] [ERROR] [capacity_test] macro((0, 0)) ip(0 mram_addr(00000807)) idx(0) write weight:2055, but recv weight: 1284013892
[2024-12-17 15:39:22] [ERROR] [capacity_test] macro((0, 0)) ip(0 mram_addr(00000808)) idx(0) write weight:2056, but recv weight: 1282965316
[2024-12-17 15:39:22] [ERROR] [capacity_test] macro((0, 0)) ip(0 mram_addr(00000809)) idx(0) write weight:2057, but recv weight: 1282965316
[2024-12-17 15:39:22] [ERROR] [capacity_test] macro((0, 0)) ip(0 mram_addr(0000080A)) idx(0) write weight:2058, but recv weight: 1281916740
[2024-12-17 15:39:22] [ERROR] [capacity_test] macro((0, 0)) ip(0 mram_addr(0000080B)) idx(0) write weight:2059, but recv weight: 1281916740
[2024-12-17 15:39:22] [ERROR] [capacity_test] macro((0, 0)) ip(0 mram_addr(0000080C)) idx(0) write weight:2060, but recv weight: 1280868164
[2024-12-17 15:39:22] [ERROR] [capacity_test] macro((0, 0)) ip(0 mram_addr(0000080D)) idx(0) write weight:2061, but recv weight: 1280868164
[2024-12-17 15:39:22] [ERROR] [capacity_test] macro((0, 0)) ip(0 mram_addr(0000080E)) idx(0) write weight:2062, but recv weight: 1279819588
[2024-12-17 15:39:22] [ERROR] [capacity_test] macro((0, 0)) ip(0 mram_addr(0000080F)) idx(0) write weight:2063, but recv weight: 1279819588
[2024-12-17 15:39:22] [ERROR] [capacity_test] macro((0, 0)) ip(0 mram_addr(00000810)) idx(0) write weight:2064, but recv weight: 1278771012
[2024-12-17 15:39:22] [ERROR] [capacity_test] macro((0, 0)) ip(0 mram_addr(00000811)) idx(0) write weight:2065, but recv weight: 1278771012
[2024-12-17 15:39:22] [ERROR] [capacity_test] macro((0, 0)) ip(0 mram_addr(00000812)) idx(0) write weight:2066, but recv weight: 1277722436
[2024-12-17 15:39:22] [ERROR] [capacity_test] macro((0, 0)) ip(0 mram_addr(00000813)) idx(0) write weight:2067, but recv weight: 1277722436
[2024-12-17 15:39:22] [ERROR] [capacity_test] macro((0, 0)) ip(0 mram_addr(00000814)) idx(0) write weight:2068, but recv weight: 1276673860
[2024-12-17 15:39:22] [ERROR] [capacity_test] macro((0, 0)) ip(0 mram_addr(00000815)) idx(0) write weight:2069, but recv weight: 1276673860
[2024-12-17 15:39:22] [ERROR] [capacity_test] macro((0, 0)) ip(0 mram_addr(00000816)) idx(0) write weight:2070, but recv weight: 1275625284
[2024-12-17 15:39:22] [ERROR] [capacity_test] macro((0, 0)) ip(0 mram_addr(00000817)) idx(0) write weight:2071, but recv weight: 1275625284
[2024-12-17 15:39:22] [ERROR] [capacity_test] macro((0, 0)) ip(0 mram_addr(00000818)) idx(0) write weight:2072, but recv weight: 1274576708
[2024-12-17 15:39:22] [ERROR] [capacity_test] macro((0, 0)) ip(0 mram_addr(00000819)) idx(0) write weight:2073, but recv weight: 1274576708
[2024-12-17 15:39:22] [ERROR] [capacity_test] macro((0, 0)) ip(0 mram_addr(0000081A)) idx(0) write weight:2074, but recv weight: 1273528132
[2024-12-17 15:39:22] [ERROR] [capacity_test] macro((0, 0)) ip(0 mram_addr(0000081B)) idx(0) write weight:2075, but recv weight: 1273528132
[2024-12-17 15:39:22] [ERROR] [capacity_test] macro((0, 0)) ip(0 mram_addr(0000081C)) idx(0) write weight:2076, but recv weight: 1272479556
[2024-12-17 15:39:22] [ERROR] [capacity_test] macro((0, 0)) ip(0 mram_addr(0000081D)) idx(0) write weight:2077, but recv weight: 1272479556
[2024-12-17 15:39:22] [ERROR] [capacity_test] macro((0, 0)) ip(0 mram_addr(0000081E)) idx(0) write weight:2078, but recv weight: 1271430980
[2024-12-17 15:39:22] [ERROR] [capacity_test] macro((0, 0)) ip(0 mram_addr(0000081F)) idx(0) write weight:2079, but recv weight: 1271430980
[2024-12-17 15:39:22] [ERROR] [capacity_test] macro((0, 0)) ip(0 mram_addr(00000820)) idx(0) write weight:2080, but recv weight: 1270382404
[2024-12-17 15:39:22] [ERROR] [capacity_test] macro((0, 0)) ip(0 mram_addr(00000821)) idx(0) write weight:2081, but recv weight: 1270382404
[2024-12-17 15:39:22] [ERROR] [capacity_test] macro((0, 0)) ip(0 mram_addr(00000822)) idx(0) write weight:2082, but recv weight: 1269333828
[2024-12-17 15:39:22] [ERROR] [capacity_test] macro((0, 0)) ip(0 mram_addr(00000823)) idx(0) write weight:2083, but recv weight: 1269333828
[2024-12-17 15:39:22] [ERROR] [capacity_test] macro((0, 0)) ip(0 mram_addr(00000824)) idx(0) write weight:2084, but recv weight: 1268285252
[2024-12-17 15:39:22] [ERROR] [capacity_test] macro((0, 0)) ip(0 mram_addr(00000825)) idx(0) write weight:2085, but recv weight: 1266188100
[2024-12-17 15:39:22] [ERROR] [capacity_test] macro((0, 0)) ip(0 mram_addr(00000826)) idx(0) write weight:2086, but recv weight: 1264090948
[2024-12-17 15:39:22] [ERROR] [capacity_test] macro((0, 0)) ip(0 mram_addr(00000827)) idx(0) write weight:2087, but recv weight: 1261993796
[2024-12-17 15:39:22] [ERROR] [capacity_test] macro((0, 0)) ip(0 mram_addr(00000828)) idx(0) write weight:2088, but recv weight: 1259896644
[2024-12-17 15:39:22] [ERROR] [capacity_test] macro((0, 0)) ip(0 mram_addr(00000829)) idx(0) write weight:2089, but recv weight: 1257799492
[2024-12-17 15:39:22] [ERROR] [capacity_test] macro((0, 0)) ip(0 mram_addr(0000082A)) idx(0) write weight:2090, but recv weight: 1255702340
[2024-12-17 15:39:22] [ERROR] [capacity_test] macro((0, 0)) ip(0 mram_addr(0000082B)) idx(0) write weight:2091, but recv weight: 1253605188
[2024-12-17 15:39:22] [ERROR] [capacity_test] macro((0, 0)) ip(0 mram_addr(0000082C)) idx(0) write weight:2092, but recv weight: 1251508036
[2024-12-17 15:39:22] [ERROR] [capacity_test] macro((0, 0)) ip(0 mram_addr(0000082D)) idx(0) write weight:2093, but recv weight: 1249410884
[2024-12-17 15:39:22] [ERROR] [capacity_test] macro((0, 0)) ip(0 mram_addr(0000082E)) idx(0) write weight:2094, but recv weight: 1247313732
[2024-12-17 15:39:22] [ERROR] [capacity_test] macro((0, 0)) ip(0 mram_addr(0000082F)) idx(0) write weight:2095, but recv weight: 1245216580
[2024-12-17 15:39:22] [ERROR] [capacity_test] macro((0, 0)) ip(0 mram_addr(00000830)) idx(0) write weight:2096, but recv weight: 1243119428
[2024-12-17 15:39:22] [ERROR] [capacity_test] macro((0, 0)) ip(0 mram_addr(00000831)) idx(0) write weight:2097, but recv weight: 1241022276
[2024-12-17 15:39:22] [ERROR] [capacity_test] macro((0, 0)) ip(0 mram_addr(00000832)) idx(0) write weight:2098, but recv weight: 1238925124
[2024-12-17 15:39:22] [ERROR] [capacity_test] macro((0, 0)) ip(0 mram_addr(00000833)) idx(0) write weight:2099, but recv weight: 1236827972
[2024-12-17 15:39:22] [ERROR] [capacity_test] macro((0, 0)) ip(0 mram_addr(00000834)) idx(0) write weight:2100, but recv weight: 1234730820
[2024-12-17 15:39:22] [ERROR] [capacity_test] macro((0, 0)) ip(0 mram_addr(00000835)) idx(0) write weight:2101, but recv weight: 1232633668
[2024-12-17 15:39:22] [ERROR] [capacity_test] macro((0, 0)) ip(0 mram_addr(00000836)) idx(0) write weight:2102, but recv weight: 1230536516
[2024-12-17 15:39:22] [ERROR] [capacity_test] macro((0, 0)) ip(0 mram_addr(00000837)) idx(0) write weight:2103, but recv weight: 1228439364
[2024-12-17 15:39:22] [ERROR] [capacity_test] macro((0, 0)) ip(0 mram_addr(00000838)) idx(0) write weight:2104, but recv weight: 1226342212
[2024-12-17 15:39:22] [ERROR] [capacity_test] macro((0, 0)) ip(0 mram_addr(00000839)) idx(0) write weight:2105, but recv weight: 1224245060
[2024-12-17 15:39:22] [ERROR] [capacity_test] macro((0, 0)) ip(0 mram_addr(0000083A)) idx(0) write weight:2106, but recv weight: 1222147908
[2024-12-17 15:39:22] [ERROR] [capacity_test] macro((0, 0)) ip(0 mram_addr(0000083B)) idx(0) write weight:2107, but recv weight: 1220050756
[2024-12-17 15:39:22] [ERROR] [capacity_test] macro((0, 0)) ip(0 mram_addr(0000083C)) idx(0) write weight:2108, but recv weight: 1217953604
[2024-12-17 15:39:22] [ERROR] [capacity_test] macro((0, 0)) ip(0 mram_addr(0000083D)) idx(0) write weight:2109, but recv weight: 1215856452
[2024-12-17 15:39:22] [ERROR] [capacity_test] macro((0, 0)) ip(0 mram_addr(0000083E)) idx(0) write weight:2110, but recv weight: 1213759300
[2024-12-17 15:39:22] [ERROR] [capacity_test] macro((0, 0)) ip(0 mram_addr(0000083F)) idx(0) write weight:2111, but recv weight: 1211662148
[2024-12-17 15:39:22] [ERROR] [capacity_test] macro((0, 0)) ip(0 mram_addr(00000840)) idx(0) write weight:2112, but recv weight: 1209564996
[2024-12-17 15:39:22] [ERROR] [capacity_test] macro((0, 0)) ip(0 mram_addr(00000841)) idx(0) write weight:2113, but recv weight: 1207467844
[2024-12-17 15:39:22] [ERROR] [capacity_test] macro((0, 0)) ip(0 mram_addr(00000842)) idx(0) write weight:2114, but recv weight: 1205370692
[2024-12-17 15:39:22] [ERROR] [capacity_test] macro((0, 0)) ip(0 mram_addr(00000843)) idx(0) write weight:2115, but recv weight: 0
[2024-12-17 15:39:22] [ERROR] [capacity_test] macro((0, 0)) ip(0 mram_addr(00000844)) idx(0) write weight:2116, but recv weight: 1304985412
[2024-12-17 15:39:22] [ERROR] [capacity_test] macro((0, 0)) ip(0 mram_addr(00000845)) idx(0) write weight:2117, but recv weight: 1304985412
[2024-12-17 15:39:22] [ERROR] [capacity_test] macro((0, 0)) ip(0 mram_addr(00000846)) idx(0) write weight:2118, but recv weight: 1304985412
[2024-12-17 15:39:22] [ERROR] [capacity_test] macro((0, 0)) ip(0 mram_addr(00000847)) idx(0) write weight:2119, but recv weight: 1304985412
[2024-12-17 15:39:22] [ERROR] [capacity_test] macro((0, 0)) ip(0 mram_addr(00000848)) idx(0) write weight:2120, but recv weight: 1304985412
[2024-12-17 15:39:22] [ERROR] [capacity_test] macro((0, 0)) ip(0 mram_addr(00000849)) idx(0) write weight:2121, but recv weight: 1304985412
[2024-12-17 15:39:22] [ERROR] [capacity_test] macro((0, 0)) ip(0 mram_addr(0000084A)) idx(0) write weight:2122, but recv weight: 1304985412
[2024-12-17 15:39:22] [ERROR] [capacity_test] macro((0, 0)) ip(0 mram_addr(0000084B)) idx(0) write weight:2123, but recv weight: 1304985412
[2024-12-17 15:39:22] [ERROR] [capacity_test] macro((0, 0)) ip(0 mram_addr(0000084C)) idx(0) write weight:2124, but recv weight: 1304985412
[2024-12-17 15:39:22] [ERROR] [capacity_test] macro((0, 0)) ip(0 mram_addr(0000084D)) idx(0) write weight:2125, but recv weight: 1304985412
[2024-12-17 15:39:22] [ERROR] [capacity_test] macro((0, 0)) ip(0 mram_addr(0000084E)) idx(0) write weight:2126, but recv weight: 1304985412
[2024-12-17 15:39:22] [ERROR] [capacity_test] macro((0, 0)) ip(0 mram_addr(0000084F)) idx(0) write weight:2127, but recv weight: 1304985412
[2024-12-17 15:39:22] [ERROR] [capacity_test] macro((0, 0)) ip(0 mram_addr(00000850)) idx(0) write weight:2128, but recv weight: 1304985412
[2024-12-17 15:39:22] [ERROR] [capacity_test] macro((0, 0)) ip(0 mram_addr(00000851)) idx(0) write weight:2129, but recv weight: 1304985412
[2024-12-17 15:39:22] [ERROR] [capacity_test] macro((0, 0)) ip(0 mram_addr(00000852)) idx(0) write weight:2130, but recv weight: 1304985412
[2024-12-17 15:39:22] [ERROR] [capacity_test] macro((0, 0)) ip(0 mram_addr(00000853)) idx(0) write weight:2131, but recv weight: 1303936836
[2024-12-17 15:39:22] [ERROR] [capacity_test] macro((0, 0)) ip(0 mram_addr(00000854)) idx(0) write weight:2132, but recv weight: 1303936836
[2024-12-17 15:39:22] [ERROR] [capacity_test] macro((0, 0)) ip(0 mram_addr(00000855)) idx(0) write weight:2133, but recv weight: 1303936836
[2024-12-17 15:39:22] [ERROR] [capacity_test] macro((0, 0)) ip(0 mram_addr(00000856)) idx(0) write weight:2134, but recv weight: 1303936836
[2024-12-17 15:39:22] [ERROR] [capacity_test] macro((0, 0)) ip(0 mram_addr(00000857)) idx(0) write weight:2135, but recv weight: 1303936836
[2024-12-17 15:39:22] [ERROR] [capacity_test] macro((0, 0)) ip(0 mram_addr(00000858)) idx(0) write weight:2136, but recv weight: 1303936836
[2024-12-17 15:39:22] [ERROR] [capacity_test] macro((0, 0)) ip(0 mram_addr(00000859)) idx(0) write weight:2137, but recv weight: 1303936836
[2024-12-17 15:39:22] [ERROR] [capacity_test] macro((0, 0)) ip(0 mram_addr(0000085A)) idx(0) write weight:2138, but recv weight: 1303936836
[2024-12-17 15:39:22] [ERROR] [capacity_test] macro((0, 0)) ip(0 mram_addr(0000085B)) idx(0) write weight:2139, but recv weight: 1303936836
[2024-12-17 15:39:22] [ERROR] [capacity_test] macro((0, 0)) ip(0 mram_addr(0000085C)) idx(0) write weight:2140, but recv weight: 1303936836
[2024-12-17 15:39:22] [ERROR] [capacity_test] macro((0, 0)) ip(0 mram_addr(0000085D)) idx(0) write weight:2141, but recv weight: 1303936836
[2024-12-17 15:39:22] [ERROR] [capacity_test] macro((0, 0)) ip(0 mram_addr(0000085E)) idx(0) write weight:2142, but recv weight: 1303936836
[2024-12-17 15:39:22] [ERROR] [capacity_test] macro((0, 0)) ip(0 mram_addr(0000085F)) idx(0) write weight:2143, but recv weight: 1303936836
[2024-12-17 15:39:22] [ERROR] [capacity_test] macro((0, 0)) ip(0 mram_addr(00000860)) idx(0) write weight:2144, but recv weight: 1303936836
[2024-12-17 15:39:22] [ERROR] [capacity_test] macro((0, 0)) ip(0 mram_addr(00000861)) idx(0) write weight:2145, but recv weight: 1302888260
[2024-12-17 15:39:22] [ERROR] [capacity_test] macro((0, 0)) ip(0 mram_addr(00000862)) idx(0) write weight:2146, but recv weight: 1302888260
[2024-12-17 15:39:22] [ERROR] [capacity_test] macro((0, 0)) ip(0 mram_addr(00000863)) idx(0) write weight:2147, but recv weight: 1301839684
[2024-12-17 15:39:22] [ERROR] [capacity_test] macro((0, 0)) ip(0 mram_addr(00000864)) idx(0) write weight:2148, but recv weight: 1301839684
[2024-12-17 15:39:22] [ERROR] [capacity_test] macro((0, 0)) ip(0 mram_addr(00000865)) idx(0) write weight:2149, but recv weight: 1300791108
[2024-12-17 15:39:22] [ERROR] [capacity_test] macro((0, 0)) ip(0 mram_addr(00000866)) idx(0) write weight:2150, but recv weight: 1300791108
[2024-12-17 15:39:22] [ERROR] [capacity_test] macro((0, 0)) ip(0 mram_addr(00000867)) idx(0) write weight:2151, but recv weight: 1299742532
[2024-12-17 15:39:22] [ERROR] [capacity_test] macro((0, 0)) ip(0 mram_addr(00000868)) idx(0) write weight:2152, but recv weight: 1299742532
[2024-12-17 15:39:22] [ERROR] [capacity_test] macro((0, 0)) ip(0 mram_addr(00000869)) idx(0) write weight:2153, but recv weight: 1298693956
[2024-12-17 15:39:22] [ERROR] [capacity_test] macro((0, 0)) ip(0 mram_addr(0000086A)) idx(0) write weight:2154, but recv weight: 1298693956
[2024-12-17 15:39:22] [ERROR] [capacity_test] macro((0, 0)) ip(0 mram_addr(0000086B)) idx(0) write weight:2155, but recv weight: 1297645380
[2024-12-17 15:39:22] [ERROR] [capacity_test] macro((0, 0)) ip(0 mram_addr(0000086C)) idx(0) write weight:2156, but recv weight: 1297645380
[2024-12-17 15:39:22] [ERROR] [capacity_test] macro((0, 0)) ip(0 mram_addr(0000086D)) idx(0) write weight:2157, but recv weight: 1296596804
[2024-12-17 15:39:22] [ERROR] [capacity_test] macro((0, 0)) ip(0 mram_addr(0000086E)) idx(0) write weight:2158, but recv weight: 1296596804
[2024-12-17 15:39:22] [ERROR] [capacity_test] macro((0, 0)) ip(0 mram_addr(0000086F)) idx(0) write weight:2159, but recv weight: 1295548228
[2024-12-17 15:39:22] [ERROR] [capacity_test] macro((0, 0)) ip(0 mram_addr(00000870)) idx(0) write weight:2160, but recv weight: 1295548228
[2024-12-17 15:39:22] [ERROR] [capacity_test] macro((0, 0)) ip(0 mram_addr(00000871)) idx(0) write weight:2161, but recv weight: 1294499652
[2024-12-17 15:39:22] [ERROR] [capacity_test] macro((0, 0)) ip(0 mram_addr(00000872)) idx(0) write weight:2162, but recv weight: 1294499652
[2024-12-17 15:39:22] [ERROR] [capacity_test] macro((0, 0)) ip(0 mram_addr(00000873)) idx(0) write weight:2163, but recv weight: 1293451076
[2024-12-17 15:39:22] [ERROR] [capacity_test] macro((0, 0)) ip(0 mram_addr(00000874)) idx(0) write weight:2164, but recv weight: 1293451076
[2024-12-17 15:39:22] [ERROR] [capacity_test] macro((0, 0)) ip(0 mram_addr(00000875)) idx(0) write weight:2165, but recv weight: 1292402500
[2024-12-17 15:39:22] [ERROR] [capacity_test] macro((0, 0)) ip(0 mram_addr(00000876)) idx(0) write weight:2166, but recv weight: 1292402500
[2024-12-17 15:39:22] [ERROR] [capacity_test] macro((0, 0)) ip(0 mram_addr(00000877)) idx(0) write weight:2167, but recv weight: 1291353924
[2024-12-17 15:39:22] [ERROR] [capacity_test] macro((0, 0)) ip(0 mram_addr(00000878)) idx(0) write weight:2168, but recv weight: 1291353924
[2024-12-17 15:39:22] [ERROR] [capacity_test] macro((0, 0)) ip(0 mram_addr(00000879)) idx(0) write weight:2169, but recv weight: 1290305348
[2024-12-17 15:39:22] [ERROR] [capacity_test] macro((0, 0)) ip(0 mram_addr(0000087A)) idx(0) write weight:2170, but recv weight: 1290305348
[2024-12-17 15:39:22] [ERROR] [capacity_test] macro((0, 0)) ip(0 mram_addr(0000087B)) idx(0) write weight:2171, but recv weight: 1289256772
[2024-12-17 15:39:22] [ERROR] [capacity_test] macro((0, 0)) ip(0 mram_addr(0000087C)) idx(0) write weight:2172, but recv weight: 1289256772
[2024-12-17 15:39:22] [ERROR] [capacity_test] macro((0, 0)) ip(0 mram_addr(0000087D)) idx(0) write weight:2173, but recv weight: 1288208196
[2024-12-17 15:39:22] [ERROR] [capacity_test] macro((0, 0)) ip(0 mram_addr(0000087E)) idx(0) write weight:2174, but recv weight: 1288208196
[2024-12-17 15:39:22] [ERROR] [capacity_test] macro((0, 0)) ip(0 mram_addr(0000087F)) idx(0) write weight:2175, but recv weight: 1287159620
[2024-12-17 15:39:22] [ERROR] [capacity_test] macro((0, 0)) ip(0 mram_addr(00000880)) idx(0) write weight:2176, but recv weight: 1287159620
[2024-12-17 15:39:22] [ERROR] [capacity_test] macro((0, 0)) ip(0 mram_addr(00000881)) idx(0) write weight:2177, but recv weight: 1286111044
[2024-12-17 15:39:22] [ERROR] [capacity_test] macro((0, 0)) ip(0 mram_addr(00000882)) idx(0) write weight:2178, but recv weight: 1286111044
[2024-12-17 15:39:22] [ERROR] [capacity_test] macro((0, 0)) ip(0 mram_addr(00000883)) idx(0) write weight:2179, but recv weight: 1285062468
[2024-12-17 15:39:22] [ERROR] [capacity_test] macro((0, 0)) ip(0 mram_addr(00000884)) idx(0) write weight:2180, but recv weight: 1285062468
[2024-12-17 15:39:22] [ERROR] [capacity_test] macro((0, 0)) ip(0 mram_addr(00000885)) idx(0) write weight:2181, but recv weight: 1284013892
[2024-12-17 15:39:22] [ERROR] [capacity_test] macro((0, 0)) ip(0 mram_addr(00000886)) idx(0) write weight:2182, but recv weight: 1284013892
[2024-12-17 15:39:22] [ERROR] [capacity_test] macro((0, 0)) ip(0 mram_addr(00000887)) idx(0) write weight:2183, but recv weight: 1282965316
[2024-12-17 15:39:22] [ERROR] [capacity_test] macro((0, 0)) ip(0 mram_addr(00000888)) idx(0) write weight:2184, but recv weight: 1282965316
[2024-12-17 15:39:22] [ERROR] [capacity_test] macro((0, 0)) ip(0 mram_addr(00000889)) idx(0) write weight:2185, but recv weight: 1281916740
[2024-12-17 15:39:22] [ERROR] [capacity_test] macro((0, 0)) ip(0 mram_addr(0000088A)) idx(0) write weight:2186, but recv weight: 1281916740
[2024-12-17 15:39:22] [ERROR] [capacity_test] macro((0, 0)) ip(0 mram_addr(0000088B)) idx(0) write weight:2187, but recv weight: 1280868164
[2024-12-17 15:39:22] [ERROR] [capacity_test] macro((0, 0)) ip(0 mram_addr(0000088C)) idx(0) write weight:2188, but recv weight: 1280868164
[2024-12-17 15:39:22] [ERROR] [capacity_test] macro((0, 0)) ip(0 mram_addr(0000088D)) idx(0) write weight:2189, but recv weight: 1279819588
[2024-12-17 15:39:22] [ERROR] [capacity_test] macro((0, 0)) ip(0 mram_addr(0000088E)) idx(0) write weight:2190, but recv weight: 1279819588
[2024-12-17 15:39:22] [ERROR] [capacity_test] macro((0, 0)) ip(0 mram_addr(0000088F)) idx(0) write weight:2191, but recv weight: 1278771012
[2024-12-17 15:39:22] [ERROR] [capacity_test] macro((0, 0)) ip(0 mram_addr(00000890)) idx(0) write weight:2192, but recv weight: 1278771012
[2024-12-17 15:39:22] [ERROR] [capacity_test] macro((0, 0)) ip(0 mram_addr(00000891)) idx(0) write weight:2193, but recv weight: 1277722436
[2024-12-17 15:39:22] [ERROR] [capacity_test] macro((0, 0)) ip(0 mram_addr(00000892)) idx(0) write weight:2194, but recv weight: 1277722436
[2024-12-17 15:39:22] [ERROR] [capacity_test] macro((0, 0)) ip(0 mram_addr(00000893)) idx(0) write weight:2195, but recv weight: 1276673860
[2024-12-17 15:39:22] [ERROR] [capacity_test] macro((0, 0)) ip(0 mram_addr(00000894)) idx(0) write weight:2196, but recv weight: 1276673860
[2024-12-17 15:39:22] [ERROR] [capacity_test] macro((0, 0)) ip(0 mram_addr(00000895)) idx(0) write weight:2197, but recv weight: 1275625284
[2024-12-17 15:39:22] [ERROR] [capacity_test] macro((0, 0)) ip(0 mram_addr(00000896)) idx(0) write weight:2198, but recv weight: 1275625284
[2024-12-17 15:39:22] [ERROR] [capacity_test] macro((0, 0)) ip(0 mram_addr(00000897)) idx(0) write weight:2199, but recv weight: 1274576708
[2024-12-17 15:39:22] [ERROR] [capacity_test] macro((0, 0)) ip(0 mram_addr(00000898)) idx(0) write weight:2200, but recv weight: 1274576708
[2024-12-17 15:39:22] [ERROR] [capacity_test] macro((0, 0)) ip(0 mram_addr(00000899)) idx(0) write weight:2201, but recv weight: 1273528132
[2024-12-17 15:39:22] [ERROR] [capacity_test] macro((0, 0)) ip(0 mram_addr(0000089A)) idx(0) write weight:2202, but recv weight: 1273528132
[2024-12-17 15:39:22] [ERROR] [capacity_test] macro((0, 0)) ip(0 mram_addr(0000089B)) idx(0) write weight:2203, but recv weight: 1272479556
[2024-12-17 15:39:22] [ERROR] [capacity_test] macro((0, 0)) ip(0 mram_addr(0000089C)) idx(0) write weight:2204, but recv weight: 1272479556
[2024-12-17 15:39:22] [ERROR] [capacity_test] macro((0, 0)) ip(0 mram_addr(0000089D)) idx(0) write weight:2205, but recv weight: 1271430980
[2024-12-17 15:39:22] [ERROR] [capacity_test] macro((0, 0)) ip(0 mram_addr(0000089E)) idx(0) write weight:2206, but recv weight: 1271430980
[2024-12-17 15:39:22] [ERROR] [capacity_test] macro((0, 0)) ip(0 mram_addr(0000089F)) idx(0) write weight:2207, but recv weight: 1270382404
[2024-12-17 15:39:22] [ERROR] [capacity_test] macro((0, 0)) ip(0 mram_addr(000008A0)) idx(0) write weight:2208, but recv weight: 1270382404
[2024-12-17 15:39:22] [ERROR] [capacity_test] macro((0, 0)) ip(0 mram_addr(000008A1)) idx(0) write weight:2209, but recv weight: 1269333828
[2024-12-17 15:39:22] [ERROR] [capacity_test] macro((0, 0)) ip(0 mram_addr(000008A2)) idx(0) write weight:2210, but recv weight: 1269333828
[2024-12-17 15:39:22] [ERROR] [capacity_test] macro((0, 0)) ip(0 mram_addr(000008A3)) idx(0) write weight:2211, but recv weight: 1268285252
[2024-12-17 15:39:22] [ERROR] [capacity_test] macro((0, 0)) ip(0 mram_addr(000008A4)) idx(0) write weight:2212, but recv weight: 1266188100
[2024-12-17 15:39:22] [ERROR] [capacity_test] macro((0, 0)) ip(0 mram_addr(000008A5)) idx(0) write weight:2213, but recv weight: 1264090948
[2024-12-17 15:39:22] [ERROR] [capacity_test] macro((0, 0)) ip(0 mram_addr(000008A6)) idx(0) write weight:2214, but recv weight: 1261993796
[2024-12-17 15:39:22] [ERROR] [capacity_test] macro((0, 0)) ip(0 mram_addr(000008A7)) idx(0) write weight:2215, but recv weight: 1259896644
[2024-12-17 15:39:22] [ERROR] [capacity_test] macro((0, 0)) ip(0 mram_addr(000008A8)) idx(0) write weight:2216, but recv weight: 1257799492
[2024-12-17 15:39:22] [ERROR] [capacity_test] macro((0, 0)) ip(0 mram_addr(000008A9)) idx(0) write weight:2217, but recv weight: 1255702340
[2024-12-17 15:39:22] [ERROR] [capacity_test] macro((0, 0)) ip(0 mram_addr(000008AA)) idx(0) write weight:2218, but recv weight: 1253605188
[2024-12-17 15:39:22] [ERROR] [capacity_test] macro((0, 0)) ip(0 mram_addr(000008AB)) idx(0) write weight:2219, but recv weight: 1251508036
[2024-12-17 15:39:22] [ERROR] [capacity_test] macro((0, 0)) ip(0 mram_addr(000008AC)) idx(0) write weight:2220, but recv weight: 1249410884
[2024-12-17 15:39:22] [ERROR] [capacity_test] macro((0, 0)) ip(0 mram_addr(000008AD)) idx(0) write weight:2221, but recv weight: 1247313732
[2024-12-17 15:39:22] [ERROR] [capacity_test] macro((0, 0)) ip(0 mram_addr(000008AE)) idx(0) write weight:2222, but recv weight: 1245216580
[2024-12-17 15:39:22] [ERROR] [capacity_test] macro((0, 0)) ip(0 mram_addr(000008AF)) idx(0) write weight:2223, but recv weight: 1243119428
[2024-12-17 15:39:22] [ERROR] [capacity_test] macro((0, 0)) ip(0 mram_addr(000008B0)) idx(0) write weight:2224, but recv weight: 1241022276
[2024-12-17 15:39:22] [ERROR] [capacity_test] macro((0, 0)) ip(0 mram_addr(000008B1)) idx(0) write weight:2225, but recv weight: 1238925124
[2024-12-17 15:39:22] [ERROR] [capacity_test] macro((0, 0)) ip(0 mram_addr(000008B2)) idx(0) write weight:2226, but recv weight: 1236827972
[2024-12-17 15:39:22] [ERROR] [capacity_test] macro((0, 0)) ip(0 mram_addr(000008B3)) idx(0) write weight:2227, but recv weight: 1234730820
[2024-12-17 15:39:22] [ERROR] [capacity_test] macro((0, 0)) ip(0 mram_addr(000008B4)) idx(0) write weight:2228, but recv weight: 1232633668
[2024-12-17 15:39:22] [ERROR] [capacity_test] macro((0, 0)) ip(0 mram_addr(000008B5)) idx(0) write weight:2229, but recv weight: 1230536516
[2024-12-17 15:39:22] [ERROR] [capacity_test] macro((0, 0)) ip(0 mram_addr(000008B6)) idx(0) write weight:2230, but recv weight: 1228439364
[2024-12-17 15:39:22] [ERROR] [capacity_test] macro((0, 0)) ip(0 mram_addr(000008B7)) idx(0) write weight:2231, but recv weight: 1226342212
[2024-12-17 15:39:22] [ERROR] [capacity_test] macro((0, 0)) ip(0 mram_addr(000008B8)) idx(0) write weight:2232, but recv weight: 1224245060
[2024-12-17 15:39:22] [ERROR] [capacity_test] macro((0, 0)) ip(0 mram_addr(000008B9)) idx(0) write weight:2233, but recv weight: 1222147908
[2024-12-17 15:39:22] [ERROR] [capacity_test] macro((0, 0)) ip(0 mram_addr(000008BA)) idx(0) write weight:2234, but recv weight: 1220050756
[2024-12-17 15:39:22] [ERROR] [capacity_test] macro((0, 0)) ip(0 mram_addr(000008BB)) idx(0) write weight:2235, but recv weight: 1217953604
[2024-12-17 15:39:22] [ERROR] [capacity_test] macro((0, 0)) ip(0 mram_addr(000008BC)) idx(0) write weight:2236, but recv weight: 1215856452
[2024-12-17 15:39:22] [ERROR] [capacity_test] macro((0, 0)) ip(0 mram_addr(000008BD)) idx(0) write weight:2237, but recv weight: 1213759300
[2024-12-17 15:39:22] [ERROR] [capacity_test] macro((0, 0)) ip(0 mram_addr(000008BE)) idx(0) write weight:2238, but recv weight: 1211662148
[2024-12-17 15:39:22] [ERROR] [capacity_test] macro((0, 0)) ip(0 mram_addr(000008BF)) idx(0) write weight:2239, but recv weight: 1306033988
[2024-12-17 15:39:22] [ERROR] [capacity_test] macro((0, 0)) ip(0 mram_addr(000008C0)) idx(0) write weight:2240, but recv weight: 1306033988
[2024-12-17 15:39:22] [ERROR] [capacity_test] macro((0, 0)) ip(0 mram_addr(000008C1)) idx(0) write weight:2241, but recv weight: 1306033988
[2024-12-17 15:39:22] [ERROR] [capacity_test] macro((0, 0)) ip(0 mram_addr(000008C2)) idx(0) write weight:2242, but recv weight: 1306033988
[2024-12-17 15:39:22] [ERROR] [capacity_test] macro((0, 0)) ip(0 mram_addr(000008C3)) idx(0) write weight:2243, but recv weight: 1306033988
[2024-12-17 15:39:22] [ERROR] [capacity_test] macro((0, 0)) ip(0 mram_addr(000008C4)) idx(0) write weight:2244, but recv weight: 1304985412
[2024-12-17 15:39:22] [ERROR] [capacity_test] macro((0, 0)) ip(0 mram_addr(000008C5)) idx(0) write weight:2245, but recv weight: 1304985412
[2024-12-17 15:39:22] [ERROR] [capacity_test] macro((0, 0)) ip(0 mram_addr(000008C6)) idx(0) write weight:2246, but recv weight: 1304985412
[2024-12-17 15:39:22] [ERROR] [capacity_test] macro((0, 0)) ip(0 mram_addr(000008C7)) idx(0) write weight:2247, but recv weight: 1304985412
[2024-12-17 15:39:22] [ERROR] [capacity_test] macro((0, 0)) ip(0 mram_addr(000008C8)) idx(0) write weight:2248, but recv weight: 1304985412
[2024-12-17 15:39:22] [ERROR] [capacity_test] macro((0, 0)) ip(0 mram_addr(000008C9)) idx(0) write weight:2249, but recv weight: 1304985412
[2024-12-17 15:39:22] [ERROR] [capacity_test] macro((0, 0)) ip(0 mram_addr(000008CA)) idx(0) write weight:2250, but recv weight: 1304985412
[2024-12-17 15:39:22] [ERROR] [capacity_test] macro((0, 0)) ip(0 mram_addr(000008CB)) idx(0) write weight:2251, but recv weight: 1304985412
[2024-12-17 15:39:22] [ERROR] [capacity_test] macro((0, 0)) ip(0 mram_addr(000008CC)) idx(0) write weight:2252, but recv weight: 1304985412
[2024-12-17 15:39:22] [ERROR] [capacity_test] macro((0, 0)) ip(0 mram_addr(000008CD)) idx(0) write weight:2253, but recv weight: 1304985412
[2024-12-17 15:39:22] [ERROR] [capacity_test] macro((0, 0)) ip(0 mram_addr(000008CE)) idx(0) write weight:2254, but recv weight: 1304985412
[2024-12-17 15:39:22] [ERROR] [capacity_test] macro((0, 0)) ip(0 mram_addr(000008CF)) idx(0) write weight:2255, but recv weight: 1304985412
[2024-12-17 15:39:22] [ERROR] [capacity_test] macro((0, 0)) ip(0 mram_addr(000008D0)) idx(0) write weight:2256, but recv weight: 1304985412
[2024-12-17 15:39:22] [ERROR] [capacity_test] macro((0, 0)) ip(0 mram_addr(000008D1)) idx(0) write weight:2257, but recv weight: 1304985412
[2024-12-17 15:39:22] [ERROR] [capacity_test] macro((0, 0)) ip(0 mram_addr(000008D2)) idx(0) write weight:2258, but recv weight: 1304985412
[2024-12-17 15:39:22] [ERROR] [capacity_test] macro((0, 0)) ip(0 mram_addr(000008D3)) idx(0) write weight:2259, but recv weight: 1304985412
[2024-12-17 15:39:22] [ERROR] [capacity_test] macro((0, 0)) ip(0 mram_addr(000008D4)) idx(0) write weight:2260, but recv weight: 1303936836
[2024-12-17 15:39:22] [ERROR] [capacity_test] macro((0, 0)) ip(0 mram_addr(000008D5)) idx(0) write weight:2261, but recv weight: 1303936836
[2024-12-17 15:39:22] [ERROR] [capacity_test] macro((0, 0)) ip(0 mram_addr(000008D6)) idx(0) write weight:2262, but recv weight: 1303936836
[2024-12-17 15:39:22] [ERROR] [capacity_test] macro((0, 0)) ip(0 mram_addr(000008D7)) idx(0) write weight:2263, but recv weight: 1303936836
[2024-12-17 15:39:22] [ERROR] [capacity_test] macro((0, 0)) ip(0 mram_addr(000008D8)) idx(0) write weight:2264, but recv weight: 1303936836
[2024-12-17 15:39:22] [ERROR] [capacity_test] macro((0, 0)) ip(0 mram_addr(000008D9)) idx(0) write weight:2265, but recv weight: 1303936836
[2024-12-17 15:39:22] [ERROR] [capacity_test] macro((0, 0)) ip(0 mram_addr(000008DA)) idx(0) write weight:2266, but recv weight: 1303936836
[2024-12-17 15:39:22] [ERROR] [capacity_test] macro((0, 0)) ip(0 mram_addr(000008DB)) idx(0) write weight:2267, but recv weight: 1303936836
[2024-12-17 15:39:22] [ERROR] [capacity_test] macro((0, 0)) ip(0 mram_addr(000008DC)) idx(0) write weight:2268, but recv weight: 1303936836
[2024-12-17 15:39:22] [ERROR] [capacity_test] macro((0, 0)) ip(0 mram_addr(000008DD)) idx(0) write weight:2269, but recv weight: 1303936836
[2024-12-17 15:39:22] [ERROR] [capacity_test] macro((0, 0)) ip(0 mram_addr(000008DE)) idx(0) write weight:2270, but recv weight: 1303936836
[2024-12-17 15:39:22] [ERROR] [capacity_test] macro((0, 0)) ip(0 mram_addr(000008DF)) idx(0) write weight:2271, but recv weight: 1303936836
[2024-12-17 15:39:22] [ERROR] [capacity_test] macro((0, 0)) ip(0 mram_addr(000008E0)) idx(0) write weight:2272, but recv weight: 1303936836
[2024-12-17 15:39:22] [ERROR] [capacity_test] macro((0, 0)) ip(0 mram_addr(000008E1)) idx(0) write weight:2273, but recv weight: 1303936836
[2024-12-17 15:39:22] [ERROR] [capacity_test] macro((0, 0)) ip(0 mram_addr(000008E2)) idx(0) write weight:2274, but recv weight: 1302888260
[2024-12-17 15:39:22] [ERROR] [capacity_test] macro((0, 0)) ip(0 mram_addr(000008E3)) idx(0) write weight:2275, but recv weight: 1302888260
[2024-12-17 15:39:22] [ERROR] [capacity_test] macro((0, 0)) ip(0 mram_addr(000008E4)) idx(0) write weight:2276, but recv weight: 1301839684
[2024-12-17 15:39:22] [ERROR] [capacity_test] macro((0, 0)) ip(0 mram_addr(000008E5)) idx(0) write weight:2277, but recv weight: 1301839684
[2024-12-17 15:39:22] [ERROR] [capacity_test] macro((0, 0)) ip(0 mram_addr(000008E6)) idx(0) write weight:2278, but recv weight: 1300791108
[2024-12-17 15:39:22] [ERROR] [capacity_test] macro((0, 0)) ip(0 mram_addr(000008E7)) idx(0) write weight:2279, but recv weight: 1300791108
[2024-12-17 15:39:22] [ERROR] [capacity_test] macro((0, 0)) ip(0 mram_addr(000008E8)) idx(0) write weight:2280, but recv weight: 1299742532
[2024-12-17 15:39:22] [ERROR] [capacity_test] macro((0, 0)) ip(0 mram_addr(000008E9)) idx(0) write weight:2281, but recv weight: 1299742532
[2024-12-17 15:39:22] [ERROR] [capacity_test] macro((0, 0)) ip(0 mram_addr(000008EA)) idx(0) write weight:2282, but recv weight: 1298693956
[2024-12-17 15:39:22] [ERROR] [capacity_test] macro((0, 0)) ip(0 mram_addr(000008EB)) idx(0) write weight:2283, but recv weight: 1298693956
[2024-12-17 15:39:22] [ERROR] [capacity_test] macro((0, 0)) ip(0 mram_addr(000008EC)) idx(0) write weight:2284, but recv weight: 1297645380
[2024-12-17 15:39:22] [ERROR] [capacity_test] macro((0, 0)) ip(0 mram_addr(000008ED)) idx(0) write weight:2285, but recv weight: 1297645380
[2024-12-17 15:39:22] [ERROR] [capacity_test] macro((0, 0)) ip(0 mram_addr(000008EE)) idx(0) write weight:2286, but recv weight: 1296596804
[2024-12-17 15:39:22] [ERROR] [capacity_test] macro((0, 0)) ip(0 mram_addr(000008EF)) idx(0) write weight:2287, but recv weight: 1296596804
[2024-12-17 15:39:22] [ERROR] [capacity_test] macro((0, 0)) ip(0 mram_addr(000008F0)) idx(0) write weight:2288, but recv weight: 1295548228
[2024-12-17 15:39:22] [ERROR] [capacity_test] macro((0, 0)) ip(0 mram_addr(000008F1)) idx(0) write weight:2289, but recv weight: 1295548228
[2024-12-17 15:39:22] [ERROR] [capacity_test] macro((0, 0)) ip(0 mram_addr(000008F2)) idx(0) write weight:2290, but recv weight: 1294499652
[2024-12-17 15:39:22] [ERROR] [capacity_test] macro((0, 0)) ip(0 mram_addr(000008F3)) idx(0) write weight:2291, but recv weight: 1294499652
[2024-12-17 15:39:22] [ERROR] [capacity_test] macro((0, 0)) ip(0 mram_addr(000008F4)) idx(0) write weight:2292, but recv weight: 1293451076
[2024-12-17 15:39:22] [ERROR] [capacity_test] macro((0, 0)) ip(0 mram_addr(000008F5)) idx(0) write weight:2293, but recv weight: 1293451076
[2024-12-17 15:39:22] [ERROR] [capacity_test] macro((0, 0)) ip(0 mram_addr(000008F6)) idx(0) write weight:2294, but recv weight: 1292402500
[2024-12-17 15:39:22] [ERROR] [capacity_test] macro((0, 0)) ip(0 mram_addr(000008F7)) idx(0) write weight:2295, but recv weight: 1292402500
[2024-12-17 15:39:22] [ERROR] [capacity_test] macro((0, 0)) ip(0 mram_addr(000008F8)) idx(0) write weight:2296, but recv weight: 1291353924
[2024-12-17 15:39:22] [ERROR] [capacity_test] macro((0, 0)) ip(0 mram_addr(000008F9)) idx(0) write weight:2297, but recv weight: 1291353924
[2024-12-17 15:39:22] [ERROR] [capacity_test] macro((0, 0)) ip(0 mram_addr(000008FA)) idx(0) write weight:2298, but recv weight: 1290305348
[2024-12-17 15:39:22] [ERROR] [capacity_test] macro((0, 0)) ip(0 mram_addr(000008FB)) idx(0) write weight:2299, but recv weight: 1290305348
[2024-12-17 15:39:22] [ERROR] [capacity_test] macro((0, 0)) ip(0 mram_addr(000008FC)) idx(0) write weight:2300, but recv weight: 1289256772
[2024-12-17 15:39:22] [ERROR] [capacity_test] macro((0, 0)) ip(0 mram_addr(000008FD)) idx(0) write weight:2301, but recv weight: 1289256772
[2024-12-17 15:39:22] [ERROR] [capacity_test] macro((0, 0)) ip(0 mram_addr(000008FE)) idx(0) write weight:2302, but recv weight: 1288208196
[2024-12-17 15:39:22] [ERROR] [capacity_test] macro((0, 0)) ip(0 mram_addr(000008FF)) idx(0) write weight:2303, but recv weight: 1288208196
[2024-12-17 15:39:22] [ERROR] [capacity_test] macro((0, 0)) ip(0 mram_addr(00000900)) idx(0) write weight:2304, but recv weight: 1287159620
[2024-12-17 15:39:22] [ERROR] [capacity_test] macro((0, 0)) ip(0 mram_addr(00000901)) idx(0) write weight:2305, but recv weight: 1287159620
[2024-12-17 15:39:22] [ERROR] [capacity_test] macro((0, 0)) ip(0 mram_addr(00000902)) idx(0) write weight:2306, but recv weight: 1286111044
[2024-12-17 15:39:22] [ERROR] [capacity_test] macro((0, 0)) ip(0 mram_addr(00000903)) idx(0) write weight:2307, but recv weight: 1286111044
[2024-12-17 15:39:22] [ERROR] [capacity_test] macro((0, 0)) ip(0 mram_addr(00000904)) idx(0) write weight:2308, but recv weight: 1285062468
[2024-12-17 15:39:22] [ERROR] [capacity_test] macro((0, 0)) ip(0 mram_addr(00000905)) idx(0) write weight:2309, but recv weight: 1285062468
[2024-12-17 15:39:22] [ERROR] [capacity_test] macro((0, 0)) ip(0 mram_addr(00000906)) idx(0) write weight:2310, but recv weight: 1284013892
[2024-12-17 15:39:22] [ERROR] [capacity_test] macro((0, 0)) ip(0 mram_addr(00000907)) idx(0) write weight:2311, but recv weight: 1284013892
[2024-12-17 15:39:22] [ERROR] [capacity_test] macro((0, 0)) ip(0 mram_addr(00000908)) idx(0) write weight:2312, but recv weight: 1282965316
[2024-12-17 15:39:22] [ERROR] [capacity_test] macro((0, 0)) ip(0 mram_addr(00000909)) idx(0) write weight:2313, but recv weight: 1282965316
[2024-12-17 15:39:22] [ERROR] [capacity_test] macro((0, 0)) ip(0 mram_addr(0000090A)) idx(0) write weight:2314, but recv weight: 1281916740
[2024-12-17 15:39:22] [ERROR] [capacity_test] macro((0, 0)) ip(0 mram_addr(0000090B)) idx(0) write weight:2315, but recv weight: 1281916740
[2024-12-17 15:39:22] [ERROR] [capacity_test] macro((0, 0)) ip(0 mram_addr(0000090C)) idx(0) write weight:2316, but recv weight: 1280868164
[2024-12-17 15:39:22] [ERROR] [capacity_test] macro((0, 0)) ip(0 mram_addr(0000090D)) idx(0) write weight:2317, but recv weight: 1280868164
[2024-12-17 15:39:22] [ERROR] [capacity_test] macro((0, 0)) ip(0 mram_addr(0000090E)) idx(0) write weight:2318, but recv weight: 1279819588
[2024-12-17 15:39:22] [ERROR] [capacity_test] macro((0, 0)) ip(0 mram_addr(0000090F)) idx(0) write weight:2319, but recv weight: 1279819588
[2024-12-17 15:39:22] [ERROR] [capacity_test] macro((0, 0)) ip(0 mram_addr(00000910)) idx(0) write weight:2320, but recv weight: 1278771012
[2024-12-17 15:39:22] [ERROR] [capacity_test] macro((0, 0)) ip(0 mram_addr(00000911)) idx(0) write weight:2321, but recv weight: 1278771012
[2024-12-17 15:39:22] [ERROR] [capacity_test] macro((0, 0)) ip(0 mram_addr(00000912)) idx(0) write weight:2322, but recv weight: 1277722436
[2024-12-17 15:39:22] [ERROR] [capacity_test] macro((0, 0)) ip(0 mram_addr(00000913)) idx(0) write weight:2323, but recv weight: 1277722436
[2024-12-17 15:39:22] [ERROR] [capacity_test] macro((0, 0)) ip(0 mram_addr(00000914)) idx(0) write weight:2324, but recv weight: 1276673860
[2024-12-17 15:39:22] [ERROR] [capacity_test] macro((0, 0)) ip(0 mram_addr(00000915)) idx(0) write weight:2325, but recv weight: 1276673860
[2024-12-17 15:39:22] [ERROR] [capacity_test] macro((0, 0)) ip(0 mram_addr(00000916)) idx(0) write weight:2326, but recv weight: 1275625284
[2024-12-17 15:39:22] [ERROR] [capacity_test] macro((0, 0)) ip(0 mram_addr(00000917)) idx(0) write weight:2327, but recv weight: 1275625284
[2024-12-17 15:39:22] [ERROR] [capacity_test] macro((0, 0)) ip(0 mram_addr(00000918)) idx(0) write weight:2328, but recv weight: 1274576708
[2024-12-17 15:39:22] [ERROR] [capacity_test] macro((0, 0)) ip(0 mram_addr(00000919)) idx(0) write weight:2329, but recv weight: 1274576708
[2024-12-17 15:39:22] [ERROR] [capacity_test] macro((0, 0)) ip(0 mram_addr(0000091A)) idx(0) write weight:2330, but recv weight: 1273528132
[2024-12-17 15:39:22] [ERROR] [capacity_test] macro((0, 0)) ip(0 mram_addr(0000091B)) idx(0) write weight:2331, but recv weight: 1273528132
[2024-12-17 15:39:22] [ERROR] [capacity_test] macro((0, 0)) ip(0 mram_addr(0000091C)) idx(0) write weight:2332, but recv weight: 1272479556
[2024-12-17 15:39:22] [ERROR] [capacity_test] macro((0, 0)) ip(0 mram_addr(0000091D)) idx(0) write weight:2333, but recv weight: 1272479556
[2024-12-17 15:39:22] [ERROR] [capacity_test] macro((0, 0)) ip(0 mram_addr(0000091E)) idx(0) write weight:2334, but recv weight: 1271430980
[2024-12-17 15:39:22] [ERROR] [capacity_test] macro((0, 0)) ip(0 mram_addr(0000091F)) idx(0) write weight:2335, but recv weight: 1271430980
[2024-12-17 15:39:22] [ERROR] [capacity_test] macro((0, 0)) ip(0 mram_addr(00000920)) idx(0) write weight:2336, but recv weight: 1270382404
[2024-12-17 15:39:22] [ERROR] [capacity_test] macro((0, 0)) ip(0 mram_addr(00000921)) idx(0) write weight:2337, but recv weight: 1270382404
[2024-12-17 15:39:22] [ERROR] [capacity_test] macro((0, 0)) ip(0 mram_addr(00000922)) idx(0) write weight:2338, but recv weight: 1269333828
[2024-12-17 15:39:22] [ERROR] [capacity_test] macro((0, 0)) ip(0 mram_addr(00000923)) idx(0) write weight:2339, but recv weight: 1269333828
[2024-12-17 15:39:22] [ERROR] [capacity_test] macro((0, 0)) ip(0 mram_addr(00000924)) idx(0) write weight:2340, but recv weight: 1267236676
[2024-12-17 15:39:22] [ERROR] [capacity_test] macro((0, 0)) ip(0 mram_addr(00000925)) idx(0) write weight:2341, but recv weight: 1265139524
[2024-12-17 15:39:22] [ERROR] [capacity_test] macro((0, 0)) ip(0 mram_addr(00000926)) idx(0) write weight:2342, but recv weight: 1263042372
[2024-12-17 15:39:22] [ERROR] [capacity_test] macro((0, 0)) ip(0 mram_addr(00000927)) idx(0) write weight:2343, but recv weight: 1260945220
[2024-12-17 15:39:22] [ERROR] [capacity_test] macro((0, 0)) ip(0 mram_addr(00000928)) idx(0) write weight:2344, but recv weight: 1258848068
[2024-12-17 15:39:22] [ERROR] [capacity_test] macro((0, 0)) ip(0 mram_addr(00000929)) idx(0) write weight:2345, but recv weight: 1256750916
[2024-12-17 15:39:22] [ERROR] [capacity_test] macro((0, 0)) ip(0 mram_addr(0000092A)) idx(0) write weight:2346, but recv weight: 1254653764
[2024-12-17 15:39:22] [ERROR] [capacity_test] macro((0, 0)) ip(0 mram_addr(0000092B)) idx(0) write weight:2347, but recv weight: 1252556612
[2024-12-17 15:39:22] [ERROR] [capacity_test] macro((0, 0)) ip(0 mram_addr(0000092C)) idx(0) write weight:2348, but recv weight: 1250459460
[2024-12-17 15:39:22] [ERROR] [capacity_test] macro((0, 0)) ip(0 mram_addr(0000092D)) idx(0) write weight:2349, but recv weight: 1248362308
[2024-12-17 15:39:22] [ERROR] [capacity_test] macro((0, 0)) ip(0 mram_addr(0000092E)) idx(0) write weight:2350, but recv weight: 1246265156
[2024-12-17 15:39:22] [ERROR] [capacity_test] macro((0, 0)) ip(0 mram_addr(0000092F)) idx(0) write weight:2351, but recv weight: 1244168004
[2024-12-17 15:39:22] [ERROR] [capacity_test] macro((0, 0)) ip(0 mram_addr(00000930)) idx(0) write weight:2352, but recv weight: 1242070852
[2024-12-17 15:39:22] [ERROR] [capacity_test] macro((0, 0)) ip(0 mram_addr(00000931)) idx(0) write weight:2353, but recv weight: 1239973700
[2024-12-17 15:39:22] [ERROR] [capacity_test] macro((0, 0)) ip(0 mram_addr(00000932)) idx(0) write weight:2354, but recv weight: 1237876548
[2024-12-17 15:39:22] [ERROR] [capacity_test] macro((0, 0)) ip(0 mram_addr(00000933)) idx(0) write weight:2355, but recv weight: 1235779396
[2024-12-17 15:39:22] [ERROR] [capacity_test] macro((0, 0)) ip(0 mram_addr(00000934)) idx(0) write weight:2356, but recv weight: 1233682244
[2024-12-17 15:39:22] [ERROR] [capacity_test] macro((0, 0)) ip(0 mram_addr(00000935)) idx(0) write weight:2357, but recv weight: 1231585092
[2024-12-17 15:39:22] [ERROR] [capacity_test] macro((0, 0)) ip(0 mram_addr(00000936)) idx(0) write weight:2358, but recv weight: 1229487940
[2024-12-17 15:39:22] [ERROR] [capacity_test] macro((0, 0)) ip(0 mram_addr(00000937)) idx(0) write weight:2359, but recv weight: 1227390788
[2024-12-17 15:39:22] [ERROR] [capacity_test] macro((0, 0)) ip(0 mram_addr(00000938)) idx(0) write weight:2360, but recv weight: 1225293636
[2024-12-17 15:39:22] [ERROR] [capacity_test] macro((0, 0)) ip(0 mram_addr(00000939)) idx(0) write weight:2361, but recv weight: 1223196484
[2024-12-17 15:39:22] [ERROR] [capacity_test] macro((0, 0)) ip(0 mram_addr(0000093A)) idx(0) write weight:2362, but recv weight: 1221099332
[2024-12-17 15:39:22] [ERROR] [capacity_test] macro((0, 0)) ip(0 mram_addr(0000093B)) idx(0) write weight:2363, but recv weight: 1219002180
[2024-12-17 15:39:22] [ERROR] [capacity_test] macro((0, 0)) ip(0 mram_addr(0000093C)) idx(0) write weight:2364, but recv weight: 1216905028
[2024-12-17 15:39:22] [ERROR] [capacity_test] macro((0, 0)) ip(0 mram_addr(0000093D)) idx(0) write weight:2365, but recv weight: 1214807876
[2024-12-17 15:39:22] [ERROR] [capacity_test] macro((0, 0)) ip(0 mram_addr(0000093E)) idx(0) write weight:2366, but recv weight: 1212710724
[2024-12-17 15:39:22] [ERROR] [capacity_test] macro((0, 0)) ip(0 mram_addr(0000093F)) idx(0) write weight:2367, but recv weight: 1210613572
[2024-12-17 15:39:22] [ERROR] [capacity_test] macro((0, 0)) ip(0 mram_addr(00000940)) idx(0) write weight:2368, but recv weight: 1208516420
[2024-12-17 15:39:22] [ERROR] [capacity_test] macro((0, 0)) ip(0 mram_addr(00000941)) idx(0) write weight:2369, but recv weight: 1206419268
[2024-12-17 15:39:22] [ERROR] [capacity_test] macro((0, 0)) ip(0 mram_addr(00000942)) idx(0) write weight:2370, but recv weight: 1204322116
[2024-12-17 15:39:22] [ERROR] [capacity_test] macro((0, 0)) ip(0 mram_addr(00000943)) idx(0) write weight:2371, but recv weight: 0
[2024-12-17 15:39:22] [ERROR] [capacity_test] macro((0, 0)) ip(0 mram_addr(00000944)) idx(0) write weight:2372, but recv weight: 1304985412
[2024-12-17 15:39:22] [ERROR] [capacity_test] macro((0, 0)) ip(0 mram_addr(00000945)) idx(0) write weight:2373, but recv weight: 1304985412
[2024-12-17 15:39:22] [ERROR] [capacity_test] macro((0, 0)) ip(0 mram_addr(00000946)) idx(0) write weight:2374, but recv weight: 1304985412
[2024-12-17 15:39:22] [ERROR] [capacity_test] macro((0, 0)) ip(0 mram_addr(00000947)) idx(0) write weight:2375, but recv weight: 1304985412
[2024-12-17 15:39:22] [ERROR] [capacity_test] macro((0, 0)) ip(0 mram_addr(00000948)) idx(0) write weight:2376, but recv weight: 1304985412
[2024-12-17 15:39:22] [ERROR] [capacity_test] macro((0, 0)) ip(0 mram_addr(00000949)) idx(0) write weight:2377, but recv weight: 1304985412
[2024-12-17 15:39:22] [ERROR] [capacity_test] macro((0, 0)) ip(0 mram_addr(0000094A)) idx(0) write weight:2378, but recv weight: 1304985412
[2024-12-17 15:39:22] [ERROR] [capacity_test] macro((0, 0)) ip(0 mram_addr(0000094B)) idx(0) write weight:2379, but recv weight: 1304985412
[2024-12-17 15:39:22] [ERROR] [capacity_test] macro((0, 0)) ip(0 mram_addr(0000094C)) idx(0) write weight:2380, but recv weight: 1304985412
[2024-12-17 15:39:22] [ERROR] [capacity_test] macro((0, 0)) ip(0 mram_addr(0000094D)) idx(0) write weight:2381, but recv weight: 1304985412
[2024-12-17 15:39:22] [ERROR] [capacity_test] macro((0, 0)) ip(0 mram_addr(0000094E)) idx(0) write weight:2382, but recv weight: 1304985412
[2024-12-17 15:39:22] [ERROR] [capacity_test] macro((0, 0)) ip(0 mram_addr(0000094F)) idx(0) write weight:2383, but recv weight: 1304985412
[2024-12-17 15:39:22] [ERROR] [capacity_test] macro((0, 0)) ip(0 mram_addr(00000950)) idx(0) write weight:2384, but recv weight: 1304985412
[2024-12-17 15:39:22] [ERROR] [capacity_test] macro((0, 0)) ip(0 mram_addr(00000951)) idx(0) write weight:2385, but recv weight: 1304985412
[2024-12-17 15:39:22] [ERROR] [capacity_test] macro((0, 0)) ip(0 mram_addr(00000952)) idx(0) write weight:2386, but recv weight: 1304985412
[2024-12-17 15:39:22] [ERROR] [capacity_test] macro((0, 0)) ip(0 mram_addr(00000953)) idx(0) write weight:2387, but recv weight: 1303936836
[2024-12-17 15:39:22] [ERROR] [capacity_test] macro((0, 0)) ip(0 mram_addr(00000954)) idx(0) write weight:2388, but recv weight: 1303936836
[2024-12-17 15:39:22] [ERROR] [capacity_test] macro((0, 0)) ip(0 mram_addr(00000955)) idx(0) write weight:2389, but recv weight: 1303936836
[2024-12-17 15:39:22] [ERROR] [capacity_test] macro((0, 0)) ip(0 mram_addr(00000956)) idx(0) write weight:2390, but recv weight: 1303936836
[2024-12-17 15:39:22] [ERROR] [capacity_test] macro((0, 0)) ip(0 mram_addr(00000957)) idx(0) write weight:2391, but recv weight: 1303936836
[2024-12-17 15:39:22] [ERROR] [capacity_test] macro((0, 0)) ip(0 mram_addr(00000958)) idx(0) write weight:2392, but recv weight: 1303936836
[2024-12-17 15:39:22] [ERROR] [capacity_test] macro((0, 0)) ip(0 mram_addr(00000959)) idx(0) write weight:2393, but recv weight: 1303936836
[2024-12-17 15:39:22] [ERROR] [capacity_test] macro((0, 0)) ip(0 mram_addr(0000095A)) idx(0) write weight:2394, but recv weight: 1303936836
[2024-12-17 15:39:22] [ERROR] [capacity_test] macro((0, 0)) ip(0 mram_addr(0000095B)) idx(0) write weight:2395, but recv weight: 1303936836
[2024-12-17 15:39:22] [ERROR] [capacity_test] macro((0, 0)) ip(0 mram_addr(0000095C)) idx(0) write weight:2396, but recv weight: 1303936836
[2024-12-17 15:39:22] [ERROR] [capacity_test] macro((0, 0)) ip(0 mram_addr(0000095D)) idx(0) write weight:2397, but recv weight: 1303936836
[2024-12-17 15:39:22] [ERROR] [capacity_test] macro((0, 0)) ip(0 mram_addr(0000095E)) idx(0) write weight:2398, but recv weight: 1303936836
[2024-12-17 15:39:22] [ERROR] [capacity_test] macro((0, 0)) ip(0 mram_addr(0000095F)) idx(0) write weight:2399, but recv weight: 1303936836
[2024-12-17 15:39:22] [ERROR] [capacity_test] macro((0, 0)) ip(0 mram_addr(00000960)) idx(0) write weight:2400, but recv weight: 1303936836
[2024-12-17 15:39:22] [ERROR] [capacity_test] macro((0, 0)) ip(0 mram_addr(00000961)) idx(0) write weight:2401, but recv weight: 1302888260
[2024-12-17 15:39:22] [ERROR] [capacity_test] macro((0, 0)) ip(0 mram_addr(00000962)) idx(0) write weight:2402, but recv weight: 1302888260
[2024-12-17 15:39:22] [ERROR] [capacity_test] macro((0, 0)) ip(0 mram_addr(00000963)) idx(0) write weight:2403, but recv weight: 1301839684
[2024-12-17 15:39:22] [ERROR] [capacity_test] macro((0, 0)) ip(0 mram_addr(00000964)) idx(0) write weight:2404, but recv weight: 1301839684
[2024-12-17 15:39:22] [ERROR] [capacity_test] macro((0, 0)) ip(0 mram_addr(00000965)) idx(0) write weight:2405, but recv weight: 1300791108
[2024-12-17 15:39:22] [ERROR] [capacity_test] macro((0, 0)) ip(0 mram_addr(00000966)) idx(0) write weight:2406, but recv weight: 1300791108
[2024-12-17 15:39:22] [ERROR] [capacity_test] macro((0, 0)) ip(0 mram_addr(00000967)) idx(0) write weight:2407, but recv weight: 1299742532
[2024-12-17 15:39:22] [ERROR] [capacity_test] macro((0, 0)) ip(0 mram_addr(00000968)) idx(0) write weight:2408, but recv weight: 1299742532
[2024-12-17 15:39:22] [ERROR] [capacity_test] macro((0, 0)) ip(0 mram_addr(00000969)) idx(0) write weight:2409, but recv weight: 1298693956
[2024-12-17 15:39:22] [ERROR] [capacity_test] macro((0, 0)) ip(0 mram_addr(0000096A)) idx(0) write weight:2410, but recv weight: 1298693956
[2024-12-17 15:39:22] [ERROR] [capacity_test] macro((0, 0)) ip(0 mram_addr(0000096B)) idx(0) write weight:2411, but recv weight: 1297645380
[2024-12-17 15:39:22] [ERROR] [capacity_test] macro((0, 0)) ip(0 mram_addr(0000096C)) idx(0) write weight:2412, but recv weight: 1297645380
[2024-12-17 15:39:22] [ERROR] [capacity_test] macro((0, 0)) ip(0 mram_addr(0000096D)) idx(0) write weight:2413, but recv weight: 1296596804
[2024-12-17 15:39:22] [ERROR] [capacity_test] macro((0, 0)) ip(0 mram_addr(0000096E)) idx(0) write weight:2414, but recv weight: 1296596804
[2024-12-17 15:39:22] [ERROR] [capacity_test] macro((0, 0)) ip(0 mram_addr(0000096F)) idx(0) write weight:2415, but recv weight: 1295548228
[2024-12-17 15:39:22] [ERROR] [capacity_test] macro((0, 0)) ip(0 mram_addr(00000970)) idx(0) write weight:2416, but recv weight: 1295548228
[2024-12-17 15:39:22] [ERROR] [capacity_test] macro((0, 0)) ip(0 mram_addr(00000971)) idx(0) write weight:2417, but recv weight: 1294499652
[2024-12-17 15:39:22] [ERROR] [capacity_test] macro((0, 0)) ip(0 mram_addr(00000972)) idx(0) write weight:2418, but recv weight: 1294499652
[2024-12-17 15:39:22] [ERROR] [capacity_test] macro((0, 0)) ip(0 mram_addr(00000973)) idx(0) write weight:2419, but recv weight: 1293451076
[2024-12-17 15:39:22] [ERROR] [capacity_test] macro((0, 0)) ip(0 mram_addr(00000974)) idx(0) write weight:2420, but recv weight: 1293451076
[2024-12-17 15:39:22] [ERROR] [capacity_test] macro((0, 0)) ip(0 mram_addr(00000975)) idx(0) write weight:2421, but recv weight: 1292402500
[2024-12-17 15:39:22] [ERROR] [capacity_test] macro((0, 0)) ip(0 mram_addr(00000976)) idx(0) write weight:2422, but recv weight: 1292402500
[2024-12-17 15:39:22] [ERROR] [capacity_test] macro((0, 0)) ip(0 mram_addr(00000977)) idx(0) write weight:2423, but recv weight: 1291353924
[2024-12-17 15:39:22] [ERROR] [capacity_test] macro((0, 0)) ip(0 mram_addr(00000978)) idx(0) write weight:2424, but recv weight: 1291353924
[2024-12-17 15:39:22] [ERROR] [capacity_test] macro((0, 0)) ip(0 mram_addr(00000979)) idx(0) write weight:2425, but recv weight: 1290305348
[2024-12-17 15:39:22] [ERROR] [capacity_test] macro((0, 0)) ip(0 mram_addr(0000097A)) idx(0) write weight:2426, but recv weight: 1290305348
[2024-12-17 15:39:22] [ERROR] [capacity_test] macro((0, 0)) ip(0 mram_addr(0000097B)) idx(0) write weight:2427, but recv weight: 1289256772
[2024-12-17 15:39:22] [ERROR] [capacity_test] macro((0, 0)) ip(0 mram_addr(0000097C)) idx(0) write weight:2428, but recv weight: 1289256772
[2024-12-17 15:39:22] [ERROR] [capacity_test] macro((0, 0)) ip(0 mram_addr(0000097D)) idx(0) write weight:2429, but recv weight: 1288208196
[2024-12-17 15:39:22] [ERROR] [capacity_test] macro((0, 0)) ip(0 mram_addr(0000097E)) idx(0) write weight:2430, but recv weight: 1288208196
[2024-12-17 15:39:22] [ERROR] [capacity_test] macro((0, 0)) ip(0 mram_addr(0000097F)) idx(0) write weight:2431, but recv weight: 1287159620
[2024-12-17 15:39:22] [ERROR] [capacity_test] macro((0, 0)) ip(0 mram_addr(00000980)) idx(0) write weight:2432, but recv weight: 1287159620
[2024-12-17 15:39:22] [ERROR] [capacity_test] macro((0, 0)) ip(0 mram_addr(00000981)) idx(0) write weight:2433, but recv weight: 1286111044
[2024-12-17 15:39:22] [ERROR] [capacity_test] macro((0, 0)) ip(0 mram_addr(00000982)) idx(0) write weight:2434, but recv weight: 1286111044
[2024-12-17 15:39:22] [ERROR] [capacity_test] macro((0, 0)) ip(0 mram_addr(00000983)) idx(0) write weight:2435, but recv weight: 1285062468
[2024-12-17 15:39:22] [ERROR] [capacity_test] macro((0, 0)) ip(0 mram_addr(00000984)) idx(0) write weight:2436, but recv weight: 1285062468
[2024-12-17 15:39:22] [ERROR] [capacity_test] macro((0, 0)) ip(0 mram_addr(00000985)) idx(0) write weight:2437, but recv weight: 1284013892
[2024-12-17 15:39:22] [ERROR] [capacity_test] macro((0, 0)) ip(0 mram_addr(00000986)) idx(0) write weight:2438, but recv weight: 1284013892
[2024-12-17 15:39:22] [ERROR] [capacity_test] macro((0, 0)) ip(0 mram_addr(00000987)) idx(0) write weight:2439, but recv weight: 1282965316
[2024-12-17 15:39:22] [ERROR] [capacity_test] macro((0, 0)) ip(0 mram_addr(00000988)) idx(0) write weight:2440, but recv weight: 1282965316
[2024-12-17 15:39:22] [ERROR] [capacity_test] macro((0, 0)) ip(0 mram_addr(00000989)) idx(0) write weight:2441, but recv weight: 1281916740
[2024-12-17 15:39:22] [ERROR] [capacity_test] macro((0, 0)) ip(0 mram_addr(0000098A)) idx(0) write weight:2442, but recv weight: 1281916740
[2024-12-17 15:39:22] [ERROR] [capacity_test] macro((0, 0)) ip(0 mram_addr(0000098B)) idx(0) write weight:2443, but recv weight: 1280868164
[2024-12-17 15:39:22] [ERROR] [capacity_test] macro((0, 0)) ip(0 mram_addr(0000098C)) idx(0) write weight:2444, but recv weight: 1280868164
[2024-12-17 15:39:22] [ERROR] [capacity_test] macro((0, 0)) ip(0 mram_addr(0000098D)) idx(0) write weight:2445, but recv weight: 1279819588
[2024-12-17 15:39:22] [ERROR] [capacity_test] macro((0, 0)) ip(0 mram_addr(0000098E)) idx(0) write weight:2446, but recv weight: 1279819588
[2024-12-17 15:39:22] [ERROR] [capacity_test] macro((0, 0)) ip(0 mram_addr(0000098F)) idx(0) write weight:2447, but recv weight: 1278771012
[2024-12-17 15:39:22] [ERROR] [capacity_test] macro((0, 0)) ip(0 mram_addr(00000990)) idx(0) write weight:2448, but recv weight: 1278771012
[2024-12-17 15:39:22] [ERROR] [capacity_test] macro((0, 0)) ip(0 mram_addr(00000991)) idx(0) write weight:2449, but recv weight: 1277722436
[2024-12-17 15:39:22] [ERROR] [capacity_test] macro((0, 0)) ip(0 mram_addr(00000992)) idx(0) write weight:2450, but recv weight: 1277722436
[2024-12-17 15:39:22] [ERROR] [capacity_test] macro((0, 0)) ip(0 mram_addr(00000993)) idx(0) write weight:2451, but recv weight: 1276673860
[2024-12-17 15:39:22] [ERROR] [capacity_test] macro((0, 0)) ip(0 mram_addr(00000994)) idx(0) write weight:2452, but recv weight: 1276673860
[2024-12-17 15:39:22] [ERROR] [capacity_test] macro((0, 0)) ip(0 mram_addr(00000995)) idx(0) write weight:2453, but recv weight: 1275625284
[2024-12-17 15:39:22] [ERROR] [capacity_test] macro((0, 0)) ip(0 mram_addr(00000996)) idx(0) write weight:2454, but recv weight: 1275625284
[2024-12-17 15:39:22] [ERROR] [capacity_test] macro((0, 0)) ip(0 mram_addr(00000997)) idx(0) write weight:2455, but recv weight: 1274576708
[2024-12-17 15:39:22] [ERROR] [capacity_test] macro((0, 0)) ip(0 mram_addr(00000998)) idx(0) write weight:2456, but recv weight: 1274576708
[2024-12-17 15:39:22] [ERROR] [capacity_test] macro((0, 0)) ip(0 mram_addr(00000999)) idx(0) write weight:2457, but recv weight: 1273528132
[2024-12-17 15:39:22] [ERROR] [capacity_test] macro((0, 0)) ip(0 mram_addr(0000099A)) idx(0) write weight:2458, but recv weight: 1273528132
[2024-12-17 15:39:22] [ERROR] [capacity_test] macro((0, 0)) ip(0 mram_addr(0000099B)) idx(0) write weight:2459, but recv weight: 1272479556
[2024-12-17 15:39:22] [ERROR] [capacity_test] macro((0, 0)) ip(0 mram_addr(0000099C)) idx(0) write weight:2460, but recv weight: 1272479556
[2024-12-17 15:39:22] [ERROR] [capacity_test] macro((0, 0)) ip(0 mram_addr(0000099D)) idx(0) write weight:2461, but recv weight: 1271430980
[2024-12-17 15:39:22] [ERROR] [capacity_test] macro((0, 0)) ip(0 mram_addr(0000099E)) idx(0) write weight:2462, but recv weight: 1271430980
[2024-12-17 15:39:22] [ERROR] [capacity_test] macro((0, 0)) ip(0 mram_addr(0000099F)) idx(0) write weight:2463, but recv weight: 1270382404
[2024-12-17 15:39:22] [ERROR] [capacity_test] macro((0, 0)) ip(0 mram_addr(000009A0)) idx(0) write weight:2464, but recv weight: 1270382404
[2024-12-17 15:39:22] [ERROR] [capacity_test] macro((0, 0)) ip(0 mram_addr(000009A1)) idx(0) write weight:2465, but recv weight: 1269333828
[2024-12-17 15:39:22] [ERROR] [capacity_test] macro((0, 0)) ip(0 mram_addr(000009A2)) idx(0) write weight:2466, but recv weight: 1269333828
[2024-12-17 15:39:22] [ERROR] [capacity_test] macro((0, 0)) ip(0 mram_addr(000009A3)) idx(0) write weight:2467, but recv weight: 1268285252
[2024-12-17 15:39:22] [ERROR] [capacity_test] macro((0, 0)) ip(0 mram_addr(000009A4)) idx(0) write weight:2468, but recv weight: 1266188100
[2024-12-17 15:39:22] [ERROR] [capacity_test] macro((0, 0)) ip(0 mram_addr(000009A5)) idx(0) write weight:2469, but recv weight: 1264090948
[2024-12-17 15:39:22] [ERROR] [capacity_test] macro((0, 0)) ip(0 mram_addr(000009A6)) idx(0) write weight:2470, but recv weight: 1261993796
[2024-12-17 15:39:22] [ERROR] [capacity_test] macro((0, 0)) ip(0 mram_addr(000009A7)) idx(0) write weight:2471, but recv weight: 1259896644
[2024-12-17 15:39:22] [ERROR] [capacity_test] macro((0, 0)) ip(0 mram_addr(000009A8)) idx(0) write weight:2472, but recv weight: 1257799492
[2024-12-17 15:39:22] [ERROR] [capacity_test] macro((0, 0)) ip(0 mram_addr(000009A9)) idx(0) write weight:2473, but recv weight: 1255702340
[2024-12-17 15:39:22] [ERROR] [capacity_test] macro((0, 0)) ip(0 mram_addr(000009AA)) idx(0) write weight:2474, but recv weight: 1253605188
[2024-12-17 15:39:22] [ERROR] [capacity_test] macro((0, 0)) ip(0 mram_addr(000009AB)) idx(0) write weight:2475, but recv weight: 1251508036
[2024-12-17 15:39:22] [ERROR] [capacity_test] macro((0, 0)) ip(0 mram_addr(000009AC)) idx(0) write weight:2476, but recv weight: 1249410884
[2024-12-17 15:39:22] [ERROR] [capacity_test] macro((0, 0)) ip(0 mram_addr(000009AD)) idx(0) write weight:2477, but recv weight: 1247313732
[2024-12-17 15:39:22] [ERROR] [capacity_test] macro((0, 0)) ip(0 mram_addr(000009AE)) idx(0) write weight:2478, but recv weight: 1245216580
[2024-12-17 15:39:22] [ERROR] [capacity_test] macro((0, 0)) ip(0 mram_addr(000009AF)) idx(0) write weight:2479, but recv weight: 1243119428
[2024-12-17 15:39:22] [ERROR] [capacity_test] macro((0, 0)) ip(0 mram_addr(000009B0)) idx(0) write weight:2480, but recv weight: 1241022276
[2024-12-17 15:39:22] [ERROR] [capacity_test] macro((0, 0)) ip(0 mram_addr(000009B1)) idx(0) write weight:2481, but recv weight: 1238925124
[2024-12-17 15:39:22] [ERROR] [capacity_test] macro((0, 0)) ip(0 mram_addr(000009B2)) idx(0) write weight:2482, but recv weight: 1236827972
[2024-12-17 15:39:22] [ERROR] [capacity_test] macro((0, 0)) ip(0 mram_addr(000009B3)) idx(0) write weight:2483, but recv weight: 1234730820
[2024-12-17 15:39:22] [ERROR] [capacity_test] macro((0, 0)) ip(0 mram_addr(000009B4)) idx(0) write weight:2484, but recv weight: 1232633668
[2024-12-17 15:39:22] [ERROR] [capacity_test] macro((0, 0)) ip(0 mram_addr(000009B5)) idx(0) write weight:2485, but recv weight: 1230536516
[2024-12-17 15:39:22] [ERROR] [capacity_test] macro((0, 0)) ip(0 mram_addr(000009B6)) idx(0) write weight:2486, but recv weight: 1228439364
[2024-12-17 15:39:22] [ERROR] [capacity_test] macro((0, 0)) ip(0 mram_addr(000009B7)) idx(0) write weight:2487, but recv weight: 1226342212
[2024-12-17 15:39:22] [ERROR] [capacity_test] macro((0, 0)) ip(0 mram_addr(000009B8)) idx(0) write weight:2488, but recv weight: 1224245060
[2024-12-17 15:39:22] [ERROR] [capacity_test] macro((0, 0)) ip(0 mram_addr(000009B9)) idx(0) write weight:2489, but recv weight: 1222147908
[2024-12-17 15:39:22] [ERROR] [capacity_test] macro((0, 0)) ip(0 mram_addr(000009BA)) idx(0) write weight:2490, but recv weight: 1220050756
[2024-12-17 15:39:22] [ERROR] [capacity_test] macro((0, 0)) ip(0 mram_addr(000009BB)) idx(0) write weight:2491, but recv weight: 1217953604
[2024-12-17 15:39:22] [ERROR] [capacity_test] macro((0, 0)) ip(0 mram_addr(000009BC)) idx(0) write weight:2492, but recv weight: 1215856452
[2024-12-17 15:39:22] [ERROR] [capacity_test] macro((0, 0)) ip(0 mram_addr(000009BD)) idx(0) write weight:2493, but recv weight: 1213759300
[2024-12-17 15:39:22] [ERROR] [capacity_test] macro((0, 0)) ip(0 mram_addr(000009BE)) idx(0) write weight:2494, but recv weight: 1211662148
[2024-12-17 15:39:22] [ERROR] [capacity_test] macro((0, 0)) ip(0 mram_addr(000009BF)) idx(0) write weight:2495, but recv weight: 1306033988
[2024-12-17 15:39:22] [ERROR] [capacity_test] macro((0, 0)) ip(0 mram_addr(000009C0)) idx(0) write weight:2496, but recv weight: 1306033988
[2024-12-17 15:39:22] [ERROR] [capacity_test] macro((0, 0)) ip(0 mram_addr(000009C1)) idx(0) write weight:2497, but recv weight: 1306033988
[2024-12-17 15:39:22] [ERROR] [capacity_test] macro((0, 0)) ip(0 mram_addr(000009C2)) idx(0) write weight:2498, but recv weight: 1306033988
[2024-12-17 15:39:22] [ERROR] [capacity_test] macro((0, 0)) ip(0 mram_addr(000009C3)) idx(0) write weight:2499, but recv weight: 1306033988
[2024-12-17 15:39:22] [ERROR] [capacity_test] macro((0, 0)) ip(0 mram_addr(000009C4)) idx(0) write weight:2500, but recv weight: 1304985412
[2024-12-17 15:39:22] [ERROR] [capacity_test] macro((0, 0)) ip(0 mram_addr(000009C5)) idx(0) write weight:2501, but recv weight: 1304985412
[2024-12-17 15:39:22] [ERROR] [capacity_test] macro((0, 0)) ip(0 mram_addr(000009C6)) idx(0) write weight:2502, but recv weight: 1304985412
[2024-12-17 15:39:22] [ERROR] [capacity_test] macro((0, 0)) ip(0 mram_addr(000009C7)) idx(0) write weight:2503, but recv weight: 1304985412
[2024-12-17 15:39:22] [ERROR] [capacity_test] macro((0, 0)) ip(0 mram_addr(000009C8)) idx(0) write weight:2504, but recv weight: 1304985412
[2024-12-17 15:39:22] [ERROR] [capacity_test] macro((0, 0)) ip(0 mram_addr(000009C9)) idx(0) write weight:2505, but recv weight: 1304985412
[2024-12-17 15:39:22] [ERROR] [capacity_test] macro((0, 0)) ip(0 mram_addr(000009CA)) idx(0) write weight:2506, but recv weight: 1304985412
[2024-12-17 15:39:22] [ERROR] [capacity_test] macro((0, 0)) ip(0 mram_addr(000009CB)) idx(0) write weight:2507, but recv weight: 1304985412
[2024-12-17 15:39:22] [ERROR] [capacity_test] macro((0, 0)) ip(0 mram_addr(000009CC)) idx(0) write weight:2508, but recv weight: 1304985412
[2024-12-17 15:39:22] [ERROR] [capacity_test] macro((0, 0)) ip(0 mram_addr(000009CD)) idx(0) write weight:2509, but recv weight: 1304985412
[2024-12-17 15:39:22] [ERROR] [capacity_test] macro((0, 0)) ip(0 mram_addr(000009CE)) idx(0) write weight:2510, but recv weight: 1304985412
[2024-12-17 15:39:22] [ERROR] [capacity_test] macro((0, 0)) ip(0 mram_addr(000009CF)) idx(0) write weight:2511, but recv weight: 1304985412
[2024-12-17 15:39:22] [ERROR] [capacity_test] macro((0, 0)) ip(0 mram_addr(000009D0)) idx(0) write weight:2512, but recv weight: 1304985412
[2024-12-17 15:39:22] [ERROR] [capacity_test] macro((0, 0)) ip(0 mram_addr(000009D1)) idx(0) write weight:2513, but recv weight: 1304985412
[2024-12-17 15:39:22] [ERROR] [capacity_test] macro((0, 0)) ip(0 mram_addr(000009D2)) idx(0) write weight:2514, but recv weight: 1304985412
[2024-12-17 15:39:22] [ERROR] [capacity_test] macro((0, 0)) ip(0 mram_addr(000009D3)) idx(0) write weight:2515, but recv weight: 1304985412
[2024-12-17 15:39:22] [ERROR] [capacity_test] macro((0, 0)) ip(0 mram_addr(000009D4)) idx(0) write weight:2516, but recv weight: 1303936836
[2024-12-17 15:39:22] [ERROR] [capacity_test] macro((0, 0)) ip(0 mram_addr(000009D5)) idx(0) write weight:2517, but recv weight: 1303936836
[2024-12-17 15:39:22] [ERROR] [capacity_test] macro((0, 0)) ip(0 mram_addr(000009D6)) idx(0) write weight:2518, but recv weight: 1303936836
[2024-12-17 15:39:22] [ERROR] [capacity_test] macro((0, 0)) ip(0 mram_addr(000009D7)) idx(0) write weight:2519, but recv weight: 1303936836
[2024-12-17 15:39:22] [ERROR] [capacity_test] macro((0, 0)) ip(0 mram_addr(000009D8)) idx(0) write weight:2520, but recv weight: 1303936836
[2024-12-17 15:39:22] [ERROR] [capacity_test] macro((0, 0)) ip(0 mram_addr(000009D9)) idx(0) write weight:2521, but recv weight: 1303936836
[2024-12-17 15:39:22] [ERROR] [capacity_test] macro((0, 0)) ip(0 mram_addr(000009DA)) idx(0) write weight:2522, but recv weight: 1303936836
[2024-12-17 15:39:22] [ERROR] [capacity_test] macro((0, 0)) ip(0 mram_addr(000009DB)) idx(0) write weight:2523, but recv weight: 1303936836
[2024-12-17 15:39:22] [ERROR] [capacity_test] macro((0, 0)) ip(0 mram_addr(000009DC)) idx(0) write weight:2524, but recv weight: 1303936836
[2024-12-17 15:39:22] [ERROR] [capacity_test] macro((0, 0)) ip(0 mram_addr(000009DD)) idx(0) write weight:2525, but recv weight: 1303936836
[2024-12-17 15:39:22] [ERROR] [capacity_test] macro((0, 0)) ip(0 mram_addr(000009DE)) idx(0) write weight:2526, but recv weight: 1303936836
[2024-12-17 15:39:22] [ERROR] [capacity_test] macro((0, 0)) ip(0 mram_addr(000009DF)) idx(0) write weight:2527, but recv weight: 1303936836
[2024-12-17 15:39:22] [ERROR] [capacity_test] macro((0, 0)) ip(0 mram_addr(000009E0)) idx(0) write weight:2528, but recv weight: 1303936836
[2024-12-17 15:39:22] [ERROR] [capacity_test] macro((0, 0)) ip(0 mram_addr(000009E1)) idx(0) write weight:2529, but recv weight: 1303936836
[2024-12-17 15:39:22] [ERROR] [capacity_test] macro((0, 0)) ip(0 mram_addr(000009E2)) idx(0) write weight:2530, but recv weight: 1302888260
[2024-12-17 15:39:22] [ERROR] [capacity_test] macro((0, 0)) ip(0 mram_addr(000009E3)) idx(0) write weight:2531, but recv weight: 1302888260
[2024-12-17 15:39:22] [ERROR] [capacity_test] macro((0, 0)) ip(0 mram_addr(000009E4)) idx(0) write weight:2532, but recv weight: 1301839684
[2024-12-17 15:39:22] [ERROR] [capacity_test] macro((0, 0)) ip(0 mram_addr(000009E5)) idx(0) write weight:2533, but recv weight: 1301839684
[2024-12-17 15:39:22] [ERROR] [capacity_test] macro((0, 0)) ip(0 mram_addr(000009E6)) idx(0) write weight:2534, but recv weight: 1300791108
[2024-12-17 15:39:22] [ERROR] [capacity_test] macro((0, 0)) ip(0 mram_addr(000009E7)) idx(0) write weight:2535, but recv weight: 1300791108
[2024-12-17 15:39:22] [ERROR] [capacity_test] macro((0, 0)) ip(0 mram_addr(000009E8)) idx(0) write weight:2536, but recv weight: 1299742532
[2024-12-17 15:39:22] [ERROR] [capacity_test] macro((0, 0)) ip(0 mram_addr(000009E9)) idx(0) write weight:2537, but recv weight: 1299742532
[2024-12-17 15:39:22] [ERROR] [capacity_test] macro((0, 0)) ip(0 mram_addr(000009EA)) idx(0) write weight:2538, but recv weight: 1298693956
[2024-12-17 15:39:22] [ERROR] [capacity_test] macro((0, 0)) ip(0 mram_addr(000009EB)) idx(0) write weight:2539, but recv weight: 1298693956
[2024-12-17 15:39:22] [ERROR] [capacity_test] macro((0, 0)) ip(0 mram_addr(000009EC)) idx(0) write weight:2540, but recv weight: 1297645380
[2024-12-17 15:39:22] [ERROR] [capacity_test] macro((0, 0)) ip(0 mram_addr(000009ED)) idx(0) write weight:2541, but recv weight: 1297645380
[2024-12-17 15:39:22] [ERROR] [capacity_test] macro((0, 0)) ip(0 mram_addr(000009EE)) idx(0) write weight:2542, but recv weight: 1296596804
[2024-12-17 15:39:22] [ERROR] [capacity_test] macro((0, 0)) ip(0 mram_addr(000009EF)) idx(0) write weight:2543, but recv weight: 1296596804
[2024-12-17 15:39:22] [ERROR] [capacity_test] macro((0, 0)) ip(0 mram_addr(000009F0)) idx(0) write weight:2544, but recv weight: 1295548228
[2024-12-17 15:39:22] [ERROR] [capacity_test] macro((0, 0)) ip(0 mram_addr(000009F1)) idx(0) write weight:2545, but recv weight: 1295548228
[2024-12-17 15:39:22] [ERROR] [capacity_test] macro((0, 0)) ip(0 mram_addr(000009F2)) idx(0) write weight:2546, but recv weight: 1294499652
[2024-12-17 15:39:22] [ERROR] [capacity_test] macro((0, 0)) ip(0 mram_addr(000009F3)) idx(0) write weight:2547, but recv weight: 1294499652
[2024-12-17 15:39:22] [ERROR] [capacity_test] macro((0, 0)) ip(0 mram_addr(000009F4)) idx(0) write weight:2548, but recv weight: 1293451076
[2024-12-17 15:39:22] [ERROR] [capacity_test] macro((0, 0)) ip(0 mram_addr(000009F5)) idx(0) write weight:2549, but recv weight: 1293451076
[2024-12-17 15:39:22] [ERROR] [capacity_test] macro((0, 0)) ip(0 mram_addr(000009F6)) idx(0) write weight:2550, but recv weight: 1292402500
[2024-12-17 15:39:22] [ERROR] [capacity_test] macro((0, 0)) ip(0 mram_addr(000009F7)) idx(0) write weight:2551, but recv weight: 1292402500
[2024-12-17 15:39:22] [ERROR] [capacity_test] macro((0, 0)) ip(0 mram_addr(000009F8)) idx(0) write weight:2552, but recv weight: 1291353924
[2024-12-17 15:39:22] [ERROR] [capacity_test] macro((0, 0)) ip(0 mram_addr(000009F9)) idx(0) write weight:2553, but recv weight: 1291353924
[2024-12-17 15:39:22] [ERROR] [capacity_test] macro((0, 0)) ip(0 mram_addr(000009FA)) idx(0) write weight:2554, but recv weight: 1290305348
[2024-12-17 15:39:22] [ERROR] [capacity_test] macro((0, 0)) ip(0 mram_addr(000009FB)) idx(0) write weight:2555, but recv weight: 1290305348
[2024-12-17 15:39:22] [ERROR] [capacity_test] macro((0, 0)) ip(0 mram_addr(000009FC)) idx(0) write weight:2556, but recv weight: 1289256772
[2024-12-17 15:39:22] [ERROR] [capacity_test] macro((0, 0)) ip(0 mram_addr(000009FD)) idx(0) write weight:2557, but recv weight: 1289256772
[2024-12-17 15:39:22] [ERROR] [capacity_test] macro((0, 0)) ip(0 mram_addr(000009FE)) idx(0) write weight:2558, but recv weight: 1288208196
[2024-12-17 15:39:22] [ERROR] [capacity_test] macro((0, 0)) ip(0 mram_addr(000009FF)) idx(0) write weight:2559, but recv weight: 1288208196
[2024-12-17 15:39:22] [ERROR] [capacity_test] macro((0, 0)) ip(0 mram_addr(00000A00)) idx(0) write weight:2560, but recv weight: 1287159620
[2024-12-17 15:39:22] [ERROR] [capacity_test] macro((0, 0)) ip(0 mram_addr(00000A01)) idx(0) write weight:2561, but recv weight: 1287159620
[2024-12-17 15:39:22] [ERROR] [capacity_test] macro((0, 0)) ip(0 mram_addr(00000A02)) idx(0) write weight:2562, but recv weight: 1286111044
[2024-12-17 15:39:22] [ERROR] [capacity_test] macro((0, 0)) ip(0 mram_addr(00000A03)) idx(0) write weight:2563, but recv weight: 1286111044
[2024-12-17 15:39:22] [ERROR] [capacity_test] macro((0, 0)) ip(0 mram_addr(00000A04)) idx(0) write weight:2564, but recv weight: 1285062468
[2024-12-17 15:39:22] [ERROR] [capacity_test] macro((0, 0)) ip(0 mram_addr(00000A05)) idx(0) write weight:2565, but recv weight: 1285062468
[2024-12-17 15:39:22] [ERROR] [capacity_test] macro((0, 0)) ip(0 mram_addr(00000A06)) idx(0) write weight:2566, but recv weight: 1284013892
[2024-12-17 15:39:22] [ERROR] [capacity_test] macro((0, 0)) ip(0 mram_addr(00000A07)) idx(0) write weight:2567, but recv weight: 1284013892
[2024-12-17 15:39:22] [ERROR] [capacity_test] macro((0, 0)) ip(0 mram_addr(00000A08)) idx(0) write weight:2568, but recv weight: 1282965316
[2024-12-17 15:39:22] [ERROR] [capacity_test] macro((0, 0)) ip(0 mram_addr(00000A09)) idx(0) write weight:2569, but recv weight: 1282965316
[2024-12-17 15:39:22] [ERROR] [capacity_test] macro((0, 0)) ip(0 mram_addr(00000A0A)) idx(0) write weight:2570, but recv weight: 1281916740
[2024-12-17 15:39:22] [ERROR] [capacity_test] macro((0, 0)) ip(0 mram_addr(00000A0B)) idx(0) write weight:2571, but recv weight: 1281916740
[2024-12-17 15:39:22] [ERROR] [capacity_test] macro((0, 0)) ip(0 mram_addr(00000A0C)) idx(0) write weight:2572, but recv weight: 1280868164
[2024-12-17 15:39:22] [ERROR] [capacity_test] macro((0, 0)) ip(0 mram_addr(00000A0D)) idx(0) write weight:2573, but recv weight: 1280868164
[2024-12-17 15:39:22] [ERROR] [capacity_test] macro((0, 0)) ip(0 mram_addr(00000A0E)) idx(0) write weight:2574, but recv weight: 1279819588
[2024-12-17 15:39:22] [ERROR] [capacity_test] macro((0, 0)) ip(0 mram_addr(00000A0F)) idx(0) write weight:2575, but recv weight: 1279819588
[2024-12-17 15:39:22] [ERROR] [capacity_test] macro((0, 0)) ip(0 mram_addr(00000A10)) idx(0) write weight:2576, but recv weight: 1278771012
[2024-12-17 15:39:22] [ERROR] [capacity_test] macro((0, 0)) ip(0 mram_addr(00000A11)) idx(0) write weight:2577, but recv weight: 1278771012
[2024-12-17 15:39:22] [ERROR] [capacity_test] macro((0, 0)) ip(0 mram_addr(00000A12)) idx(0) write weight:2578, but recv weight: 1277722436
[2024-12-17 15:39:22] [ERROR] [capacity_test] macro((0, 0)) ip(0 mram_addr(00000A13)) idx(0) write weight:2579, but recv weight: 1277722436
[2024-12-17 15:39:22] [ERROR] [capacity_test] macro((0, 0)) ip(0 mram_addr(00000A14)) idx(0) write weight:2580, but recv weight: 1276673860
[2024-12-17 15:39:22] [ERROR] [capacity_test] macro((0, 0)) ip(0 mram_addr(00000A15)) idx(0) write weight:2581, but recv weight: 1276673860
[2024-12-17 15:39:22] [ERROR] [capacity_test] macro((0, 0)) ip(0 mram_addr(00000A16)) idx(0) write weight:2582, but recv weight: 1275625284
[2024-12-17 15:39:22] [ERROR] [capacity_test] macro((0, 0)) ip(0 mram_addr(00000A17)) idx(0) write weight:2583, but recv weight: 1275625284
[2024-12-17 15:39:22] [ERROR] [capacity_test] macro((0, 0)) ip(0 mram_addr(00000A18)) idx(0) write weight:2584, but recv weight: 1274576708
[2024-12-17 15:39:22] [ERROR] [capacity_test] macro((0, 0)) ip(0 mram_addr(00000A19)) idx(0) write weight:2585, but recv weight: 1274576708
[2024-12-17 15:39:22] [ERROR] [capacity_test] macro((0, 0)) ip(0 mram_addr(00000A1A)) idx(0) write weight:2586, but recv weight: 1273528132
[2024-12-17 15:39:22] [ERROR] [capacity_test] macro((0, 0)) ip(0 mram_addr(00000A1B)) idx(0) write weight:2587, but recv weight: 1273528132
[2024-12-17 15:39:22] [ERROR] [capacity_test] macro((0, 0)) ip(0 mram_addr(00000A1C)) idx(0) write weight:2588, but recv weight: 1272479556
[2024-12-17 15:39:22] [ERROR] [capacity_test] macro((0, 0)) ip(0 mram_addr(00000A1D)) idx(0) write weight:2589, but recv weight: 1272479556
[2024-12-17 15:39:22] [ERROR] [capacity_test] macro((0, 0)) ip(0 mram_addr(00000A1E)) idx(0) write weight:2590, but recv weight: 1271430980
[2024-12-17 15:39:22] [ERROR] [capacity_test] macro((0, 0)) ip(0 mram_addr(00000A1F)) idx(0) write weight:2591, but recv weight: 1271430980
[2024-12-17 15:39:22] [ERROR] [capacity_test] macro((0, 0)) ip(0 mram_addr(00000A20)) idx(0) write weight:2592, but recv weight: 1270382404
[2024-12-17 15:39:22] [ERROR] [capacity_test] macro((0, 0)) ip(0 mram_addr(00000A21)) idx(0) write weight:2593, but recv weight: 1270382404
[2024-12-17 15:39:22] [ERROR] [capacity_test] macro((0, 0)) ip(0 mram_addr(00000A22)) idx(0) write weight:2594, but recv weight: 1269333828
[2024-12-17 15:39:22] [ERROR] [capacity_test] macro((0, 0)) ip(0 mram_addr(00000A23)) idx(0) write weight:2595, but recv weight: 1269333828
[2024-12-17 15:39:22] [ERROR] [capacity_test] macro((0, 0)) ip(0 mram_addr(00000A24)) idx(0) write weight:2596, but recv weight: 1267236676
[2024-12-17 15:39:22] [ERROR] [capacity_test] macro((0, 0)) ip(0 mram_addr(00000A25)) idx(0) write weight:2597, but recv weight: 1265139524
[2024-12-17 15:39:22] [ERROR] [capacity_test] macro((0, 0)) ip(0 mram_addr(00000A26)) idx(0) write weight:2598, but recv weight: 1263042372
[2024-12-17 15:39:22] [ERROR] [capacity_test] macro((0, 0)) ip(0 mram_addr(00000A27)) idx(0) write weight:2599, but recv weight: 1260945220
[2024-12-17 15:39:22] [ERROR] [capacity_test] macro((0, 0)) ip(0 mram_addr(00000A28)) idx(0) write weight:2600, but recv weight: 1258848068
[2024-12-17 15:39:22] [ERROR] [capacity_test] macro((0, 0)) ip(0 mram_addr(00000A29)) idx(0) write weight:2601, but recv weight: 1256750916
[2024-12-17 15:39:22] [ERROR] [capacity_test] macro((0, 0)) ip(0 mram_addr(00000A2A)) idx(0) write weight:2602, but recv weight: 1254653764
[2024-12-17 15:39:22] [ERROR] [capacity_test] macro((0, 0)) ip(0 mram_addr(00000A2B)) idx(0) write weight:2603, but recv weight: 1252556612
[2024-12-17 15:39:22] [ERROR] [capacity_test] macro((0, 0)) ip(0 mram_addr(00000A2C)) idx(0) write weight:2604, but recv weight: 1250459460
[2024-12-17 15:39:22] [ERROR] [capacity_test] macro((0, 0)) ip(0 mram_addr(00000A2D)) idx(0) write weight:2605, but recv weight: 1248362308
[2024-12-17 15:39:22] [ERROR] [capacity_test] macro((0, 0)) ip(0 mram_addr(00000A2E)) idx(0) write weight:2606, but recv weight: 1246265156
[2024-12-17 15:39:22] [ERROR] [capacity_test] macro((0, 0)) ip(0 mram_addr(00000A2F)) idx(0) write weight:2607, but recv weight: 1244168004
[2024-12-17 15:39:22] [ERROR] [capacity_test] macro((0, 0)) ip(0 mram_addr(00000A30)) idx(0) write weight:2608, but recv weight: 1242070852
[2024-12-17 15:39:22] [ERROR] [capacity_test] macro((0, 0)) ip(0 mram_addr(00000A31)) idx(0) write weight:2609, but recv weight: 1239973700
[2024-12-17 15:39:22] [ERROR] [capacity_test] macro((0, 0)) ip(0 mram_addr(00000A32)) idx(0) write weight:2610, but recv weight: 1237876548
[2024-12-17 15:39:22] [ERROR] [capacity_test] macro((0, 0)) ip(0 mram_addr(00000A33)) idx(0) write weight:2611, but recv weight: 1235779396
[2024-12-17 15:39:22] [ERROR] [capacity_test] macro((0, 0)) ip(0 mram_addr(00000A34)) idx(0) write weight:2612, but recv weight: 1233682244
[2024-12-17 15:39:22] [ERROR] [capacity_test] macro((0, 0)) ip(0 mram_addr(00000A35)) idx(0) write weight:2613, but recv weight: 1231585092
[2024-12-17 15:39:22] [ERROR] [capacity_test] macro((0, 0)) ip(0 mram_addr(00000A36)) idx(0) write weight:2614, but recv weight: 1229487940
[2024-12-17 15:39:22] [ERROR] [capacity_test] macro((0, 0)) ip(0 mram_addr(00000A37)) idx(0) write weight:2615, but recv weight: 1227390788
[2024-12-17 15:39:22] [ERROR] [capacity_test] macro((0, 0)) ip(0 mram_addr(00000A38)) idx(0) write weight:2616, but recv weight: 1225293636
[2024-12-17 15:39:22] [ERROR] [capacity_test] macro((0, 0)) ip(0 mram_addr(00000A39)) idx(0) write weight:2617, but recv weight: 1223196484
[2024-12-17 15:39:22] [ERROR] [capacity_test] macro((0, 0)) ip(0 mram_addr(00000A3A)) idx(0) write weight:2618, but recv weight: 1221099332
[2024-12-17 15:39:22] [ERROR] [capacity_test] macro((0, 0)) ip(0 mram_addr(00000A3B)) idx(0) write weight:2619, but recv weight: 1219002180
[2024-12-17 15:39:22] [ERROR] [capacity_test] macro((0, 0)) ip(0 mram_addr(00000A3C)) idx(0) write weight:2620, but recv weight: 1216905028
[2024-12-17 15:39:22] [ERROR] [capacity_test] macro((0, 0)) ip(0 mram_addr(00000A3D)) idx(0) write weight:2621, but recv weight: 1214807876
[2024-12-17 15:39:22] [ERROR] [capacity_test] macro((0, 0)) ip(0 mram_addr(00000A3E)) idx(0) write weight:2622, but recv weight: 1212710724
[2024-12-17 15:39:22] [ERROR] [capacity_test] macro((0, 0)) ip(0 mram_addr(00000A3F)) idx(0) write weight:2623, but recv weight: 1210613572
[2024-12-17 15:39:22] [ERROR] [capacity_test] macro((0, 0)) ip(0 mram_addr(00000A40)) idx(0) write weight:2624, but recv weight: 1208516420
[2024-12-17 15:39:22] [ERROR] [capacity_test] macro((0, 0)) ip(0 mram_addr(00000A41)) idx(0) write weight:2625, but recv weight: 1206419268
[2024-12-17 15:39:22] [ERROR] [capacity_test] macro((0, 0)) ip(0 mram_addr(00000A42)) idx(0) write weight:2626, but recv weight: 1204322116
[2024-12-17 15:39:22] [ERROR] [capacity_test] macro((0, 0)) ip(0 mram_addr(00000A43)) idx(0) write weight:2627, but recv weight: 0
[2024-12-17 15:39:22] [ERROR] [capacity_test] macro((0, 0)) ip(0 mram_addr(00000A44)) idx(0) write weight:2628, but recv weight: 1304985412
[2024-12-17 15:39:22] [ERROR] [capacity_test] macro((0, 0)) ip(0 mram_addr(00000A45)) idx(0) write weight:2629, but recv weight: 1304985412
[2024-12-17 15:39:22] [ERROR] [capacity_test] macro((0, 0)) ip(0 mram_addr(00000A46)) idx(0) write weight:2630, but recv weight: 1304985412
[2024-12-17 15:39:22] [ERROR] [capacity_test] macro((0, 0)) ip(0 mram_addr(00000A47)) idx(0) write weight:2631, but recv weight: 1304985412
[2024-12-17 15:39:22] [ERROR] [capacity_test] macro((0, 0)) ip(0 mram_addr(00000A48)) idx(0) write weight:2632, but recv weight: 1304985412
[2024-12-17 15:39:22] [ERROR] [capacity_test] macro((0, 0)) ip(0 mram_addr(00000A49)) idx(0) write weight:2633, but recv weight: 1304985412
[2024-12-17 15:39:22] [ERROR] [capacity_test] macro((0, 0)) ip(0 mram_addr(00000A4A)) idx(0) write weight:2634, but recv weight: 1304985412
[2024-12-17 15:39:22] [ERROR] [capacity_test] macro((0, 0)) ip(0 mram_addr(00000A4B)) idx(0) write weight:2635, but recv weight: 1304985412
[2024-12-17 15:39:22] [ERROR] [capacity_test] macro((0, 0)) ip(0 mram_addr(00000A4C)) idx(0) write weight:2636, but recv weight: 1304985412
[2024-12-17 15:39:22] [ERROR] [capacity_test] macro((0, 0)) ip(0 mram_addr(00000A4D)) idx(0) write weight:2637, but recv weight: 1304985412
[2024-12-17 15:39:22] [ERROR] [capacity_test] macro((0, 0)) ip(0 mram_addr(00000A4E)) idx(0) write weight:2638, but recv weight: 1304985412
[2024-12-17 15:39:22] [ERROR] [capacity_test] macro((0, 0)) ip(0 mram_addr(00000A4F)) idx(0) write weight:2639, but recv weight: 1304985412
[2024-12-17 15:39:22] [ERROR] [capacity_test] macro((0, 0)) ip(0 mram_addr(00000A50)) idx(0) write weight:2640, but recv weight: 1304985412
[2024-12-17 15:39:22] [ERROR] [capacity_test] macro((0, 0)) ip(0 mram_addr(00000A51)) idx(0) write weight:2641, but recv weight: 1304985412
[2024-12-17 15:39:22] [ERROR] [capacity_test] macro((0, 0)) ip(0 mram_addr(00000A52)) idx(0) write weight:2642, but recv weight: 1304985412
[2024-12-17 15:39:22] [ERROR] [capacity_test] macro((0, 0)) ip(0 mram_addr(00000A53)) idx(0) write weight:2643, but recv weight: 1303936836
[2024-12-17 15:39:22] [ERROR] [capacity_test] macro((0, 0)) ip(0 mram_addr(00000A54)) idx(0) write weight:2644, but recv weight: 1303936836
[2024-12-17 15:39:22] [ERROR] [capacity_test] macro((0, 0)) ip(0 mram_addr(00000A55)) idx(0) write weight:2645, but recv weight: 1303936836
[2024-12-17 15:39:22] [ERROR] [capacity_test] macro((0, 0)) ip(0 mram_addr(00000A56)) idx(0) write weight:2646, but recv weight: 1303936836
[2024-12-17 15:39:22] [ERROR] [capacity_test] macro((0, 0)) ip(0 mram_addr(00000A57)) idx(0) write weight:2647, but recv weight: 1303936836
[2024-12-17 15:39:22] [ERROR] [capacity_test] macro((0, 0)) ip(0 mram_addr(00000A58)) idx(0) write weight:2648, but recv weight: 1303936836
[2024-12-17 15:39:22] [ERROR] [capacity_test] macro((0, 0)) ip(0 mram_addr(00000A59)) idx(0) write weight:2649, but recv weight: 1303936836
[2024-12-17 15:39:22] [ERROR] [capacity_test] macro((0, 0)) ip(0 mram_addr(00000A5A)) idx(0) write weight:2650, but recv weight: 1303936836
[2024-12-17 15:39:22] [ERROR] [capacity_test] macro((0, 0)) ip(0 mram_addr(00000A5B)) idx(0) write weight:2651, but recv weight: 1303936836
[2024-12-17 15:39:22] [ERROR] [capacity_test] macro((0, 0)) ip(0 mram_addr(00000A5C)) idx(0) write weight:2652, but recv weight: 1303936836
[2024-12-17 15:39:22] [ERROR] [capacity_test] macro((0, 0)) ip(0 mram_addr(00000A5D)) idx(0) write weight:2653, but recv weight: 1303936836
[2024-12-17 15:39:22] [ERROR] [capacity_test] macro((0, 0)) ip(0 mram_addr(00000A5E)) idx(0) write weight:2654, but recv weight: 1303936836
[2024-12-17 15:39:22] [ERROR] [capacity_test] macro((0, 0)) ip(0 mram_addr(00000A5F)) idx(0) write weight:2655, but recv weight: 1303936836
[2024-12-17 15:39:22] [ERROR] [capacity_test] macro((0, 0)) ip(0 mram_addr(00000A60)) idx(0) write weight:2656, but recv weight: 1303936836
[2024-12-17 15:39:22] [ERROR] [capacity_test] macro((0, 0)) ip(0 mram_addr(00000A61)) idx(0) write weight:2657, but recv weight: 1302888260
[2024-12-17 15:39:22] [ERROR] [capacity_test] macro((0, 0)) ip(0 mram_addr(00000A62)) idx(0) write weight:2658, but recv weight: 1302888260
[2024-12-17 15:39:22] [ERROR] [capacity_test] macro((0, 0)) ip(0 mram_addr(00000A63)) idx(0) write weight:2659, but recv weight: 1301839684
[2024-12-17 15:39:22] [ERROR] [capacity_test] macro((0, 0)) ip(0 mram_addr(00000A64)) idx(0) write weight:2660, but recv weight: 1301839684
[2024-12-17 15:39:22] [ERROR] [capacity_test] macro((0, 0)) ip(0 mram_addr(00000A65)) idx(0) write weight:2661, but recv weight: 1300791108
[2024-12-17 15:39:22] [ERROR] [capacity_test] macro((0, 0)) ip(0 mram_addr(00000A66)) idx(0) write weight:2662, but recv weight: 1300791108
[2024-12-17 15:39:22] [ERROR] [capacity_test] macro((0, 0)) ip(0 mram_addr(00000A67)) idx(0) write weight:2663, but recv weight: 1299742532
[2024-12-17 15:39:22] [ERROR] [capacity_test] macro((0, 0)) ip(0 mram_addr(00000A68)) idx(0) write weight:2664, but recv weight: 1299742532
[2024-12-17 15:39:22] [ERROR] [capacity_test] macro((0, 0)) ip(0 mram_addr(00000A69)) idx(0) write weight:2665, but recv weight: 1298693956
[2024-12-17 15:39:22] [ERROR] [capacity_test] macro((0, 0)) ip(0 mram_addr(00000A6A)) idx(0) write weight:2666, but recv weight: 1298693956
[2024-12-17 15:39:22] [ERROR] [capacity_test] macro((0, 0)) ip(0 mram_addr(00000A6B)) idx(0) write weight:2667, but recv weight: 1297645380
[2024-12-17 15:39:22] [ERROR] [capacity_test] macro((0, 0)) ip(0 mram_addr(00000A6C)) idx(0) write weight:2668, but recv weight: 1297645380
[2024-12-17 15:39:22] [ERROR] [capacity_test] macro((0, 0)) ip(0 mram_addr(00000A6D)) idx(0) write weight:2669, but recv weight: 1296596804
[2024-12-17 15:39:22] [ERROR] [capacity_test] macro((0, 0)) ip(0 mram_addr(00000A6E)) idx(0) write weight:2670, but recv weight: 1296596804
[2024-12-17 15:39:22] [ERROR] [capacity_test] macro((0, 0)) ip(0 mram_addr(00000A6F)) idx(0) write weight:2671, but recv weight: 1295548228
[2024-12-17 15:39:22] [ERROR] [capacity_test] macro((0, 0)) ip(0 mram_addr(00000A70)) idx(0) write weight:2672, but recv weight: 1295548228
[2024-12-17 15:39:22] [ERROR] [capacity_test] macro((0, 0)) ip(0 mram_addr(00000A71)) idx(0) write weight:2673, but recv weight: 1294499652
[2024-12-17 15:39:22] [ERROR] [capacity_test] macro((0, 0)) ip(0 mram_addr(00000A72)) idx(0) write weight:2674, but recv weight: 1294499652
[2024-12-17 15:39:22] [ERROR] [capacity_test] macro((0, 0)) ip(0 mram_addr(00000A73)) idx(0) write weight:2675, but recv weight: 1293451076
[2024-12-17 15:39:22] [ERROR] [capacity_test] macro((0, 0)) ip(0 mram_addr(00000A74)) idx(0) write weight:2676, but recv weight: 1293451076
[2024-12-17 15:39:22] [ERROR] [capacity_test] macro((0, 0)) ip(0 mram_addr(00000A75)) idx(0) write weight:2677, but recv weight: 1292402500
[2024-12-17 15:39:22] [ERROR] [capacity_test] macro((0, 0)) ip(0 mram_addr(00000A76)) idx(0) write weight:2678, but recv weight: 1292402500
[2024-12-17 15:39:22] [ERROR] [capacity_test] macro((0, 0)) ip(0 mram_addr(00000A77)) idx(0) write weight:2679, but recv weight: 1291353924
[2024-12-17 15:39:22] [ERROR] [capacity_test] macro((0, 0)) ip(0 mram_addr(00000A78)) idx(0) write weight:2680, but recv weight: 1291353924
[2024-12-17 15:39:22] [ERROR] [capacity_test] macro((0, 0)) ip(0 mram_addr(00000A79)) idx(0) write weight:2681, but recv weight: 1290305348
[2024-12-17 15:39:22] [ERROR] [capacity_test] macro((0, 0)) ip(0 mram_addr(00000A7A)) idx(0) write weight:2682, but recv weight: 1290305348
[2024-12-17 15:39:22] [ERROR] [capacity_test] macro((0, 0)) ip(0 mram_addr(00000A7B)) idx(0) write weight:2683, but recv weight: 1289256772
[2024-12-17 15:39:22] [ERROR] [capacity_test] macro((0, 0)) ip(0 mram_addr(00000A7C)) idx(0) write weight:2684, but recv weight: 1289256772
[2024-12-17 15:39:22] [ERROR] [capacity_test] macro((0, 0)) ip(0 mram_addr(00000A7D)) idx(0) write weight:2685, but recv weight: 1288208196
[2024-12-17 15:39:22] [ERROR] [capacity_test] macro((0, 0)) ip(0 mram_addr(00000A7E)) idx(0) write weight:2686, but recv weight: 1288208196
[2024-12-17 15:39:22] [ERROR] [capacity_test] macro((0, 0)) ip(0 mram_addr(00000A7F)) idx(0) write weight:2687, but recv weight: 1287159620
[2024-12-17 15:39:22] [ERROR] [capacity_test] macro((0, 0)) ip(0 mram_addr(00000A80)) idx(0) write weight:2688, but recv weight: 1287159620
[2024-12-17 15:39:22] [ERROR] [capacity_test] macro((0, 0)) ip(0 mram_addr(00000A81)) idx(0) write weight:2689, but recv weight: 1286111044
[2024-12-17 15:39:22] [ERROR] [capacity_test] macro((0, 0)) ip(0 mram_addr(00000A82)) idx(0) write weight:2690, but recv weight: 1286111044
[2024-12-17 15:39:22] [ERROR] [capacity_test] macro((0, 0)) ip(0 mram_addr(00000A83)) idx(0) write weight:2691, but recv weight: 1285062468
[2024-12-17 15:39:22] [ERROR] [capacity_test] macro((0, 0)) ip(0 mram_addr(00000A84)) idx(0) write weight:2692, but recv weight: 1285062468
[2024-12-17 15:39:22] [ERROR] [capacity_test] macro((0, 0)) ip(0 mram_addr(00000A85)) idx(0) write weight:2693, but recv weight: 1284013892
[2024-12-17 15:39:22] [ERROR] [capacity_test] macro((0, 0)) ip(0 mram_addr(00000A86)) idx(0) write weight:2694, but recv weight: 1284013892
[2024-12-17 15:39:22] [ERROR] [capacity_test] macro((0, 0)) ip(0 mram_addr(00000A87)) idx(0) write weight:2695, but recv weight: 1282965316
[2024-12-17 15:39:22] [ERROR] [capacity_test] macro((0, 0)) ip(0 mram_addr(00000A88)) idx(0) write weight:2696, but recv weight: 1282965316
[2024-12-17 15:39:22] [ERROR] [capacity_test] macro((0, 0)) ip(0 mram_addr(00000A89)) idx(0) write weight:2697, but recv weight: 1281916740
[2024-12-17 15:39:22] [ERROR] [capacity_test] macro((0, 0)) ip(0 mram_addr(00000A8A)) idx(0) write weight:2698, but recv weight: 1281916740
[2024-12-17 15:39:22] [ERROR] [capacity_test] macro((0, 0)) ip(0 mram_addr(00000A8B)) idx(0) write weight:2699, but recv weight: 1280868164
[2024-12-17 15:39:22] [ERROR] [capacity_test] macro((0, 0)) ip(0 mram_addr(00000A8C)) idx(0) write weight:2700, but recv weight: 1280868164
[2024-12-17 15:39:22] [ERROR] [capacity_test] macro((0, 0)) ip(0 mram_addr(00000A8D)) idx(0) write weight:2701, but recv weight: 1279819588
[2024-12-17 15:39:22] [ERROR] [capacity_test] macro((0, 0)) ip(0 mram_addr(00000A8E)) idx(0) write weight:2702, but recv weight: 1279819588
[2024-12-17 15:39:22] [ERROR] [capacity_test] macro((0, 0)) ip(0 mram_addr(00000A8F)) idx(0) write weight:2703, but recv weight: 1278771012
[2024-12-17 15:39:22] [ERROR] [capacity_test] macro((0, 0)) ip(0 mram_addr(00000A90)) idx(0) write weight:2704, but recv weight: 1278771012
[2024-12-17 15:39:22] [ERROR] [capacity_test] macro((0, 0)) ip(0 mram_addr(00000A91)) idx(0) write weight:2705, but recv weight: 1277722436
[2024-12-17 15:39:22] [ERROR] [capacity_test] macro((0, 0)) ip(0 mram_addr(00000A92)) idx(0) write weight:2706, but recv weight: 1277722436
[2024-12-17 15:39:22] [ERROR] [capacity_test] macro((0, 0)) ip(0 mram_addr(00000A93)) idx(0) write weight:2707, but recv weight: 1276673860
[2024-12-17 15:39:22] [ERROR] [capacity_test] macro((0, 0)) ip(0 mram_addr(00000A94)) idx(0) write weight:2708, but recv weight: 1276673860
[2024-12-17 15:39:22] [ERROR] [capacity_test] macro((0, 0)) ip(0 mram_addr(00000A95)) idx(0) write weight:2709, but recv weight: 1275625284
[2024-12-17 15:39:22] [ERROR] [capacity_test] macro((0, 0)) ip(0 mram_addr(00000A96)) idx(0) write weight:2710, but recv weight: 1275625284
[2024-12-17 15:39:22] [ERROR] [capacity_test] macro((0, 0)) ip(0 mram_addr(00000A97)) idx(0) write weight:2711, but recv weight: 1274576708
[2024-12-17 15:39:22] [ERROR] [capacity_test] macro((0, 0)) ip(0 mram_addr(00000A98)) idx(0) write weight:2712, but recv weight: 1274576708
[2024-12-17 15:39:22] [ERROR] [capacity_test] macro((0, 0)) ip(0 mram_addr(00000A99)) idx(0) write weight:2713, but recv weight: 1273528132
[2024-12-17 15:39:22] [ERROR] [capacity_test] macro((0, 0)) ip(0 mram_addr(00000A9A)) idx(0) write weight:2714, but recv weight: 1273528132
[2024-12-17 15:39:22] [ERROR] [capacity_test] macro((0, 0)) ip(0 mram_addr(00000A9B)) idx(0) write weight:2715, but recv weight: 1272479556
[2024-12-17 15:39:22] [ERROR] [capacity_test] macro((0, 0)) ip(0 mram_addr(00000A9C)) idx(0) write weight:2716, but recv weight: 1272479556
[2024-12-17 15:39:22] [ERROR] [capacity_test] macro((0, 0)) ip(0 mram_addr(00000A9D)) idx(0) write weight:2717, but recv weight: 1271430980
[2024-12-17 15:39:22] [ERROR] [capacity_test] macro((0, 0)) ip(0 mram_addr(00000A9E)) idx(0) write weight:2718, but recv weight: 1271430980
[2024-12-17 15:39:22] [ERROR] [capacity_test] macro((0, 0)) ip(0 mram_addr(00000A9F)) idx(0) write weight:2719, but recv weight: 1270382404
[2024-12-17 15:39:22] [ERROR] [capacity_test] macro((0, 0)) ip(0 mram_addr(00000AA0)) idx(0) write weight:2720, but recv weight: 1270382404
[2024-12-17 15:39:22] [ERROR] [capacity_test] macro((0, 0)) ip(0 mram_addr(00000AA1)) idx(0) write weight:2721, but recv weight: 1269333828
[2024-12-17 15:39:22] [ERROR] [capacity_test] macro((0, 0)) ip(0 mram_addr(00000AA2)) idx(0) write weight:2722, but recv weight: 1269333828
[2024-12-17 15:39:22] [ERROR] [capacity_test] macro((0, 0)) ip(0 mram_addr(00000AA3)) idx(0) write weight:2723, but recv weight: 1268285252
[2024-12-17 15:39:22] [ERROR] [capacity_test] macro((0, 0)) ip(0 mram_addr(00000AA4)) idx(0) write weight:2724, but recv weight: 1266188100
[2024-12-17 15:39:22] [ERROR] [capacity_test] macro((0, 0)) ip(0 mram_addr(00000AA5)) idx(0) write weight:2725, but recv weight: 1264090948
[2024-12-17 15:39:22] [ERROR] [capacity_test] macro((0, 0)) ip(0 mram_addr(00000AA6)) idx(0) write weight:2726, but recv weight: 1261993796
[2024-12-17 15:39:22] [ERROR] [capacity_test] macro((0, 0)) ip(0 mram_addr(00000AA7)) idx(0) write weight:2727, but recv weight: 1259896644
[2024-12-17 15:39:22] [ERROR] [capacity_test] macro((0, 0)) ip(0 mram_addr(00000AA8)) idx(0) write weight:2728, but recv weight: 1257799492
[2024-12-17 15:39:22] [ERROR] [capacity_test] macro((0, 0)) ip(0 mram_addr(00000AA9)) idx(0) write weight:2729, but recv weight: 1255702340
[2024-12-17 15:39:22] [ERROR] [capacity_test] macro((0, 0)) ip(0 mram_addr(00000AAA)) idx(0) write weight:2730, but recv weight: 1253605188
[2024-12-17 15:39:22] [ERROR] [capacity_test] macro((0, 0)) ip(0 mram_addr(00000AAB)) idx(0) write weight:2731, but recv weight: 1251508036
[2024-12-17 15:39:22] [ERROR] [capacity_test] macro((0, 0)) ip(0 mram_addr(00000AAC)) idx(0) write weight:2732, but recv weight: 1249410884
[2024-12-17 15:39:22] [ERROR] [capacity_test] macro((0, 0)) ip(0 mram_addr(00000AAD)) idx(0) write weight:2733, but recv weight: 1247313732
[2024-12-17 15:39:22] [ERROR] [capacity_test] macro((0, 0)) ip(0 mram_addr(00000AAE)) idx(0) write weight:2734, but recv weight: 1245216580
[2024-12-17 15:39:22] [ERROR] [capacity_test] macro((0, 0)) ip(0 mram_addr(00000AAF)) idx(0) write weight:2735, but recv weight: 1243119428
[2024-12-17 15:39:22] [ERROR] [capacity_test] macro((0, 0)) ip(0 mram_addr(00000AB0)) idx(0) write weight:2736, but recv weight: 1241022276
[2024-12-17 15:39:22] [ERROR] [capacity_test] macro((0, 0)) ip(0 mram_addr(00000AB1)) idx(0) write weight:2737, but recv weight: 1238925124
[2024-12-17 15:39:22] [ERROR] [capacity_test] macro((0, 0)) ip(0 mram_addr(00000AB2)) idx(0) write weight:2738, but recv weight: 1236827972
[2024-12-17 15:39:22] [ERROR] [capacity_test] macro((0, 0)) ip(0 mram_addr(00000AB3)) idx(0) write weight:2739, but recv weight: 1234730820
[2024-12-17 15:39:22] [ERROR] [capacity_test] macro((0, 0)) ip(0 mram_addr(00000AB4)) idx(0) write weight:2740, but recv weight: 1232633668
[2024-12-17 15:39:22] [ERROR] [capacity_test] macro((0, 0)) ip(0 mram_addr(00000AB5)) idx(0) write weight:2741, but recv weight: 1230536516
[2024-12-17 15:39:22] [ERROR] [capacity_test] macro((0, 0)) ip(0 mram_addr(00000AB6)) idx(0) write weight:2742, but recv weight: 1228439364
[2024-12-17 15:39:22] [ERROR] [capacity_test] macro((0, 0)) ip(0 mram_addr(00000AB7)) idx(0) write weight:2743, but recv weight: 1226342212
[2024-12-17 15:39:22] [ERROR] [capacity_test] macro((0, 0)) ip(0 mram_addr(00000AB8)) idx(0) write weight:2744, but recv weight: 1224245060
[2024-12-17 15:39:22] [ERROR] [capacity_test] macro((0, 0)) ip(0 mram_addr(00000AB9)) idx(0) write weight:2745, but recv weight: 1222147908
[2024-12-17 15:39:22] [ERROR] [capacity_test] macro((0, 0)) ip(0 mram_addr(00000ABA)) idx(0) write weight:2746, but recv weight: 1220050756
[2024-12-17 15:39:22] [ERROR] [capacity_test] macro((0, 0)) ip(0 mram_addr(00000ABB)) idx(0) write weight:2747, but recv weight: 1217953604
[2024-12-17 15:39:22] [ERROR] [capacity_test] macro((0, 0)) ip(0 mram_addr(00000ABC)) idx(0) write weight:2748, but recv weight: 1215856452
[2024-12-17 15:39:22] [ERROR] [capacity_test] macro((0, 0)) ip(0 mram_addr(00000ABD)) idx(0) write weight:2749, but recv weight: 1213759300
[2024-12-17 15:39:22] [ERROR] [capacity_test] macro((0, 0)) ip(0 mram_addr(00000ABE)) idx(0) write weight:2750, but recv weight: 1211662148
[2024-12-17 15:39:22] [ERROR] [capacity_test] macro((0, 0)) ip(0 mram_addr(00000ABF)) idx(0) write weight:2751, but recv weight: 1306033988
[2024-12-17 15:39:22] [ERROR] [capacity_test] macro((0, 0)) ip(0 mram_addr(00000AC0)) idx(0) write weight:2752, but recv weight: 1306033988
[2024-12-17 15:39:22] [ERROR] [capacity_test] macro((0, 0)) ip(0 mram_addr(00000AC1)) idx(0) write weight:2753, but recv weight: 1306033988
[2024-12-17 15:39:22] [ERROR] [capacity_test] macro((0, 0)) ip(0 mram_addr(00000AC2)) idx(0) write weight:2754, but recv weight: 1306033988
[2024-12-17 15:39:22] [ERROR] [capacity_test] macro((0, 0)) ip(0 mram_addr(00000AC3)) idx(0) write weight:2755, but recv weight: 1306033988
[2024-12-17 15:39:22] [ERROR] [capacity_test] macro((0, 0)) ip(0 mram_addr(00000AC4)) idx(0) write weight:2756, but recv weight: 1304985412
[2024-12-17 15:39:22] [ERROR] [capacity_test] macro((0, 0)) ip(0 mram_addr(00000AC5)) idx(0) write weight:2757, but recv weight: 1304985412
[2024-12-17 15:39:22] [ERROR] [capacity_test] macro((0, 0)) ip(0 mram_addr(00000AC6)) idx(0) write weight:2758, but recv weight: 1304985412
[2024-12-17 15:39:22] [ERROR] [capacity_test] macro((0, 0)) ip(0 mram_addr(00000AC7)) idx(0) write weight:2759, but recv weight: 1304985412
[2024-12-17 15:39:22] [ERROR] [capacity_test] macro((0, 0)) ip(0 mram_addr(00000AC8)) idx(0) write weight:2760, but recv weight: 1304985412
[2024-12-17 15:39:22] [ERROR] [capacity_test] macro((0, 0)) ip(0 mram_addr(00000AC9)) idx(0) write weight:2761, but recv weight: 1304985412
[2024-12-17 15:39:22] [ERROR] [capacity_test] macro((0, 0)) ip(0 mram_addr(00000ACA)) idx(0) write weight:2762, but recv weight: 1304985412
[2024-12-17 15:39:22] [ERROR] [capacity_test] macro((0, 0)) ip(0 mram_addr(00000ACB)) idx(0) write weight:2763, but recv weight: 1304985412
[2024-12-17 15:39:22] [ERROR] [capacity_test] macro((0, 0)) ip(0 mram_addr(00000ACC)) idx(0) write weight:2764, but recv weight: 1304985412
[2024-12-17 15:39:22] [ERROR] [capacity_test] macro((0, 0)) ip(0 mram_addr(00000ACD)) idx(0) write weight:2765, but recv weight: 1304985412
[2024-12-17 15:39:22] [ERROR] [capacity_test] macro((0, 0)) ip(0 mram_addr(00000ACE)) idx(0) write weight:2766, but recv weight: 1304985412
[2024-12-17 15:39:22] [ERROR] [capacity_test] macro((0, 0)) ip(0 mram_addr(00000ACF)) idx(0) write weight:2767, but recv weight: 1304985412
[2024-12-17 15:39:22] [ERROR] [capacity_test] macro((0, 0)) ip(0 mram_addr(00000AD0)) idx(0) write weight:2768, but recv weight: 1304985412
[2024-12-17 15:39:22] [ERROR] [capacity_test] macro((0, 0)) ip(0 mram_addr(00000AD1)) idx(0) write weight:2769, but recv weight: 1304985412
[2024-12-17 15:39:22] [ERROR] [capacity_test] macro((0, 0)) ip(0 mram_addr(00000AD2)) idx(0) write weight:2770, but recv weight: 1304985412
[2024-12-17 15:39:22] [ERROR] [capacity_test] macro((0, 0)) ip(0 mram_addr(00000AD3)) idx(0) write weight:2771, but recv weight: 1304985412
[2024-12-17 15:39:22] [ERROR] [capacity_test] macro((0, 0)) ip(0 mram_addr(00000AD4)) idx(0) write weight:2772, but recv weight: 1303936836
[2024-12-17 15:39:22] [ERROR] [capacity_test] macro((0, 0)) ip(0 mram_addr(00000AD5)) idx(0) write weight:2773, but recv weight: 1303936836
[2024-12-17 15:39:22] [ERROR] [capacity_test] macro((0, 0)) ip(0 mram_addr(00000AD6)) idx(0) write weight:2774, but recv weight: 1303936836
[2024-12-17 15:39:22] [ERROR] [capacity_test] macro((0, 0)) ip(0 mram_addr(00000AD7)) idx(0) write weight:2775, but recv weight: 1303936836
[2024-12-17 15:39:22] [ERROR] [capacity_test] macro((0, 0)) ip(0 mram_addr(00000AD8)) idx(0) write weight:2776, but recv weight: 1303936836
[2024-12-17 15:39:22] [ERROR] [capacity_test] macro((0, 0)) ip(0 mram_addr(00000AD9)) idx(0) write weight:2777, but recv weight: 1303936836
[2024-12-17 15:39:22] [ERROR] [capacity_test] macro((0, 0)) ip(0 mram_addr(00000ADA)) idx(0) write weight:2778, but recv weight: 1303936836
[2024-12-17 15:39:22] [ERROR] [capacity_test] macro((0, 0)) ip(0 mram_addr(00000ADB)) idx(0) write weight:2779, but recv weight: 1303936836
[2024-12-17 15:39:22] [ERROR] [capacity_test] macro((0, 0)) ip(0 mram_addr(00000ADC)) idx(0) write weight:2780, but recv weight: 1303936836
[2024-12-17 15:39:22] [ERROR] [capacity_test] macro((0, 0)) ip(0 mram_addr(00000ADD)) idx(0) write weight:2781, but recv weight: 1303936836
[2024-12-17 15:39:22] [ERROR] [capacity_test] macro((0, 0)) ip(0 mram_addr(00000ADE)) idx(0) write weight:2782, but recv weight: 1303936836
[2024-12-17 15:39:22] [ERROR] [capacity_test] macro((0, 0)) ip(0 mram_addr(00000ADF)) idx(0) write weight:2783, but recv weight: 1303936836
[2024-12-17 15:39:22] [ERROR] [capacity_test] macro((0, 0)) ip(0 mram_addr(00000AE0)) idx(0) write weight:2784, but recv weight: 1303936836
[2024-12-17 15:39:22] [ERROR] [capacity_test] macro((0, 0)) ip(0 mram_addr(00000AE1)) idx(0) write weight:2785, but recv weight: 1303936836
[2024-12-17 15:39:22] [ERROR] [capacity_test] macro((0, 0)) ip(0 mram_addr(00000AE2)) idx(0) write weight:2786, but recv weight: 1302888260
[2024-12-17 15:39:22] [ERROR] [capacity_test] macro((0, 0)) ip(0 mram_addr(00000AE3)) idx(0) write weight:2787, but recv weight: 1302888260
[2024-12-17 15:39:22] [ERROR] [capacity_test] macro((0, 0)) ip(0 mram_addr(00000AE4)) idx(0) write weight:2788, but recv weight: 1301839684
[2024-12-17 15:39:22] [ERROR] [capacity_test] macro((0, 0)) ip(0 mram_addr(00000AE5)) idx(0) write weight:2789, but recv weight: 1301839684
[2024-12-17 15:39:22] [ERROR] [capacity_test] macro((0, 0)) ip(0 mram_addr(00000AE6)) idx(0) write weight:2790, but recv weight: 1300791108
[2024-12-17 15:39:22] [ERROR] [capacity_test] macro((0, 0)) ip(0 mram_addr(00000AE7)) idx(0) write weight:2791, but recv weight: 1300791108
[2024-12-17 15:39:22] [ERROR] [capacity_test] macro((0, 0)) ip(0 mram_addr(00000AE8)) idx(0) write weight:2792, but recv weight: 1299742532
[2024-12-17 15:39:23] [ERROR] [capacity_test] macro((0, 0)) ip(0 mram_addr(00000AE9)) idx(0) write weight:2793, but recv weight: 1299742532
[2024-12-17 15:39:23] [ERROR] [capacity_test] macro((0, 0)) ip(0 mram_addr(00000AEA)) idx(0) write weight:2794, but recv weight: 1298693956
[2024-12-17 15:39:23] [ERROR] [capacity_test] macro((0, 0)) ip(0 mram_addr(00000AEB)) idx(0) write weight:2795, but recv weight: 1298693956
[2024-12-17 15:39:23] [ERROR] [capacity_test] macro((0, 0)) ip(0 mram_addr(00000AEC)) idx(0) write weight:2796, but recv weight: 1297645380
[2024-12-17 15:39:23] [ERROR] [capacity_test] macro((0, 0)) ip(0 mram_addr(00000AED)) idx(0) write weight:2797, but recv weight: 1297645380
[2024-12-17 15:39:23] [ERROR] [capacity_test] macro((0, 0)) ip(0 mram_addr(00000AEE)) idx(0) write weight:2798, but recv weight: 1296596804
[2024-12-17 15:39:23] [ERROR] [capacity_test] macro((0, 0)) ip(0 mram_addr(00000AEF)) idx(0) write weight:2799, but recv weight: 1296596804
[2024-12-17 15:39:23] [ERROR] [capacity_test] macro((0, 0)) ip(0 mram_addr(00000AF0)) idx(0) write weight:2800, but recv weight: 1295548228
[2024-12-17 15:39:23] [ERROR] [capacity_test] macro((0, 0)) ip(0 mram_addr(00000AF1)) idx(0) write weight:2801, but recv weight: 1295548228
[2024-12-17 15:39:23] [ERROR] [capacity_test] macro((0, 0)) ip(0 mram_addr(00000AF2)) idx(0) write weight:2802, but recv weight: 1294499652
[2024-12-17 15:39:23] [ERROR] [capacity_test] macro((0, 0)) ip(0 mram_addr(00000AF3)) idx(0) write weight:2803, but recv weight: 1294499652
[2024-12-17 15:39:23] [ERROR] [capacity_test] macro((0, 0)) ip(0 mram_addr(00000AF4)) idx(0) write weight:2804, but recv weight: 1293451076
[2024-12-17 15:39:23] [ERROR] [capacity_test] macro((0, 0)) ip(0 mram_addr(00000AF5)) idx(0) write weight:2805, but recv weight: 1293451076
[2024-12-17 15:39:23] [ERROR] [capacity_test] macro((0, 0)) ip(0 mram_addr(00000AF6)) idx(0) write weight:2806, but recv weight: 1292402500
[2024-12-17 15:39:23] [ERROR] [capacity_test] macro((0, 0)) ip(0 mram_addr(00000AF7)) idx(0) write weight:2807, but recv weight: 1292402500
[2024-12-17 15:39:23] [ERROR] [capacity_test] macro((0, 0)) ip(0 mram_addr(00000AF8)) idx(0) write weight:2808, but recv weight: 1291353924
[2024-12-17 15:39:23] [ERROR] [capacity_test] macro((0, 0)) ip(0 mram_addr(00000AF9)) idx(0) write weight:2809, but recv weight: 1291353924
[2024-12-17 15:39:23] [ERROR] [capacity_test] macro((0, 0)) ip(0 mram_addr(00000AFA)) idx(0) write weight:2810, but recv weight: 1290305348
[2024-12-17 15:39:23] [ERROR] [capacity_test] macro((0, 0)) ip(0 mram_addr(00000AFB)) idx(0) write weight:2811, but recv weight: 1290305348
[2024-12-17 15:39:23] [ERROR] [capacity_test] macro((0, 0)) ip(0 mram_addr(00000AFC)) idx(0) write weight:2812, but recv weight: 1289256772
[2024-12-17 15:39:23] [ERROR] [capacity_test] macro((0, 0)) ip(0 mram_addr(00000AFD)) idx(0) write weight:2813, but recv weight: 1289256772
[2024-12-17 15:39:23] [ERROR] [capacity_test] macro((0, 0)) ip(0 mram_addr(00000AFE)) idx(0) write weight:2814, but recv weight: 1288208196
[2024-12-17 15:39:23] [ERROR] [capacity_test] macro((0, 0)) ip(0 mram_addr(00000AFF)) idx(0) write weight:2815, but recv weight: 1288208196
[2024-12-17 15:39:23] [ERROR] [capacity_test] macro((0, 0)) ip(0 mram_addr(00000B00)) idx(0) write weight:2816, but recv weight: 1287159620
[2024-12-17 15:39:23] [ERROR] [capacity_test] macro((0, 0)) ip(0 mram_addr(00000B01)) idx(0) write weight:2817, but recv weight: 1287159620
[2024-12-17 15:39:23] [ERROR] [capacity_test] macro((0, 0)) ip(0 mram_addr(00000B02)) idx(0) write weight:2818, but recv weight: 1286111044
[2024-12-17 15:39:23] [ERROR] [capacity_test] macro((0, 0)) ip(0 mram_addr(00000B03)) idx(0) write weight:2819, but recv weight: 1286111044
[2024-12-17 15:39:23] [ERROR] [capacity_test] macro((0, 0)) ip(0 mram_addr(00000B04)) idx(0) write weight:2820, but recv weight: 1285062468
[2024-12-17 15:39:23] [ERROR] [capacity_test] macro((0, 0)) ip(0 mram_addr(00000B05)) idx(0) write weight:2821, but recv weight: 1285062468
[2024-12-17 15:39:23] [ERROR] [capacity_test] macro((0, 0)) ip(0 mram_addr(00000B06)) idx(0) write weight:2822, but recv weight: 1284013892
[2024-12-17 15:39:23] [ERROR] [capacity_test] macro((0, 0)) ip(0 mram_addr(00000B07)) idx(0) write weight:2823, but recv weight: 1284013892
[2024-12-17 15:39:23] [ERROR] [capacity_test] macro((0, 0)) ip(0 mram_addr(00000B08)) idx(0) write weight:2824, but recv weight: 1282965316
[2024-12-17 15:39:23] [ERROR] [capacity_test] macro((0, 0)) ip(0 mram_addr(00000B09)) idx(0) write weight:2825, but recv weight: 1282965316
[2024-12-17 15:39:23] [ERROR] [capacity_test] macro((0, 0)) ip(0 mram_addr(00000B0A)) idx(0) write weight:2826, but recv weight: 1281916740
[2024-12-17 15:39:23] [ERROR] [capacity_test] macro((0, 0)) ip(0 mram_addr(00000B0B)) idx(0) write weight:2827, but recv weight: 1281916740
[2024-12-17 15:39:23] [ERROR] [capacity_test] macro((0, 0)) ip(0 mram_addr(00000B0C)) idx(0) write weight:2828, but recv weight: 1280868164
[2024-12-17 15:39:23] [ERROR] [capacity_test] macro((0, 0)) ip(0 mram_addr(00000B0D)) idx(0) write weight:2829, but recv weight: 1280868164
[2024-12-17 15:39:23] [ERROR] [capacity_test] macro((0, 0)) ip(0 mram_addr(00000B0E)) idx(0) write weight:2830, but recv weight: 1279819588
[2024-12-17 15:39:23] [ERROR] [capacity_test] macro((0, 0)) ip(0 mram_addr(00000B0F)) idx(0) write weight:2831, but recv weight: 1279819588
[2024-12-17 15:39:23] [ERROR] [capacity_test] macro((0, 0)) ip(0 mram_addr(00000B10)) idx(0) write weight:2832, but recv weight: 1278771012
[2024-12-17 15:39:23] [ERROR] [capacity_test] macro((0, 0)) ip(0 mram_addr(00000B11)) idx(0) write weight:2833, but recv weight: 1278771012
[2024-12-17 15:39:23] [ERROR] [capacity_test] macro((0, 0)) ip(0 mram_addr(00000B12)) idx(0) write weight:2834, but recv weight: 1277722436
[2024-12-17 15:39:23] [ERROR] [capacity_test] macro((0, 0)) ip(0 mram_addr(00000B13)) idx(0) write weight:2835, but recv weight: 1277722436
[2024-12-17 15:39:23] [ERROR] [capacity_test] macro((0, 0)) ip(0 mram_addr(00000B14)) idx(0) write weight:2836, but recv weight: 1276673860
[2024-12-17 15:39:23] [ERROR] [capacity_test] macro((0, 0)) ip(0 mram_addr(00000B15)) idx(0) write weight:2837, but recv weight: 1276673860
[2024-12-17 15:39:23] [ERROR] [capacity_test] macro((0, 0)) ip(0 mram_addr(00000B16)) idx(0) write weight:2838, but recv weight: 1275625284
[2024-12-17 15:39:23] [ERROR] [capacity_test] macro((0, 0)) ip(0 mram_addr(00000B17)) idx(0) write weight:2839, but recv weight: 1275625284
[2024-12-17 15:39:23] [ERROR] [capacity_test] macro((0, 0)) ip(0 mram_addr(00000B18)) idx(0) write weight:2840, but recv weight: 1274576708
[2024-12-17 15:39:23] [ERROR] [capacity_test] macro((0, 0)) ip(0 mram_addr(00000B19)) idx(0) write weight:2841, but recv weight: 1274576708
[2024-12-17 15:39:23] [ERROR] [capacity_test] macro((0, 0)) ip(0 mram_addr(00000B1A)) idx(0) write weight:2842, but recv weight: 1273528132
[2024-12-17 15:39:23] [ERROR] [capacity_test] macro((0, 0)) ip(0 mram_addr(00000B1B)) idx(0) write weight:2843, but recv weight: 1273528132
[2024-12-17 15:39:23] [ERROR] [capacity_test] macro((0, 0)) ip(0 mram_addr(00000B1C)) idx(0) write weight:2844, but recv weight: 1272479556
[2024-12-17 15:39:23] [ERROR] [capacity_test] macro((0, 0)) ip(0 mram_addr(00000B1D)) idx(0) write weight:2845, but recv weight: 1272479556
[2024-12-17 15:39:23] [ERROR] [capacity_test] macro((0, 0)) ip(0 mram_addr(00000B1E)) idx(0) write weight:2846, but recv weight: 1271430980
[2024-12-17 15:39:23] [ERROR] [capacity_test] macro((0, 0)) ip(0 mram_addr(00000B1F)) idx(0) write weight:2847, but recv weight: 1271430980
[2024-12-17 15:39:23] [ERROR] [capacity_test] macro((0, 0)) ip(0 mram_addr(00000B20)) idx(0) write weight:2848, but recv weight: 1270382404
[2024-12-17 15:39:23] [ERROR] [capacity_test] macro((0, 0)) ip(0 mram_addr(00000B21)) idx(0) write weight:2849, but recv weight: 1270382404
[2024-12-17 15:39:23] [ERROR] [capacity_test] macro((0, 0)) ip(0 mram_addr(00000B22)) idx(0) write weight:2850, but recv weight: 1269333828
[2024-12-17 15:39:23] [ERROR] [capacity_test] macro((0, 0)) ip(0 mram_addr(00000B23)) idx(0) write weight:2851, but recv weight: 1269333828
[2024-12-17 15:39:23] [ERROR] [capacity_test] macro((0, 0)) ip(0 mram_addr(00000B24)) idx(0) write weight:2852, but recv weight: 1267236676
[2024-12-17 15:39:23] [ERROR] [capacity_test] macro((0, 0)) ip(0 mram_addr(00000B25)) idx(0) write weight:2853, but recv weight: 1265139524
[2024-12-17 15:39:23] [ERROR] [capacity_test] macro((0, 0)) ip(0 mram_addr(00000B26)) idx(0) write weight:2854, but recv weight: 1263042372
[2024-12-17 15:39:23] [ERROR] [capacity_test] macro((0, 0)) ip(0 mram_addr(00000B27)) idx(0) write weight:2855, but recv weight: 1260945220
[2024-12-17 15:39:23] [ERROR] [capacity_test] macro((0, 0)) ip(0 mram_addr(00000B28)) idx(0) write weight:2856, but recv weight: 1258848068
[2024-12-17 15:39:23] [ERROR] [capacity_test] macro((0, 0)) ip(0 mram_addr(00000B29)) idx(0) write weight:2857, but recv weight: 1256750916
[2024-12-17 15:39:23] [ERROR] [capacity_test] macro((0, 0)) ip(0 mram_addr(00000B2A)) idx(0) write weight:2858, but recv weight: 1254653764
[2024-12-17 15:39:23] [ERROR] [capacity_test] macro((0, 0)) ip(0 mram_addr(00000B2B)) idx(0) write weight:2859, but recv weight: 1252556612
[2024-12-17 15:39:23] [ERROR] [capacity_test] macro((0, 0)) ip(0 mram_addr(00000B2C)) idx(0) write weight:2860, but recv weight: 1250459460
[2024-12-17 15:39:23] [ERROR] [capacity_test] macro((0, 0)) ip(0 mram_addr(00000B2D)) idx(0) write weight:2861, but recv weight: 1248362308
[2024-12-17 15:39:23] [ERROR] [capacity_test] macro((0, 0)) ip(0 mram_addr(00000B2E)) idx(0) write weight:2862, but recv weight: 1246265156
[2024-12-17 15:39:23] [ERROR] [capacity_test] macro((0, 0)) ip(0 mram_addr(00000B2F)) idx(0) write weight:2863, but recv weight: 1244168004
[2024-12-17 15:39:23] [ERROR] [capacity_test] macro((0, 0)) ip(0 mram_addr(00000B30)) idx(0) write weight:2864, but recv weight: 1242070852
[2024-12-17 15:39:23] [ERROR] [capacity_test] macro((0, 0)) ip(0 mram_addr(00000B31)) idx(0) write weight:2865, but recv weight: 1239973700
[2024-12-17 15:39:23] [ERROR] [capacity_test] macro((0, 0)) ip(0 mram_addr(00000B32)) idx(0) write weight:2866, but recv weight: 1237876548
[2024-12-17 15:39:23] [ERROR] [capacity_test] macro((0, 0)) ip(0 mram_addr(00000B33)) idx(0) write weight:2867, but recv weight: 1235779396
[2024-12-17 15:39:23] [ERROR] [capacity_test] macro((0, 0)) ip(0 mram_addr(00000B34)) idx(0) write weight:2868, but recv weight: 1233682244
[2024-12-17 15:39:23] [ERROR] [capacity_test] macro((0, 0)) ip(0 mram_addr(00000B35)) idx(0) write weight:2869, but recv weight: 1231585092
[2024-12-17 15:39:23] [ERROR] [capacity_test] macro((0, 0)) ip(0 mram_addr(00000B36)) idx(0) write weight:2870, but recv weight: 1229487940
[2024-12-17 15:39:23] [ERROR] [capacity_test] macro((0, 0)) ip(0 mram_addr(00000B37)) idx(0) write weight:2871, but recv weight: 1227390788
[2024-12-17 15:39:23] [ERROR] [capacity_test] macro((0, 0)) ip(0 mram_addr(00000B38)) idx(0) write weight:2872, but recv weight: 1225293636
[2024-12-17 15:39:23] [ERROR] [capacity_test] macro((0, 0)) ip(0 mram_addr(00000B39)) idx(0) write weight:2873, but recv weight: 1223196484
[2024-12-17 15:39:23] [ERROR] [capacity_test] macro((0, 0)) ip(0 mram_addr(00000B3A)) idx(0) write weight:2874, but recv weight: 1221099332
[2024-12-17 15:39:23] [ERROR] [capacity_test] macro((0, 0)) ip(0 mram_addr(00000B3B)) idx(0) write weight:2875, but recv weight: 1219002180
[2024-12-17 15:39:23] [ERROR] [capacity_test] macro((0, 0)) ip(0 mram_addr(00000B3C)) idx(0) write weight:2876, but recv weight: 1216905028
[2024-12-17 15:39:23] [ERROR] [capacity_test] macro((0, 0)) ip(0 mram_addr(00000B3D)) idx(0) write weight:2877, but recv weight: 1214807876
[2024-12-17 15:39:23] [ERROR] [capacity_test] macro((0, 0)) ip(0 mram_addr(00000B3E)) idx(0) write weight:2878, but recv weight: 1212710724
[2024-12-17 15:39:23] [ERROR] [capacity_test] macro((0, 0)) ip(0 mram_addr(00000B3F)) idx(0) write weight:2879, but recv weight: 1210613572
[2024-12-17 15:39:23] [ERROR] [capacity_test] macro((0, 0)) ip(0 mram_addr(00000B40)) idx(0) write weight:2880, but recv weight: 1208516420
[2024-12-17 15:39:23] [ERROR] [capacity_test] macro((0, 0)) ip(0 mram_addr(00000B41)) idx(0) write weight:2881, but recv weight: 1206419268
[2024-12-17 15:39:23] [ERROR] [capacity_test] macro((0, 0)) ip(0 mram_addr(00000B42)) idx(0) write weight:2882, but recv weight: 1204322116
[2024-12-17 15:39:23] [ERROR] [capacity_test] macro((0, 0)) ip(0 mram_addr(00000B43)) idx(0) write weight:2883, but recv weight: 0
[2024-12-17 15:39:23] [ERROR] [capacity_test] macro((0, 0)) ip(0 mram_addr(00000B44)) idx(0) write weight:2884, but recv weight: 1304985412
[2024-12-17 15:39:23] [ERROR] [capacity_test] macro((0, 0)) ip(0 mram_addr(00000B45)) idx(0) write weight:2885, but recv weight: 1304985412
[2024-12-17 15:39:23] [ERROR] [capacity_test] macro((0, 0)) ip(0 mram_addr(00000B46)) idx(0) write weight:2886, but recv weight: 1304985412
[2024-12-17 15:39:23] [ERROR] [capacity_test] macro((0, 0)) ip(0 mram_addr(00000B47)) idx(0) write weight:2887, but recv weight: 1304985412
[2024-12-17 15:39:23] [ERROR] [capacity_test] macro((0, 0)) ip(0 mram_addr(00000B48)) idx(0) write weight:2888, but recv weight: 1304985412
[2024-12-17 15:39:23] [ERROR] [capacity_test] macro((0, 0)) ip(0 mram_addr(00000B49)) idx(0) write weight:2889, but recv weight: 1304985412
[2024-12-17 15:39:23] [ERROR] [capacity_test] macro((0, 0)) ip(0 mram_addr(00000B4A)) idx(0) write weight:2890, but recv weight: 1304985412
[2024-12-17 15:39:23] [ERROR] [capacity_test] macro((0, 0)) ip(0 mram_addr(00000B4B)) idx(0) write weight:2891, but recv weight: 1304985412
[2024-12-17 15:39:23] [ERROR] [capacity_test] macro((0, 0)) ip(0 mram_addr(00000B4C)) idx(0) write weight:2892, but recv weight: 1304985412
[2024-12-17 15:39:23] [ERROR] [capacity_test] macro((0, 0)) ip(0 mram_addr(00000B4D)) idx(0) write weight:2893, but recv weight: 1304985412
[2024-12-17 15:39:23] [ERROR] [capacity_test] macro((0, 0)) ip(0 mram_addr(00000B4E)) idx(0) write weight:2894, but recv weight: 1304985412
[2024-12-17 15:39:23] [ERROR] [capacity_test] macro((0, 0)) ip(0 mram_addr(00000B4F)) idx(0) write weight:2895, but recv weight: 1304985412
[2024-12-17 15:39:23] [ERROR] [capacity_test] macro((0, 0)) ip(0 mram_addr(00000B50)) idx(0) write weight:2896, but recv weight: 1304985412
[2024-12-17 15:39:23] [ERROR] [capacity_test] macro((0, 0)) ip(0 mram_addr(00000B51)) idx(0) write weight:2897, but recv weight: 1304985412
[2024-12-17 15:39:23] [ERROR] [capacity_test] macro((0, 0)) ip(0 mram_addr(00000B52)) idx(0) write weight:2898, but recv weight: 1304985412
[2024-12-17 15:39:23] [ERROR] [capacity_test] macro((0, 0)) ip(0 mram_addr(00000B53)) idx(0) write weight:2899, but recv weight: 1303936836
[2024-12-17 15:39:23] [ERROR] [capacity_test] macro((0, 0)) ip(0 mram_addr(00000B54)) idx(0) write weight:2900, but recv weight: 1303936836
[2024-12-17 15:39:23] [ERROR] [capacity_test] macro((0, 0)) ip(0 mram_addr(00000B55)) idx(0) write weight:2901, but recv weight: 1303936836
[2024-12-17 15:39:23] [ERROR] [capacity_test] macro((0, 0)) ip(0 mram_addr(00000B56)) idx(0) write weight:2902, but recv weight: 1303936836
[2024-12-17 15:39:23] [ERROR] [capacity_test] macro((0, 0)) ip(0 mram_addr(00000B57)) idx(0) write weight:2903, but recv weight: 1303936836
[2024-12-17 15:39:23] [ERROR] [capacity_test] macro((0, 0)) ip(0 mram_addr(00000B58)) idx(0) write weight:2904, but recv weight: 1303936836
[2024-12-17 15:39:23] [ERROR] [capacity_test] macro((0, 0)) ip(0 mram_addr(00000B59)) idx(0) write weight:2905, but recv weight: 1303936836
[2024-12-17 15:39:23] [ERROR] [capacity_test] macro((0, 0)) ip(0 mram_addr(00000B5A)) idx(0) write weight:2906, but recv weight: 1303936836
[2024-12-17 15:39:23] [ERROR] [capacity_test] macro((0, 0)) ip(0 mram_addr(00000B5B)) idx(0) write weight:2907, but recv weight: 1303936836
[2024-12-17 15:39:23] [ERROR] [capacity_test] macro((0, 0)) ip(0 mram_addr(00000B5C)) idx(0) write weight:2908, but recv weight: 1303936836
[2024-12-17 15:39:23] [ERROR] [capacity_test] macro((0, 0)) ip(0 mram_addr(00000B5D)) idx(0) write weight:2909, but recv weight: 1303936836
[2024-12-17 15:39:23] [ERROR] [capacity_test] macro((0, 0)) ip(0 mram_addr(00000B5E)) idx(0) write weight:2910, but recv weight: 1303936836
[2024-12-17 15:39:23] [ERROR] [capacity_test] macro((0, 0)) ip(0 mram_addr(00000B5F)) idx(0) write weight:2911, but recv weight: 1303936836
[2024-12-17 15:39:23] [ERROR] [capacity_test] macro((0, 0)) ip(0 mram_addr(00000B60)) idx(0) write weight:2912, but recv weight: 1303936836
[2024-12-17 15:39:23] [ERROR] [capacity_test] macro((0, 0)) ip(0 mram_addr(00000B61)) idx(0) write weight:2913, but recv weight: 1302888260
[2024-12-17 15:39:23] [ERROR] [capacity_test] macro((0, 0)) ip(0 mram_addr(00000B62)) idx(0) write weight:2914, but recv weight: 1302888260
[2024-12-17 15:39:23] [ERROR] [capacity_test] macro((0, 0)) ip(0 mram_addr(00000B63)) idx(0) write weight:2915, but recv weight: 1301839684
[2024-12-17 15:39:23] [ERROR] [capacity_test] macro((0, 0)) ip(0 mram_addr(00000B64)) idx(0) write weight:2916, but recv weight: 1301839684
[2024-12-17 15:39:23] [ERROR] [capacity_test] macro((0, 0)) ip(0 mram_addr(00000B65)) idx(0) write weight:2917, but recv weight: 1300791108
[2024-12-17 15:39:23] [ERROR] [capacity_test] macro((0, 0)) ip(0 mram_addr(00000B66)) idx(0) write weight:2918, but recv weight: 1300791108
[2024-12-17 15:39:23] [ERROR] [capacity_test] macro((0, 0)) ip(0 mram_addr(00000B67)) idx(0) write weight:2919, but recv weight: 1299742532
[2024-12-17 15:39:23] [ERROR] [capacity_test] macro((0, 0)) ip(0 mram_addr(00000B68)) idx(0) write weight:2920, but recv weight: 1299742532
[2024-12-17 15:39:23] [ERROR] [capacity_test] macro((0, 0)) ip(0 mram_addr(00000B69)) idx(0) write weight:2921, but recv weight: 1298693956
[2024-12-17 15:39:23] [ERROR] [capacity_test] macro((0, 0)) ip(0 mram_addr(00000B6A)) idx(0) write weight:2922, but recv weight: 1298693956
[2024-12-17 15:39:23] [ERROR] [capacity_test] macro((0, 0)) ip(0 mram_addr(00000B6B)) idx(0) write weight:2923, but recv weight: 1297645380
[2024-12-17 15:39:23] [ERROR] [capacity_test] macro((0, 0)) ip(0 mram_addr(00000B6C)) idx(0) write weight:2924, but recv weight: 1297645380
[2024-12-17 15:39:23] [ERROR] [capacity_test] macro((0, 0)) ip(0 mram_addr(00000B6D)) idx(0) write weight:2925, but recv weight: 1296596804
[2024-12-17 15:39:23] [ERROR] [capacity_test] macro((0, 0)) ip(0 mram_addr(00000B6E)) idx(0) write weight:2926, but recv weight: 1296596804
[2024-12-17 15:39:23] [ERROR] [capacity_test] macro((0, 0)) ip(0 mram_addr(00000B6F)) idx(0) write weight:2927, but recv weight: 1295548228
[2024-12-17 15:39:23] [ERROR] [capacity_test] macro((0, 0)) ip(0 mram_addr(00000B70)) idx(0) write weight:2928, but recv weight: 1295548228
[2024-12-17 15:39:23] [ERROR] [capacity_test] macro((0, 0)) ip(0 mram_addr(00000B71)) idx(0) write weight:2929, but recv weight: 1294499652
[2024-12-17 15:39:23] [ERROR] [capacity_test] macro((0, 0)) ip(0 mram_addr(00000B72)) idx(0) write weight:2930, but recv weight: 1294499652
[2024-12-17 15:39:23] [ERROR] [capacity_test] macro((0, 0)) ip(0 mram_addr(00000B73)) idx(0) write weight:2931, but recv weight: 1293451076
[2024-12-17 15:39:23] [ERROR] [capacity_test] macro((0, 0)) ip(0 mram_addr(00000B74)) idx(0) write weight:2932, but recv weight: 1293451076
[2024-12-17 15:39:23] [ERROR] [capacity_test] macro((0, 0)) ip(0 mram_addr(00000B75)) idx(0) write weight:2933, but recv weight: 1292402500
[2024-12-17 15:39:23] [ERROR] [capacity_test] macro((0, 0)) ip(0 mram_addr(00000B76)) idx(0) write weight:2934, but recv weight: 1292402500
[2024-12-17 15:39:23] [ERROR] [capacity_test] macro((0, 0)) ip(0 mram_addr(00000B77)) idx(0) write weight:2935, but recv weight: 1291353924
[2024-12-17 15:39:23] [ERROR] [capacity_test] macro((0, 0)) ip(0 mram_addr(00000B78)) idx(0) write weight:2936, but recv weight: 1291353924
[2024-12-17 15:39:23] [ERROR] [capacity_test] macro((0, 0)) ip(0 mram_addr(00000B79)) idx(0) write weight:2937, but recv weight: 1290305348
[2024-12-17 15:39:23] [ERROR] [capacity_test] macro((0, 0)) ip(0 mram_addr(00000B7A)) idx(0) write weight:2938, but recv weight: 1290305348
[2024-12-17 15:39:23] [ERROR] [capacity_test] macro((0, 0)) ip(0 mram_addr(00000B7B)) idx(0) write weight:2939, but recv weight: 1289256772
[2024-12-17 15:39:23] [ERROR] [capacity_test] macro((0, 0)) ip(0 mram_addr(00000B7C)) idx(0) write weight:2940, but recv weight: 1289256772
[2024-12-17 15:39:23] [ERROR] [capacity_test] macro((0, 0)) ip(0 mram_addr(00000B7D)) idx(0) write weight:2941, but recv weight: 1288208196
[2024-12-17 15:39:23] [ERROR] [capacity_test] macro((0, 0)) ip(0 mram_addr(00000B7E)) idx(0) write weight:2942, but recv weight: 1288208196
[2024-12-17 15:39:23] [ERROR] [capacity_test] macro((0, 0)) ip(0 mram_addr(00000B7F)) idx(0) write weight:2943, but recv weight: 1287159620
[2024-12-17 15:39:23] [ERROR] [capacity_test] macro((0, 0)) ip(0 mram_addr(00000B80)) idx(0) write weight:2944, but recv weight: 1287159620
[2024-12-17 15:39:23] [ERROR] [capacity_test] macro((0, 0)) ip(0 mram_addr(00000B81)) idx(0) write weight:2945, but recv weight: 1286111044
[2024-12-17 15:39:23] [ERROR] [capacity_test] macro((0, 0)) ip(0 mram_addr(00000B82)) idx(0) write weight:2946, but recv weight: 1286111044
[2024-12-17 15:39:23] [ERROR] [capacity_test] macro((0, 0)) ip(0 mram_addr(00000B83)) idx(0) write weight:2947, but recv weight: 1285062468
[2024-12-17 15:39:23] [ERROR] [capacity_test] macro((0, 0)) ip(0 mram_addr(00000B84)) idx(0) write weight:2948, but recv weight: 1285062468
[2024-12-17 15:39:23] [ERROR] [capacity_test] macro((0, 0)) ip(0 mram_addr(00000B85)) idx(0) write weight:2949, but recv weight: 1284013892
[2024-12-17 15:39:23] [ERROR] [capacity_test] macro((0, 0)) ip(0 mram_addr(00000B86)) idx(0) write weight:2950, but recv weight: 1284013892
[2024-12-17 15:39:23] [ERROR] [capacity_test] macro((0, 0)) ip(0 mram_addr(00000B87)) idx(0) write weight:2951, but recv weight: 1282965316
[2024-12-17 15:39:23] [ERROR] [capacity_test] macro((0, 0)) ip(0 mram_addr(00000B88)) idx(0) write weight:2952, but recv weight: 1282965316
[2024-12-17 15:39:23] [ERROR] [capacity_test] macro((0, 0)) ip(0 mram_addr(00000B89)) idx(0) write weight:2953, but recv weight: 1281916740
[2024-12-17 15:39:23] [ERROR] [capacity_test] macro((0, 0)) ip(0 mram_addr(00000B8A)) idx(0) write weight:2954, but recv weight: 1281916740
[2024-12-17 15:39:23] [ERROR] [capacity_test] macro((0, 0)) ip(0 mram_addr(00000B8B)) idx(0) write weight:2955, but recv weight: 1280868164
[2024-12-17 15:39:23] [ERROR] [capacity_test] macro((0, 0)) ip(0 mram_addr(00000B8C)) idx(0) write weight:2956, but recv weight: 1280868164
[2024-12-17 15:39:23] [ERROR] [capacity_test] macro((0, 0)) ip(0 mram_addr(00000B8D)) idx(0) write weight:2957, but recv weight: 1279819588
[2024-12-17 15:39:23] [ERROR] [capacity_test] macro((0, 0)) ip(0 mram_addr(00000B8E)) idx(0) write weight:2958, but recv weight: 1279819588
[2024-12-17 15:39:23] [ERROR] [capacity_test] macro((0, 0)) ip(0 mram_addr(00000B8F)) idx(0) write weight:2959, but recv weight: 1278771012
[2024-12-17 15:39:23] [ERROR] [capacity_test] macro((0, 0)) ip(0 mram_addr(00000B90)) idx(0) write weight:2960, but recv weight: 1278771012
[2024-12-17 15:39:23] [ERROR] [capacity_test] macro((0, 0)) ip(0 mram_addr(00000B91)) idx(0) write weight:2961, but recv weight: 1277722436
[2024-12-17 15:39:23] [ERROR] [capacity_test] macro((0, 0)) ip(0 mram_addr(00000B92)) idx(0) write weight:2962, but recv weight: 1277722436
[2024-12-17 15:39:23] [ERROR] [capacity_test] macro((0, 0)) ip(0 mram_addr(00000B93)) idx(0) write weight:2963, but recv weight: 1276673860
[2024-12-17 15:39:23] [ERROR] [capacity_test] macro((0, 0)) ip(0 mram_addr(00000B94)) idx(0) write weight:2964, but recv weight: 1276673860
[2024-12-17 15:39:23] [ERROR] [capacity_test] macro((0, 0)) ip(0 mram_addr(00000B95)) idx(0) write weight:2965, but recv weight: 1275625284
[2024-12-17 15:39:23] [ERROR] [capacity_test] macro((0, 0)) ip(0 mram_addr(00000B96)) idx(0) write weight:2966, but recv weight: 1275625284
[2024-12-17 15:39:23] [ERROR] [capacity_test] macro((0, 0)) ip(0 mram_addr(00000B97)) idx(0) write weight:2967, but recv weight: 1274576708
[2024-12-17 15:39:23] [ERROR] [capacity_test] macro((0, 0)) ip(0 mram_addr(00000B98)) idx(0) write weight:2968, but recv weight: 1274576708
[2024-12-17 15:39:23] [ERROR] [capacity_test] macro((0, 0)) ip(0 mram_addr(00000B99)) idx(0) write weight:2969, but recv weight: 1273528132
[2024-12-17 15:39:23] [ERROR] [capacity_test] macro((0, 0)) ip(0 mram_addr(00000B9A)) idx(0) write weight:2970, but recv weight: 1273528132
[2024-12-17 15:39:23] [ERROR] [capacity_test] macro((0, 0)) ip(0 mram_addr(00000B9B)) idx(0) write weight:2971, but recv weight: 1272479556
[2024-12-17 15:39:23] [ERROR] [capacity_test] macro((0, 0)) ip(0 mram_addr(00000B9C)) idx(0) write weight:2972, but recv weight: 1272479556
[2024-12-17 15:39:23] [ERROR] [capacity_test] macro((0, 0)) ip(0 mram_addr(00000B9D)) idx(0) write weight:2973, but recv weight: 1271430980
[2024-12-17 15:39:23] [ERROR] [capacity_test] macro((0, 0)) ip(0 mram_addr(00000B9E)) idx(0) write weight:2974, but recv weight: 1271430980
[2024-12-17 15:39:23] [ERROR] [capacity_test] macro((0, 0)) ip(0 mram_addr(00000B9F)) idx(0) write weight:2975, but recv weight: 1270382404
[2024-12-17 15:39:23] [ERROR] [capacity_test] macro((0, 0)) ip(0 mram_addr(00000BA0)) idx(0) write weight:2976, but recv weight: 1270382404
[2024-12-17 15:39:23] [ERROR] [capacity_test] macro((0, 0)) ip(0 mram_addr(00000BA1)) idx(0) write weight:2977, but recv weight: 1269333828
[2024-12-17 15:39:23] [ERROR] [capacity_test] macro((0, 0)) ip(0 mram_addr(00000BA2)) idx(0) write weight:2978, but recv weight: 1269333828
[2024-12-17 15:39:23] [ERROR] [capacity_test] macro((0, 0)) ip(0 mram_addr(00000BA3)) idx(0) write weight:2979, but recv weight: 1268285252
[2024-12-17 15:39:23] [ERROR] [capacity_test] macro((0, 0)) ip(0 mram_addr(00000BA4)) idx(0) write weight:2980, but recv weight: 1266188100
[2024-12-17 15:39:23] [ERROR] [capacity_test] macro((0, 0)) ip(0 mram_addr(00000BA5)) idx(0) write weight:2981, but recv weight: 1264090948
[2024-12-17 15:39:23] [ERROR] [capacity_test] macro((0, 0)) ip(0 mram_addr(00000BA6)) idx(0) write weight:2982, but recv weight: 1261993796
[2024-12-17 15:39:23] [ERROR] [capacity_test] macro((0, 0)) ip(0 mram_addr(00000BA7)) idx(0) write weight:2983, but recv weight: 1259896644
[2024-12-17 15:39:23] [ERROR] [capacity_test] macro((0, 0)) ip(0 mram_addr(00000BA8)) idx(0) write weight:2984, but recv weight: 1257799492
[2024-12-17 15:39:23] [ERROR] [capacity_test] macro((0, 0)) ip(0 mram_addr(00000BA9)) idx(0) write weight:2985, but recv weight: 1255702340
[2024-12-17 15:39:23] [ERROR] [capacity_test] macro((0, 0)) ip(0 mram_addr(00000BAA)) idx(0) write weight:2986, but recv weight: 1253605188
[2024-12-17 15:39:23] [ERROR] [capacity_test] macro((0, 0)) ip(0 mram_addr(00000BAB)) idx(0) write weight:2987, but recv weight: 1251508036
[2024-12-17 15:39:23] [ERROR] [capacity_test] macro((0, 0)) ip(0 mram_addr(00000BAC)) idx(0) write weight:2988, but recv weight: 1249410884
[2024-12-17 15:39:23] [ERROR] [capacity_test] macro((0, 0)) ip(0 mram_addr(00000BAD)) idx(0) write weight:2989, but recv weight: 1247313732
[2024-12-17 15:39:23] [ERROR] [capacity_test] macro((0, 0)) ip(0 mram_addr(00000BAE)) idx(0) write weight:2990, but recv weight: 1245216580
[2024-12-17 15:39:23] [ERROR] [capacity_test] macro((0, 0)) ip(0 mram_addr(00000BAF)) idx(0) write weight:2991, but recv weight: 1243119428
[2024-12-17 15:39:23] [ERROR] [capacity_test] macro((0, 0)) ip(0 mram_addr(00000BB0)) idx(0) write weight:2992, but recv weight: 1241022276
[2024-12-17 15:39:23] [ERROR] [capacity_test] macro((0, 0)) ip(0 mram_addr(00000BB1)) idx(0) write weight:2993, but recv weight: 1238925124
[2024-12-17 15:39:23] [ERROR] [capacity_test] macro((0, 0)) ip(0 mram_addr(00000BB2)) idx(0) write weight:2994, but recv weight: 1236827972
[2024-12-17 15:39:23] [ERROR] [capacity_test] macro((0, 0)) ip(0 mram_addr(00000BB3)) idx(0) write weight:2995, but recv weight: 1234730820
[2024-12-17 15:39:23] [ERROR] [capacity_test] macro((0, 0)) ip(0 mram_addr(00000BB4)) idx(0) write weight:2996, but recv weight: 1232633668
[2024-12-17 15:39:23] [ERROR] [capacity_test] macro((0, 0)) ip(0 mram_addr(00000BB5)) idx(0) write weight:2997, but recv weight: 1230536516
[2024-12-17 15:39:23] [ERROR] [capacity_test] macro((0, 0)) ip(0 mram_addr(00000BB6)) idx(0) write weight:2998, but recv weight: 1228439364
[2024-12-17 15:39:23] [ERROR] [capacity_test] macro((0, 0)) ip(0 mram_addr(00000BB7)) idx(0) write weight:2999, but recv weight: 1226342212
[2024-12-17 15:39:23] [ERROR] [capacity_test] macro((0, 0)) ip(0 mram_addr(00000BB8)) idx(0) write weight:3000, but recv weight: 1224245060
[2024-12-17 15:39:23] [ERROR] [capacity_test] macro((0, 0)) ip(0 mram_addr(00000BB9)) idx(0) write weight:3001, but recv weight: 1222147908
[2024-12-17 15:39:23] [ERROR] [capacity_test] macro((0, 0)) ip(0 mram_addr(00000BBA)) idx(0) write weight:3002, but recv weight: 1220050756
[2024-12-17 15:39:23] [ERROR] [capacity_test] macro((0, 0)) ip(0 mram_addr(00000BBB)) idx(0) write weight:3003, but recv weight: 1217953604
[2024-12-17 15:39:23] [ERROR] [capacity_test] macro((0, 0)) ip(0 mram_addr(00000BBC)) idx(0) write weight:3004, but recv weight: 1215856452
[2024-12-17 15:39:23] [ERROR] [capacity_test] macro((0, 0)) ip(0 mram_addr(00000BBD)) idx(0) write weight:3005, but recv weight: 1213759300
[2024-12-17 15:39:23] [ERROR] [capacity_test] macro((0, 0)) ip(0 mram_addr(00000BBE)) idx(0) write weight:3006, but recv weight: 1211662148
[2024-12-17 15:39:23] [ERROR] [capacity_test] macro((0, 0)) ip(0 mram_addr(00000BBF)) idx(0) write weight:3007, but recv weight: 1306033988
[2024-12-17 15:39:23] [ERROR] [capacity_test] macro((0, 0)) ip(0 mram_addr(00000BC0)) idx(0) write weight:3008, but recv weight: 1306033988
[2024-12-17 15:39:23] [ERROR] [capacity_test] macro((0, 0)) ip(0 mram_addr(00000BC1)) idx(0) write weight:3009, but recv weight: 1306033988
[2024-12-17 15:39:23] [ERROR] [capacity_test] macro((0, 0)) ip(0 mram_addr(00000BC2)) idx(0) write weight:3010, but recv weight: 1306033988
[2024-12-17 15:39:23] [ERROR] [capacity_test] macro((0, 0)) ip(0 mram_addr(00000BC3)) idx(0) write weight:3011, but recv weight: 1306033988
[2024-12-17 15:39:23] [ERROR] [capacity_test] macro((0, 0)) ip(0 mram_addr(00000BC4)) idx(0) write weight:3012, but recv weight: 1304985412
[2024-12-17 15:39:23] [ERROR] [capacity_test] macro((0, 0)) ip(0 mram_addr(00000BC5)) idx(0) write weight:3013, but recv weight: 1304985412
[2024-12-17 15:39:23] [ERROR] [capacity_test] macro((0, 0)) ip(0 mram_addr(00000BC6)) idx(0) write weight:3014, but recv weight: 1304985412
[2024-12-17 15:39:23] [ERROR] [capacity_test] macro((0, 0)) ip(0 mram_addr(00000BC7)) idx(0) write weight:3015, but recv weight: 1304985412
[2024-12-17 15:39:23] [ERROR] [capacity_test] macro((0, 0)) ip(0 mram_addr(00000BC8)) idx(0) write weight:3016, but recv weight: 1304985412
[2024-12-17 15:39:23] [ERROR] [capacity_test] macro((0, 0)) ip(0 mram_addr(00000BC9)) idx(0) write weight:3017, but recv weight: 1304985412
[2024-12-17 15:39:23] [ERROR] [capacity_test] macro((0, 0)) ip(0 mram_addr(00000BCA)) idx(0) write weight:3018, but recv weight: 1304985412
[2024-12-17 15:39:23] [ERROR] [capacity_test] macro((0, 0)) ip(0 mram_addr(00000BCB)) idx(0) write weight:3019, but recv weight: 1304985412
[2024-12-17 15:39:23] [ERROR] [capacity_test] macro((0, 0)) ip(0 mram_addr(00000BCC)) idx(0) write weight:3020, but recv weight: 1304985412
[2024-12-17 15:39:23] [ERROR] [capacity_test] macro((0, 0)) ip(0 mram_addr(00000BCD)) idx(0) write weight:3021, but recv weight: 1304985412
[2024-12-17 15:39:23] [ERROR] [capacity_test] macro((0, 0)) ip(0 mram_addr(00000BCE)) idx(0) write weight:3022, but recv weight: 1304985412
[2024-12-17 15:39:23] [ERROR] [capacity_test] macro((0, 0)) ip(0 mram_addr(00000BCF)) idx(0) write weight:3023, but recv weight: 1304985412
[2024-12-17 15:39:23] [ERROR] [capacity_test] macro((0, 0)) ip(0 mram_addr(00000BD0)) idx(0) write weight:3024, but recv weight: 1304985412
[2024-12-17 15:39:23] [ERROR] [capacity_test] macro((0, 0)) ip(0 mram_addr(00000BD1)) idx(0) write weight:3025, but recv weight: 1304985412
[2024-12-17 15:39:23] [ERROR] [capacity_test] macro((0, 0)) ip(0 mram_addr(00000BD2)) idx(0) write weight:3026, but recv weight: 1304985412
[2024-12-17 15:39:23] [ERROR] [capacity_test] macro((0, 0)) ip(0 mram_addr(00000BD3)) idx(0) write weight:3027, but recv weight: 1304985412
[2024-12-17 15:39:23] [ERROR] [capacity_test] macro((0, 0)) ip(0 mram_addr(00000BD4)) idx(0) write weight:3028, but recv weight: 1303936836
[2024-12-17 15:39:23] [ERROR] [capacity_test] macro((0, 0)) ip(0 mram_addr(00000BD5)) idx(0) write weight:3029, but recv weight: 1303936836
[2024-12-17 15:39:23] [ERROR] [capacity_test] macro((0, 0)) ip(0 mram_addr(00000BD6)) idx(0) write weight:3030, but recv weight: 1303936836
[2024-12-17 15:39:23] [ERROR] [capacity_test] macro((0, 0)) ip(0 mram_addr(00000BD7)) idx(0) write weight:3031, but recv weight: 1303936836
[2024-12-17 15:39:23] [ERROR] [capacity_test] macro((0, 0)) ip(0 mram_addr(00000BD8)) idx(0) write weight:3032, but recv weight: 1303936836
[2024-12-17 15:39:23] [ERROR] [capacity_test] macro((0, 0)) ip(0 mram_addr(00000BD9)) idx(0) write weight:3033, but recv weight: 1303936836
[2024-12-17 15:39:23] [ERROR] [capacity_test] macro((0, 0)) ip(0 mram_addr(00000BDA)) idx(0) write weight:3034, but recv weight: 1303936836
[2024-12-17 15:39:23] [ERROR] [capacity_test] macro((0, 0)) ip(0 mram_addr(00000BDB)) idx(0) write weight:3035, but recv weight: 1303936836
[2024-12-17 15:39:23] [ERROR] [capacity_test] macro((0, 0)) ip(0 mram_addr(00000BDC)) idx(0) write weight:3036, but recv weight: 1303936836
[2024-12-17 15:39:23] [ERROR] [capacity_test] macro((0, 0)) ip(0 mram_addr(00000BDD)) idx(0) write weight:3037, but recv weight: 1303936836
[2024-12-17 15:39:23] [ERROR] [capacity_test] macro((0, 0)) ip(0 mram_addr(00000BDE)) idx(0) write weight:3038, but recv weight: 1303936836
[2024-12-17 15:39:23] [ERROR] [capacity_test] macro((0, 0)) ip(0 mram_addr(00000BDF)) idx(0) write weight:3039, but recv weight: 1303936836
[2024-12-17 15:39:23] [ERROR] [capacity_test] macro((0, 0)) ip(0 mram_addr(00000BE0)) idx(0) write weight:3040, but recv weight: 1303936836
[2024-12-17 15:39:23] [ERROR] [capacity_test] macro((0, 0)) ip(0 mram_addr(00000BE1)) idx(0) write weight:3041, but recv weight: 1303936836
[2024-12-17 15:39:23] [ERROR] [capacity_test] macro((0, 0)) ip(0 mram_addr(00000BE2)) idx(0) write weight:3042, but recv weight: 1302888260
[2024-12-17 15:39:23] [ERROR] [capacity_test] macro((0, 0)) ip(0 mram_addr(00000BE3)) idx(0) write weight:3043, but recv weight: 1302888260
[2024-12-17 15:39:23] [ERROR] [capacity_test] macro((0, 0)) ip(0 mram_addr(00000BE4)) idx(0) write weight:3044, but recv weight: 1301839684
[2024-12-17 15:39:23] [ERROR] [capacity_test] macro((0, 0)) ip(0 mram_addr(00000BE5)) idx(0) write weight:3045, but recv weight: 1301839684
[2024-12-17 15:39:23] [ERROR] [capacity_test] macro((0, 0)) ip(0 mram_addr(00000BE6)) idx(0) write weight:3046, but recv weight: 1300791108
[2024-12-17 15:39:23] [ERROR] [capacity_test] macro((0, 0)) ip(0 mram_addr(00000BE7)) idx(0) write weight:3047, but recv weight: 1300791108
[2024-12-17 15:39:23] [ERROR] [capacity_test] macro((0, 0)) ip(0 mram_addr(00000BE8)) idx(0) write weight:3048, but recv weight: 1299742532
[2024-12-17 15:39:23] [ERROR] [capacity_test] macro((0, 0)) ip(0 mram_addr(00000BE9)) idx(0) write weight:3049, but recv weight: 1299742532
[2024-12-17 15:39:23] [ERROR] [capacity_test] macro((0, 0)) ip(0 mram_addr(00000BEA)) idx(0) write weight:3050, but recv weight: 1298693956
[2024-12-17 15:39:23] [ERROR] [capacity_test] macro((0, 0)) ip(0 mram_addr(00000BEB)) idx(0) write weight:3051, but recv weight: 1298693956
[2024-12-17 15:39:23] [ERROR] [capacity_test] macro((0, 0)) ip(0 mram_addr(00000BEC)) idx(0) write weight:3052, but recv weight: 1297645380
[2024-12-17 15:39:23] [ERROR] [capacity_test] macro((0, 0)) ip(0 mram_addr(00000BED)) idx(0) write weight:3053, but recv weight: 1297645380
[2024-12-17 15:39:23] [ERROR] [capacity_test] macro((0, 0)) ip(0 mram_addr(00000BEE)) idx(0) write weight:3054, but recv weight: 1296596804
[2024-12-17 15:39:23] [ERROR] [capacity_test] macro((0, 0)) ip(0 mram_addr(00000BEF)) idx(0) write weight:3055, but recv weight: 1296596804
[2024-12-17 15:39:23] [ERROR] [capacity_test] macro((0, 0)) ip(0 mram_addr(00000BF0)) idx(0) write weight:3056, but recv weight: 1295548228
[2024-12-17 15:39:23] [ERROR] [capacity_test] macro((0, 0)) ip(0 mram_addr(00000BF1)) idx(0) write weight:3057, but recv weight: 1295548228
[2024-12-17 15:39:23] [ERROR] [capacity_test] macro((0, 0)) ip(0 mram_addr(00000BF2)) idx(0) write weight:3058, but recv weight: 1294499652
[2024-12-17 15:39:23] [ERROR] [capacity_test] macro((0, 0)) ip(0 mram_addr(00000BF3)) idx(0) write weight:3059, but recv weight: 1294499652
[2024-12-17 15:39:23] [ERROR] [capacity_test] macro((0, 0)) ip(0 mram_addr(00000BF4)) idx(0) write weight:3060, but recv weight: 1293451076
[2024-12-17 15:39:23] [ERROR] [capacity_test] macro((0, 0)) ip(0 mram_addr(00000BF5)) idx(0) write weight:3061, but recv weight: 1293451076
[2024-12-17 15:39:23] [ERROR] [capacity_test] macro((0, 0)) ip(0 mram_addr(00000BF6)) idx(0) write weight:3062, but recv weight: 1292402500
[2024-12-17 15:39:23] [ERROR] [capacity_test] macro((0, 0)) ip(0 mram_addr(00000BF7)) idx(0) write weight:3063, but recv weight: 1292402500
[2024-12-17 15:39:23] [ERROR] [capacity_test] macro((0, 0)) ip(0 mram_addr(00000BF8)) idx(0) write weight:3064, but recv weight: 1291353924
[2024-12-17 15:39:23] [ERROR] [capacity_test] macro((0, 0)) ip(0 mram_addr(00000BF9)) idx(0) write weight:3065, but recv weight: 1291353924
[2024-12-17 15:39:23] [ERROR] [capacity_test] macro((0, 0)) ip(0 mram_addr(00000BFA)) idx(0) write weight:3066, but recv weight: 1290305348
[2024-12-17 15:39:23] [ERROR] [capacity_test] macro((0, 0)) ip(0 mram_addr(00000BFB)) idx(0) write weight:3067, but recv weight: 1290305348
[2024-12-17 15:39:23] [ERROR] [capacity_test] macro((0, 0)) ip(0 mram_addr(00000BFC)) idx(0) write weight:3068, but recv weight: 1289256772
[2024-12-17 15:39:23] [ERROR] [capacity_test] macro((0, 0)) ip(0 mram_addr(00000BFD)) idx(0) write weight:3069, but recv weight: 1289256772
[2024-12-17 15:39:23] [ERROR] [capacity_test] macro((0, 0)) ip(0 mram_addr(00000BFE)) idx(0) write weight:3070, but recv weight: 1288208196
[2024-12-17 15:39:23] [ERROR] [capacity_test] macro((0, 0)) ip(0 mram_addr(00000BFF)) idx(0) write weight:3071, but recv weight: 1288208196
[2024-12-17 15:39:23] [ERROR] [capacity_test] macro((0, 0)) ip(0 mram_addr(00000C00)) idx(0) write weight:3072, but recv weight: 1287159620
[2024-12-17 15:39:23] [ERROR] [capacity_test] macro((0, 0)) ip(0 mram_addr(00000C01)) idx(0) write weight:3073, but recv weight: 1287159620
[2024-12-17 15:39:23] [ERROR] [capacity_test] macro((0, 0)) ip(0 mram_addr(00000C02)) idx(0) write weight:3074, but recv weight: 1286111044
[2024-12-17 15:39:23] [ERROR] [capacity_test] macro((0, 0)) ip(0 mram_addr(00000C03)) idx(0) write weight:3075, but recv weight: 1286111044
[2024-12-17 15:39:23] [ERROR] [capacity_test] macro((0, 0)) ip(0 mram_addr(00000C04)) idx(0) write weight:3076, but recv weight: 1285062468
[2024-12-17 15:39:23] [ERROR] [capacity_test] macro((0, 0)) ip(0 mram_addr(00000C05)) idx(0) write weight:3077, but recv weight: 1285062468
[2024-12-17 15:39:23] [ERROR] [capacity_test] macro((0, 0)) ip(0 mram_addr(00000C06)) idx(0) write weight:3078, but recv weight: 1284013892
[2024-12-17 15:39:23] [ERROR] [capacity_test] macro((0, 0)) ip(0 mram_addr(00000C07)) idx(0) write weight:3079, but recv weight: 1284013892
[2024-12-17 15:39:23] [ERROR] [capacity_test] macro((0, 0)) ip(0 mram_addr(00000C08)) idx(0) write weight:3080, but recv weight: 1282965316
[2024-12-17 15:39:23] [ERROR] [capacity_test] macro((0, 0)) ip(0 mram_addr(00000C09)) idx(0) write weight:3081, but recv weight: 1282965316
[2024-12-17 15:39:23] [ERROR] [capacity_test] macro((0, 0)) ip(0 mram_addr(00000C0A)) idx(0) write weight:3082, but recv weight: 1281916740
[2024-12-17 15:39:23] [ERROR] [capacity_test] macro((0, 0)) ip(0 mram_addr(00000C0B)) idx(0) write weight:3083, but recv weight: 1281916740
[2024-12-17 15:39:23] [ERROR] [capacity_test] macro((0, 0)) ip(0 mram_addr(00000C0C)) idx(0) write weight:3084, but recv weight: 1280868164
[2024-12-17 15:39:23] [ERROR] [capacity_test] macro((0, 0)) ip(0 mram_addr(00000C0D)) idx(0) write weight:3085, but recv weight: 1280868164
[2024-12-17 15:39:23] [ERROR] [capacity_test] macro((0, 0)) ip(0 mram_addr(00000C0E)) idx(0) write weight:3086, but recv weight: 1279819588
[2024-12-17 15:39:23] [ERROR] [capacity_test] macro((0, 0)) ip(0 mram_addr(00000C0F)) idx(0) write weight:3087, but recv weight: 1279819588
[2024-12-17 15:39:23] [ERROR] [capacity_test] macro((0, 0)) ip(0 mram_addr(00000C10)) idx(0) write weight:3088, but recv weight: 1278771012
[2024-12-17 15:39:23] [ERROR] [capacity_test] macro((0, 0)) ip(0 mram_addr(00000C11)) idx(0) write weight:3089, but recv weight: 1278771012
[2024-12-17 15:39:23] [ERROR] [capacity_test] macro((0, 0)) ip(0 mram_addr(00000C12)) idx(0) write weight:3090, but recv weight: 1277722436
[2024-12-17 15:39:23] [ERROR] [capacity_test] macro((0, 0)) ip(0 mram_addr(00000C13)) idx(0) write weight:3091, but recv weight: 1277722436
[2024-12-17 15:39:23] [ERROR] [capacity_test] macro((0, 0)) ip(0 mram_addr(00000C14)) idx(0) write weight:3092, but recv weight: 1276673860
[2024-12-17 15:39:23] [ERROR] [capacity_test] macro((0, 0)) ip(0 mram_addr(00000C15)) idx(0) write weight:3093, but recv weight: 1276673860
[2024-12-17 15:39:23] [ERROR] [capacity_test] macro((0, 0)) ip(0 mram_addr(00000C16)) idx(0) write weight:3094, but recv weight: 1275625284
[2024-12-17 15:39:23] [ERROR] [capacity_test] macro((0, 0)) ip(0 mram_addr(00000C17)) idx(0) write weight:3095, but recv weight: 1275625284
[2024-12-17 15:39:23] [ERROR] [capacity_test] macro((0, 0)) ip(0 mram_addr(00000C18)) idx(0) write weight:3096, but recv weight: 1274576708
[2024-12-17 15:39:23] [ERROR] [capacity_test] macro((0, 0)) ip(0 mram_addr(00000C19)) idx(0) write weight:3097, but recv weight: 1274576708
[2024-12-17 15:39:23] [ERROR] [capacity_test] macro((0, 0)) ip(0 mram_addr(00000C1A)) idx(0) write weight:3098, but recv weight: 1273528132
[2024-12-17 15:39:23] [ERROR] [capacity_test] macro((0, 0)) ip(0 mram_addr(00000C1B)) idx(0) write weight:3099, but recv weight: 1273528132
[2024-12-17 15:39:23] [ERROR] [capacity_test] macro((0, 0)) ip(0 mram_addr(00000C1C)) idx(0) write weight:3100, but recv weight: 1272479556
[2024-12-17 15:39:23] [ERROR] [capacity_test] macro((0, 0)) ip(0 mram_addr(00000C1D)) idx(0) write weight:3101, but recv weight: 1272479556
[2024-12-17 15:39:23] [ERROR] [capacity_test] macro((0, 0)) ip(0 mram_addr(00000C1E)) idx(0) write weight:3102, but recv weight: 1271430980
[2024-12-17 15:39:23] [ERROR] [capacity_test] macro((0, 0)) ip(0 mram_addr(00000C1F)) idx(0) write weight:3103, but recv weight: 1271430980
[2024-12-17 15:39:23] [ERROR] [capacity_test] macro((0, 0)) ip(0 mram_addr(00000C20)) idx(0) write weight:3104, but recv weight: 1270382404
[2024-12-17 15:39:23] [ERROR] [capacity_test] macro((0, 0)) ip(0 mram_addr(00000C21)) idx(0) write weight:3105, but recv weight: 1270382404
[2024-12-17 15:39:23] [ERROR] [capacity_test] macro((0, 0)) ip(0 mram_addr(00000C22)) idx(0) write weight:3106, but recv weight: 1269333828
[2024-12-17 15:39:23] [ERROR] [capacity_test] macro((0, 0)) ip(0 mram_addr(00000C23)) idx(0) write weight:3107, but recv weight: 1269333828
[2024-12-17 15:39:23] [ERROR] [capacity_test] macro((0, 0)) ip(0 mram_addr(00000C24)) idx(0) write weight:3108, but recv weight: 1267236676
[2024-12-17 15:39:23] [ERROR] [capacity_test] macro((0, 0)) ip(0 mram_addr(00000C25)) idx(0) write weight:3109, but recv weight: 1265139524
[2024-12-17 15:39:23] [ERROR] [capacity_test] macro((0, 0)) ip(0 mram_addr(00000C26)) idx(0) write weight:3110, but recv weight: 1263042372
[2024-12-17 15:39:23] [ERROR] [capacity_test] macro((0, 0)) ip(0 mram_addr(00000C27)) idx(0) write weight:3111, but recv weight: 1260945220
[2024-12-17 15:39:23] [ERROR] [capacity_test] macro((0, 0)) ip(0 mram_addr(00000C28)) idx(0) write weight:3112, but recv weight: 1258848068
[2024-12-17 15:39:23] [ERROR] [capacity_test] macro((0, 0)) ip(0 mram_addr(00000C29)) idx(0) write weight:3113, but recv weight: 1256750916
[2024-12-17 15:39:23] [ERROR] [capacity_test] macro((0, 0)) ip(0 mram_addr(00000C2A)) idx(0) write weight:3114, but recv weight: 1254653764
[2024-12-17 15:39:23] [ERROR] [capacity_test] macro((0, 0)) ip(0 mram_addr(00000C2B)) idx(0) write weight:3115, but recv weight: 1252556612
[2024-12-17 15:39:23] [ERROR] [capacity_test] macro((0, 0)) ip(0 mram_addr(00000C2C)) idx(0) write weight:3116, but recv weight: 1250459460
[2024-12-17 15:39:23] [ERROR] [capacity_test] macro((0, 0)) ip(0 mram_addr(00000C2D)) idx(0) write weight:3117, but recv weight: 1248362308
[2024-12-17 15:39:23] [ERROR] [capacity_test] macro((0, 0)) ip(0 mram_addr(00000C2E)) idx(0) write weight:3118, but recv weight: 1246265156
[2024-12-17 15:39:23] [ERROR] [capacity_test] macro((0, 0)) ip(0 mram_addr(00000C2F)) idx(0) write weight:3119, but recv weight: 1244168004
[2024-12-17 15:39:23] [ERROR] [capacity_test] macro((0, 0)) ip(0 mram_addr(00000C30)) idx(0) write weight:3120, but recv weight: 1242070852
[2024-12-17 15:39:23] [ERROR] [capacity_test] macro((0, 0)) ip(0 mram_addr(00000C31)) idx(0) write weight:3121, but recv weight: 1239973700
[2024-12-17 15:39:23] [ERROR] [capacity_test] macro((0, 0)) ip(0 mram_addr(00000C32)) idx(0) write weight:3122, but recv weight: 1237876548
[2024-12-17 15:39:23] [ERROR] [capacity_test] macro((0, 0)) ip(0 mram_addr(00000C33)) idx(0) write weight:3123, but recv weight: 1235779396
[2024-12-17 15:39:23] [ERROR] [capacity_test] macro((0, 0)) ip(0 mram_addr(00000C34)) idx(0) write weight:3124, but recv weight: 1233682244
[2024-12-17 15:39:23] [ERROR] [capacity_test] macro((0, 0)) ip(0 mram_addr(00000C35)) idx(0) write weight:3125, but recv weight: 1231585092
[2024-12-17 15:39:23] [ERROR] [capacity_test] macro((0, 0)) ip(0 mram_addr(00000C36)) idx(0) write weight:3126, but recv weight: 1229487940
[2024-12-17 15:39:23] [ERROR] [capacity_test] macro((0, 0)) ip(0 mram_addr(00000C37)) idx(0) write weight:3127, but recv weight: 1227390788
[2024-12-17 15:39:23] [ERROR] [capacity_test] macro((0, 0)) ip(0 mram_addr(00000C38)) idx(0) write weight:3128, but recv weight: 1225293636
[2024-12-17 15:39:23] [ERROR] [capacity_test] macro((0, 0)) ip(0 mram_addr(00000C39)) idx(0) write weight:3129, but recv weight: 1223196484
[2024-12-17 15:39:23] [ERROR] [capacity_test] macro((0, 0)) ip(0 mram_addr(00000C3A)) idx(0) write weight:3130, but recv weight: 1221099332
[2024-12-17 15:39:23] [ERROR] [capacity_test] macro((0, 0)) ip(0 mram_addr(00000C3B)) idx(0) write weight:3131, but recv weight: 1219002180
[2024-12-17 15:39:23] [ERROR] [capacity_test] macro((0, 0)) ip(0 mram_addr(00000C3C)) idx(0) write weight:3132, but recv weight: 1216905028
[2024-12-17 15:39:23] [ERROR] [capacity_test] macro((0, 0)) ip(0 mram_addr(00000C3D)) idx(0) write weight:3133, but recv weight: 1214807876
[2024-12-17 15:39:23] [ERROR] [capacity_test] macro((0, 0)) ip(0 mram_addr(00000C3E)) idx(0) write weight:3134, but recv weight: 1212710724
[2024-12-17 15:39:23] [ERROR] [capacity_test] macro((0, 0)) ip(0 mram_addr(00000C3F)) idx(0) write weight:3135, but recv weight: 1210613572
[2024-12-17 15:39:23] [ERROR] [capacity_test] macro((0, 0)) ip(0 mram_addr(00000C40)) idx(0) write weight:3136, but recv weight: 1208516420
[2024-12-17 15:39:23] [ERROR] [capacity_test] macro((0, 0)) ip(0 mram_addr(00000C41)) idx(0) write weight:3137, but recv weight: 1206419268
[2024-12-17 15:39:23] [ERROR] [capacity_test] macro((0, 0)) ip(0 mram_addr(00000C42)) idx(0) write weight:3138, but recv weight: 1204322116
[2024-12-17 15:39:23] [ERROR] [capacity_test] macro((0, 0)) ip(0 mram_addr(00000C43)) idx(0) write weight:3139, but recv weight: 0
[2024-12-17 15:39:23] [ERROR] [capacity_test] macro((0, 0)) ip(0 mram_addr(00000C44)) idx(0) write weight:3140, but recv weight: 1304985412
[2024-12-17 15:39:23] [ERROR] [capacity_test] macro((0, 0)) ip(0 mram_addr(00000C45)) idx(0) write weight:3141, but recv weight: 1304985412
[2024-12-17 15:39:23] [ERROR] [capacity_test] macro((0, 0)) ip(0 mram_addr(00000C46)) idx(0) write weight:3142, but recv weight: 1304985412
[2024-12-17 15:39:23] [ERROR] [capacity_test] macro((0, 0)) ip(0 mram_addr(00000C47)) idx(0) write weight:3143, but recv weight: 1304985412
[2024-12-17 15:39:23] [ERROR] [capacity_test] macro((0, 0)) ip(0 mram_addr(00000C48)) idx(0) write weight:3144, but recv weight: 1304985412
[2024-12-17 15:39:23] [ERROR] [capacity_test] macro((0, 0)) ip(0 mram_addr(00000C49)) idx(0) write weight:3145, but recv weight: 1304985412
[2024-12-17 15:39:23] [ERROR] [capacity_test] macro((0, 0)) ip(0 mram_addr(00000C4A)) idx(0) write weight:3146, but recv weight: 1304985412
[2024-12-17 15:39:23] [ERROR] [capacity_test] macro((0, 0)) ip(0 mram_addr(00000C4B)) idx(0) write weight:3147, but recv weight: 1304985412
[2024-12-17 15:39:23] [ERROR] [capacity_test] macro((0, 0)) ip(0 mram_addr(00000C4C)) idx(0) write weight:3148, but recv weight: 1304985412
[2024-12-17 15:39:23] [ERROR] [capacity_test] macro((0, 0)) ip(0 mram_addr(00000C4D)) idx(0) write weight:3149, but recv weight: 1304985412
[2024-12-17 15:39:23] [ERROR] [capacity_test] macro((0, 0)) ip(0 mram_addr(00000C4E)) idx(0) write weight:3150, but recv weight: 1304985412
[2024-12-17 15:39:23] [ERROR] [capacity_test] macro((0, 0)) ip(0 mram_addr(00000C4F)) idx(0) write weight:3151, but recv weight: 1304985412
[2024-12-17 15:39:23] [ERROR] [capacity_test] macro((0, 0)) ip(0 mram_addr(00000C50)) idx(0) write weight:3152, but recv weight: 1304985412
[2024-12-17 15:39:23] [ERROR] [capacity_test] macro((0, 0)) ip(0 mram_addr(00000C51)) idx(0) write weight:3153, but recv weight: 1304985412
[2024-12-17 15:39:23] [ERROR] [capacity_test] macro((0, 0)) ip(0 mram_addr(00000C52)) idx(0) write weight:3154, but recv weight: 1304985412
[2024-12-17 15:39:23] [ERROR] [capacity_test] macro((0, 0)) ip(0 mram_addr(00000C53)) idx(0) write weight:3155, but recv weight: 1303936836
[2024-12-17 15:39:23] [ERROR] [capacity_test] macro((0, 0)) ip(0 mram_addr(00000C54)) idx(0) write weight:3156, but recv weight: 1303936836
[2024-12-17 15:39:23] [ERROR] [capacity_test] macro((0, 0)) ip(0 mram_addr(00000C55)) idx(0) write weight:3157, but recv weight: 1303936836
[2024-12-17 15:39:23] [ERROR] [capacity_test] macro((0, 0)) ip(0 mram_addr(00000C56)) idx(0) write weight:3158, but recv weight: 1303936836
[2024-12-17 15:39:23] [ERROR] [capacity_test] macro((0, 0)) ip(0 mram_addr(00000C57)) idx(0) write weight:3159, but recv weight: 1303936836
[2024-12-17 15:39:23] [ERROR] [capacity_test] macro((0, 0)) ip(0 mram_addr(00000C58)) idx(0) write weight:3160, but recv weight: 1303936836
[2024-12-17 15:39:23] [ERROR] [capacity_test] macro((0, 0)) ip(0 mram_addr(00000C59)) idx(0) write weight:3161, but recv weight: 1303936836
[2024-12-17 15:39:23] [ERROR] [capacity_test] macro((0, 0)) ip(0 mram_addr(00000C5A)) idx(0) write weight:3162, but recv weight: 1303936836
[2024-12-17 15:39:23] [ERROR] [capacity_test] macro((0, 0)) ip(0 mram_addr(00000C5B)) idx(0) write weight:3163, but recv weight: 1303936836
[2024-12-17 15:39:23] [ERROR] [capacity_test] macro((0, 0)) ip(0 mram_addr(00000C5C)) idx(0) write weight:3164, but recv weight: 1303936836
[2024-12-17 15:39:23] [ERROR] [capacity_test] macro((0, 0)) ip(0 mram_addr(00000C5D)) idx(0) write weight:3165, but recv weight: 1303936836
[2024-12-17 15:39:23] [ERROR] [capacity_test] macro((0, 0)) ip(0 mram_addr(00000C5E)) idx(0) write weight:3166, but recv weight: 1303936836
[2024-12-17 15:39:23] [ERROR] [capacity_test] macro((0, 0)) ip(0 mram_addr(00000C5F)) idx(0) write weight:3167, but recv weight: 1303936836
[2024-12-17 15:39:23] [ERROR] [capacity_test] macro((0, 0)) ip(0 mram_addr(00000C60)) idx(0) write weight:3168, but recv weight: 1303936836
[2024-12-17 15:39:23] [ERROR] [capacity_test] macro((0, 0)) ip(0 mram_addr(00000C61)) idx(0) write weight:3169, but recv weight: 1302888260
[2024-12-17 15:39:23] [ERROR] [capacity_test] macro((0, 0)) ip(0 mram_addr(00000C62)) idx(0) write weight:3170, but recv weight: 1302888260
[2024-12-17 15:39:23] [ERROR] [capacity_test] macro((0, 0)) ip(0 mram_addr(00000C63)) idx(0) write weight:3171, but recv weight: 1301839684
[2024-12-17 15:39:23] [ERROR] [capacity_test] macro((0, 0)) ip(0 mram_addr(00000C64)) idx(0) write weight:3172, but recv weight: 1301839684
[2024-12-17 15:39:23] [ERROR] [capacity_test] macro((0, 0)) ip(0 mram_addr(00000C65)) idx(0) write weight:3173, but recv weight: 1300791108
[2024-12-17 15:39:23] [ERROR] [capacity_test] macro((0, 0)) ip(0 mram_addr(00000C66)) idx(0) write weight:3174, but recv weight: 1300791108
[2024-12-17 15:39:23] [ERROR] [capacity_test] macro((0, 0)) ip(0 mram_addr(00000C67)) idx(0) write weight:3175, but recv weight: 1299742532
[2024-12-17 15:39:23] [ERROR] [capacity_test] macro((0, 0)) ip(0 mram_addr(00000C68)) idx(0) write weight:3176, but recv weight: 1299742532
[2024-12-17 15:39:23] [ERROR] [capacity_test] macro((0, 0)) ip(0 mram_addr(00000C69)) idx(0) write weight:3177, but recv weight: 1298693956
[2024-12-17 15:39:23] [ERROR] [capacity_test] macro((0, 0)) ip(0 mram_addr(00000C6A)) idx(0) write weight:3178, but recv weight: 1298693956
[2024-12-17 15:39:23] [ERROR] [capacity_test] macro((0, 0)) ip(0 mram_addr(00000C6B)) idx(0) write weight:3179, but recv weight: 1297645380
[2024-12-17 15:39:23] [ERROR] [capacity_test] macro((0, 0)) ip(0 mram_addr(00000C6C)) idx(0) write weight:3180, but recv weight: 1297645380
[2024-12-17 15:39:23] [ERROR] [capacity_test] macro((0, 0)) ip(0 mram_addr(00000C6D)) idx(0) write weight:3181, but recv weight: 1296596804
[2024-12-17 15:39:23] [ERROR] [capacity_test] macro((0, 0)) ip(0 mram_addr(00000C6E)) idx(0) write weight:3182, but recv weight: 1296596804
[2024-12-17 15:39:23] [ERROR] [capacity_test] macro((0, 0)) ip(0 mram_addr(00000C6F)) idx(0) write weight:3183, but recv weight: 1295548228
[2024-12-17 15:39:23] [ERROR] [capacity_test] macro((0, 0)) ip(0 mram_addr(00000C70)) idx(0) write weight:3184, but recv weight: 1295548228
[2024-12-17 15:39:23] [ERROR] [capacity_test] macro((0, 0)) ip(0 mram_addr(00000C71)) idx(0) write weight:3185, but recv weight: 1294499652
[2024-12-17 15:39:23] [ERROR] [capacity_test] macro((0, 0)) ip(0 mram_addr(00000C72)) idx(0) write weight:3186, but recv weight: 1294499652
[2024-12-17 15:39:23] [ERROR] [capacity_test] macro((0, 0)) ip(0 mram_addr(00000C73)) idx(0) write weight:3187, but recv weight: 1293451076
[2024-12-17 15:39:23] [ERROR] [capacity_test] macro((0, 0)) ip(0 mram_addr(00000C74)) idx(0) write weight:3188, but recv weight: 1293451076
[2024-12-17 15:39:23] [ERROR] [capacity_test] macro((0, 0)) ip(0 mram_addr(00000C75)) idx(0) write weight:3189, but recv weight: 1292402500
[2024-12-17 15:39:23] [ERROR] [capacity_test] macro((0, 0)) ip(0 mram_addr(00000C76)) idx(0) write weight:3190, but recv weight: 1292402500
[2024-12-17 15:39:23] [ERROR] [capacity_test] macro((0, 0)) ip(0 mram_addr(00000C77)) idx(0) write weight:3191, but recv weight: 1291353924
[2024-12-17 15:39:23] [ERROR] [capacity_test] macro((0, 0)) ip(0 mram_addr(00000C78)) idx(0) write weight:3192, but recv weight: 1291353924
[2024-12-17 15:39:23] [ERROR] [capacity_test] macro((0, 0)) ip(0 mram_addr(00000C79)) idx(0) write weight:3193, but recv weight: 1290305348
[2024-12-17 15:39:23] [ERROR] [capacity_test] macro((0, 0)) ip(0 mram_addr(00000C7A)) idx(0) write weight:3194, but recv weight: 1290305348
[2024-12-17 15:39:23] [ERROR] [capacity_test] macro((0, 0)) ip(0 mram_addr(00000C7B)) idx(0) write weight:3195, but recv weight: 1289256772
[2024-12-17 15:39:23] [ERROR] [capacity_test] macro((0, 0)) ip(0 mram_addr(00000C7C)) idx(0) write weight:3196, but recv weight: 1289256772
[2024-12-17 15:39:23] [ERROR] [capacity_test] macro((0, 0)) ip(0 mram_addr(00000C7D)) idx(0) write weight:3197, but recv weight: 1288208196
[2024-12-17 15:39:23] [ERROR] [capacity_test] macro((0, 0)) ip(0 mram_addr(00000C7E)) idx(0) write weight:3198, but recv weight: 1288208196
[2024-12-17 15:39:23] [ERROR] [capacity_test] macro((0, 0)) ip(0 mram_addr(00000C7F)) idx(0) write weight:3199, but recv weight: 1287159620
[2024-12-17 15:39:23] [ERROR] [capacity_test] macro((0, 0)) ip(0 mram_addr(00000C80)) idx(0) write weight:3200, but recv weight: 1287159620
[2024-12-17 15:39:23] [ERROR] [capacity_test] macro((0, 0)) ip(0 mram_addr(00000C81)) idx(0) write weight:3201, but recv weight: 1286111044
[2024-12-17 15:39:23] [ERROR] [capacity_test] macro((0, 0)) ip(0 mram_addr(00000C82)) idx(0) write weight:3202, but recv weight: 1286111044
[2024-12-17 15:39:23] [ERROR] [capacity_test] macro((0, 0)) ip(0 mram_addr(00000C83)) idx(0) write weight:3203, but recv weight: 1285062468
[2024-12-17 15:39:23] [ERROR] [capacity_test] macro((0, 0)) ip(0 mram_addr(00000C84)) idx(0) write weight:3204, but recv weight: 1285062468
[2024-12-17 15:39:23] [ERROR] [capacity_test] macro((0, 0)) ip(0 mram_addr(00000C85)) idx(0) write weight:3205, but recv weight: 1284013892
[2024-12-17 15:39:23] [ERROR] [capacity_test] macro((0, 0)) ip(0 mram_addr(00000C86)) idx(0) write weight:3206, but recv weight: 1284013892
[2024-12-17 15:39:23] [ERROR] [capacity_test] macro((0, 0)) ip(0 mram_addr(00000C87)) idx(0) write weight:3207, but recv weight: 1282965316
[2024-12-17 15:39:23] [ERROR] [capacity_test] macro((0, 0)) ip(0 mram_addr(00000C88)) idx(0) write weight:3208, but recv weight: 1282965316
[2024-12-17 15:39:23] [ERROR] [capacity_test] macro((0, 0)) ip(0 mram_addr(00000C89)) idx(0) write weight:3209, but recv weight: 1281916740
[2024-12-17 15:39:23] [ERROR] [capacity_test] macro((0, 0)) ip(0 mram_addr(00000C8A)) idx(0) write weight:3210, but recv weight: 1281916740
[2024-12-17 15:39:23] [ERROR] [capacity_test] macro((0, 0)) ip(0 mram_addr(00000C8B)) idx(0) write weight:3211, but recv weight: 1280868164
[2024-12-17 15:39:23] [ERROR] [capacity_test] macro((0, 0)) ip(0 mram_addr(00000C8C)) idx(0) write weight:3212, but recv weight: 1280868164
[2024-12-17 15:39:23] [ERROR] [capacity_test] macro((0, 0)) ip(0 mram_addr(00000C8D)) idx(0) write weight:3213, but recv weight: 1279819588
[2024-12-17 15:39:23] [ERROR] [capacity_test] macro((0, 0)) ip(0 mram_addr(00000C8E)) idx(0) write weight:3214, but recv weight: 1279819588
[2024-12-17 15:39:23] [ERROR] [capacity_test] macro((0, 0)) ip(0 mram_addr(00000C8F)) idx(0) write weight:3215, but recv weight: 1278771012
[2024-12-17 15:39:23] [ERROR] [capacity_test] macro((0, 0)) ip(0 mram_addr(00000C90)) idx(0) write weight:3216, but recv weight: 1278771012
[2024-12-17 15:39:23] [ERROR] [capacity_test] macro((0, 0)) ip(0 mram_addr(00000C91)) idx(0) write weight:3217, but recv weight: 1277722436
[2024-12-17 15:39:23] [ERROR] [capacity_test] macro((0, 0)) ip(0 mram_addr(00000C92)) idx(0) write weight:3218, but recv weight: 1277722436
[2024-12-17 15:39:23] [ERROR] [capacity_test] macro((0, 0)) ip(0 mram_addr(00000C93)) idx(0) write weight:3219, but recv weight: 1276673860
[2024-12-17 15:39:23] [ERROR] [capacity_test] macro((0, 0)) ip(0 mram_addr(00000C94)) idx(0) write weight:3220, but recv weight: 1276673860
[2024-12-17 15:39:23] [ERROR] [capacity_test] macro((0, 0)) ip(0 mram_addr(00000C95)) idx(0) write weight:3221, but recv weight: 1275625284
[2024-12-17 15:39:23] [ERROR] [capacity_test] macro((0, 0)) ip(0 mram_addr(00000C96)) idx(0) write weight:3222, but recv weight: 1275625284
[2024-12-17 15:39:23] [ERROR] [capacity_test] macro((0, 0)) ip(0 mram_addr(00000C97)) idx(0) write weight:3223, but recv weight: 1274576708
[2024-12-17 15:39:23] [ERROR] [capacity_test] macro((0, 0)) ip(0 mram_addr(00000C98)) idx(0) write weight:3224, but recv weight: 1274576708
[2024-12-17 15:39:23] [ERROR] [capacity_test] macro((0, 0)) ip(0 mram_addr(00000C99)) idx(0) write weight:3225, but recv weight: 1273528132
[2024-12-17 15:39:23] [ERROR] [capacity_test] macro((0, 0)) ip(0 mram_addr(00000C9A)) idx(0) write weight:3226, but recv weight: 1273528132
[2024-12-17 15:39:23] [ERROR] [capacity_test] macro((0, 0)) ip(0 mram_addr(00000C9B)) idx(0) write weight:3227, but recv weight: 1272479556
[2024-12-17 15:39:23] [ERROR] [capacity_test] macro((0, 0)) ip(0 mram_addr(00000C9C)) idx(0) write weight:3228, but recv weight: 1272479556
[2024-12-17 15:39:23] [ERROR] [capacity_test] macro((0, 0)) ip(0 mram_addr(00000C9D)) idx(0) write weight:3229, but recv weight: 1271430980
[2024-12-17 15:39:23] [ERROR] [capacity_test] macro((0, 0)) ip(0 mram_addr(00000C9E)) idx(0) write weight:3230, but recv weight: 1271430980
[2024-12-17 15:39:23] [ERROR] [capacity_test] macro((0, 0)) ip(0 mram_addr(00000C9F)) idx(0) write weight:3231, but recv weight: 1270382404
[2024-12-17 15:39:23] [ERROR] [capacity_test] macro((0, 0)) ip(0 mram_addr(00000CA0)) idx(0) write weight:3232, but recv weight: 1270382404
[2024-12-17 15:39:23] [ERROR] [capacity_test] macro((0, 0)) ip(0 mram_addr(00000CA1)) idx(0) write weight:3233, but recv weight: 1269333828
[2024-12-17 15:39:23] [ERROR] [capacity_test] macro((0, 0)) ip(0 mram_addr(00000CA2)) idx(0) write weight:3234, but recv weight: 1269333828
[2024-12-17 15:39:23] [ERROR] [capacity_test] macro((0, 0)) ip(0 mram_addr(00000CA3)) idx(0) write weight:3235, but recv weight: 1268285252
[2024-12-17 15:39:23] [ERROR] [capacity_test] macro((0, 0)) ip(0 mram_addr(00000CA4)) idx(0) write weight:3236, but recv weight: 1266188100
[2024-12-17 15:39:23] [ERROR] [capacity_test] macro((0, 0)) ip(0 mram_addr(00000CA5)) idx(0) write weight:3237, but recv weight: 1264090948
[2024-12-17 15:39:23] [ERROR] [capacity_test] macro((0, 0)) ip(0 mram_addr(00000CA6)) idx(0) write weight:3238, but recv weight: 1261993796
[2024-12-17 15:39:23] [ERROR] [capacity_test] macro((0, 0)) ip(0 mram_addr(00000CA7)) idx(0) write weight:3239, but recv weight: 1259896644
[2024-12-17 15:39:23] [ERROR] [capacity_test] macro((0, 0)) ip(0 mram_addr(00000CA8)) idx(0) write weight:3240, but recv weight: 1257799492
[2024-12-17 15:39:23] [ERROR] [capacity_test] macro((0, 0)) ip(0 mram_addr(00000CA9)) idx(0) write weight:3241, but recv weight: 1255702340
[2024-12-17 15:39:23] [ERROR] [capacity_test] macro((0, 0)) ip(0 mram_addr(00000CAA)) idx(0) write weight:3242, but recv weight: 1253605188
[2024-12-17 15:39:23] [ERROR] [capacity_test] macro((0, 0)) ip(0 mram_addr(00000CAB)) idx(0) write weight:3243, but recv weight: 1251508036
[2024-12-17 15:39:23] [ERROR] [capacity_test] macro((0, 0)) ip(0 mram_addr(00000CAC)) idx(0) write weight:3244, but recv weight: 1249410884
[2024-12-17 15:39:23] [ERROR] [capacity_test] macro((0, 0)) ip(0 mram_addr(00000CAD)) idx(0) write weight:3245, but recv weight: 1247313732
[2024-12-17 15:39:23] [ERROR] [capacity_test] macro((0, 0)) ip(0 mram_addr(00000CAE)) idx(0) write weight:3246, but recv weight: 1245216580
[2024-12-17 15:39:23] [ERROR] [capacity_test] macro((0, 0)) ip(0 mram_addr(00000CAF)) idx(0) write weight:3247, but recv weight: 1243119428
[2024-12-17 15:39:23] [ERROR] [capacity_test] macro((0, 0)) ip(0 mram_addr(00000CB0)) idx(0) write weight:3248, but recv weight: 1241022276
[2024-12-17 15:39:23] [ERROR] [capacity_test] macro((0, 0)) ip(0 mram_addr(00000CB1)) idx(0) write weight:3249, but recv weight: 1238925124
[2024-12-17 15:39:23] [ERROR] [capacity_test] macro((0, 0)) ip(0 mram_addr(00000CB2)) idx(0) write weight:3250, but recv weight: 1236827972
[2024-12-17 15:39:23] [ERROR] [capacity_test] macro((0, 0)) ip(0 mram_addr(00000CB3)) idx(0) write weight:3251, but recv weight: 1234730820
[2024-12-17 15:39:23] [ERROR] [capacity_test] macro((0, 0)) ip(0 mram_addr(00000CB4)) idx(0) write weight:3252, but recv weight: 1232633668
[2024-12-17 15:39:23] [ERROR] [capacity_test] macro((0, 0)) ip(0 mram_addr(00000CB5)) idx(0) write weight:3253, but recv weight: 1230536516
[2024-12-17 15:39:23] [ERROR] [capacity_test] macro((0, 0)) ip(0 mram_addr(00000CB6)) idx(0) write weight:3254, but recv weight: 1228439364
[2024-12-17 15:39:23] [ERROR] [capacity_test] macro((0, 0)) ip(0 mram_addr(00000CB7)) idx(0) write weight:3255, but recv weight: 1226342212
[2024-12-17 15:39:23] [ERROR] [capacity_test] macro((0, 0)) ip(0 mram_addr(00000CB8)) idx(0) write weight:3256, but recv weight: 1224245060
[2024-12-17 15:39:23] [ERROR] [capacity_test] macro((0, 0)) ip(0 mram_addr(00000CB9)) idx(0) write weight:3257, but recv weight: 1222147908
[2024-12-17 15:39:23] [ERROR] [capacity_test] macro((0, 0)) ip(0 mram_addr(00000CBA)) idx(0) write weight:3258, but recv weight: 1220050756
[2024-12-17 15:39:23] [ERROR] [capacity_test] macro((0, 0)) ip(0 mram_addr(00000CBB)) idx(0) write weight:3259, but recv weight: 1217953604
[2024-12-17 15:39:23] [ERROR] [capacity_test] macro((0, 0)) ip(0 mram_addr(00000CBC)) idx(0) write weight:3260, but recv weight: 1215856452
[2024-12-17 15:39:23] [ERROR] [capacity_test] macro((0, 0)) ip(0 mram_addr(00000CBD)) idx(0) write weight:3261, but recv weight: 1213759300
[2024-12-17 15:39:23] [ERROR] [capacity_test] macro((0, 0)) ip(0 mram_addr(00000CBE)) idx(0) write weight:3262, but recv weight: 1211662148
[2024-12-17 15:39:23] [ERROR] [capacity_test] macro((0, 0)) ip(0 mram_addr(00000CBF)) idx(0) write weight:3263, but recv weight: 1306033988
[2024-12-17 15:39:23] [ERROR] [capacity_test] macro((0, 0)) ip(0 mram_addr(00000CC0)) idx(0) write weight:3264, but recv weight: 1306033988
[2024-12-17 15:39:23] [ERROR] [capacity_test] macro((0, 0)) ip(0 mram_addr(00000CC1)) idx(0) write weight:3265, but recv weight: 1306033988
[2024-12-17 15:39:23] [ERROR] [capacity_test] macro((0, 0)) ip(0 mram_addr(00000CC2)) idx(0) write weight:3266, but recv weight: 1306033988
[2024-12-17 15:39:23] [ERROR] [capacity_test] macro((0, 0)) ip(0 mram_addr(00000CC3)) idx(0) write weight:3267, but recv weight: 1306033988
[2024-12-17 15:39:23] [ERROR] [capacity_test] macro((0, 0)) ip(0 mram_addr(00000CC4)) idx(0) write weight:3268, but recv weight: 1304985412
[2024-12-17 15:39:23] [ERROR] [capacity_test] macro((0, 0)) ip(0 mram_addr(00000CC5)) idx(0) write weight:3269, but recv weight: 1304985412
[2024-12-17 15:39:23] [ERROR] [capacity_test] macro((0, 0)) ip(0 mram_addr(00000CC6)) idx(0) write weight:3270, but recv weight: 1304985412
[2024-12-17 15:39:23] [ERROR] [capacity_test] macro((0, 0)) ip(0 mram_addr(00000CC7)) idx(0) write weight:3271, but recv weight: 1304985412
[2024-12-17 15:39:23] [ERROR] [capacity_test] macro((0, 0)) ip(0 mram_addr(00000CC8)) idx(0) write weight:3272, but recv weight: 1304985412
[2024-12-17 15:39:23] [ERROR] [capacity_test] macro((0, 0)) ip(0 mram_addr(00000CC9)) idx(0) write weight:3273, but recv weight: 1304985412
[2024-12-17 15:39:23] [ERROR] [capacity_test] macro((0, 0)) ip(0 mram_addr(00000CCA)) idx(0) write weight:3274, but recv weight: 1304985412
[2024-12-17 15:39:23] [ERROR] [capacity_test] macro((0, 0)) ip(0 mram_addr(00000CCB)) idx(0) write weight:3275, but recv weight: 1304985412
[2024-12-17 15:39:23] [ERROR] [capacity_test] macro((0, 0)) ip(0 mram_addr(00000CCC)) idx(0) write weight:3276, but recv weight: 1304985412
[2024-12-17 15:39:23] [ERROR] [capacity_test] macro((0, 0)) ip(0 mram_addr(00000CCD)) idx(0) write weight:3277, but recv weight: 1304985412
[2024-12-17 15:39:23] [ERROR] [capacity_test] macro((0, 0)) ip(0 mram_addr(00000CCE)) idx(0) write weight:3278, but recv weight: 1304985412
[2024-12-17 15:39:23] [ERROR] [capacity_test] macro((0, 0)) ip(0 mram_addr(00000CCF)) idx(0) write weight:3279, but recv weight: 1304985412
[2024-12-17 15:39:23] [ERROR] [capacity_test] macro((0, 0)) ip(0 mram_addr(00000CD0)) idx(0) write weight:3280, but recv weight: 1304985412
[2024-12-17 15:39:23] [ERROR] [capacity_test] macro((0, 0)) ip(0 mram_addr(00000CD1)) idx(0) write weight:3281, but recv weight: 1304985412
[2024-12-17 15:39:23] [ERROR] [capacity_test] macro((0, 0)) ip(0 mram_addr(00000CD2)) idx(0) write weight:3282, but recv weight: 1304985412
[2024-12-17 15:39:23] [ERROR] [capacity_test] macro((0, 0)) ip(0 mram_addr(00000CD3)) idx(0) write weight:3283, but recv weight: 1304985412
[2024-12-17 15:39:23] [ERROR] [capacity_test] macro((0, 0)) ip(0 mram_addr(00000CD4)) idx(0) write weight:3284, but recv weight: 1303936836
[2024-12-17 15:39:23] [ERROR] [capacity_test] macro((0, 0)) ip(0 mram_addr(00000CD5)) idx(0) write weight:3285, but recv weight: 1303936836
[2024-12-17 15:39:23] [ERROR] [capacity_test] macro((0, 0)) ip(0 mram_addr(00000CD6)) idx(0) write weight:3286, but recv weight: 1303936836
[2024-12-17 15:39:23] [ERROR] [capacity_test] macro((0, 0)) ip(0 mram_addr(00000CD7)) idx(0) write weight:3287, but recv weight: 1303936836
[2024-12-17 15:39:23] [ERROR] [capacity_test] macro((0, 0)) ip(0 mram_addr(00000CD8)) idx(0) write weight:3288, but recv weight: 1303936836
[2024-12-17 15:39:23] [ERROR] [capacity_test] macro((0, 0)) ip(0 mram_addr(00000CD9)) idx(0) write weight:3289, but recv weight: 1303936836
[2024-12-17 15:39:23] [ERROR] [capacity_test] macro((0, 0)) ip(0 mram_addr(00000CDA)) idx(0) write weight:3290, but recv weight: 1303936836
[2024-12-17 15:39:23] [ERROR] [capacity_test] macro((0, 0)) ip(0 mram_addr(00000CDB)) idx(0) write weight:3291, but recv weight: 1303936836
[2024-12-17 15:39:23] [ERROR] [capacity_test] macro((0, 0)) ip(0 mram_addr(00000CDC)) idx(0) write weight:3292, but recv weight: 1303936836
[2024-12-17 15:39:23] [ERROR] [capacity_test] macro((0, 0)) ip(0 mram_addr(00000CDD)) idx(0) write weight:3293, but recv weight: 1303936836
[2024-12-17 15:39:23] [ERROR] [capacity_test] macro((0, 0)) ip(0 mram_addr(00000CDE)) idx(0) write weight:3294, but recv weight: 1303936836
[2024-12-17 15:39:23] [ERROR] [capacity_test] macro((0, 0)) ip(0 mram_addr(00000CDF)) idx(0) write weight:3295, but recv weight: 1303936836
[2024-12-17 15:39:23] [ERROR] [capacity_test] macro((0, 0)) ip(0 mram_addr(00000CE0)) idx(0) write weight:3296, but recv weight: 1303936836
[2024-12-17 15:39:23] [ERROR] [capacity_test] macro((0, 0)) ip(0 mram_addr(00000CE1)) idx(0) write weight:3297, but recv weight: 1303936836
[2024-12-17 15:39:23] [ERROR] [capacity_test] macro((0, 0)) ip(0 mram_addr(00000CE2)) idx(0) write weight:3298, but recv weight: 1302888260
[2024-12-17 15:39:23] [ERROR] [capacity_test] macro((0, 0)) ip(0 mram_addr(00000CE3)) idx(0) write weight:3299, but recv weight: 1302888260
[2024-12-17 15:39:23] [ERROR] [capacity_test] macro((0, 0)) ip(0 mram_addr(00000CE4)) idx(0) write weight:3300, but recv weight: 1301839684
[2024-12-17 15:39:23] [ERROR] [capacity_test] macro((0, 0)) ip(0 mram_addr(00000CE5)) idx(0) write weight:3301, but recv weight: 1301839684
[2024-12-17 15:39:23] [ERROR] [capacity_test] macro((0, 0)) ip(0 mram_addr(00000CE6)) idx(0) write weight:3302, but recv weight: 1300791108
[2024-12-17 15:39:23] [ERROR] [capacity_test] macro((0, 0)) ip(0 mram_addr(00000CE7)) idx(0) write weight:3303, but recv weight: 1300791108
[2024-12-17 15:39:23] [ERROR] [capacity_test] macro((0, 0)) ip(0 mram_addr(00000CE8)) idx(0) write weight:3304, but recv weight: 1299742532
[2024-12-17 15:39:23] [ERROR] [capacity_test] macro((0, 0)) ip(0 mram_addr(00000CE9)) idx(0) write weight:3305, but recv weight: 1299742532
[2024-12-17 15:39:23] [ERROR] [capacity_test] macro((0, 0)) ip(0 mram_addr(00000CEA)) idx(0) write weight:3306, but recv weight: 1298693956
[2024-12-17 15:39:23] [ERROR] [capacity_test] macro((0, 0)) ip(0 mram_addr(00000CEB)) idx(0) write weight:3307, but recv weight: 1298693956
[2024-12-17 15:39:23] [ERROR] [capacity_test] macro((0, 0)) ip(0 mram_addr(00000CEC)) idx(0) write weight:3308, but recv weight: 1297645380
[2024-12-17 15:39:23] [ERROR] [capacity_test] macro((0, 0)) ip(0 mram_addr(00000CED)) idx(0) write weight:3309, but recv weight: 1297645380
[2024-12-17 15:39:23] [ERROR] [capacity_test] macro((0, 0)) ip(0 mram_addr(00000CEE)) idx(0) write weight:3310, but recv weight: 1296596804
[2024-12-17 15:39:23] [ERROR] [capacity_test] macro((0, 0)) ip(0 mram_addr(00000CEF)) idx(0) write weight:3311, but recv weight: 1296596804
[2024-12-17 15:39:23] [ERROR] [capacity_test] macro((0, 0)) ip(0 mram_addr(00000CF0)) idx(0) write weight:3312, but recv weight: 1295548228
[2024-12-17 15:39:23] [ERROR] [capacity_test] macro((0, 0)) ip(0 mram_addr(00000CF1)) idx(0) write weight:3313, but recv weight: 1295548228
[2024-12-17 15:39:23] [ERROR] [capacity_test] macro((0, 0)) ip(0 mram_addr(00000CF2)) idx(0) write weight:3314, but recv weight: 1294499652
[2024-12-17 15:39:23] [ERROR] [capacity_test] macro((0, 0)) ip(0 mram_addr(00000CF3)) idx(0) write weight:3315, but recv weight: 1294499652
[2024-12-17 15:39:23] [ERROR] [capacity_test] macro((0, 0)) ip(0 mram_addr(00000CF4)) idx(0) write weight:3316, but recv weight: 1293451076
[2024-12-17 15:39:23] [ERROR] [capacity_test] macro((0, 0)) ip(0 mram_addr(00000CF5)) idx(0) write weight:3317, but recv weight: 1293451076
[2024-12-17 15:39:23] [ERROR] [capacity_test] macro((0, 0)) ip(0 mram_addr(00000CF6)) idx(0) write weight:3318, but recv weight: 1292402500
[2024-12-17 15:39:23] [ERROR] [capacity_test] macro((0, 0)) ip(0 mram_addr(00000CF7)) idx(0) write weight:3319, but recv weight: 1292402500
[2024-12-17 15:39:23] [ERROR] [capacity_test] macro((0, 0)) ip(0 mram_addr(00000CF8)) idx(0) write weight:3320, but recv weight: 1291353924
[2024-12-17 15:39:23] [ERROR] [capacity_test] macro((0, 0)) ip(0 mram_addr(00000CF9)) idx(0) write weight:3321, but recv weight: 1291353924
[2024-12-17 15:39:23] [ERROR] [capacity_test] macro((0, 0)) ip(0 mram_addr(00000CFA)) idx(0) write weight:3322, but recv weight: 1290305348
[2024-12-17 15:39:23] [ERROR] [capacity_test] macro((0, 0)) ip(0 mram_addr(00000CFB)) idx(0) write weight:3323, but recv weight: 1290305348
[2024-12-17 15:39:23] [ERROR] [capacity_test] macro((0, 0)) ip(0 mram_addr(00000CFC)) idx(0) write weight:3324, but recv weight: 1289256772
[2024-12-17 15:39:23] [ERROR] [capacity_test] macro((0, 0)) ip(0 mram_addr(00000CFD)) idx(0) write weight:3325, but recv weight: 1289256772
[2024-12-17 15:39:23] [ERROR] [capacity_test] macro((0, 0)) ip(0 mram_addr(00000CFE)) idx(0) write weight:3326, but recv weight: 1288208196
[2024-12-17 15:39:23] [ERROR] [capacity_test] macro((0, 0)) ip(0 mram_addr(00000CFF)) idx(0) write weight:3327, but recv weight: 1288208196
[2024-12-17 15:39:23] [ERROR] [capacity_test] macro((0, 0)) ip(0 mram_addr(00000D00)) idx(0) write weight:3328, but recv weight: 1287159620
[2024-12-17 15:39:23] [ERROR] [capacity_test] macro((0, 0)) ip(0 mram_addr(00000D01)) idx(0) write weight:3329, but recv weight: 1287159620
[2024-12-17 15:39:23] [ERROR] [capacity_test] macro((0, 0)) ip(0 mram_addr(00000D02)) idx(0) write weight:3330, but recv weight: 1286111044
[2024-12-17 15:39:23] [ERROR] [capacity_test] macro((0, 0)) ip(0 mram_addr(00000D03)) idx(0) write weight:3331, but recv weight: 1286111044
[2024-12-17 15:39:23] [ERROR] [capacity_test] macro((0, 0)) ip(0 mram_addr(00000D04)) idx(0) write weight:3332, but recv weight: 1285062468
[2024-12-17 15:39:23] [ERROR] [capacity_test] macro((0, 0)) ip(0 mram_addr(00000D05)) idx(0) write weight:3333, but recv weight: 1285062468
[2024-12-17 15:39:23] [ERROR] [capacity_test] macro((0, 0)) ip(0 mram_addr(00000D06)) idx(0) write weight:3334, but recv weight: 1284013892
[2024-12-17 15:39:23] [ERROR] [capacity_test] macro((0, 0)) ip(0 mram_addr(00000D07)) idx(0) write weight:3335, but recv weight: 1284013892
[2024-12-17 15:39:23] [ERROR] [capacity_test] macro((0, 0)) ip(0 mram_addr(00000D08)) idx(0) write weight:3336, but recv weight: 1282965316
[2024-12-17 15:39:23] [ERROR] [capacity_test] macro((0, 0)) ip(0 mram_addr(00000D09)) idx(0) write weight:3337, but recv weight: 1282965316
[2024-12-17 15:39:23] [ERROR] [capacity_test] macro((0, 0)) ip(0 mram_addr(00000D0A)) idx(0) write weight:3338, but recv weight: 1281916740
[2024-12-17 15:39:23] [ERROR] [capacity_test] macro((0, 0)) ip(0 mram_addr(00000D0B)) idx(0) write weight:3339, but recv weight: 1281916740
[2024-12-17 15:39:23] [ERROR] [capacity_test] macro((0, 0)) ip(0 mram_addr(00000D0C)) idx(0) write weight:3340, but recv weight: 1280868164
[2024-12-17 15:39:23] [ERROR] [capacity_test] macro((0, 0)) ip(0 mram_addr(00000D0D)) idx(0) write weight:3341, but recv weight: 1280868164
[2024-12-17 15:39:23] [ERROR] [capacity_test] macro((0, 0)) ip(0 mram_addr(00000D0E)) idx(0) write weight:3342, but recv weight: 1279819588
[2024-12-17 15:39:23] [ERROR] [capacity_test] macro((0, 0)) ip(0 mram_addr(00000D0F)) idx(0) write weight:3343, but recv weight: 1279819588
[2024-12-17 15:39:23] [ERROR] [capacity_test] macro((0, 0)) ip(0 mram_addr(00000D10)) idx(0) write weight:3344, but recv weight: 1278771012
[2024-12-17 15:39:23] [ERROR] [capacity_test] macro((0, 0)) ip(0 mram_addr(00000D11)) idx(0) write weight:3345, but recv weight: 1278771012
[2024-12-17 15:39:23] [ERROR] [capacity_test] macro((0, 0)) ip(0 mram_addr(00000D12)) idx(0) write weight:3346, but recv weight: 1277722436
[2024-12-17 15:39:23] [ERROR] [capacity_test] macro((0, 0)) ip(0 mram_addr(00000D13)) idx(0) write weight:3347, but recv weight: 1277722436
[2024-12-17 15:39:23] [ERROR] [capacity_test] macro((0, 0)) ip(0 mram_addr(00000D14)) idx(0) write weight:3348, but recv weight: 1276673860
[2024-12-17 15:39:23] [ERROR] [capacity_test] macro((0, 0)) ip(0 mram_addr(00000D15)) idx(0) write weight:3349, but recv weight: 1276673860
[2024-12-17 15:39:23] [ERROR] [capacity_test] macro((0, 0)) ip(0 mram_addr(00000D16)) idx(0) write weight:3350, but recv weight: 1275625284
[2024-12-17 15:39:23] [ERROR] [capacity_test] macro((0, 0)) ip(0 mram_addr(00000D17)) idx(0) write weight:3351, but recv weight: 1275625284
[2024-12-17 15:39:23] [ERROR] [capacity_test] macro((0, 0)) ip(0 mram_addr(00000D18)) idx(0) write weight:3352, but recv weight: 1274576708
[2024-12-17 15:39:23] [ERROR] [capacity_test] macro((0, 0)) ip(0 mram_addr(00000D19)) idx(0) write weight:3353, but recv weight: 1274576708
[2024-12-17 15:39:23] [ERROR] [capacity_test] macro((0, 0)) ip(0 mram_addr(00000D1A)) idx(0) write weight:3354, but recv weight: 1273528132
[2024-12-17 15:39:23] [ERROR] [capacity_test] macro((0, 0)) ip(0 mram_addr(00000D1B)) idx(0) write weight:3355, but recv weight: 1273528132
[2024-12-17 15:39:23] [ERROR] [capacity_test] macro((0, 0)) ip(0 mram_addr(00000D1C)) idx(0) write weight:3356, but recv weight: 1272479556
[2024-12-17 15:39:23] [ERROR] [capacity_test] macro((0, 0)) ip(0 mram_addr(00000D1D)) idx(0) write weight:3357, but recv weight: 1272479556
[2024-12-17 15:39:23] [ERROR] [capacity_test] macro((0, 0)) ip(0 mram_addr(00000D1E)) idx(0) write weight:3358, but recv weight: 1271430980
[2024-12-17 15:39:23] [ERROR] [capacity_test] macro((0, 0)) ip(0 mram_addr(00000D1F)) idx(0) write weight:3359, but recv weight: 1271430980
[2024-12-17 15:39:23] [ERROR] [capacity_test] macro((0, 0)) ip(0 mram_addr(00000D20)) idx(0) write weight:3360, but recv weight: 1270382404
[2024-12-17 15:39:23] [ERROR] [capacity_test] macro((0, 0)) ip(0 mram_addr(00000D21)) idx(0) write weight:3361, but recv weight: 1270382404
[2024-12-17 15:39:23] [ERROR] [capacity_test] macro((0, 0)) ip(0 mram_addr(00000D22)) idx(0) write weight:3362, but recv weight: 1269333828
[2024-12-17 15:39:23] [ERROR] [capacity_test] macro((0, 0)) ip(0 mram_addr(00000D23)) idx(0) write weight:3363, but recv weight: 1269333828
[2024-12-17 15:39:23] [ERROR] [capacity_test] macro((0, 0)) ip(0 mram_addr(00000D24)) idx(0) write weight:3364, but recv weight: 1267236676
[2024-12-17 15:39:23] [ERROR] [capacity_test] macro((0, 0)) ip(0 mram_addr(00000D25)) idx(0) write weight:3365, but recv weight: 1265139524
[2024-12-17 15:39:23] [ERROR] [capacity_test] macro((0, 0)) ip(0 mram_addr(00000D26)) idx(0) write weight:3366, but recv weight: 1263042372
[2024-12-17 15:39:23] [ERROR] [capacity_test] macro((0, 0)) ip(0 mram_addr(00000D27)) idx(0) write weight:3367, but recv weight: 1260945220
[2024-12-17 15:39:23] [ERROR] [capacity_test] macro((0, 0)) ip(0 mram_addr(00000D28)) idx(0) write weight:3368, but recv weight: 1258848068
[2024-12-17 15:39:23] [ERROR] [capacity_test] macro((0, 0)) ip(0 mram_addr(00000D29)) idx(0) write weight:3369, but recv weight: 1256750916
[2024-12-17 15:39:23] [ERROR] [capacity_test] macro((0, 0)) ip(0 mram_addr(00000D2A)) idx(0) write weight:3370, but recv weight: 1254653764
[2024-12-17 15:39:23] [ERROR] [capacity_test] macro((0, 0)) ip(0 mram_addr(00000D2B)) idx(0) write weight:3371, but recv weight: 1252556612
[2024-12-17 15:39:23] [ERROR] [capacity_test] macro((0, 0)) ip(0 mram_addr(00000D2C)) idx(0) write weight:3372, but recv weight: 1250459460
[2024-12-17 15:39:23] [ERROR] [capacity_test] macro((0, 0)) ip(0 mram_addr(00000D2D)) idx(0) write weight:3373, but recv weight: 1248362308
[2024-12-17 15:39:23] [ERROR] [capacity_test] macro((0, 0)) ip(0 mram_addr(00000D2E)) idx(0) write weight:3374, but recv weight: 1246265156
[2024-12-17 15:39:23] [ERROR] [capacity_test] macro((0, 0)) ip(0 mram_addr(00000D2F)) idx(0) write weight:3375, but recv weight: 1244168004
[2024-12-17 15:39:23] [ERROR] [capacity_test] macro((0, 0)) ip(0 mram_addr(00000D30)) idx(0) write weight:3376, but recv weight: 1242070852
[2024-12-17 15:39:23] [ERROR] [capacity_test] macro((0, 0)) ip(0 mram_addr(00000D31)) idx(0) write weight:3377, but recv weight: 1239973700
[2024-12-17 15:39:23] [ERROR] [capacity_test] macro((0, 0)) ip(0 mram_addr(00000D32)) idx(0) write weight:3378, but recv weight: 1237876548
[2024-12-17 15:39:23] [ERROR] [capacity_test] macro((0, 0)) ip(0 mram_addr(00000D33)) idx(0) write weight:3379, but recv weight: 1235779396
[2024-12-17 15:39:23] [ERROR] [capacity_test] macro((0, 0)) ip(0 mram_addr(00000D34)) idx(0) write weight:3380, but recv weight: 1233682244
[2024-12-17 15:39:23] [ERROR] [capacity_test] macro((0, 0)) ip(0 mram_addr(00000D35)) idx(0) write weight:3381, but recv weight: 1231585092
[2024-12-17 15:39:23] [ERROR] [capacity_test] macro((0, 0)) ip(0 mram_addr(00000D36)) idx(0) write weight:3382, but recv weight: 1229487940
[2024-12-17 15:39:23] [ERROR] [capacity_test] macro((0, 0)) ip(0 mram_addr(00000D37)) idx(0) write weight:3383, but recv weight: 1227390788
[2024-12-17 15:39:23] [ERROR] [capacity_test] macro((0, 0)) ip(0 mram_addr(00000D38)) idx(0) write weight:3384, but recv weight: 1225293636
[2024-12-17 15:39:23] [ERROR] [capacity_test] macro((0, 0)) ip(0 mram_addr(00000D39)) idx(0) write weight:3385, but recv weight: 1223196484
[2024-12-17 15:39:23] [ERROR] [capacity_test] macro((0, 0)) ip(0 mram_addr(00000D3A)) idx(0) write weight:3386, but recv weight: 1221099332
[2024-12-17 15:39:23] [ERROR] [capacity_test] macro((0, 0)) ip(0 mram_addr(00000D3B)) idx(0) write weight:3387, but recv weight: 1219002180
[2024-12-17 15:39:23] [ERROR] [capacity_test] macro((0, 0)) ip(0 mram_addr(00000D3C)) idx(0) write weight:3388, but recv weight: 1216905028
[2024-12-17 15:39:23] [ERROR] [capacity_test] macro((0, 0)) ip(0 mram_addr(00000D3D)) idx(0) write weight:3389, but recv weight: 1214807876
[2024-12-17 15:39:23] [ERROR] [capacity_test] macro((0, 0)) ip(0 mram_addr(00000D3E)) idx(0) write weight:3390, but recv weight: 1212710724
[2024-12-17 15:39:23] [ERROR] [capacity_test] macro((0, 0)) ip(0 mram_addr(00000D3F)) idx(0) write weight:3391, but recv weight: 1210613572
[2024-12-17 15:39:23] [ERROR] [capacity_test] macro((0, 0)) ip(0 mram_addr(00000D40)) idx(0) write weight:3392, but recv weight: 1208516420
[2024-12-17 15:39:23] [ERROR] [capacity_test] macro((0, 0)) ip(0 mram_addr(00000D41)) idx(0) write weight:3393, but recv weight: 1206419268
[2024-12-17 15:39:23] [ERROR] [capacity_test] macro((0, 0)) ip(0 mram_addr(00000D42)) idx(0) write weight:3394, but recv weight: 1204322116
[2024-12-17 15:39:23] [ERROR] [capacity_test] macro((0, 0)) ip(0 mram_addr(00000D43)) idx(0) write weight:3395, but recv weight: 0
[2024-12-17 15:39:23] [ERROR] [capacity_test] macro((0, 0)) ip(0 mram_addr(00000D44)) idx(0) write weight:3396, but recv weight: 1304985412
[2024-12-17 15:39:23] [ERROR] [capacity_test] macro((0, 0)) ip(0 mram_addr(00000D45)) idx(0) write weight:3397, but recv weight: 1304985412
[2024-12-17 15:39:23] [ERROR] [capacity_test] macro((0, 0)) ip(0 mram_addr(00000D46)) idx(0) write weight:3398, but recv weight: 1304985412
[2024-12-17 15:39:23] [ERROR] [capacity_test] macro((0, 0)) ip(0 mram_addr(00000D47)) idx(0) write weight:3399, but recv weight: 1304985412
[2024-12-17 15:39:23] [ERROR] [capacity_test] macro((0, 0)) ip(0 mram_addr(00000D48)) idx(0) write weight:3400, but recv weight: 1304985412
[2024-12-17 15:39:23] [ERROR] [capacity_test] macro((0, 0)) ip(0 mram_addr(00000D49)) idx(0) write weight:3401, but recv weight: 1304985412
[2024-12-17 15:39:23] [ERROR] [capacity_test] macro((0, 0)) ip(0 mram_addr(00000D4A)) idx(0) write weight:3402, but recv weight: 1304985412
[2024-12-17 15:39:23] [ERROR] [capacity_test] macro((0, 0)) ip(0 mram_addr(00000D4B)) idx(0) write weight:3403, but recv weight: 1304985412
[2024-12-17 15:39:23] [ERROR] [capacity_test] macro((0, 0)) ip(0 mram_addr(00000D4C)) idx(0) write weight:3404, but recv weight: 1304985412
[2024-12-17 15:39:23] [ERROR] [capacity_test] macro((0, 0)) ip(0 mram_addr(00000D4D)) idx(0) write weight:3405, but recv weight: 1304985412
[2024-12-17 15:39:23] [ERROR] [capacity_test] macro((0, 0)) ip(0 mram_addr(00000D4E)) idx(0) write weight:3406, but recv weight: 1304985412
[2024-12-17 15:39:23] [ERROR] [capacity_test] macro((0, 0)) ip(0 mram_addr(00000D4F)) idx(0) write weight:3407, but recv weight: 1304985412
[2024-12-17 15:39:23] [ERROR] [capacity_test] macro((0, 0)) ip(0 mram_addr(00000D50)) idx(0) write weight:3408, but recv weight: 1304985412
[2024-12-17 15:39:23] [ERROR] [capacity_test] macro((0, 0)) ip(0 mram_addr(00000D51)) idx(0) write weight:3409, but recv weight: 1304985412
[2024-12-17 15:39:23] [ERROR] [capacity_test] macro((0, 0)) ip(0 mram_addr(00000D52)) idx(0) write weight:3410, but recv weight: 1304985412
[2024-12-17 15:39:23] [ERROR] [capacity_test] macro((0, 0)) ip(0 mram_addr(00000D53)) idx(0) write weight:3411, but recv weight: 1303936836
[2024-12-17 15:39:23] [ERROR] [capacity_test] macro((0, 0)) ip(0 mram_addr(00000D54)) idx(0) write weight:3412, but recv weight: 1303936836
[2024-12-17 15:39:23] [ERROR] [capacity_test] macro((0, 0)) ip(0 mram_addr(00000D55)) idx(0) write weight:3413, but recv weight: 1303936836
[2024-12-17 15:39:23] [ERROR] [capacity_test] macro((0, 0)) ip(0 mram_addr(00000D56)) idx(0) write weight:3414, but recv weight: 1303936836
[2024-12-17 15:39:23] [ERROR] [capacity_test] macro((0, 0)) ip(0 mram_addr(00000D57)) idx(0) write weight:3415, but recv weight: 1303936836
[2024-12-17 15:39:23] [ERROR] [capacity_test] macro((0, 0)) ip(0 mram_addr(00000D58)) idx(0) write weight:3416, but recv weight: 1303936836
[2024-12-17 15:39:23] [ERROR] [capacity_test] macro((0, 0)) ip(0 mram_addr(00000D59)) idx(0) write weight:3417, but recv weight: 1303936836
[2024-12-17 15:39:23] [ERROR] [capacity_test] macro((0, 0)) ip(0 mram_addr(00000D5A)) idx(0) write weight:3418, but recv weight: 1303936836
[2024-12-17 15:39:23] [ERROR] [capacity_test] macro((0, 0)) ip(0 mram_addr(00000D5B)) idx(0) write weight:3419, but recv weight: 1303936836
[2024-12-17 15:39:23] [ERROR] [capacity_test] macro((0, 0)) ip(0 mram_addr(00000D5C)) idx(0) write weight:3420, but recv weight: 1303936836
[2024-12-17 15:39:23] [ERROR] [capacity_test] macro((0, 0)) ip(0 mram_addr(00000D5D)) idx(0) write weight:3421, but recv weight: 1303936836
[2024-12-17 15:39:23] [ERROR] [capacity_test] macro((0, 0)) ip(0 mram_addr(00000D5E)) idx(0) write weight:3422, but recv weight: 1303936836
[2024-12-17 15:39:23] [ERROR] [capacity_test] macro((0, 0)) ip(0 mram_addr(00000D5F)) idx(0) write weight:3423, but recv weight: 1303936836
[2024-12-17 15:39:23] [ERROR] [capacity_test] macro((0, 0)) ip(0 mram_addr(00000D60)) idx(0) write weight:3424, but recv weight: 1303936836
[2024-12-17 15:39:23] [ERROR] [capacity_test] macro((0, 0)) ip(0 mram_addr(00000D61)) idx(0) write weight:3425, but recv weight: 1302888260
[2024-12-17 15:39:23] [ERROR] [capacity_test] macro((0, 0)) ip(0 mram_addr(00000D62)) idx(0) write weight:3426, but recv weight: 1302888260
[2024-12-17 15:39:23] [ERROR] [capacity_test] macro((0, 0)) ip(0 mram_addr(00000D63)) idx(0) write weight:3427, but recv weight: 1301839684
[2024-12-17 15:39:23] [ERROR] [capacity_test] macro((0, 0)) ip(0 mram_addr(00000D64)) idx(0) write weight:3428, but recv weight: 1301839684
[2024-12-17 15:39:23] [ERROR] [capacity_test] macro((0, 0)) ip(0 mram_addr(00000D65)) idx(0) write weight:3429, but recv weight: 1300791108
[2024-12-17 15:39:23] [ERROR] [capacity_test] macro((0, 0)) ip(0 mram_addr(00000D66)) idx(0) write weight:3430, but recv weight: 1300791108
[2024-12-17 15:39:23] [ERROR] [capacity_test] macro((0, 0)) ip(0 mram_addr(00000D67)) idx(0) write weight:3431, but recv weight: 1299742532
[2024-12-17 15:39:23] [ERROR] [capacity_test] macro((0, 0)) ip(0 mram_addr(00000D68)) idx(0) write weight:3432, but recv weight: 1299742532
[2024-12-17 15:39:23] [ERROR] [capacity_test] macro((0, 0)) ip(0 mram_addr(00000D69)) idx(0) write weight:3433, but recv weight: 1298693956
[2024-12-17 15:39:23] [ERROR] [capacity_test] macro((0, 0)) ip(0 mram_addr(00000D6A)) idx(0) write weight:3434, but recv weight: 1298693956
[2024-12-17 15:39:23] [ERROR] [capacity_test] macro((0, 0)) ip(0 mram_addr(00000D6B)) idx(0) write weight:3435, but recv weight: 1297645380
[2024-12-17 15:39:23] [ERROR] [capacity_test] macro((0, 0)) ip(0 mram_addr(00000D6C)) idx(0) write weight:3436, but recv weight: 1297645380
[2024-12-17 15:39:23] [ERROR] [capacity_test] macro((0, 0)) ip(0 mram_addr(00000D6D)) idx(0) write weight:3437, but recv weight: 1296596804
[2024-12-17 15:39:23] [ERROR] [capacity_test] macro((0, 0)) ip(0 mram_addr(00000D6E)) idx(0) write weight:3438, but recv weight: 1296596804
[2024-12-17 15:39:23] [ERROR] [capacity_test] macro((0, 0)) ip(0 mram_addr(00000D6F)) idx(0) write weight:3439, but recv weight: 1295548228
[2024-12-17 15:39:23] [ERROR] [capacity_test] macro((0, 0)) ip(0 mram_addr(00000D70)) idx(0) write weight:3440, but recv weight: 1295548228
[2024-12-17 15:39:23] [ERROR] [capacity_test] macro((0, 0)) ip(0 mram_addr(00000D71)) idx(0) write weight:3441, but recv weight: 1294499652
[2024-12-17 15:39:23] [ERROR] [capacity_test] macro((0, 0)) ip(0 mram_addr(00000D72)) idx(0) write weight:3442, but recv weight: 1294499652
[2024-12-17 15:39:23] [ERROR] [capacity_test] macro((0, 0)) ip(0 mram_addr(00000D73)) idx(0) write weight:3443, but recv weight: 1293451076
[2024-12-17 15:39:23] [ERROR] [capacity_test] macro((0, 0)) ip(0 mram_addr(00000D74)) idx(0) write weight:3444, but recv weight: 1293451076
[2024-12-17 15:39:23] [ERROR] [capacity_test] macro((0, 0)) ip(0 mram_addr(00000D75)) idx(0) write weight:3445, but recv weight: 1292402500
[2024-12-17 15:39:23] [ERROR] [capacity_test] macro((0, 0)) ip(0 mram_addr(00000D76)) idx(0) write weight:3446, but recv weight: 1292402500
[2024-12-17 15:39:23] [ERROR] [capacity_test] macro((0, 0)) ip(0 mram_addr(00000D77)) idx(0) write weight:3447, but recv weight: 1291353924
[2024-12-17 15:39:23] [ERROR] [capacity_test] macro((0, 0)) ip(0 mram_addr(00000D78)) idx(0) write weight:3448, but recv weight: 1291353924
[2024-12-17 15:39:23] [ERROR] [capacity_test] macro((0, 0)) ip(0 mram_addr(00000D79)) idx(0) write weight:3449, but recv weight: 1290305348
[2024-12-17 15:39:23] [ERROR] [capacity_test] macro((0, 0)) ip(0 mram_addr(00000D7A)) idx(0) write weight:3450, but recv weight: 1290305348
[2024-12-17 15:39:23] [ERROR] [capacity_test] macro((0, 0)) ip(0 mram_addr(00000D7B)) idx(0) write weight:3451, but recv weight: 1289256772
[2024-12-17 15:39:23] [ERROR] [capacity_test] macro((0, 0)) ip(0 mram_addr(00000D7C)) idx(0) write weight:3452, but recv weight: 1289256772
[2024-12-17 15:39:23] [ERROR] [capacity_test] macro((0, 0)) ip(0 mram_addr(00000D7D)) idx(0) write weight:3453, but recv weight: 1288208196
[2024-12-17 15:39:23] [ERROR] [capacity_test] macro((0, 0)) ip(0 mram_addr(00000D7E)) idx(0) write weight:3454, but recv weight: 1288208196
[2024-12-17 15:39:23] [ERROR] [capacity_test] macro((0, 0)) ip(0 mram_addr(00000D7F)) idx(0) write weight:3455, but recv weight: 1287159620
[2024-12-17 15:39:23] [ERROR] [capacity_test] macro((0, 0)) ip(0 mram_addr(00000D80)) idx(0) write weight:3456, but recv weight: 1287159620
[2024-12-17 15:39:23] [ERROR] [capacity_test] macro((0, 0)) ip(0 mram_addr(00000D81)) idx(0) write weight:3457, but recv weight: 1286111044
[2024-12-17 15:39:23] [ERROR] [capacity_test] macro((0, 0)) ip(0 mram_addr(00000D82)) idx(0) write weight:3458, but recv weight: 1286111044
[2024-12-17 15:39:23] [ERROR] [capacity_test] macro((0, 0)) ip(0 mram_addr(00000D83)) idx(0) write weight:3459, but recv weight: 1285062468
[2024-12-17 15:39:23] [ERROR] [capacity_test] macro((0, 0)) ip(0 mram_addr(00000D84)) idx(0) write weight:3460, but recv weight: 1285062468
[2024-12-17 15:39:23] [ERROR] [capacity_test] macro((0, 0)) ip(0 mram_addr(00000D85)) idx(0) write weight:3461, but recv weight: 1284013892
[2024-12-17 15:39:23] [ERROR] [capacity_test] macro((0, 0)) ip(0 mram_addr(00000D86)) idx(0) write weight:3462, but recv weight: 1284013892
[2024-12-17 15:39:23] [ERROR] [capacity_test] macro((0, 0)) ip(0 mram_addr(00000D87)) idx(0) write weight:3463, but recv weight: 1282965316
[2024-12-17 15:39:23] [ERROR] [capacity_test] macro((0, 0)) ip(0 mram_addr(00000D88)) idx(0) write weight:3464, but recv weight: 1282965316
[2024-12-17 15:39:23] [ERROR] [capacity_test] macro((0, 0)) ip(0 mram_addr(00000D89)) idx(0) write weight:3465, but recv weight: 1281916740
[2024-12-17 15:39:23] [ERROR] [capacity_test] macro((0, 0)) ip(0 mram_addr(00000D8A)) idx(0) write weight:3466, but recv weight: 1281916740
[2024-12-17 15:39:23] [ERROR] [capacity_test] macro((0, 0)) ip(0 mram_addr(00000D8B)) idx(0) write weight:3467, but recv weight: 1280868164
[2024-12-17 15:39:23] [ERROR] [capacity_test] macro((0, 0)) ip(0 mram_addr(00000D8C)) idx(0) write weight:3468, but recv weight: 1280868164
[2024-12-17 15:39:23] [ERROR] [capacity_test] macro((0, 0)) ip(0 mram_addr(00000D8D)) idx(0) write weight:3469, but recv weight: 1279819588
[2024-12-17 15:39:23] [ERROR] [capacity_test] macro((0, 0)) ip(0 mram_addr(00000D8E)) idx(0) write weight:3470, but recv weight: 1279819588
[2024-12-17 15:39:23] [ERROR] [capacity_test] macro((0, 0)) ip(0 mram_addr(00000D8F)) idx(0) write weight:3471, but recv weight: 1278771012
[2024-12-17 15:39:23] [ERROR] [capacity_test] macro((0, 0)) ip(0 mram_addr(00000D90)) idx(0) write weight:3472, but recv weight: 1278771012
[2024-12-17 15:39:23] [ERROR] [capacity_test] macro((0, 0)) ip(0 mram_addr(00000D91)) idx(0) write weight:3473, but recv weight: 1277722436
[2024-12-17 15:39:23] [ERROR] [capacity_test] macro((0, 0)) ip(0 mram_addr(00000D92)) idx(0) write weight:3474, but recv weight: 1277722436
[2024-12-17 15:39:23] [ERROR] [capacity_test] macro((0, 0)) ip(0 mram_addr(00000D93)) idx(0) write weight:3475, but recv weight: 1276673860
[2024-12-17 15:39:23] [ERROR] [capacity_test] macro((0, 0)) ip(0 mram_addr(00000D94)) idx(0) write weight:3476, but recv weight: 1276673860
[2024-12-17 15:39:23] [ERROR] [capacity_test] macro((0, 0)) ip(0 mram_addr(00000D95)) idx(0) write weight:3477, but recv weight: 1275625284
[2024-12-17 15:39:23] [ERROR] [capacity_test] macro((0, 0)) ip(0 mram_addr(00000D96)) idx(0) write weight:3478, but recv weight: 1275625284
[2024-12-17 15:39:23] [ERROR] [capacity_test] macro((0, 0)) ip(0 mram_addr(00000D97)) idx(0) write weight:3479, but recv weight: 1274576708
[2024-12-17 15:39:23] [ERROR] [capacity_test] macro((0, 0)) ip(0 mram_addr(00000D98)) idx(0) write weight:3480, but recv weight: 1274576708
[2024-12-17 15:39:23] [ERROR] [capacity_test] macro((0, 0)) ip(0 mram_addr(00000D99)) idx(0) write weight:3481, but recv weight: 1273528132
[2024-12-17 15:39:23] [ERROR] [capacity_test] macro((0, 0)) ip(0 mram_addr(00000D9A)) idx(0) write weight:3482, but recv weight: 1273528132
[2024-12-17 15:39:23] [ERROR] [capacity_test] macro((0, 0)) ip(0 mram_addr(00000D9B)) idx(0) write weight:3483, but recv weight: 1272479556
[2024-12-17 15:39:23] [ERROR] [capacity_test] macro((0, 0)) ip(0 mram_addr(00000D9C)) idx(0) write weight:3484, but recv weight: 1272479556
[2024-12-17 15:39:23] [ERROR] [capacity_test] macro((0, 0)) ip(0 mram_addr(00000D9D)) idx(0) write weight:3485, but recv weight: 1271430980
[2024-12-17 15:39:23] [ERROR] [capacity_test] macro((0, 0)) ip(0 mram_addr(00000D9E)) idx(0) write weight:3486, but recv weight: 1271430980
[2024-12-17 15:39:23] [ERROR] [capacity_test] macro((0, 0)) ip(0 mram_addr(00000D9F)) idx(0) write weight:3487, but recv weight: 1270382404
[2024-12-17 15:39:23] [ERROR] [capacity_test] macro((0, 0)) ip(0 mram_addr(00000DA0)) idx(0) write weight:3488, but recv weight: 1270382404
[2024-12-17 15:39:23] [ERROR] [capacity_test] macro((0, 0)) ip(0 mram_addr(00000DA1)) idx(0) write weight:3489, but recv weight: 1269333828
[2024-12-17 15:39:23] [ERROR] [capacity_test] macro((0, 0)) ip(0 mram_addr(00000DA2)) idx(0) write weight:3490, but recv weight: 1269333828
[2024-12-17 15:39:23] [ERROR] [capacity_test] macro((0, 0)) ip(0 mram_addr(00000DA3)) idx(0) write weight:3491, but recv weight: 1268285252
[2024-12-17 15:39:23] [ERROR] [capacity_test] macro((0, 0)) ip(0 mram_addr(00000DA4)) idx(0) write weight:3492, but recv weight: 1266188100
[2024-12-17 15:39:23] [ERROR] [capacity_test] macro((0, 0)) ip(0 mram_addr(00000DA5)) idx(0) write weight:3493, but recv weight: 1264090948
[2024-12-17 15:39:23] [ERROR] [capacity_test] macro((0, 0)) ip(0 mram_addr(00000DA6)) idx(0) write weight:3494, but recv weight: 1261993796
[2024-12-17 15:39:23] [ERROR] [capacity_test] macro((0, 0)) ip(0 mram_addr(00000DA7)) idx(0) write weight:3495, but recv weight: 1259896644
[2024-12-17 15:39:23] [ERROR] [capacity_test] macro((0, 0)) ip(0 mram_addr(00000DA8)) idx(0) write weight:3496, but recv weight: 1257799492
[2024-12-17 15:39:23] [ERROR] [capacity_test] macro((0, 0)) ip(0 mram_addr(00000DA9)) idx(0) write weight:3497, but recv weight: 1255702340
[2024-12-17 15:39:23] [ERROR] [capacity_test] macro((0, 0)) ip(0 mram_addr(00000DAA)) idx(0) write weight:3498, but recv weight: 1253605188
[2024-12-17 15:39:23] [ERROR] [capacity_test] macro((0, 0)) ip(0 mram_addr(00000DAB)) idx(0) write weight:3499, but recv weight: 1251508036
[2024-12-17 15:39:23] [ERROR] [capacity_test] macro((0, 0)) ip(0 mram_addr(00000DAC)) idx(0) write weight:3500, but recv weight: 1249410884
[2024-12-17 15:39:23] [ERROR] [capacity_test] macro((0, 0)) ip(0 mram_addr(00000DAD)) idx(0) write weight:3501, but recv weight: 1247313732
[2024-12-17 15:39:23] [ERROR] [capacity_test] macro((0, 0)) ip(0 mram_addr(00000DAE)) idx(0) write weight:3502, but recv weight: 1245216580
[2024-12-17 15:39:23] [ERROR] [capacity_test] macro((0, 0)) ip(0 mram_addr(00000DAF)) idx(0) write weight:3503, but recv weight: 1243119428
[2024-12-17 15:39:23] [ERROR] [capacity_test] macro((0, 0)) ip(0 mram_addr(00000DB0)) idx(0) write weight:3504, but recv weight: 1241022276
[2024-12-17 15:39:23] [ERROR] [capacity_test] macro((0, 0)) ip(0 mram_addr(00000DB1)) idx(0) write weight:3505, but recv weight: 1238925124
[2024-12-17 15:39:23] [ERROR] [capacity_test] macro((0, 0)) ip(0 mram_addr(00000DB2)) idx(0) write weight:3506, but recv weight: 1236827972
[2024-12-17 15:39:23] [ERROR] [capacity_test] macro((0, 0)) ip(0 mram_addr(00000DB3)) idx(0) write weight:3507, but recv weight: 1234730820
[2024-12-17 15:39:23] [ERROR] [capacity_test] macro((0, 0)) ip(0 mram_addr(00000DB4)) idx(0) write weight:3508, but recv weight: 1232633668
[2024-12-17 15:39:23] [ERROR] [capacity_test] macro((0, 0)) ip(0 mram_addr(00000DB5)) idx(0) write weight:3509, but recv weight: 1230536516
[2024-12-17 15:39:23] [ERROR] [capacity_test] macro((0, 0)) ip(0 mram_addr(00000DB6)) idx(0) write weight:3510, but recv weight: 1228439364
[2024-12-17 15:39:23] [ERROR] [capacity_test] macro((0, 0)) ip(0 mram_addr(00000DB7)) idx(0) write weight:3511, but recv weight: 1226342212
[2024-12-17 15:39:23] [ERROR] [capacity_test] macro((0, 0)) ip(0 mram_addr(00000DB8)) idx(0) write weight:3512, but recv weight: 1224245060
[2024-12-17 15:39:23] [ERROR] [capacity_test] macro((0, 0)) ip(0 mram_addr(00000DB9)) idx(0) write weight:3513, but recv weight: 1222147908
[2024-12-17 15:39:23] [ERROR] [capacity_test] macro((0, 0)) ip(0 mram_addr(00000DBA)) idx(0) write weight:3514, but recv weight: 1220050756
[2024-12-17 15:39:23] [ERROR] [capacity_test] macro((0, 0)) ip(0 mram_addr(00000DBB)) idx(0) write weight:3515, but recv weight: 1217953604
[2024-12-17 15:39:23] [ERROR] [capacity_test] macro((0, 0)) ip(0 mram_addr(00000DBC)) idx(0) write weight:3516, but recv weight: 1215856452
[2024-12-17 15:39:23] [ERROR] [capacity_test] macro((0, 0)) ip(0 mram_addr(00000DBD)) idx(0) write weight:3517, but recv weight: 1213759300
[2024-12-17 15:39:23] [ERROR] [capacity_test] macro((0, 0)) ip(0 mram_addr(00000DBE)) idx(0) write weight:3518, but recv weight: 1211662148
[2024-12-17 15:39:23] [ERROR] [capacity_test] macro((0, 0)) ip(0 mram_addr(00000DBF)) idx(0) write weight:3519, but recv weight: 1306033988
[2024-12-17 15:39:23] [ERROR] [capacity_test] macro((0, 0)) ip(0 mram_addr(00000DC0)) idx(0) write weight:3520, but recv weight: 1306033988
[2024-12-17 15:39:23] [ERROR] [capacity_test] macro((0, 0)) ip(0 mram_addr(00000DC1)) idx(0) write weight:3521, but recv weight: 1306033988
[2024-12-17 15:39:23] [ERROR] [capacity_test] macro((0, 0)) ip(0 mram_addr(00000DC2)) idx(0) write weight:3522, but recv weight: 1306033988
[2024-12-17 15:39:23] [ERROR] [capacity_test] macro((0, 0)) ip(0 mram_addr(00000DC3)) idx(0) write weight:3523, but recv weight: 1306033988
[2024-12-17 15:39:23] [ERROR] [capacity_test] macro((0, 0)) ip(0 mram_addr(00000DC4)) idx(0) write weight:3524, but recv weight: 1304985412
[2024-12-17 15:39:23] [ERROR] [capacity_test] macro((0, 0)) ip(0 mram_addr(00000DC5)) idx(0) write weight:3525, but recv weight: 1304985412
[2024-12-17 15:39:23] [ERROR] [capacity_test] macro((0, 0)) ip(0 mram_addr(00000DC6)) idx(0) write weight:3526, but recv weight: 1304985412
[2024-12-17 15:39:23] [ERROR] [capacity_test] macro((0, 0)) ip(0 mram_addr(00000DC7)) idx(0) write weight:3527, but recv weight: 1304985412
[2024-12-17 15:39:23] [ERROR] [capacity_test] macro((0, 0)) ip(0 mram_addr(00000DC8)) idx(0) write weight:3528, but recv weight: 1304985412
[2024-12-17 15:39:23] [ERROR] [capacity_test] macro((0, 0)) ip(0 mram_addr(00000DC9)) idx(0) write weight:3529, but recv weight: 1304985412
[2024-12-17 15:39:23] [ERROR] [capacity_test] macro((0, 0)) ip(0 mram_addr(00000DCA)) idx(0) write weight:3530, but recv weight: 1304985412
[2024-12-17 15:39:23] [ERROR] [capacity_test] macro((0, 0)) ip(0 mram_addr(00000DCB)) idx(0) write weight:3531, but recv weight: 1304985412
[2024-12-17 15:39:23] [ERROR] [capacity_test] macro((0, 0)) ip(0 mram_addr(00000DCC)) idx(0) write weight:3532, but recv weight: 1304985412
[2024-12-17 15:39:23] [ERROR] [capacity_test] macro((0, 0)) ip(0 mram_addr(00000DCD)) idx(0) write weight:3533, but recv weight: 1304985412
[2024-12-17 15:39:23] [ERROR] [capacity_test] macro((0, 0)) ip(0 mram_addr(00000DCE)) idx(0) write weight:3534, but recv weight: 1304985412
[2024-12-17 15:39:23] [ERROR] [capacity_test] macro((0, 0)) ip(0 mram_addr(00000DCF)) idx(0) write weight:3535, but recv weight: 1304985412
[2024-12-17 15:39:23] [ERROR] [capacity_test] macro((0, 0)) ip(0 mram_addr(00000DD0)) idx(0) write weight:3536, but recv weight: 1304985412
[2024-12-17 15:39:23] [ERROR] [capacity_test] macro((0, 0)) ip(0 mram_addr(00000DD1)) idx(0) write weight:3537, but recv weight: 1304985412
[2024-12-17 15:39:23] [ERROR] [capacity_test] macro((0, 0)) ip(0 mram_addr(00000DD2)) idx(0) write weight:3538, but recv weight: 1304985412
[2024-12-17 15:39:23] [ERROR] [capacity_test] macro((0, 0)) ip(0 mram_addr(00000DD3)) idx(0) write weight:3539, but recv weight: 1304985412
[2024-12-17 15:39:23] [ERROR] [capacity_test] macro((0, 0)) ip(0 mram_addr(00000DD4)) idx(0) write weight:3540, but recv weight: 1303936836
[2024-12-17 15:39:23] [ERROR] [capacity_test] macro((0, 0)) ip(0 mram_addr(00000DD5)) idx(0) write weight:3541, but recv weight: 1303936836
[2024-12-17 15:39:23] [ERROR] [capacity_test] macro((0, 0)) ip(0 mram_addr(00000DD6)) idx(0) write weight:3542, but recv weight: 1303936836
[2024-12-17 15:39:23] [ERROR] [capacity_test] macro((0, 0)) ip(0 mram_addr(00000DD7)) idx(0) write weight:3543, but recv weight: 1303936836
[2024-12-17 15:39:23] [ERROR] [capacity_test] macro((0, 0)) ip(0 mram_addr(00000DD8)) idx(0) write weight:3544, but recv weight: 1303936836
[2024-12-17 15:39:23] [ERROR] [capacity_test] macro((0, 0)) ip(0 mram_addr(00000DD9)) idx(0) write weight:3545, but recv weight: 1303936836
[2024-12-17 15:39:23] [ERROR] [capacity_test] macro((0, 0)) ip(0 mram_addr(00000DDA)) idx(0) write weight:3546, but recv weight: 1303936836
[2024-12-17 15:39:23] [ERROR] [capacity_test] macro((0, 0)) ip(0 mram_addr(00000DDB)) idx(0) write weight:3547, but recv weight: 1303936836
[2024-12-17 15:39:23] [ERROR] [capacity_test] macro((0, 0)) ip(0 mram_addr(00000DDC)) idx(0) write weight:3548, but recv weight: 1303936836
[2024-12-17 15:39:23] [ERROR] [capacity_test] macro((0, 0)) ip(0 mram_addr(00000DDD)) idx(0) write weight:3549, but recv weight: 1303936836
[2024-12-17 15:39:23] [ERROR] [capacity_test] macro((0, 0)) ip(0 mram_addr(00000DDE)) idx(0) write weight:3550, but recv weight: 1303936836
[2024-12-17 15:39:23] [ERROR] [capacity_test] macro((0, 0)) ip(0 mram_addr(00000DDF)) idx(0) write weight:3551, but recv weight: 1303936836
[2024-12-17 15:39:23] [ERROR] [capacity_test] macro((0, 0)) ip(0 mram_addr(00000DE0)) idx(0) write weight:3552, but recv weight: 1303936836
[2024-12-17 15:39:23] [ERROR] [capacity_test] macro((0, 0)) ip(0 mram_addr(00000DE1)) idx(0) write weight:3553, but recv weight: 1303936836
[2024-12-17 15:39:23] [ERROR] [capacity_test] macro((0, 0)) ip(0 mram_addr(00000DE2)) idx(0) write weight:3554, but recv weight: 1302888260
[2024-12-17 15:39:23] [ERROR] [capacity_test] macro((0, 0)) ip(0 mram_addr(00000DE3)) idx(0) write weight:3555, but recv weight: 1302888260
[2024-12-17 15:39:23] [ERROR] [capacity_test] macro((0, 0)) ip(0 mram_addr(00000DE4)) idx(0) write weight:3556, but recv weight: 1301839684
[2024-12-17 15:39:23] [ERROR] [capacity_test] macro((0, 0)) ip(0 mram_addr(00000DE5)) idx(0) write weight:3557, but recv weight: 1301839684
[2024-12-17 15:39:23] [ERROR] [capacity_test] macro((0, 0)) ip(0 mram_addr(00000DE6)) idx(0) write weight:3558, but recv weight: 1300791108
[2024-12-17 15:39:23] [ERROR] [capacity_test] macro((0, 0)) ip(0 mram_addr(00000DE7)) idx(0) write weight:3559, but recv weight: 1300791108
[2024-12-17 15:39:23] [ERROR] [capacity_test] macro((0, 0)) ip(0 mram_addr(00000DE8)) idx(0) write weight:3560, but recv weight: 1299742532
[2024-12-17 15:39:23] [ERROR] [capacity_test] macro((0, 0)) ip(0 mram_addr(00000DE9)) idx(0) write weight:3561, but recv weight: 1299742532
[2024-12-17 15:39:23] [ERROR] [capacity_test] macro((0, 0)) ip(0 mram_addr(00000DEA)) idx(0) write weight:3562, but recv weight: 1298693956
[2024-12-17 15:39:23] [ERROR] [capacity_test] macro((0, 0)) ip(0 mram_addr(00000DEB)) idx(0) write weight:3563, but recv weight: 1298693956
[2024-12-17 15:39:23] [ERROR] [capacity_test] macro((0, 0)) ip(0 mram_addr(00000DEC)) idx(0) write weight:3564, but recv weight: 1297645380
[2024-12-17 15:39:23] [ERROR] [capacity_test] macro((0, 0)) ip(0 mram_addr(00000DED)) idx(0) write weight:3565, but recv weight: 1297645380
[2024-12-17 15:39:23] [ERROR] [capacity_test] macro((0, 0)) ip(0 mram_addr(00000DEE)) idx(0) write weight:3566, but recv weight: 1296596804
[2024-12-17 15:39:23] [ERROR] [capacity_test] macro((0, 0)) ip(0 mram_addr(00000DEF)) idx(0) write weight:3567, but recv weight: 1296596804
[2024-12-17 15:39:23] [ERROR] [capacity_test] macro((0, 0)) ip(0 mram_addr(00000DF0)) idx(0) write weight:3568, but recv weight: 1295548228
[2024-12-17 15:39:23] [ERROR] [capacity_test] macro((0, 0)) ip(0 mram_addr(00000DF1)) idx(0) write weight:3569, but recv weight: 1295548228
[2024-12-17 15:39:23] [ERROR] [capacity_test] macro((0, 0)) ip(0 mram_addr(00000DF2)) idx(0) write weight:3570, but recv weight: 1294499652
[2024-12-17 15:39:23] [ERROR] [capacity_test] macro((0, 0)) ip(0 mram_addr(00000DF3)) idx(0) write weight:3571, but recv weight: 1294499652
[2024-12-17 15:39:23] [ERROR] [capacity_test] macro((0, 0)) ip(0 mram_addr(00000DF4)) idx(0) write weight:3572, but recv weight: 1293451076
[2024-12-17 15:39:23] [ERROR] [capacity_test] macro((0, 0)) ip(0 mram_addr(00000DF5)) idx(0) write weight:3573, but recv weight: 1293451076
[2024-12-17 15:39:23] [ERROR] [capacity_test] macro((0, 0)) ip(0 mram_addr(00000DF6)) idx(0) write weight:3574, but recv weight: 1292402500
[2024-12-17 15:39:23] [ERROR] [capacity_test] macro((0, 0)) ip(0 mram_addr(00000DF7)) idx(0) write weight:3575, but recv weight: 1292402500
[2024-12-17 15:39:23] [ERROR] [capacity_test] macro((0, 0)) ip(0 mram_addr(00000DF8)) idx(0) write weight:3576, but recv weight: 1291353924
[2024-12-17 15:39:23] [ERROR] [capacity_test] macro((0, 0)) ip(0 mram_addr(00000DF9)) idx(0) write weight:3577, but recv weight: 1291353924
[2024-12-17 15:39:23] [ERROR] [capacity_test] macro((0, 0)) ip(0 mram_addr(00000DFA)) idx(0) write weight:3578, but recv weight: 1290305348
[2024-12-17 15:39:23] [ERROR] [capacity_test] macro((0, 0)) ip(0 mram_addr(00000DFB)) idx(0) write weight:3579, but recv weight: 1290305348
[2024-12-17 15:39:23] [ERROR] [capacity_test] macro((0, 0)) ip(0 mram_addr(00000DFC)) idx(0) write weight:3580, but recv weight: 1289256772
[2024-12-17 15:39:23] [ERROR] [capacity_test] macro((0, 0)) ip(0 mram_addr(00000DFD)) idx(0) write weight:3581, but recv weight: 1289256772
[2024-12-17 15:39:23] [ERROR] [capacity_test] macro((0, 0)) ip(0 mram_addr(00000DFE)) idx(0) write weight:3582, but recv weight: 1288208196
[2024-12-17 15:39:23] [ERROR] [capacity_test] macro((0, 0)) ip(0 mram_addr(00000DFF)) idx(0) write weight:3583, but recv weight: 1288208196
[2024-12-17 15:39:23] [ERROR] [capacity_test] macro((0, 0)) ip(0 mram_addr(00000E00)) idx(0) write weight:3584, but recv weight: 1287159620
[2024-12-17 15:39:23] [ERROR] [capacity_test] macro((0, 0)) ip(0 mram_addr(00000E01)) idx(0) write weight:3585, but recv weight: 1287159620
[2024-12-17 15:39:23] [ERROR] [capacity_test] macro((0, 0)) ip(0 mram_addr(00000E02)) idx(0) write weight:3586, but recv weight: 1286111044
[2024-12-17 15:39:23] [ERROR] [capacity_test] macro((0, 0)) ip(0 mram_addr(00000E03)) idx(0) write weight:3587, but recv weight: 1286111044
[2024-12-17 15:39:23] [ERROR] [capacity_test] macro((0, 0)) ip(0 mram_addr(00000E04)) idx(0) write weight:3588, but recv weight: 1285062468
[2024-12-17 15:39:23] [ERROR] [capacity_test] macro((0, 0)) ip(0 mram_addr(00000E05)) idx(0) write weight:3589, but recv weight: 1285062468
[2024-12-17 15:39:23] [ERROR] [capacity_test] macro((0, 0)) ip(0 mram_addr(00000E06)) idx(0) write weight:3590, but recv weight: 1284013892
[2024-12-17 15:39:23] [ERROR] [capacity_test] macro((0, 0)) ip(0 mram_addr(00000E07)) idx(0) write weight:3591, but recv weight: 1284013892
[2024-12-17 15:39:23] [ERROR] [capacity_test] macro((0, 0)) ip(0 mram_addr(00000E08)) idx(0) write weight:3592, but recv weight: 1282965316
[2024-12-17 15:39:23] [ERROR] [capacity_test] macro((0, 0)) ip(0 mram_addr(00000E09)) idx(0) write weight:3593, but recv weight: 1282965316
[2024-12-17 15:39:23] [ERROR] [capacity_test] macro((0, 0)) ip(0 mram_addr(00000E0A)) idx(0) write weight:3594, but recv weight: 1281916740
[2024-12-17 15:39:23] [ERROR] [capacity_test] macro((0, 0)) ip(0 mram_addr(00000E0B)) idx(0) write weight:3595, but recv weight: 1281916740
[2024-12-17 15:39:23] [ERROR] [capacity_test] macro((0, 0)) ip(0 mram_addr(00000E0C)) idx(0) write weight:3596, but recv weight: 1280868164
[2024-12-17 15:39:23] [ERROR] [capacity_test] macro((0, 0)) ip(0 mram_addr(00000E0D)) idx(0) write weight:3597, but recv weight: 1280868164
[2024-12-17 15:39:23] [ERROR] [capacity_test] macro((0, 0)) ip(0 mram_addr(00000E0E)) idx(0) write weight:3598, but recv weight: 1279819588
[2024-12-17 15:39:23] [ERROR] [capacity_test] macro((0, 0)) ip(0 mram_addr(00000E0F)) idx(0) write weight:3599, but recv weight: 1279819588
[2024-12-17 15:39:23] [ERROR] [capacity_test] macro((0, 0)) ip(0 mram_addr(00000E10)) idx(0) write weight:3600, but recv weight: 1278771012
[2024-12-17 15:39:23] [ERROR] [capacity_test] macro((0, 0)) ip(0 mram_addr(00000E11)) idx(0) write weight:3601, but recv weight: 1278771012
[2024-12-17 15:39:23] [ERROR] [capacity_test] macro((0, 0)) ip(0 mram_addr(00000E12)) idx(0) write weight:3602, but recv weight: 1277722436
[2024-12-17 15:39:23] [ERROR] [capacity_test] macro((0, 0)) ip(0 mram_addr(00000E13)) idx(0) write weight:3603, but recv weight: 1277722436
[2024-12-17 15:39:23] [ERROR] [capacity_test] macro((0, 0)) ip(0 mram_addr(00000E14)) idx(0) write weight:3604, but recv weight: 1276673860
[2024-12-17 15:39:23] [ERROR] [capacity_test] macro((0, 0)) ip(0 mram_addr(00000E15)) idx(0) write weight:3605, but recv weight: 1276673860
[2024-12-17 15:39:23] [ERROR] [capacity_test] macro((0, 0)) ip(0 mram_addr(00000E16)) idx(0) write weight:3606, but recv weight: 1275625284
[2024-12-17 15:39:23] [ERROR] [capacity_test] macro((0, 0)) ip(0 mram_addr(00000E17)) idx(0) write weight:3607, but recv weight: 1275625284
[2024-12-17 15:39:23] [ERROR] [capacity_test] macro((0, 0)) ip(0 mram_addr(00000E18)) idx(0) write weight:3608, but recv weight: 1274576708
[2024-12-17 15:39:23] [ERROR] [capacity_test] macro((0, 0)) ip(0 mram_addr(00000E19)) idx(0) write weight:3609, but recv weight: 1274576708
[2024-12-17 15:39:23] [ERROR] [capacity_test] macro((0, 0)) ip(0 mram_addr(00000E1A)) idx(0) write weight:3610, but recv weight: 1273528132
[2024-12-17 15:39:23] [ERROR] [capacity_test] macro((0, 0)) ip(0 mram_addr(00000E1B)) idx(0) write weight:3611, but recv weight: 1273528132
[2024-12-17 15:39:23] [ERROR] [capacity_test] macro((0, 0)) ip(0 mram_addr(00000E1C)) idx(0) write weight:3612, but recv weight: 1272479556
[2024-12-17 15:39:23] [ERROR] [capacity_test] macro((0, 0)) ip(0 mram_addr(00000E1D)) idx(0) write weight:3613, but recv weight: 1272479556
[2024-12-17 15:39:23] [ERROR] [capacity_test] macro((0, 0)) ip(0 mram_addr(00000E1E)) idx(0) write weight:3614, but recv weight: 1271430980
[2024-12-17 15:39:23] [ERROR] [capacity_test] macro((0, 0)) ip(0 mram_addr(00000E1F)) idx(0) write weight:3615, but recv weight: 1271430980
[2024-12-17 15:39:23] [ERROR] [capacity_test] macro((0, 0)) ip(0 mram_addr(00000E20)) idx(0) write weight:3616, but recv weight: 1270382404
[2024-12-17 15:39:23] [ERROR] [capacity_test] macro((0, 0)) ip(0 mram_addr(00000E21)) idx(0) write weight:3617, but recv weight: 1270382404
[2024-12-17 15:39:23] [ERROR] [capacity_test] macro((0, 0)) ip(0 mram_addr(00000E22)) idx(0) write weight:3618, but recv weight: 1269333828
[2024-12-17 15:39:23] [ERROR] [capacity_test] macro((0, 0)) ip(0 mram_addr(00000E23)) idx(0) write weight:3619, but recv weight: 1269333828
[2024-12-17 15:39:23] [ERROR] [capacity_test] macro((0, 0)) ip(0 mram_addr(00000E24)) idx(0) write weight:3620, but recv weight: 1267236676
[2024-12-17 15:39:23] [ERROR] [capacity_test] macro((0, 0)) ip(0 mram_addr(00000E25)) idx(0) write weight:3621, but recv weight: 1265139524
[2024-12-17 15:39:23] [ERROR] [capacity_test] macro((0, 0)) ip(0 mram_addr(00000E26)) idx(0) write weight:3622, but recv weight: 1263042372
[2024-12-17 15:39:23] [ERROR] [capacity_test] macro((0, 0)) ip(0 mram_addr(00000E27)) idx(0) write weight:3623, but recv weight: 1260945220
[2024-12-17 15:39:23] [ERROR] [capacity_test] macro((0, 0)) ip(0 mram_addr(00000E28)) idx(0) write weight:3624, but recv weight: 1258848068
[2024-12-17 15:39:23] [ERROR] [capacity_test] macro((0, 0)) ip(0 mram_addr(00000E29)) idx(0) write weight:3625, but recv weight: 1256750916
[2024-12-17 15:39:23] [ERROR] [capacity_test] macro((0, 0)) ip(0 mram_addr(00000E2A)) idx(0) write weight:3626, but recv weight: 1254653764
[2024-12-17 15:39:23] [ERROR] [capacity_test] macro((0, 0)) ip(0 mram_addr(00000E2B)) idx(0) write weight:3627, but recv weight: 1252556612
[2024-12-17 15:39:23] [ERROR] [capacity_test] macro((0, 0)) ip(0 mram_addr(00000E2C)) idx(0) write weight:3628, but recv weight: 1250459460
[2024-12-17 15:39:23] [ERROR] [capacity_test] macro((0, 0)) ip(0 mram_addr(00000E2D)) idx(0) write weight:3629, but recv weight: 1248362308
[2024-12-17 15:39:23] [ERROR] [capacity_test] macro((0, 0)) ip(0 mram_addr(00000E2E)) idx(0) write weight:3630, but recv weight: 1246265156
[2024-12-17 15:39:23] [ERROR] [capacity_test] macro((0, 0)) ip(0 mram_addr(00000E2F)) idx(0) write weight:3631, but recv weight: 1244168004
[2024-12-17 15:39:23] [ERROR] [capacity_test] macro((0, 0)) ip(0 mram_addr(00000E30)) idx(0) write weight:3632, but recv weight: 1242070852
[2024-12-17 15:39:23] [ERROR] [capacity_test] macro((0, 0)) ip(0 mram_addr(00000E31)) idx(0) write weight:3633, but recv weight: 1239973700
[2024-12-17 15:39:23] [ERROR] [capacity_test] macro((0, 0)) ip(0 mram_addr(00000E32)) idx(0) write weight:3634, but recv weight: 1237876548
[2024-12-17 15:39:23] [ERROR] [capacity_test] macro((0, 0)) ip(0 mram_addr(00000E33)) idx(0) write weight:3635, but recv weight: 1235779396
[2024-12-17 15:39:23] [ERROR] [capacity_test] macro((0, 0)) ip(0 mram_addr(00000E34)) idx(0) write weight:3636, but recv weight: 1233682244
[2024-12-17 15:39:23] [ERROR] [capacity_test] macro((0, 0)) ip(0 mram_addr(00000E35)) idx(0) write weight:3637, but recv weight: 1231585092
[2024-12-17 15:39:23] [ERROR] [capacity_test] macro((0, 0)) ip(0 mram_addr(00000E36)) idx(0) write weight:3638, but recv weight: 1229487940
[2024-12-17 15:39:23] [ERROR] [capacity_test] macro((0, 0)) ip(0 mram_addr(00000E37)) idx(0) write weight:3639, but recv weight: 1227390788
[2024-12-17 15:39:23] [ERROR] [capacity_test] macro((0, 0)) ip(0 mram_addr(00000E38)) idx(0) write weight:3640, but recv weight: 1225293636
[2024-12-17 15:39:23] [ERROR] [capacity_test] macro((0, 0)) ip(0 mram_addr(00000E39)) idx(0) write weight:3641, but recv weight: 1223196484
[2024-12-17 15:39:23] [ERROR] [capacity_test] macro((0, 0)) ip(0 mram_addr(00000E3A)) idx(0) write weight:3642, but recv weight: 1221099332
[2024-12-17 15:39:23] [ERROR] [capacity_test] macro((0, 0)) ip(0 mram_addr(00000E3B)) idx(0) write weight:3643, but recv weight: 1219002180
[2024-12-17 15:39:23] [ERROR] [capacity_test] macro((0, 0)) ip(0 mram_addr(00000E3C)) idx(0) write weight:3644, but recv weight: 1216905028
[2024-12-17 15:39:23] [ERROR] [capacity_test] macro((0, 0)) ip(0 mram_addr(00000E3D)) idx(0) write weight:3645, but recv weight: 1214807876
[2024-12-17 15:39:23] [ERROR] [capacity_test] macro((0, 0)) ip(0 mram_addr(00000E3E)) idx(0) write weight:3646, but recv weight: 1212710724
[2024-12-17 15:39:23] [ERROR] [capacity_test] macro((0, 0)) ip(0 mram_addr(00000E3F)) idx(0) write weight:3647, but recv weight: 1210613572
[2024-12-17 15:39:23] [ERROR] [capacity_test] macro((0, 0)) ip(0 mram_addr(00000E40)) idx(0) write weight:3648, but recv weight: 1208516420
[2024-12-17 15:39:23] [ERROR] [capacity_test] macro((0, 0)) ip(0 mram_addr(00000E41)) idx(0) write weight:3649, but recv weight: 1206419268
[2024-12-17 15:39:23] [ERROR] [capacity_test] macro((0, 0)) ip(0 mram_addr(00000E42)) idx(0) write weight:3650, but recv weight: 1204322116
[2024-12-17 15:39:23] [ERROR] [capacity_test] macro((0, 0)) ip(0 mram_addr(00000E43)) idx(0) write weight:3651, but recv weight: 0
[2024-12-17 15:39:23] [ERROR] [capacity_test] macro((0, 0)) ip(0 mram_addr(00000E44)) idx(0) write weight:3652, but recv weight: 1304985412
[2024-12-17 15:39:23] [ERROR] [capacity_test] macro((0, 0)) ip(0 mram_addr(00000E45)) idx(0) write weight:3653, but recv weight: 1304985412
[2024-12-17 15:39:23] [ERROR] [capacity_test] macro((0, 0)) ip(0 mram_addr(00000E46)) idx(0) write weight:3654, but recv weight: 1304985412
[2024-12-17 15:39:23] [ERROR] [capacity_test] macro((0, 0)) ip(0 mram_addr(00000E47)) idx(0) write weight:3655, but recv weight: 1304985412
[2024-12-17 15:39:23] [ERROR] [capacity_test] macro((0, 0)) ip(0 mram_addr(00000E48)) idx(0) write weight:3656, but recv weight: 1304985412
[2024-12-17 15:39:23] [ERROR] [capacity_test] macro((0, 0)) ip(0 mram_addr(00000E49)) idx(0) write weight:3657, but recv weight: 1304985412
[2024-12-17 15:39:23] [ERROR] [capacity_test] macro((0, 0)) ip(0 mram_addr(00000E4A)) idx(0) write weight:3658, but recv weight: 1304985412
[2024-12-17 15:39:23] [ERROR] [capacity_test] macro((0, 0)) ip(0 mram_addr(00000E4B)) idx(0) write weight:3659, but recv weight: 1304985412
[2024-12-17 15:39:23] [ERROR] [capacity_test] macro((0, 0)) ip(0 mram_addr(00000E4C)) idx(0) write weight:3660, but recv weight: 1304985412
[2024-12-17 15:39:23] [ERROR] [capacity_test] macro((0, 0)) ip(0 mram_addr(00000E4D)) idx(0) write weight:3661, but recv weight: 1304985412
[2024-12-17 15:39:23] [ERROR] [capacity_test] macro((0, 0)) ip(0 mram_addr(00000E4E)) idx(0) write weight:3662, but recv weight: 1304985412
[2024-12-17 15:39:23] [ERROR] [capacity_test] macro((0, 0)) ip(0 mram_addr(00000E4F)) idx(0) write weight:3663, but recv weight: 1304985412
[2024-12-17 15:39:23] [ERROR] [capacity_test] macro((0, 0)) ip(0 mram_addr(00000E50)) idx(0) write weight:3664, but recv weight: 1304985412
[2024-12-17 15:39:23] [ERROR] [capacity_test] macro((0, 0)) ip(0 mram_addr(00000E51)) idx(0) write weight:3665, but recv weight: 1304985412
[2024-12-17 15:39:23] [ERROR] [capacity_test] macro((0, 0)) ip(0 mram_addr(00000E52)) idx(0) write weight:3666, but recv weight: 1304985412
[2024-12-17 15:39:23] [ERROR] [capacity_test] macro((0, 0)) ip(0 mram_addr(00000E53)) idx(0) write weight:3667, but recv weight: 1303936836
[2024-12-17 15:39:23] [ERROR] [capacity_test] macro((0, 0)) ip(0 mram_addr(00000E54)) idx(0) write weight:3668, but recv weight: 1303936836
[2024-12-17 15:39:23] [ERROR] [capacity_test] macro((0, 0)) ip(0 mram_addr(00000E55)) idx(0) write weight:3669, but recv weight: 1303936836
[2024-12-17 15:39:23] [ERROR] [capacity_test] macro((0, 0)) ip(0 mram_addr(00000E56)) idx(0) write weight:3670, but recv weight: 1303936836
[2024-12-17 15:39:23] [ERROR] [capacity_test] macro((0, 0)) ip(0 mram_addr(00000E57)) idx(0) write weight:3671, but recv weight: 1303936836
[2024-12-17 15:39:23] [ERROR] [capacity_test] macro((0, 0)) ip(0 mram_addr(00000E58)) idx(0) write weight:3672, but recv weight: 1303936836
[2024-12-17 15:39:23] [ERROR] [capacity_test] macro((0, 0)) ip(0 mram_addr(00000E59)) idx(0) write weight:3673, but recv weight: 1303936836
[2024-12-17 15:39:23] [ERROR] [capacity_test] macro((0, 0)) ip(0 mram_addr(00000E5A)) idx(0) write weight:3674, but recv weight: 1303936836
[2024-12-17 15:39:23] [ERROR] [capacity_test] macro((0, 0)) ip(0 mram_addr(00000E5B)) idx(0) write weight:3675, but recv weight: 1303936836
[2024-12-17 15:39:23] [ERROR] [capacity_test] macro((0, 0)) ip(0 mram_addr(00000E5C)) idx(0) write weight:3676, but recv weight: 1303936836
[2024-12-17 15:39:23] [ERROR] [capacity_test] macro((0, 0)) ip(0 mram_addr(00000E5D)) idx(0) write weight:3677, but recv weight: 1303936836
[2024-12-17 15:39:23] [ERROR] [capacity_test] macro((0, 0)) ip(0 mram_addr(00000E5E)) idx(0) write weight:3678, but recv weight: 1303936836
[2024-12-17 15:39:23] [ERROR] [capacity_test] macro((0, 0)) ip(0 mram_addr(00000E5F)) idx(0) write weight:3679, but recv weight: 1303936836
[2024-12-17 15:39:23] [ERROR] [capacity_test] macro((0, 0)) ip(0 mram_addr(00000E60)) idx(0) write weight:3680, but recv weight: 1303936836
[2024-12-17 15:39:23] [ERROR] [capacity_test] macro((0, 0)) ip(0 mram_addr(00000E61)) idx(0) write weight:3681, but recv weight: 1302888260
[2024-12-17 15:39:23] [ERROR] [capacity_test] macro((0, 0)) ip(0 mram_addr(00000E62)) idx(0) write weight:3682, but recv weight: 1302888260
[2024-12-17 15:39:23] [ERROR] [capacity_test] macro((0, 0)) ip(0 mram_addr(00000E63)) idx(0) write weight:3683, but recv weight: 1301839684
[2024-12-17 15:39:23] [ERROR] [capacity_test] macro((0, 0)) ip(0 mram_addr(00000E64)) idx(0) write weight:3684, but recv weight: 1301839684
[2024-12-17 15:39:23] [ERROR] [capacity_test] macro((0, 0)) ip(0 mram_addr(00000E65)) idx(0) write weight:3685, but recv weight: 1300791108
[2024-12-17 15:39:23] [ERROR] [capacity_test] macro((0, 0)) ip(0 mram_addr(00000E66)) idx(0) write weight:3686, but recv weight: 1300791108
[2024-12-17 15:39:23] [ERROR] [capacity_test] macro((0, 0)) ip(0 mram_addr(00000E67)) idx(0) write weight:3687, but recv weight: 1299742532
[2024-12-17 15:39:23] [ERROR] [capacity_test] macro((0, 0)) ip(0 mram_addr(00000E68)) idx(0) write weight:3688, but recv weight: 1299742532
[2024-12-17 15:39:23] [ERROR] [capacity_test] macro((0, 0)) ip(0 mram_addr(00000E69)) idx(0) write weight:3689, but recv weight: 1298693956
[2024-12-17 15:39:23] [ERROR] [capacity_test] macro((0, 0)) ip(0 mram_addr(00000E6A)) idx(0) write weight:3690, but recv weight: 1298693956
[2024-12-17 15:39:23] [ERROR] [capacity_test] macro((0, 0)) ip(0 mram_addr(00000E6B)) idx(0) write weight:3691, but recv weight: 1297645380
[2024-12-17 15:39:23] [ERROR] [capacity_test] macro((0, 0)) ip(0 mram_addr(00000E6C)) idx(0) write weight:3692, but recv weight: 1297645380
[2024-12-17 15:39:23] [ERROR] [capacity_test] macro((0, 0)) ip(0 mram_addr(00000E6D)) idx(0) write weight:3693, but recv weight: 1296596804
[2024-12-17 15:39:23] [ERROR] [capacity_test] macro((0, 0)) ip(0 mram_addr(00000E6E)) idx(0) write weight:3694, but recv weight: 1296596804
[2024-12-17 15:39:23] [ERROR] [capacity_test] macro((0, 0)) ip(0 mram_addr(00000E6F)) idx(0) write weight:3695, but recv weight: 1295548228
[2024-12-17 15:39:23] [ERROR] [capacity_test] macro((0, 0)) ip(0 mram_addr(00000E70)) idx(0) write weight:3696, but recv weight: 1295548228
[2024-12-17 15:39:23] [ERROR] [capacity_test] macro((0, 0)) ip(0 mram_addr(00000E71)) idx(0) write weight:3697, but recv weight: 1294499652
[2024-12-17 15:39:23] [ERROR] [capacity_test] macro((0, 0)) ip(0 mram_addr(00000E72)) idx(0) write weight:3698, but recv weight: 1294499652
[2024-12-17 15:39:23] [ERROR] [capacity_test] macro((0, 0)) ip(0 mram_addr(00000E73)) idx(0) write weight:3699, but recv weight: 1293451076
[2024-12-17 15:39:23] [ERROR] [capacity_test] macro((0, 0)) ip(0 mram_addr(00000E74)) idx(0) write weight:3700, but recv weight: 1293451076
[2024-12-17 15:39:23] [ERROR] [capacity_test] macro((0, 0)) ip(0 mram_addr(00000E75)) idx(0) write weight:3701, but recv weight: 1292402500
[2024-12-17 15:39:23] [ERROR] [capacity_test] macro((0, 0)) ip(0 mram_addr(00000E76)) idx(0) write weight:3702, but recv weight: 1292402500
[2024-12-17 15:39:23] [ERROR] [capacity_test] macro((0, 0)) ip(0 mram_addr(00000E77)) idx(0) write weight:3703, but recv weight: 1291353924
[2024-12-17 15:39:23] [ERROR] [capacity_test] macro((0, 0)) ip(0 mram_addr(00000E78)) idx(0) write weight:3704, but recv weight: 1291353924
[2024-12-17 15:39:23] [ERROR] [capacity_test] macro((0, 0)) ip(0 mram_addr(00000E79)) idx(0) write weight:3705, but recv weight: 1290305348
[2024-12-17 15:39:23] [ERROR] [capacity_test] macro((0, 0)) ip(0 mram_addr(00000E7A)) idx(0) write weight:3706, but recv weight: 1290305348
[2024-12-17 15:39:23] [ERROR] [capacity_test] macro((0, 0)) ip(0 mram_addr(00000E7B)) idx(0) write weight:3707, but recv weight: 1289256772
[2024-12-17 15:39:23] [ERROR] [capacity_test] macro((0, 0)) ip(0 mram_addr(00000E7C)) idx(0) write weight:3708, but recv weight: 1289256772
[2024-12-17 15:39:23] [ERROR] [capacity_test] macro((0, 0)) ip(0 mram_addr(00000E7D)) idx(0) write weight:3709, but recv weight: 1288208196
[2024-12-17 15:39:23] [ERROR] [capacity_test] macro((0, 0)) ip(0 mram_addr(00000E7E)) idx(0) write weight:3710, but recv weight: 1288208196
[2024-12-17 15:39:23] [ERROR] [capacity_test] macro((0, 0)) ip(0 mram_addr(00000E7F)) idx(0) write weight:3711, but recv weight: 1287159620
[2024-12-17 15:39:23] [ERROR] [capacity_test] macro((0, 0)) ip(0 mram_addr(00000E80)) idx(0) write weight:3712, but recv weight: 1287159620
[2024-12-17 15:39:23] [ERROR] [capacity_test] macro((0, 0)) ip(0 mram_addr(00000E81)) idx(0) write weight:3713, but recv weight: 1286111044
[2024-12-17 15:39:23] [ERROR] [capacity_test] macro((0, 0)) ip(0 mram_addr(00000E82)) idx(0) write weight:3714, but recv weight: 1286111044
[2024-12-17 15:39:23] [ERROR] [capacity_test] macro((0, 0)) ip(0 mram_addr(00000E83)) idx(0) write weight:3715, but recv weight: 1285062468
[2024-12-17 15:39:23] [ERROR] [capacity_test] macro((0, 0)) ip(0 mram_addr(00000E84)) idx(0) write weight:3716, but recv weight: 1285062468
[2024-12-17 15:39:23] [ERROR] [capacity_test] macro((0, 0)) ip(0 mram_addr(00000E85)) idx(0) write weight:3717, but recv weight: 1284013892
[2024-12-17 15:39:23] [ERROR] [capacity_test] macro((0, 0)) ip(0 mram_addr(00000E86)) idx(0) write weight:3718, but recv weight: 1284013892
[2024-12-17 15:39:23] [ERROR] [capacity_test] macro((0, 0)) ip(0 mram_addr(00000E87)) idx(0) write weight:3719, but recv weight: 1282965316
[2024-12-17 15:39:23] [ERROR] [capacity_test] macro((0, 0)) ip(0 mram_addr(00000E88)) idx(0) write weight:3720, but recv weight: 1282965316
[2024-12-17 15:39:23] [ERROR] [capacity_test] macro((0, 0)) ip(0 mram_addr(00000E89)) idx(0) write weight:3721, but recv weight: 1281916740
[2024-12-17 15:39:23] [ERROR] [capacity_test] macro((0, 0)) ip(0 mram_addr(00000E8A)) idx(0) write weight:3722, but recv weight: 1281916740
[2024-12-17 15:39:23] [ERROR] [capacity_test] macro((0, 0)) ip(0 mram_addr(00000E8B)) idx(0) write weight:3723, but recv weight: 1280868164
[2024-12-17 15:39:23] [ERROR] [capacity_test] macro((0, 0)) ip(0 mram_addr(00000E8C)) idx(0) write weight:3724, but recv weight: 1280868164
[2024-12-17 15:39:23] [ERROR] [capacity_test] macro((0, 0)) ip(0 mram_addr(00000E8D)) idx(0) write weight:3725, but recv weight: 1279819588
[2024-12-17 15:39:23] [ERROR] [capacity_test] macro((0, 0)) ip(0 mram_addr(00000E8E)) idx(0) write weight:3726, but recv weight: 1279819588
[2024-12-17 15:39:23] [ERROR] [capacity_test] macro((0, 0)) ip(0 mram_addr(00000E8F)) idx(0) write weight:3727, but recv weight: 1278771012
[2024-12-17 15:39:23] [ERROR] [capacity_test] macro((0, 0)) ip(0 mram_addr(00000E90)) idx(0) write weight:3728, but recv weight: 1278771012
[2024-12-17 15:39:23] [ERROR] [capacity_test] macro((0, 0)) ip(0 mram_addr(00000E91)) idx(0) write weight:3729, but recv weight: 1277722436
[2024-12-17 15:39:23] [ERROR] [capacity_test] macro((0, 0)) ip(0 mram_addr(00000E92)) idx(0) write weight:3730, but recv weight: 1277722436
[2024-12-17 15:39:23] [ERROR] [capacity_test] macro((0, 0)) ip(0 mram_addr(00000E93)) idx(0) write weight:3731, but recv weight: 1276673860
[2024-12-17 15:39:23] [ERROR] [capacity_test] macro((0, 0)) ip(0 mram_addr(00000E94)) idx(0) write weight:3732, but recv weight: 1276673860
[2024-12-17 15:39:23] [ERROR] [capacity_test] macro((0, 0)) ip(0 mram_addr(00000E95)) idx(0) write weight:3733, but recv weight: 1275625284
[2024-12-17 15:39:23] [ERROR] [capacity_test] macro((0, 0)) ip(0 mram_addr(00000E96)) idx(0) write weight:3734, but recv weight: 1275625284
[2024-12-17 15:39:23] [ERROR] [capacity_test] macro((0, 0)) ip(0 mram_addr(00000E97)) idx(0) write weight:3735, but recv weight: 1274576708
[2024-12-17 15:39:23] [ERROR] [capacity_test] macro((0, 0)) ip(0 mram_addr(00000E98)) idx(0) write weight:3736, but recv weight: 1274576708
[2024-12-17 15:39:23] [ERROR] [capacity_test] macro((0, 0)) ip(0 mram_addr(00000E99)) idx(0) write weight:3737, but recv weight: 1273528132
[2024-12-17 15:39:23] [ERROR] [capacity_test] macro((0, 0)) ip(0 mram_addr(00000E9A)) idx(0) write weight:3738, but recv weight: 1273528132
[2024-12-17 15:39:23] [ERROR] [capacity_test] macro((0, 0)) ip(0 mram_addr(00000E9B)) idx(0) write weight:3739, but recv weight: 1272479556
[2024-12-17 15:39:23] [ERROR] [capacity_test] macro((0, 0)) ip(0 mram_addr(00000E9C)) idx(0) write weight:3740, but recv weight: 1272479556
[2024-12-17 15:39:23] [ERROR] [capacity_test] macro((0, 0)) ip(0 mram_addr(00000E9D)) idx(0) write weight:3741, but recv weight: 1271430980
[2024-12-17 15:39:23] [ERROR] [capacity_test] macro((0, 0)) ip(0 mram_addr(00000E9E)) idx(0) write weight:3742, but recv weight: 1271430980
[2024-12-17 15:39:23] [ERROR] [capacity_test] macro((0, 0)) ip(0 mram_addr(00000E9F)) idx(0) write weight:3743, but recv weight: 1270382404
[2024-12-17 15:39:23] [ERROR] [capacity_test] macro((0, 0)) ip(0 mram_addr(00000EA0)) idx(0) write weight:3744, but recv weight: 1270382404
[2024-12-17 15:39:23] [ERROR] [capacity_test] macro((0, 0)) ip(0 mram_addr(00000EA1)) idx(0) write weight:3745, but recv weight: 1269333828
[2024-12-17 15:39:23] [ERROR] [capacity_test] macro((0, 0)) ip(0 mram_addr(00000EA2)) idx(0) write weight:3746, but recv weight: 1269333828
[2024-12-17 15:39:23] [ERROR] [capacity_test] macro((0, 0)) ip(0 mram_addr(00000EA3)) idx(0) write weight:3747, but recv weight: 1268285252
[2024-12-17 15:39:23] [ERROR] [capacity_test] macro((0, 0)) ip(0 mram_addr(00000EA4)) idx(0) write weight:3748, but recv weight: 1266188100
[2024-12-17 15:39:23] [ERROR] [capacity_test] macro((0, 0)) ip(0 mram_addr(00000EA5)) idx(0) write weight:3749, but recv weight: 1264090948
[2024-12-17 15:39:23] [ERROR] [capacity_test] macro((0, 0)) ip(0 mram_addr(00000EA6)) idx(0) write weight:3750, but recv weight: 1261993796
[2024-12-17 15:39:23] [ERROR] [capacity_test] macro((0, 0)) ip(0 mram_addr(00000EA7)) idx(0) write weight:3751, but recv weight: 1259896644
[2024-12-17 15:39:23] [ERROR] [capacity_test] macro((0, 0)) ip(0 mram_addr(00000EA8)) idx(0) write weight:3752, but recv weight: 1257799492
[2024-12-17 15:39:23] [ERROR] [capacity_test] macro((0, 0)) ip(0 mram_addr(00000EA9)) idx(0) write weight:3753, but recv weight: 1255702340
[2024-12-17 15:39:23] [ERROR] [capacity_test] macro((0, 0)) ip(0 mram_addr(00000EAA)) idx(0) write weight:3754, but recv weight: 1253605188
[2024-12-17 15:39:23] [ERROR] [capacity_test] macro((0, 0)) ip(0 mram_addr(00000EAB)) idx(0) write weight:3755, but recv weight: 1251508036
[2024-12-17 15:39:23] [ERROR] [capacity_test] macro((0, 0)) ip(0 mram_addr(00000EAC)) idx(0) write weight:3756, but recv weight: 1249410884
[2024-12-17 15:39:23] [ERROR] [capacity_test] macro((0, 0)) ip(0 mram_addr(00000EAD)) idx(0) write weight:3757, but recv weight: 1247313732
[2024-12-17 15:39:23] [ERROR] [capacity_test] macro((0, 0)) ip(0 mram_addr(00000EAE)) idx(0) write weight:3758, but recv weight: 1245216580
[2024-12-17 15:39:23] [ERROR] [capacity_test] macro((0, 0)) ip(0 mram_addr(00000EAF)) idx(0) write weight:3759, but recv weight: 1243119428
[2024-12-17 15:39:23] [ERROR] [capacity_test] macro((0, 0)) ip(0 mram_addr(00000EB0)) idx(0) write weight:3760, but recv weight: 1241022276
[2024-12-17 15:39:23] [ERROR] [capacity_test] macro((0, 0)) ip(0 mram_addr(00000EB1)) idx(0) write weight:3761, but recv weight: 1238925124
[2024-12-17 15:39:23] [ERROR] [capacity_test] macro((0, 0)) ip(0 mram_addr(00000EB2)) idx(0) write weight:3762, but recv weight: 1236827972
[2024-12-17 15:39:23] [ERROR] [capacity_test] macro((0, 0)) ip(0 mram_addr(00000EB3)) idx(0) write weight:3763, but recv weight: 1234730820
[2024-12-17 15:39:23] [ERROR] [capacity_test] macro((0, 0)) ip(0 mram_addr(00000EB4)) idx(0) write weight:3764, but recv weight: 1232633668
[2024-12-17 15:39:23] [ERROR] [capacity_test] macro((0, 0)) ip(0 mram_addr(00000EB5)) idx(0) write weight:3765, but recv weight: 1230536516
[2024-12-17 15:39:23] [ERROR] [capacity_test] macro((0, 0)) ip(0 mram_addr(00000EB6)) idx(0) write weight:3766, but recv weight: 1228439364
[2024-12-17 15:39:23] [ERROR] [capacity_test] macro((0, 0)) ip(0 mram_addr(00000EB7)) idx(0) write weight:3767, but recv weight: 1226342212
[2024-12-17 15:39:23] [ERROR] [capacity_test] macro((0, 0)) ip(0 mram_addr(00000EB8)) idx(0) write weight:3768, but recv weight: 1224245060
[2024-12-17 15:39:23] [ERROR] [capacity_test] macro((0, 0)) ip(0 mram_addr(00000EB9)) idx(0) write weight:3769, but recv weight: 1222147908
[2024-12-17 15:39:23] [ERROR] [capacity_test] macro((0, 0)) ip(0 mram_addr(00000EBA)) idx(0) write weight:3770, but recv weight: 1220050756
[2024-12-17 15:39:23] [ERROR] [capacity_test] macro((0, 0)) ip(0 mram_addr(00000EBB)) idx(0) write weight:3771, but recv weight: 1217953604
[2024-12-17 15:39:23] [ERROR] [capacity_test] macro((0, 0)) ip(0 mram_addr(00000EBC)) idx(0) write weight:3772, but recv weight: 1215856452
[2024-12-17 15:39:23] [ERROR] [capacity_test] macro((0, 0)) ip(0 mram_addr(00000EBD)) idx(0) write weight:3773, but recv weight: 1213759300
[2024-12-17 15:39:23] [ERROR] [capacity_test] macro((0, 0)) ip(0 mram_addr(00000EBE)) idx(0) write weight:3774, but recv weight: 1211662148
[2024-12-17 15:39:23] [ERROR] [capacity_test] macro((0, 0)) ip(0 mram_addr(00000EBF)) idx(0) write weight:3775, but recv weight: 1306033988
[2024-12-17 15:39:23] [ERROR] [capacity_test] macro((0, 0)) ip(0 mram_addr(00000EC0)) idx(0) write weight:3776, but recv weight: 1306033988
[2024-12-17 15:39:23] [ERROR] [capacity_test] macro((0, 0)) ip(0 mram_addr(00000EC1)) idx(0) write weight:3777, but recv weight: 1306033988
[2024-12-17 15:39:23] [ERROR] [capacity_test] macro((0, 0)) ip(0 mram_addr(00000EC2)) idx(0) write weight:3778, but recv weight: 1306033988
[2024-12-17 15:39:23] [ERROR] [capacity_test] macro((0, 0)) ip(0 mram_addr(00000EC3)) idx(0) write weight:3779, but recv weight: 1306033988
[2024-12-17 15:39:23] [ERROR] [capacity_test] macro((0, 0)) ip(0 mram_addr(00000EC4)) idx(0) write weight:3780, but recv weight: 1304985412
[2024-12-17 15:39:23] [ERROR] [capacity_test] macro((0, 0)) ip(0 mram_addr(00000EC5)) idx(0) write weight:3781, but recv weight: 1304985412
[2024-12-17 15:39:23] [ERROR] [capacity_test] macro((0, 0)) ip(0 mram_addr(00000EC6)) idx(0) write weight:3782, but recv weight: 1304985412
[2024-12-17 15:39:23] [ERROR] [capacity_test] macro((0, 0)) ip(0 mram_addr(00000EC7)) idx(0) write weight:3783, but recv weight: 1304985412
[2024-12-17 15:39:23] [ERROR] [capacity_test] macro((0, 0)) ip(0 mram_addr(00000EC8)) idx(0) write weight:3784, but recv weight: 1304985412
[2024-12-17 15:39:23] [ERROR] [capacity_test] macro((0, 0)) ip(0 mram_addr(00000EC9)) idx(0) write weight:3785, but recv weight: 1304985412
[2024-12-17 15:39:23] [ERROR] [capacity_test] macro((0, 0)) ip(0 mram_addr(00000ECA)) idx(0) write weight:3786, but recv weight: 1304985412
[2024-12-17 15:39:23] [ERROR] [capacity_test] macro((0, 0)) ip(0 mram_addr(00000ECB)) idx(0) write weight:3787, but recv weight: 1304985412
[2024-12-17 15:39:23] [ERROR] [capacity_test] macro((0, 0)) ip(0 mram_addr(00000ECC)) idx(0) write weight:3788, but recv weight: 1304985412
[2024-12-17 15:39:23] [ERROR] [capacity_test] macro((0, 0)) ip(0 mram_addr(00000ECD)) idx(0) write weight:3789, but recv weight: 1304985412
[2024-12-17 15:39:23] [ERROR] [capacity_test] macro((0, 0)) ip(0 mram_addr(00000ECE)) idx(0) write weight:3790, but recv weight: 1304985412
[2024-12-17 15:39:23] [ERROR] [capacity_test] macro((0, 0)) ip(0 mram_addr(00000ECF)) idx(0) write weight:3791, but recv weight: 1304985412
[2024-12-17 15:39:23] [ERROR] [capacity_test] macro((0, 0)) ip(0 mram_addr(00000ED0)) idx(0) write weight:3792, but recv weight: 1304985412
[2024-12-17 15:39:23] [ERROR] [capacity_test] macro((0, 0)) ip(0 mram_addr(00000ED1)) idx(0) write weight:3793, but recv weight: 1304985412
[2024-12-17 15:39:23] [ERROR] [capacity_test] macro((0, 0)) ip(0 mram_addr(00000ED2)) idx(0) write weight:3794, but recv weight: 1304985412
[2024-12-17 15:39:23] [ERROR] [capacity_test] macro((0, 0)) ip(0 mram_addr(00000ED3)) idx(0) write weight:3795, but recv weight: 1304985412
[2024-12-17 15:39:23] [ERROR] [capacity_test] macro((0, 0)) ip(0 mram_addr(00000ED4)) idx(0) write weight:3796, but recv weight: 1303936836
[2024-12-17 15:39:23] [ERROR] [capacity_test] macro((0, 0)) ip(0 mram_addr(00000ED5)) idx(0) write weight:3797, but recv weight: 1303936836
[2024-12-17 15:39:23] [ERROR] [capacity_test] macro((0, 0)) ip(0 mram_addr(00000ED6)) idx(0) write weight:3798, but recv weight: 1303936836
[2024-12-17 15:39:23] [ERROR] [capacity_test] macro((0, 0)) ip(0 mram_addr(00000ED7)) idx(0) write weight:3799, but recv weight: 1303936836
[2024-12-17 15:39:23] [ERROR] [capacity_test] macro((0, 0)) ip(0 mram_addr(00000ED8)) idx(0) write weight:3800, but recv weight: 1303936836
[2024-12-17 15:39:23] [ERROR] [capacity_test] macro((0, 0)) ip(0 mram_addr(00000ED9)) idx(0) write weight:3801, but recv weight: 1303936836
[2024-12-17 15:39:23] [ERROR] [capacity_test] macro((0, 0)) ip(0 mram_addr(00000EDA)) idx(0) write weight:3802, but recv weight: 1303936836
[2024-12-17 15:39:23] [ERROR] [capacity_test] macro((0, 0)) ip(0 mram_addr(00000EDB)) idx(0) write weight:3803, but recv weight: 1303936836
[2024-12-17 15:39:23] [ERROR] [capacity_test] macro((0, 0)) ip(0 mram_addr(00000EDC)) idx(0) write weight:3804, but recv weight: 1303936836
[2024-12-17 15:39:23] [ERROR] [capacity_test] macro((0, 0)) ip(0 mram_addr(00000EDD)) idx(0) write weight:3805, but recv weight: 1303936836
[2024-12-17 15:39:23] [ERROR] [capacity_test] macro((0, 0)) ip(0 mram_addr(00000EDE)) idx(0) write weight:3806, but recv weight: 1303936836
[2024-12-17 15:39:23] [ERROR] [capacity_test] macro((0, 0)) ip(0 mram_addr(00000EDF)) idx(0) write weight:3807, but recv weight: 1303936836
[2024-12-17 15:39:23] [ERROR] [capacity_test] macro((0, 0)) ip(0 mram_addr(00000EE0)) idx(0) write weight:3808, but recv weight: 1303936836
[2024-12-17 15:39:23] [ERROR] [capacity_test] macro((0, 0)) ip(0 mram_addr(00000EE1)) idx(0) write weight:3809, but recv weight: 1303936836
[2024-12-17 15:39:23] [ERROR] [capacity_test] macro((0, 0)) ip(0 mram_addr(00000EE2)) idx(0) write weight:3810, but recv weight: 1302888260
[2024-12-17 15:39:23] [ERROR] [capacity_test] macro((0, 0)) ip(0 mram_addr(00000EE3)) idx(0) write weight:3811, but recv weight: 1302888260
[2024-12-17 15:39:23] [ERROR] [capacity_test] macro((0, 0)) ip(0 mram_addr(00000EE4)) idx(0) write weight:3812, but recv weight: 1301839684
[2024-12-17 15:39:23] [ERROR] [capacity_test] macro((0, 0)) ip(0 mram_addr(00000EE5)) idx(0) write weight:3813, but recv weight: 1301839684
[2024-12-17 15:39:23] [ERROR] [capacity_test] macro((0, 0)) ip(0 mram_addr(00000EE6)) idx(0) write weight:3814, but recv weight: 1300791108
[2024-12-17 15:39:23] [ERROR] [capacity_test] macro((0, 0)) ip(0 mram_addr(00000EE7)) idx(0) write weight:3815, but recv weight: 1300791108
[2024-12-17 15:39:23] [ERROR] [capacity_test] macro((0, 0)) ip(0 mram_addr(00000EE8)) idx(0) write weight:3816, but recv weight: 1299742532
[2024-12-17 15:39:23] [ERROR] [capacity_test] macro((0, 0)) ip(0 mram_addr(00000EE9)) idx(0) write weight:3817, but recv weight: 1299742532
[2024-12-17 15:39:23] [ERROR] [capacity_test] macro((0, 0)) ip(0 mram_addr(00000EEA)) idx(0) write weight:3818, but recv weight: 1298693956
[2024-12-17 15:39:23] [ERROR] [capacity_test] macro((0, 0)) ip(0 mram_addr(00000EEB)) idx(0) write weight:3819, but recv weight: 1298693956
[2024-12-17 15:39:23] [ERROR] [capacity_test] macro((0, 0)) ip(0 mram_addr(00000EEC)) idx(0) write weight:3820, but recv weight: 1297645380
[2024-12-17 15:39:23] [ERROR] [capacity_test] macro((0, 0)) ip(0 mram_addr(00000EED)) idx(0) write weight:3821, but recv weight: 1297645380
[2024-12-17 15:39:23] [ERROR] [capacity_test] macro((0, 0)) ip(0 mram_addr(00000EEE)) idx(0) write weight:3822, but recv weight: 1296596804
[2024-12-17 15:39:23] [ERROR] [capacity_test] macro((0, 0)) ip(0 mram_addr(00000EEF)) idx(0) write weight:3823, but recv weight: 1296596804
[2024-12-17 15:39:23] [ERROR] [capacity_test] macro((0, 0)) ip(0 mram_addr(00000EF0)) idx(0) write weight:3824, but recv weight: 1295548228
[2024-12-17 15:39:23] [ERROR] [capacity_test] macro((0, 0)) ip(0 mram_addr(00000EF1)) idx(0) write weight:3825, but recv weight: 1295548228
[2024-12-17 15:39:23] [ERROR] [capacity_test] macro((0, 0)) ip(0 mram_addr(00000EF2)) idx(0) write weight:3826, but recv weight: 1294499652
[2024-12-17 15:39:23] [ERROR] [capacity_test] macro((0, 0)) ip(0 mram_addr(00000EF3)) idx(0) write weight:3827, but recv weight: 1294499652
[2024-12-17 15:39:23] [ERROR] [capacity_test] macro((0, 0)) ip(0 mram_addr(00000EF4)) idx(0) write weight:3828, but recv weight: 1293451076
[2024-12-17 15:39:23] [ERROR] [capacity_test] macro((0, 0)) ip(0 mram_addr(00000EF5)) idx(0) write weight:3829, but recv weight: 1293451076
[2024-12-17 15:39:23] [ERROR] [capacity_test] macro((0, 0)) ip(0 mram_addr(00000EF6)) idx(0) write weight:3830, but recv weight: 1292402500
[2024-12-17 15:39:23] [ERROR] [capacity_test] macro((0, 0)) ip(0 mram_addr(00000EF7)) idx(0) write weight:3831, but recv weight: 1292402500
[2024-12-17 15:39:23] [ERROR] [capacity_test] macro((0, 0)) ip(0 mram_addr(00000EF8)) idx(0) write weight:3832, but recv weight: 1291353924
[2024-12-17 15:39:23] [ERROR] [capacity_test] macro((0, 0)) ip(0 mram_addr(00000EF9)) idx(0) write weight:3833, but recv weight: 1291353924
[2024-12-17 15:39:23] [ERROR] [capacity_test] macro((0, 0)) ip(0 mram_addr(00000EFA)) idx(0) write weight:3834, but recv weight: 1290305348
[2024-12-17 15:39:23] [ERROR] [capacity_test] macro((0, 0)) ip(0 mram_addr(00000EFB)) idx(0) write weight:3835, but recv weight: 1290305348
[2024-12-17 15:39:23] [ERROR] [capacity_test] macro((0, 0)) ip(0 mram_addr(00000EFC)) idx(0) write weight:3836, but recv weight: 1289256772
[2024-12-17 15:39:23] [ERROR] [capacity_test] macro((0, 0)) ip(0 mram_addr(00000EFD)) idx(0) write weight:3837, but recv weight: 1289256772
[2024-12-17 15:39:23] [ERROR] [capacity_test] macro((0, 0)) ip(0 mram_addr(00000EFE)) idx(0) write weight:3838, but recv weight: 1288208196
[2024-12-17 15:39:23] [ERROR] [capacity_test] macro((0, 0)) ip(0 mram_addr(00000EFF)) idx(0) write weight:3839, but recv weight: 1288208196
[2024-12-17 15:39:23] [ERROR] [capacity_test] macro((0, 0)) ip(0 mram_addr(00000F00)) idx(0) write weight:3840, but recv weight: 1287159620
[2024-12-17 15:39:23] [ERROR] [capacity_test] macro((0, 0)) ip(0 mram_addr(00000F01)) idx(0) write weight:3841, but recv weight: 1287159620
[2024-12-17 15:39:23] [ERROR] [capacity_test] macro((0, 0)) ip(0 mram_addr(00000F02)) idx(0) write weight:3842, but recv weight: 1286111044
[2024-12-17 15:39:23] [ERROR] [capacity_test] macro((0, 0)) ip(0 mram_addr(00000F03)) idx(0) write weight:3843, but recv weight: 1286111044
[2024-12-17 15:39:23] [ERROR] [capacity_test] macro((0, 0)) ip(0 mram_addr(00000F04)) idx(0) write weight:3844, but recv weight: 1285062468
[2024-12-17 15:39:23] [ERROR] [capacity_test] macro((0, 0)) ip(0 mram_addr(00000F05)) idx(0) write weight:3845, but recv weight: 1285062468
[2024-12-17 15:39:23] [ERROR] [capacity_test] macro((0, 0)) ip(0 mram_addr(00000F06)) idx(0) write weight:3846, but recv weight: 1284013892
[2024-12-17 15:39:23] [ERROR] [capacity_test] macro((0, 0)) ip(0 mram_addr(00000F07)) idx(0) write weight:3847, but recv weight: 1284013892
[2024-12-17 15:39:23] [ERROR] [capacity_test] macro((0, 0)) ip(0 mram_addr(00000F08)) idx(0) write weight:3848, but recv weight: 1282965316
[2024-12-17 15:39:23] [ERROR] [capacity_test] macro((0, 0)) ip(0 mram_addr(00000F09)) idx(0) write weight:3849, but recv weight: 1282965316
[2024-12-17 15:39:23] [ERROR] [capacity_test] macro((0, 0)) ip(0 mram_addr(00000F0A)) idx(0) write weight:3850, but recv weight: 1281916740
[2024-12-17 15:39:23] [ERROR] [capacity_test] macro((0, 0)) ip(0 mram_addr(00000F0B)) idx(0) write weight:3851, but recv weight: 1281916740
[2024-12-17 15:39:23] [ERROR] [capacity_test] macro((0, 0)) ip(0 mram_addr(00000F0C)) idx(0) write weight:3852, but recv weight: 1280868164
[2024-12-17 15:39:23] [ERROR] [capacity_test] macro((0, 0)) ip(0 mram_addr(00000F0D)) idx(0) write weight:3853, but recv weight: 1280868164
[2024-12-17 15:39:23] [ERROR] [capacity_test] macro((0, 0)) ip(0 mram_addr(00000F0E)) idx(0) write weight:3854, but recv weight: 1279819588
[2024-12-17 15:39:23] [ERROR] [capacity_test] macro((0, 0)) ip(0 mram_addr(00000F0F)) idx(0) write weight:3855, but recv weight: 1279819588
[2024-12-17 15:39:23] [ERROR] [capacity_test] macro((0, 0)) ip(0 mram_addr(00000F10)) idx(0) write weight:3856, but recv weight: 1278771012
[2024-12-17 15:39:23] [ERROR] [capacity_test] macro((0, 0)) ip(0 mram_addr(00000F11)) idx(0) write weight:3857, but recv weight: 1278771012
[2024-12-17 15:39:23] [ERROR] [capacity_test] macro((0, 0)) ip(0 mram_addr(00000F12)) idx(0) write weight:3858, but recv weight: 1277722436
[2024-12-17 15:39:23] [ERROR] [capacity_test] macro((0, 0)) ip(0 mram_addr(00000F13)) idx(0) write weight:3859, but recv weight: 1277722436
[2024-12-17 15:39:23] [ERROR] [capacity_test] macro((0, 0)) ip(0 mram_addr(00000F14)) idx(0) write weight:3860, but recv weight: 1276673860
[2024-12-17 15:39:23] [ERROR] [capacity_test] macro((0, 0)) ip(0 mram_addr(00000F15)) idx(0) write weight:3861, but recv weight: 1276673860
[2024-12-17 15:39:23] [ERROR] [capacity_test] macro((0, 0)) ip(0 mram_addr(00000F16)) idx(0) write weight:3862, but recv weight: 1275625284
[2024-12-17 15:39:23] [ERROR] [capacity_test] macro((0, 0)) ip(0 mram_addr(00000F17)) idx(0) write weight:3863, but recv weight: 1275625284
[2024-12-17 15:39:23] [ERROR] [capacity_test] macro((0, 0)) ip(0 mram_addr(00000F18)) idx(0) write weight:3864, but recv weight: 1274576708
[2024-12-17 15:39:23] [ERROR] [capacity_test] macro((0, 0)) ip(0 mram_addr(00000F19)) idx(0) write weight:3865, but recv weight: 1274576708
[2024-12-17 15:39:23] [ERROR] [capacity_test] macro((0, 0)) ip(0 mram_addr(00000F1A)) idx(0) write weight:3866, but recv weight: 1273528132
[2024-12-17 15:39:23] [ERROR] [capacity_test] macro((0, 0)) ip(0 mram_addr(00000F1B)) idx(0) write weight:3867, but recv weight: 1273528132
[2024-12-17 15:39:23] [ERROR] [capacity_test] macro((0, 0)) ip(0 mram_addr(00000F1C)) idx(0) write weight:3868, but recv weight: 1272479556
[2024-12-17 15:39:23] [ERROR] [capacity_test] macro((0, 0)) ip(0 mram_addr(00000F1D)) idx(0) write weight:3869, but recv weight: 1272479556
[2024-12-17 15:39:23] [ERROR] [capacity_test] macro((0, 0)) ip(0 mram_addr(00000F1E)) idx(0) write weight:3870, but recv weight: 1271430980
[2024-12-17 15:39:23] [ERROR] [capacity_test] macro((0, 0)) ip(0 mram_addr(00000F1F)) idx(0) write weight:3871, but recv weight: 1271430980
[2024-12-17 15:39:23] [ERROR] [capacity_test] macro((0, 0)) ip(0 mram_addr(00000F20)) idx(0) write weight:3872, but recv weight: 1270382404
[2024-12-17 15:39:23] [ERROR] [capacity_test] macro((0, 0)) ip(0 mram_addr(00000F21)) idx(0) write weight:3873, but recv weight: 1270382404
[2024-12-17 15:39:23] [ERROR] [capacity_test] macro((0, 0)) ip(0 mram_addr(00000F22)) idx(0) write weight:3874, but recv weight: 1269333828
[2024-12-17 15:39:23] [ERROR] [capacity_test] macro((0, 0)) ip(0 mram_addr(00000F23)) idx(0) write weight:3875, but recv weight: 1269333828
[2024-12-17 15:39:23] [ERROR] [capacity_test] macro((0, 0)) ip(0 mram_addr(00000F24)) idx(0) write weight:3876, but recv weight: 1267236676
[2024-12-17 15:39:23] [ERROR] [capacity_test] macro((0, 0)) ip(0 mram_addr(00000F25)) idx(0) write weight:3877, but recv weight: 1265139524
[2024-12-17 15:39:23] [ERROR] [capacity_test] macro((0, 0)) ip(0 mram_addr(00000F26)) idx(0) write weight:3878, but recv weight: 1263042372
[2024-12-17 15:39:23] [ERROR] [capacity_test] macro((0, 0)) ip(0 mram_addr(00000F27)) idx(0) write weight:3879, but recv weight: 1260945220
[2024-12-17 15:39:23] [ERROR] [capacity_test] macro((0, 0)) ip(0 mram_addr(00000F28)) idx(0) write weight:3880, but recv weight: 1258848068
[2024-12-17 15:39:23] [ERROR] [capacity_test] macro((0, 0)) ip(0 mram_addr(00000F29)) idx(0) write weight:3881, but recv weight: 1256750916
[2024-12-17 15:39:23] [ERROR] [capacity_test] macro((0, 0)) ip(0 mram_addr(00000F2A)) idx(0) write weight:3882, but recv weight: 1254653764
[2024-12-17 15:39:23] [ERROR] [capacity_test] macro((0, 0)) ip(0 mram_addr(00000F2B)) idx(0) write weight:3883, but recv weight: 1252556612
[2024-12-17 15:39:23] [ERROR] [capacity_test] macro((0, 0)) ip(0 mram_addr(00000F2C)) idx(0) write weight:3884, but recv weight: 1250459460
[2024-12-17 15:39:23] [ERROR] [capacity_test] macro((0, 0)) ip(0 mram_addr(00000F2D)) idx(0) write weight:3885, but recv weight: 1248362308
[2024-12-17 15:39:23] [ERROR] [capacity_test] macro((0, 0)) ip(0 mram_addr(00000F2E)) idx(0) write weight:3886, but recv weight: 1246265156
[2024-12-17 15:39:23] [ERROR] [capacity_test] macro((0, 0)) ip(0 mram_addr(00000F2F)) idx(0) write weight:3887, but recv weight: 1244168004
[2024-12-17 15:39:23] [ERROR] [capacity_test] macro((0, 0)) ip(0 mram_addr(00000F30)) idx(0) write weight:3888, but recv weight: 1242070852
[2024-12-17 15:39:23] [ERROR] [capacity_test] macro((0, 0)) ip(0 mram_addr(00000F31)) idx(0) write weight:3889, but recv weight: 1239973700
[2024-12-17 15:39:23] [ERROR] [capacity_test] macro((0, 0)) ip(0 mram_addr(00000F32)) idx(0) write weight:3890, but recv weight: 1237876548
[2024-12-17 15:39:23] [ERROR] [capacity_test] macro((0, 0)) ip(0 mram_addr(00000F33)) idx(0) write weight:3891, but recv weight: 1235779396
[2024-12-17 15:39:23] [ERROR] [capacity_test] macro((0, 0)) ip(0 mram_addr(00000F34)) idx(0) write weight:3892, but recv weight: 1233682244
[2024-12-17 15:39:23] [ERROR] [capacity_test] macro((0, 0)) ip(0 mram_addr(00000F35)) idx(0) write weight:3893, but recv weight: 1231585092
[2024-12-17 15:39:23] [ERROR] [capacity_test] macro((0, 0)) ip(0 mram_addr(00000F36)) idx(0) write weight:3894, but recv weight: 1229487940
[2024-12-17 15:39:23] [ERROR] [capacity_test] macro((0, 0)) ip(0 mram_addr(00000F37)) idx(0) write weight:3895, but recv weight: 1227390788
[2024-12-17 15:39:23] [ERROR] [capacity_test] macro((0, 0)) ip(0 mram_addr(00000F38)) idx(0) write weight:3896, but recv weight: 1225293636
[2024-12-17 15:39:23] [ERROR] [capacity_test] macro((0, 0)) ip(0 mram_addr(00000F39)) idx(0) write weight:3897, but recv weight: 1223196484
[2024-12-17 15:39:23] [ERROR] [capacity_test] macro((0, 0)) ip(0 mram_addr(00000F3A)) idx(0) write weight:3898, but recv weight: 1221099332
[2024-12-17 15:39:23] [ERROR] [capacity_test] macro((0, 0)) ip(0 mram_addr(00000F3B)) idx(0) write weight:3899, but recv weight: 1219002180
[2024-12-17 15:39:23] [ERROR] [capacity_test] macro((0, 0)) ip(0 mram_addr(00000F3C)) idx(0) write weight:3900, but recv weight: 1216905028
[2024-12-17 15:39:23] [ERROR] [capacity_test] macro((0, 0)) ip(0 mram_addr(00000F3D)) idx(0) write weight:3901, but recv weight: 1214807876
[2024-12-17 15:39:23] [ERROR] [capacity_test] macro((0, 0)) ip(0 mram_addr(00000F3E)) idx(0) write weight:3902, but recv weight: 1212710724
[2024-12-17 15:39:23] [ERROR] [capacity_test] macro((0, 0)) ip(0 mram_addr(00000F3F)) idx(0) write weight:3903, but recv weight: 1210613572
[2024-12-17 15:39:23] [ERROR] [capacity_test] macro((0, 0)) ip(0 mram_addr(00000F40)) idx(0) write weight:3904, but recv weight: 1208516420
[2024-12-17 15:39:23] [ERROR] [capacity_test] macro((0, 0)) ip(0 mram_addr(00000F41)) idx(0) write weight:3905, but recv weight: 1206419268
[2024-12-17 15:39:23] [ERROR] [capacity_test] macro((0, 0)) ip(0 mram_addr(00000F42)) idx(0) write weight:3906, but recv weight: 1204322116
[2024-12-17 15:39:23] [ERROR] [capacity_test] macro((0, 0)) ip(0 mram_addr(00000F43)) idx(0) write weight:3907, but recv weight: 0
[2024-12-17 15:39:23] [ERROR] [capacity_test] macro((0, 0)) ip(0 mram_addr(00000F44)) idx(0) write weight:3908, but recv weight: 1304985412
[2024-12-17 15:39:23] [ERROR] [capacity_test] macro((0, 0)) ip(0 mram_addr(00000F45)) idx(0) write weight:3909, but recv weight: 1304985412
[2024-12-17 15:39:23] [ERROR] [capacity_test] macro((0, 0)) ip(0 mram_addr(00000F46)) idx(0) write weight:3910, but recv weight: 1304985412
[2024-12-17 15:39:23] [ERROR] [capacity_test] macro((0, 0)) ip(0 mram_addr(00000F47)) idx(0) write weight:3911, but recv weight: 1304985412
[2024-12-17 15:39:23] [ERROR] [capacity_test] macro((0, 0)) ip(0 mram_addr(00000F48)) idx(0) write weight:3912, but recv weight: 1304985412
[2024-12-17 15:39:23] [ERROR] [capacity_test] macro((0, 0)) ip(0 mram_addr(00000F49)) idx(0) write weight:3913, but recv weight: 1304985412
[2024-12-17 15:39:23] [ERROR] [capacity_test] macro((0, 0)) ip(0 mram_addr(00000F4A)) idx(0) write weight:3914, but recv weight: 1304985412
[2024-12-17 15:39:23] [ERROR] [capacity_test] macro((0, 0)) ip(0 mram_addr(00000F4B)) idx(0) write weight:3915, but recv weight: 1304985412
[2024-12-17 15:39:23] [ERROR] [capacity_test] macro((0, 0)) ip(0 mram_addr(00000F4C)) idx(0) write weight:3916, but recv weight: 1304985412
[2024-12-17 15:39:23] [ERROR] [capacity_test] macro((0, 0)) ip(0 mram_addr(00000F4D)) idx(0) write weight:3917, but recv weight: 1304985412
[2024-12-17 15:39:23] [ERROR] [capacity_test] macro((0, 0)) ip(0 mram_addr(00000F4E)) idx(0) write weight:3918, but recv weight: 1304985412
[2024-12-17 15:39:23] [ERROR] [capacity_test] macro((0, 0)) ip(0 mram_addr(00000F4F)) idx(0) write weight:3919, but recv weight: 1304985412
[2024-12-17 15:39:23] [ERROR] [capacity_test] macro((0, 0)) ip(0 mram_addr(00000F50)) idx(0) write weight:3920, but recv weight: 1304985412
[2024-12-17 15:39:23] [ERROR] [capacity_test] macro((0, 0)) ip(0 mram_addr(00000F51)) idx(0) write weight:3921, but recv weight: 1304985412
[2024-12-17 15:39:23] [ERROR] [capacity_test] macro((0, 0)) ip(0 mram_addr(00000F52)) idx(0) write weight:3922, but recv weight: 1304985412
[2024-12-17 15:39:23] [ERROR] [capacity_test] macro((0, 0)) ip(0 mram_addr(00000F53)) idx(0) write weight:3923, but recv weight: 1303936836
[2024-12-17 15:39:23] [ERROR] [capacity_test] macro((0, 0)) ip(0 mram_addr(00000F54)) idx(0) write weight:3924, but recv weight: 1303936836
[2024-12-17 15:39:23] [ERROR] [capacity_test] macro((0, 0)) ip(0 mram_addr(00000F55)) idx(0) write weight:3925, but recv weight: 1303936836
[2024-12-17 15:39:23] [ERROR] [capacity_test] macro((0, 0)) ip(0 mram_addr(00000F56)) idx(0) write weight:3926, but recv weight: 1303936836
[2024-12-17 15:39:23] [ERROR] [capacity_test] macro((0, 0)) ip(0 mram_addr(00000F57)) idx(0) write weight:3927, but recv weight: 1303936836
[2024-12-17 15:39:23] [ERROR] [capacity_test] macro((0, 0)) ip(0 mram_addr(00000F58)) idx(0) write weight:3928, but recv weight: 1303936836
[2024-12-17 15:39:23] [ERROR] [capacity_test] macro((0, 0)) ip(0 mram_addr(00000F59)) idx(0) write weight:3929, but recv weight: 1303936836
[2024-12-17 15:39:23] [ERROR] [capacity_test] macro((0, 0)) ip(0 mram_addr(00000F5A)) idx(0) write weight:3930, but recv weight: 1303936836
[2024-12-17 15:39:23] [ERROR] [capacity_test] macro((0, 0)) ip(0 mram_addr(00000F5B)) idx(0) write weight:3931, but recv weight: 1303936836
[2024-12-17 15:39:23] [ERROR] [capacity_test] macro((0, 0)) ip(0 mram_addr(00000F5C)) idx(0) write weight:3932, but recv weight: 1303936836
[2024-12-17 15:39:23] [ERROR] [capacity_test] macro((0, 0)) ip(0 mram_addr(00000F5D)) idx(0) write weight:3933, but recv weight: 1303936836
[2024-12-17 15:39:23] [ERROR] [capacity_test] macro((0, 0)) ip(0 mram_addr(00000F5E)) idx(0) write weight:3934, but recv weight: 1303936836
[2024-12-17 15:39:23] [ERROR] [capacity_test] macro((0, 0)) ip(0 mram_addr(00000F5F)) idx(0) write weight:3935, but recv weight: 1303936836
[2024-12-17 15:39:23] [ERROR] [capacity_test] macro((0, 0)) ip(0 mram_addr(00000F60)) idx(0) write weight:3936, but recv weight: 1303936836
[2024-12-17 15:39:23] [ERROR] [capacity_test] macro((0, 0)) ip(0 mram_addr(00000F61)) idx(0) write weight:3937, but recv weight: 1302888260
[2024-12-17 15:39:23] [ERROR] [capacity_test] macro((0, 0)) ip(0 mram_addr(00000F62)) idx(0) write weight:3938, but recv weight: 1302888260
[2024-12-17 15:39:23] [ERROR] [capacity_test] macro((0, 0)) ip(0 mram_addr(00000F63)) idx(0) write weight:3939, but recv weight: 1301839684
[2024-12-17 15:39:23] [ERROR] [capacity_test] macro((0, 0)) ip(0 mram_addr(00000F64)) idx(0) write weight:3940, but recv weight: 1301839684
[2024-12-17 15:39:23] [ERROR] [capacity_test] macro((0, 0)) ip(0 mram_addr(00000F65)) idx(0) write weight:3941, but recv weight: 1300791108
[2024-12-17 15:39:23] [ERROR] [capacity_test] macro((0, 0)) ip(0 mram_addr(00000F66)) idx(0) write weight:3942, but recv weight: 1300791108
[2024-12-17 15:39:23] [ERROR] [capacity_test] macro((0, 0)) ip(0 mram_addr(00000F67)) idx(0) write weight:3943, but recv weight: 1299742532
[2024-12-17 15:39:23] [ERROR] [capacity_test] macro((0, 0)) ip(0 mram_addr(00000F68)) idx(0) write weight:3944, but recv weight: 1299742532
[2024-12-17 15:39:23] [ERROR] [capacity_test] macro((0, 0)) ip(0 mram_addr(00000F69)) idx(0) write weight:3945, but recv weight: 1298693956
[2024-12-17 15:39:23] [ERROR] [capacity_test] macro((0, 0)) ip(0 mram_addr(00000F6A)) idx(0) write weight:3946, but recv weight: 1298693956
[2024-12-17 15:39:23] [ERROR] [capacity_test] macro((0, 0)) ip(0 mram_addr(00000F6B)) idx(0) write weight:3947, but recv weight: 1297645380
[2024-12-17 15:39:23] [ERROR] [capacity_test] macro((0, 0)) ip(0 mram_addr(00000F6C)) idx(0) write weight:3948, but recv weight: 1297645380
[2024-12-17 15:39:23] [ERROR] [capacity_test] macro((0, 0)) ip(0 mram_addr(00000F6D)) idx(0) write weight:3949, but recv weight: 1296596804
[2024-12-17 15:39:23] [ERROR] [capacity_test] macro((0, 0)) ip(0 mram_addr(00000F6E)) idx(0) write weight:3950, but recv weight: 1296596804
[2024-12-17 15:39:23] [ERROR] [capacity_test] macro((0, 0)) ip(0 mram_addr(00000F6F)) idx(0) write weight:3951, but recv weight: 1295548228
[2024-12-17 15:39:23] [ERROR] [capacity_test] macro((0, 0)) ip(0 mram_addr(00000F70)) idx(0) write weight:3952, but recv weight: 1295548228
[2024-12-17 15:39:23] [ERROR] [capacity_test] macro((0, 0)) ip(0 mram_addr(00000F71)) idx(0) write weight:3953, but recv weight: 1294499652
[2024-12-17 15:39:23] [ERROR] [capacity_test] macro((0, 0)) ip(0 mram_addr(00000F72)) idx(0) write weight:3954, but recv weight: 1294499652
[2024-12-17 15:39:23] [ERROR] [capacity_test] macro((0, 0)) ip(0 mram_addr(00000F73)) idx(0) write weight:3955, but recv weight: 1293451076
[2024-12-17 15:39:23] [ERROR] [capacity_test] macro((0, 0)) ip(0 mram_addr(00000F74)) idx(0) write weight:3956, but recv weight: 1293451076
[2024-12-17 15:39:23] [ERROR] [capacity_test] macro((0, 0)) ip(0 mram_addr(00000F75)) idx(0) write weight:3957, but recv weight: 1292402500
[2024-12-17 15:39:23] [ERROR] [capacity_test] macro((0, 0)) ip(0 mram_addr(00000F76)) idx(0) write weight:3958, but recv weight: 1292402500
[2024-12-17 15:39:23] [ERROR] [capacity_test] macro((0, 0)) ip(0 mram_addr(00000F77)) idx(0) write weight:3959, but recv weight: 1291353924
[2024-12-17 15:39:23] [ERROR] [capacity_test] macro((0, 0)) ip(0 mram_addr(00000F78)) idx(0) write weight:3960, but recv weight: 1291353924
[2024-12-17 15:39:23] [ERROR] [capacity_test] macro((0, 0)) ip(0 mram_addr(00000F79)) idx(0) write weight:3961, but recv weight: 1290305348
[2024-12-17 15:39:23] [ERROR] [capacity_test] macro((0, 0)) ip(0 mram_addr(00000F7A)) idx(0) write weight:3962, but recv weight: 1290305348
[2024-12-17 15:39:23] [ERROR] [capacity_test] macro((0, 0)) ip(0 mram_addr(00000F7B)) idx(0) write weight:3963, but recv weight: 1289256772
[2024-12-17 15:39:23] [ERROR] [capacity_test] macro((0, 0)) ip(0 mram_addr(00000F7C)) idx(0) write weight:3964, but recv weight: 1289256772
[2024-12-17 15:39:23] [ERROR] [capacity_test] macro((0, 0)) ip(0 mram_addr(00000F7D)) idx(0) write weight:3965, but recv weight: 1288208196
[2024-12-17 15:39:23] [ERROR] [capacity_test] macro((0, 0)) ip(0 mram_addr(00000F7E)) idx(0) write weight:3966, but recv weight: 1288208196
[2024-12-17 15:39:23] [ERROR] [capacity_test] macro((0, 0)) ip(0 mram_addr(00000F7F)) idx(0) write weight:3967, but recv weight: 1287159620
[2024-12-17 15:39:23] [ERROR] [capacity_test] macro((0, 0)) ip(0 mram_addr(00000F80)) idx(0) write weight:3968, but recv weight: 1287159620
[2024-12-17 15:39:23] [ERROR] [capacity_test] macro((0, 0)) ip(0 mram_addr(00000F81)) idx(0) write weight:3969, but recv weight: 1286111044
[2024-12-17 15:39:23] [ERROR] [capacity_test] macro((0, 0)) ip(0 mram_addr(00000F82)) idx(0) write weight:3970, but recv weight: 1286111044
[2024-12-17 15:39:23] [ERROR] [capacity_test] macro((0, 0)) ip(0 mram_addr(00000F83)) idx(0) write weight:3971, but recv weight: 1285062468
[2024-12-17 15:39:23] [ERROR] [capacity_test] macro((0, 0)) ip(0 mram_addr(00000F84)) idx(0) write weight:3972, but recv weight: 1285062468
[2024-12-17 15:39:23] [ERROR] [capacity_test] macro((0, 0)) ip(0 mram_addr(00000F85)) idx(0) write weight:3973, but recv weight: 1284013892
[2024-12-17 15:39:23] [ERROR] [capacity_test] macro((0, 0)) ip(0 mram_addr(00000F86)) idx(0) write weight:3974, but recv weight: 1284013892
[2024-12-17 15:39:23] [ERROR] [capacity_test] macro((0, 0)) ip(0 mram_addr(00000F87)) idx(0) write weight:3975, but recv weight: 1282965316
[2024-12-17 15:39:23] [ERROR] [capacity_test] macro((0, 0)) ip(0 mram_addr(00000F88)) idx(0) write weight:3976, but recv weight: 1282965316
[2024-12-17 15:39:23] [ERROR] [capacity_test] macro((0, 0)) ip(0 mram_addr(00000F89)) idx(0) write weight:3977, but recv weight: 1281916740
[2024-12-17 15:39:23] [ERROR] [capacity_test] macro((0, 0)) ip(0 mram_addr(00000F8A)) idx(0) write weight:3978, but recv weight: 1281916740
[2024-12-17 15:39:23] [ERROR] [capacity_test] macro((0, 0)) ip(0 mram_addr(00000F8B)) idx(0) write weight:3979, but recv weight: 1280868164
[2024-12-17 15:39:23] [ERROR] [capacity_test] macro((0, 0)) ip(0 mram_addr(00000F8C)) idx(0) write weight:3980, but recv weight: 1280868164
[2024-12-17 15:39:23] [ERROR] [capacity_test] macro((0, 0)) ip(0 mram_addr(00000F8D)) idx(0) write weight:3981, but recv weight: 1279819588
[2024-12-17 15:39:23] [ERROR] [capacity_test] macro((0, 0)) ip(0 mram_addr(00000F8E)) idx(0) write weight:3982, but recv weight: 1279819588
[2024-12-17 15:39:23] [ERROR] [capacity_test] macro((0, 0)) ip(0 mram_addr(00000F8F)) idx(0) write weight:3983, but recv weight: 1278771012
[2024-12-17 15:39:23] [ERROR] [capacity_test] macro((0, 0)) ip(0 mram_addr(00000F90)) idx(0) write weight:3984, but recv weight: 1278771012
[2024-12-17 15:39:23] [ERROR] [capacity_test] macro((0, 0)) ip(0 mram_addr(00000F91)) idx(0) write weight:3985, but recv weight: 1277722436
[2024-12-17 15:39:23] [ERROR] [capacity_test] macro((0, 0)) ip(0 mram_addr(00000F92)) idx(0) write weight:3986, but recv weight: 1277722436
[2024-12-17 15:39:23] [ERROR] [capacity_test] macro((0, 0)) ip(0 mram_addr(00000F93)) idx(0) write weight:3987, but recv weight: 1276673860
[2024-12-17 15:39:23] [ERROR] [capacity_test] macro((0, 0)) ip(0 mram_addr(00000F94)) idx(0) write weight:3988, but recv weight: 1276673860
[2024-12-17 15:39:23] [ERROR] [capacity_test] macro((0, 0)) ip(0 mram_addr(00000F95)) idx(0) write weight:3989, but recv weight: 1275625284
[2024-12-17 15:39:23] [ERROR] [capacity_test] macro((0, 0)) ip(0 mram_addr(00000F96)) idx(0) write weight:3990, but recv weight: 1275625284
[2024-12-17 15:39:23] [ERROR] [capacity_test] macro((0, 0)) ip(0 mram_addr(00000F97)) idx(0) write weight:3991, but recv weight: 1274576708
[2024-12-17 15:39:23] [ERROR] [capacity_test] macro((0, 0)) ip(0 mram_addr(00000F98)) idx(0) write weight:3992, but recv weight: 1274576708
[2024-12-17 15:39:23] [ERROR] [capacity_test] macro((0, 0)) ip(0 mram_addr(00000F99)) idx(0) write weight:3993, but recv weight: 1273528132
[2024-12-17 15:39:23] [ERROR] [capacity_test] macro((0, 0)) ip(0 mram_addr(00000F9A)) idx(0) write weight:3994, but recv weight: 1273528132
[2024-12-17 15:39:23] [ERROR] [capacity_test] macro((0, 0)) ip(0 mram_addr(00000F9B)) idx(0) write weight:3995, but recv weight: 1272479556
[2024-12-17 15:39:23] [ERROR] [capacity_test] macro((0, 0)) ip(0 mram_addr(00000F9C)) idx(0) write weight:3996, but recv weight: 1272479556
[2024-12-17 15:39:23] [ERROR] [capacity_test] macro((0, 0)) ip(0 mram_addr(00000F9D)) idx(0) write weight:3997, but recv weight: 1271430980
[2024-12-17 15:39:23] [ERROR] [capacity_test] macro((0, 0)) ip(0 mram_addr(00000F9E)) idx(0) write weight:3998, but recv weight: 1271430980
[2024-12-17 15:39:23] [ERROR] [capacity_test] macro((0, 0)) ip(0 mram_addr(00000F9F)) idx(0) write weight:3999, but recv weight: 1270382404
[2024-12-17 15:39:23] [ERROR] [capacity_test] macro((0, 0)) ip(0 mram_addr(00000FA0)) idx(0) write weight:4000, but recv weight: 1270382404
[2024-12-17 15:39:23] [ERROR] [capacity_test] macro((0, 0)) ip(0 mram_addr(00000FA1)) idx(0) write weight:4001, but recv weight: 1269333828
[2024-12-17 15:39:23] [ERROR] [capacity_test] macro((0, 0)) ip(0 mram_addr(00000FA2)) idx(0) write weight:4002, but recv weight: 1269333828
[2024-12-17 15:39:23] [ERROR] [capacity_test] macro((0, 0)) ip(0 mram_addr(00000FA3)) idx(0) write weight:4003, but recv weight: 1268285252
[2024-12-17 15:39:23] [ERROR] [capacity_test] macro((0, 0)) ip(0 mram_addr(00000FA4)) idx(0) write weight:4004, but recv weight: 1266188100
[2024-12-17 15:39:23] [ERROR] [capacity_test] macro((0, 0)) ip(0 mram_addr(00000FA5)) idx(0) write weight:4005, but recv weight: 1264090948
[2024-12-17 15:39:23] [ERROR] [capacity_test] macro((0, 0)) ip(0 mram_addr(00000FA6)) idx(0) write weight:4006, but recv weight: 1261993796
[2024-12-17 15:39:23] [ERROR] [capacity_test] macro((0, 0)) ip(0 mram_addr(00000FA7)) idx(0) write weight:4007, but recv weight: 1259896644
[2024-12-17 15:39:23] [ERROR] [capacity_test] macro((0, 0)) ip(0 mram_addr(00000FA8)) idx(0) write weight:4008, but recv weight: 1257799492
[2024-12-17 15:39:23] [ERROR] [capacity_test] macro((0, 0)) ip(0 mram_addr(00000FA9)) idx(0) write weight:4009, but recv weight: 1255702340
[2024-12-17 15:39:23] [ERROR] [capacity_test] macro((0, 0)) ip(0 mram_addr(00000FAA)) idx(0) write weight:4010, but recv weight: 1253605188
[2024-12-17 15:39:23] [ERROR] [capacity_test] macro((0, 0)) ip(0 mram_addr(00000FAB)) idx(0) write weight:4011, but recv weight: 1251508036
[2024-12-17 15:39:23] [ERROR] [capacity_test] macro((0, 0)) ip(0 mram_addr(00000FAC)) idx(0) write weight:4012, but recv weight: 1249410884
[2024-12-17 15:39:23] [ERROR] [capacity_test] macro((0, 0)) ip(0 mram_addr(00000FAD)) idx(0) write weight:4013, but recv weight: 1247313732
[2024-12-17 15:39:24] [ERROR] [capacity_test] macro((0, 0)) ip(0 mram_addr(00000FAE)) idx(0) write weight:4014, but recv weight: 1245216580
[2024-12-17 15:39:24] [ERROR] [capacity_test] macro((0, 0)) ip(0 mram_addr(00000FAF)) idx(0) write weight:4015, but recv weight: 1243119428
[2024-12-17 15:39:24] [ERROR] [capacity_test] macro((0, 0)) ip(0 mram_addr(00000FB0)) idx(0) write weight:4016, but recv weight: 1241022276
[2024-12-17 15:39:24] [ERROR] [capacity_test] macro((0, 0)) ip(0 mram_addr(00000FB1)) idx(0) write weight:4017, but recv weight: 1238925124
[2024-12-17 15:39:24] [ERROR] [capacity_test] macro((0, 0)) ip(0 mram_addr(00000FB2)) idx(0) write weight:4018, but recv weight: 1236827972
[2024-12-17 15:39:24] [ERROR] [capacity_test] macro((0, 0)) ip(0 mram_addr(00000FB3)) idx(0) write weight:4019, but recv weight: 1234730820
[2024-12-17 15:39:24] [ERROR] [capacity_test] macro((0, 0)) ip(0 mram_addr(00000FB4)) idx(0) write weight:4020, but recv weight: 1232633668
[2024-12-17 15:39:24] [ERROR] [capacity_test] macro((0, 0)) ip(0 mram_addr(00000FB5)) idx(0) write weight:4021, but recv weight: 1230536516
[2024-12-17 15:39:24] [ERROR] [capacity_test] macro((0, 0)) ip(0 mram_addr(00000FB6)) idx(0) write weight:4022, but recv weight: 1228439364
[2024-12-17 15:39:24] [ERROR] [capacity_test] macro((0, 0)) ip(0 mram_addr(00000FB7)) idx(0) write weight:4023, but recv weight: 1226342212
[2024-12-17 15:39:24] [ERROR] [capacity_test] macro((0, 0)) ip(0 mram_addr(00000FB8)) idx(0) write weight:4024, but recv weight: 1224245060
[2024-12-17 15:39:24] [ERROR] [capacity_test] macro((0, 0)) ip(0 mram_addr(00000FB9)) idx(0) write weight:4025, but recv weight: 1222147908
[2024-12-17 15:39:24] [ERROR] [capacity_test] macro((0, 0)) ip(0 mram_addr(00000FBA)) idx(0) write weight:4026, but recv weight: 1220050756
[2024-12-17 15:39:24] [ERROR] [capacity_test] macro((0, 0)) ip(0 mram_addr(00000FBB)) idx(0) write weight:4027, but recv weight: 1217953604
[2024-12-17 15:39:24] [ERROR] [capacity_test] macro((0, 0)) ip(0 mram_addr(00000FBC)) idx(0) write weight:4028, but recv weight: 1215856452
[2024-12-17 15:39:24] [ERROR] [capacity_test] macro((0, 0)) ip(0 mram_addr(00000FBD)) idx(0) write weight:4029, but recv weight: 1213759300
[2024-12-17 15:39:24] [ERROR] [capacity_test] macro((0, 0)) ip(0 mram_addr(00000FBE)) idx(0) write weight:4030, but recv weight: 1211662148
[2024-12-17 15:39:24] [ERROR] [capacity_test] macro((0, 0)) ip(0 mram_addr(00000FBF)) idx(0) write weight:4031, but recv weight: 1209564996
[2024-12-17 15:39:24] [ERROR] [capacity_test] macro((0, 0)) ip(0 mram_addr(00000FC0)) idx(0) write weight:4032, but recv weight: 1207467844
[2024-12-17 15:39:24] [ERROR] [capacity_test] macro((0, 0)) ip(0 mram_addr(00000FC1)) idx(0) write weight:4033, but recv weight: 1205370692
[2024-12-17 15:39:24] [ERROR] [capacity_test] macro((0, 0)) ip(0 mram_addr(00000FC2)) idx(0) write weight:4034, but recv weight: 1306033988
[2024-12-17 15:39:24] [ERROR] [capacity_test] macro((0, 0)) ip(0 mram_addr(00000FC3)) idx(0) write weight:4035, but recv weight: 1306033988
[2024-12-17 15:39:24] [ERROR] [capacity_test] macro((0, 0)) ip(0 mram_addr(00000FC4)) idx(0) write weight:4036, but recv weight: 1306033988
[2024-12-17 15:39:24] [ERROR] [capacity_test] macro((0, 0)) ip(0 mram_addr(00000FC5)) idx(0) write weight:4037, but recv weight: 1306033988
[2024-12-17 15:39:24] [ERROR] [capacity_test] macro((0, 0)) ip(0 mram_addr(00000FC6)) idx(0) write weight:4038, but recv weight: 1306033988
[2024-12-17 15:39:24] [ERROR] [capacity_test] macro((0, 0)) ip(0 mram_addr(00000FC7)) idx(0) write weight:4039, but recv weight: 1304985412
[2024-12-17 15:39:24] [ERROR] [capacity_test] macro((0, 0)) ip(0 mram_addr(00000FC8)) idx(0) write weight:4040, but recv weight: 1304985412
[2024-12-17 15:39:24] [ERROR] [capacity_test] macro((0, 0)) ip(0 mram_addr(00000FC9)) idx(0) write weight:4041, but recv weight: 1304985412
[2024-12-17 15:39:24] [ERROR] [capacity_test] macro((0, 0)) ip(0 mram_addr(00000FCA)) idx(0) write weight:4042, but recv weight: 1304985412
[2024-12-17 15:39:24] [ERROR] [capacity_test] macro((0, 0)) ip(0 mram_addr(00000FCB)) idx(0) write weight:4043, but recv weight: 1304985412
[2024-12-17 15:39:24] [ERROR] [capacity_test] macro((0, 0)) ip(0 mram_addr(00000FCC)) idx(0) write weight:4044, but recv weight: 1304985412
[2024-12-17 15:39:24] [ERROR] [capacity_test] macro((0, 0)) ip(0 mram_addr(00000FCD)) idx(0) write weight:4045, but recv weight: 1304985412
[2024-12-17 15:39:24] [ERROR] [capacity_test] macro((0, 0)) ip(0 mram_addr(00000FCE)) idx(0) write weight:4046, but recv weight: 1304985412
[2024-12-17 15:39:24] [ERROR] [capacity_test] macro((0, 0)) ip(0 mram_addr(00000FCF)) idx(0) write weight:4047, but recv weight: 1304985412
[2024-12-17 15:39:24] [ERROR] [capacity_test] macro((0, 0)) ip(0 mram_addr(00000FD0)) idx(0) write weight:4048, but recv weight: 1304985412
[2024-12-17 15:39:24] [ERROR] [capacity_test] macro((0, 0)) ip(0 mram_addr(00000FD1)) idx(0) write weight:4049, but recv weight: 1304985412
[2024-12-17 15:39:24] [ERROR] [capacity_test] macro((0, 0)) ip(0 mram_addr(00000FD2)) idx(0) write weight:4050, but recv weight: 1304985412
[2024-12-17 15:39:24] [ERROR] [capacity_test] macro((0, 0)) ip(0 mram_addr(00000FD3)) idx(0) write weight:4051, but recv weight: 1304985412
[2024-12-17 15:39:24] [ERROR] [capacity_test] macro((0, 0)) ip(0 mram_addr(00000FD4)) idx(0) write weight:4052, but recv weight: 1304985412
[2024-12-17 15:39:24] [ERROR] [capacity_test] macro((0, 0)) ip(0 mram_addr(00000FD5)) idx(0) write weight:4053, but recv weight: 1304985412
[2024-12-17 15:39:24] [ERROR] [capacity_test] macro((0, 0)) ip(0 mram_addr(00000FD6)) idx(0) write weight:4054, but recv weight: 1304985412
[2024-12-17 15:39:24] [ERROR] [capacity_test] macro((0, 0)) ip(0 mram_addr(00000FD7)) idx(0) write weight:4055, but recv weight: 1303936836
[2024-12-17 15:39:24] [ERROR] [capacity_test] macro((0, 0)) ip(0 mram_addr(00000FD8)) idx(0) write weight:4056, but recv weight: 1303936836
[2024-12-17 15:39:24] [ERROR] [capacity_test] macro((0, 0)) ip(0 mram_addr(00000FD9)) idx(0) write weight:4057, but recv weight: 1303936836
[2024-12-17 15:39:24] [ERROR] [capacity_test] macro((0, 0)) ip(0 mram_addr(00000FDA)) idx(0) write weight:4058, but recv weight: 1303936836
[2024-12-17 15:39:24] [ERROR] [capacity_test] macro((0, 0)) ip(0 mram_addr(00000FDB)) idx(0) write weight:4059, but recv weight: 1303936836
[2024-12-17 15:39:24] [ERROR] [capacity_test] macro((0, 0)) ip(0 mram_addr(00000FDC)) idx(0) write weight:4060, but recv weight: 1303936836
[2024-12-17 15:39:24] [ERROR] [capacity_test] macro((0, 0)) ip(0 mram_addr(00000FDD)) idx(0) write weight:4061, but recv weight: 1303936836
[2024-12-17 15:39:24] [ERROR] [capacity_test] macro((0, 0)) ip(0 mram_addr(00000FDE)) idx(0) write weight:4062, but recv weight: 1303936836
[2024-12-17 15:39:24] [ERROR] [capacity_test] macro((0, 0)) ip(0 mram_addr(00000FDF)) idx(0) write weight:4063, but recv weight: 1303936836
[2024-12-17 15:39:24] [ERROR] [capacity_test] macro((0, 0)) ip(0 mram_addr(00000FE0)) idx(0) write weight:4064, but recv weight: 1303936836
[2024-12-17 15:39:24] [ERROR] [capacity_test] macro((0, 0)) ip(0 mram_addr(00000FE1)) idx(0) write weight:4065, but recv weight: 1303936836
[2024-12-17 15:39:24] [ERROR] [capacity_test] macro((0, 0)) ip(0 mram_addr(00000FE2)) idx(0) write weight:4066, but recv weight: 1303936836
[2024-12-17 15:39:24] [ERROR] [capacity_test] macro((0, 0)) ip(0 mram_addr(00000FE3)) idx(0) write weight:4067, but recv weight: 1303936836
[2024-12-17 15:39:24] [ERROR] [capacity_test] macro((0, 0)) ip(0 mram_addr(00000FE4)) idx(0) write weight:4068, but recv weight: 1303936836
[2024-12-17 15:39:24] [ERROR] [capacity_test] macro((0, 0)) ip(0 mram_addr(00000FE5)) idx(0) write weight:4069, but recv weight: 1302888260
[2024-12-17 15:39:24] [ERROR] [capacity_test] macro((0, 0)) ip(0 mram_addr(00000FE6)) idx(0) write weight:4070, but recv weight: 1302888260
[2024-12-17 15:39:24] [ERROR] [capacity_test] macro((0, 0)) ip(0 mram_addr(00000FE7)) idx(0) write weight:4071, but recv weight: 1301839684
[2024-12-17 15:39:24] [ERROR] [capacity_test] macro((0, 0)) ip(0 mram_addr(00000FE8)) idx(0) write weight:4072, but recv weight: 1301839684
[2024-12-17 15:39:24] [ERROR] [capacity_test] macro((0, 0)) ip(0 mram_addr(00000FE9)) idx(0) write weight:4073, but recv weight: 1300791108
[2024-12-17 15:39:24] [ERROR] [capacity_test] macro((0, 0)) ip(0 mram_addr(00000FEA)) idx(0) write weight:4074, but recv weight: 1300791108
[2024-12-17 15:39:24] [ERROR] [capacity_test] macro((0, 0)) ip(0 mram_addr(00000FEB)) idx(0) write weight:4075, but recv weight: 1299742532
[2024-12-17 15:39:24] [ERROR] [capacity_test] macro((0, 0)) ip(0 mram_addr(00000FEC)) idx(0) write weight:4076, but recv weight: 1299742532
[2024-12-17 15:39:24] [ERROR] [capacity_test] macro((0, 0)) ip(0 mram_addr(00000FED)) idx(0) write weight:4077, but recv weight: 1298693956
[2024-12-17 15:39:24] [ERROR] [capacity_test] macro((0, 0)) ip(0 mram_addr(00000FEE)) idx(0) write weight:4078, but recv weight: 1298693956
[2024-12-17 15:39:24] [ERROR] [capacity_test] macro((0, 0)) ip(0 mram_addr(00000FEF)) idx(0) write weight:4079, but recv weight: 1297645380
[2024-12-17 15:39:24] [ERROR] [capacity_test] macro((0, 0)) ip(0 mram_addr(00000FF0)) idx(0) write weight:4080, but recv weight: 1297645380
[2024-12-17 15:39:24] [ERROR] [capacity_test] macro((0, 0)) ip(0 mram_addr(00000FF1)) idx(0) write weight:4081, but recv weight: 1296596804
[2024-12-17 15:39:24] [ERROR] [capacity_test] macro((0, 0)) ip(0 mram_addr(00000FF2)) idx(0) write weight:4082, but recv weight: 1296596804
[2024-12-17 15:39:24] [ERROR] [capacity_test] macro((0, 0)) ip(0 mram_addr(00000FF3)) idx(0) write weight:4083, but recv weight: 1295548228
[2024-12-17 15:39:24] [ERROR] [capacity_test] macro((0, 0)) ip(0 mram_addr(00000FF4)) idx(0) write weight:4084, but recv weight: 1295548228
[2024-12-17 15:39:24] [ERROR] [capacity_test] macro((0, 0)) ip(0 mram_addr(00000FF5)) idx(0) write weight:4085, but recv weight: 1294499652
[2024-12-17 15:39:24] [ERROR] [capacity_test] macro((0, 0)) ip(0 mram_addr(00000FF6)) idx(0) write weight:4086, but recv weight: 1294499652
[2024-12-17 15:39:24] [ERROR] [capacity_test] macro((0, 0)) ip(0 mram_addr(00000FF7)) idx(0) write weight:4087, but recv weight: 1293451076
[2024-12-17 15:39:24] [ERROR] [capacity_test] macro((0, 0)) ip(0 mram_addr(00000FF8)) idx(0) write weight:4088, but recv weight: 1293451076
[2024-12-17 15:39:24] [ERROR] [capacity_test] macro((0, 0)) ip(0 mram_addr(00000FF9)) idx(0) write weight:4089, but recv weight: 1292402500
[2024-12-17 15:39:24] [ERROR] [capacity_test] macro((0, 0)) ip(0 mram_addr(00000FFA)) idx(0) write weight:4090, but recv weight: 1292402500
[2024-12-17 15:39:24] [ERROR] [capacity_test] macro((0, 0)) ip(0 mram_addr(00000FFB)) idx(0) write weight:4091, but recv weight: 1291353924
[2024-12-17 15:39:24] [ERROR] [capacity_test] macro((0, 0)) ip(0 mram_addr(00000FFC)) idx(0) write weight:4092, but recv weight: 1291353924
[2024-12-17 15:39:24] [ERROR] [capacity_test] macro((0, 0)) ip(0 mram_addr(00000FFD)) idx(0) write weight:4093, but recv weight: 1290305348
[2024-12-17 15:39:24] [ERROR] [capacity_test] macro((0, 0)) ip(0 mram_addr(00000FFE)) idx(0) write weight:4094, but recv weight: 1290305348
[2024-12-17 15:39:24] [ERROR] [capacity_test] macro((0, 0)) ip(0 mram_addr(00000FFF)) idx(0) write weight:4095, but recv weight: 1289256772
